******************************************************************************
                  TI ARM Linker Unix v18.12.5                  
******************************************************************************
>> Linked Mon Mar  2 15:10:06 2020

OUTPUT FILE NAME:   <Meesters.out>
ENTRY POINT SYMBOL: "_c_int00_noargs"  address: 00000e89


MEMORY CONFIGURATION

         name            origin    length      used     unused   attr    fill
----------------------  --------  ---------  --------  --------  ----  --------
  MAIN                  00000000   00040000  00001200  0003ee00  R  X
  INFO                  00200000   00004000  00000000  00004000  R  X
  SRAM_CODE             01000000   00010000  0000028d  0000fd73  RW X
  SRAM_DATA             20000000   00010000  0000028d  0000fd73  RW  


SEGMENT ALLOCATION MAP

run origin  load origin   length   init length attrs members
----------  ----------- ---------- ----------- ----- -------
00000000    00000000    00001200   00001200    r-x
  00000000    00000000    000000e4   000000e4    r-- .intvecs
  000000e4    000000e4    00001058   00001058    r-x .text
  0000113c    0000113c    00000094   00000094    r-- .const
  000011d0    000011d0    00000030   00000030    r-- .cinit
20000000    20000000    0000008d   00000000    rw-
  20000000    20000000    0000008c   00000000    rw- .bss
  2000008c    2000008c    00000001   00000000    rw- .data
2000fe00    2000fe00    00000200   00000000    rw-
  2000fe00    2000fe00    00000200   00000000    rw- .stack


SECTION ALLOCATION MAP

 output                                  attributes/
section   page    origin      length       input sections
--------  ----  ----------  ----------   ----------------
.intvecs   0    00000000    000000e4     
                  00000000    000000e4     startup_msp432p401r_ccs.obj (.intvecs:retain)

.text      0    000000e4    00001058     
                  000000e4    000002f4     my_RFM9x.obj (.text:SX1276SetTxConfig)
                  000003d8    00000154     my_RFM9x.obj (.text:SX1276SetRfTxPower)
                  0000052c    00000136     rtsv7M4_T_le_v4SPD16_eabi.lib : fd_div_t2.asm.obj (.text)
                  00000662    00000002     startup_msp432p401r_ccs.obj (.text:Default_Handler)
                  00000664    0000010c     main.obj (.text:main)
                  00000770    000000dc     my_RFM9x.obj (.text:SX1276Init)
                  0000084c    000000b0     msp432p4xx_driverlib.lib : spi.o (.text:SPI_initMaster)
                  000008fc    000000a0     my_RFM9x.obj (.text:SX1276SetModem)
                  0000099c    0000009c     rtsv7M4_T_le_v4SPD16_eabi.lib : memcpy_t2.asm.obj (.text)
                  00000a38    00000078     system_msp432p401r.obj (.text:SystemInit)
                  00000ab0    00000068     rtsv7M4_T_le_v4SPD16_eabi.lib : copy_decompress_lzss.c.obj (.text:decompress:lzss:__TI_decompress_lzss)
                  00000b18    00000058     my_timer.obj (.text:Delayms)
                  00000b70    00000048     my_RFM9x.obj (.text:SX1276SetChannel)
                  00000bb8    00000048     rtsv7M4_T_le_v4SPD16_eabi.lib : fd_toi_t2.asm.obj (.text)
                  00000c00    00000044     my_RFM9x.obj (.text:SX1276IoIrqInit)
                  00000c44    00000044     my_timer.obj (.text:TimerAInteruptInit)
                  00000c88    00000044     rtsv7M4_T_le_v4SPD16_eabi.lib : autoinit.c.obj (.text:__TI_auto_init_nobinit_nopinit:__TI_auto_init_nobinit_nopinit)
                  00000ccc    00000044                                   : fd_tou_t2.asm.obj (.text)
                  00000d10    00000040     msp432p4xx_driverlib.lib : gpio.o (.text:GPIO_setAsOutputPin)
                  00000d50    00000040                              : spi.o (.text:is_A_Module)
                  00000d90    00000040     my_spi.obj (.text:spiWrite_RFM)
                  00000dd0    00000040     my_spi.obj (.text:spi_open)
                  00000e10    0000003e     my_spi.obj (.text:spiRead_RFM)
                  00000e4e    00000002     my_systick.obj (.text:SysTick_Handler)
                  00000e50    00000038     my_spi.obj (.text:RFM_spi_read_write)
                  00000e88    00000034     rtsv7M4_T_le_v4SPD16_eabi.lib : boot_cortex_m.c.obj (.text:_c_int00_noargs:_c_int00_noargs)
                  00000ebc    00000028     msp432p4xx_driverlib.lib : gpio.o (.text:GPIO_setOutputHighOnPin)
                  00000ee4    00000028                              : gpio.o (.text:GPIO_setOutputLowOnPin)
                  00000f0c    00000028                              : spi.o (.text:SPI_getInterruptStatus)
                  00000f34    00000026                              : spi.o (.text:SPI_transmitData)
                  00000f5a    00000002     --HOLE-- [fill = 0]
                  00000f5c    00000024     main.obj (.text:PORT2_IRQHandler)
                  00000f80    00000024     my_timer.obj (.text:TA1_0_IRQHandler)
                  00000fa4    00000020     my_RFM9x.obj (.text:SX1276Reset)
                  00000fc4    00000020     my_RFM9x.obj (.text:SX1276SetOpMode)
                  00000fe4    00000020     rtsv7M4_T_le_v4SPD16_eabi.lib : u_tofd_t2.asm.obj (.text)
                  00001004    0000001c     msp432p4xx_driverlib.lib : spi.o (.text:SPI_enableModule)
                  00001020    0000001c                              : spi.o (.text:SPI_receiveData)
                  0000103c    0000001c     rtsv7M4_T_le_v4SPD16_eabi.lib : copy_zero_init.c.obj (.text:decompress:ZI:__TI_zero_init_nomemset:__TI_zero_init_nomemset)
                  00001058    0000001a     my_RFM9x.obj (.text:SX1276GetPaSelect)
                  00001072    00000018     msp432p4xx_driverlib.lib : spi.o (.text:EUSCI_A_SPI_getInterruptStatus)
                  0000108a    00000018                              : spi.o (.text:EUSCI_B_SPI_getInterruptStatus)
                  000010a2    00000016                              : spi.o (.text:EUSCI_A_SPI_enable)
                  000010b8    00000016                              : spi.o (.text:EUSCI_A_SPI_transmitData)
                  000010ce    00000016                              : spi.o (.text:EUSCI_B_SPI_enable)
                  000010e4    00000016                              : spi.o (.text:EUSCI_B_SPI_transmitData)
                  000010fa    00000010                              : spi.o (.text:EUSCI_A_SPI_receiveData)
                  0000110a    00000010                              : spi.o (.text:EUSCI_B_SPI_receiveData)
                  0000111a    0000000e     rtsv7M4_T_le_v4SPD16_eabi.lib : copy_decompress_none.c.obj (.text:decompress:none:__TI_decompress_none)
                  00001128    0000000c     startup_msp432p401r_ccs.obj (.text:Reset_Handler)
                  00001134    00000004     rtsv7M4_T_le_v4SPD16_eabi.lib : pre_init.c.obj (.text:_system_pre_init)
                  00001138    00000004                                   : exit.c.obj (.text:abort:abort)

.const     0    0000113c    00000094     
                  0000113c    00000030     msp432p4xx_driverlib.lib : gpio.o (.const:GPIO_PORT_TO_BASE)
                  0000116c    00000030     my_RFM9x.obj (.const:RadioRegsInit)
                  0000119c    0000001c     my_spi.obj (.const:spiMasterConfig)
                  000011b8    00000018     my_timer.obj (.const:upConfig)

.cinit     0    000011d0    00000030     
                  000011d0    0000000c     (__TI_handler_table)
                  000011dc    00000004     --HOLE-- [fill = 0]
                  000011e0    00000008     (.cinit..bss.load) [load image, compression = zero_init]
                  000011e8    00000005     (.cinit..data.load) [load image, compression = lzss]
                  000011ed    00000003     --HOLE-- [fill = 0]
                  000011f0    00000010     (__TI_cinit_table)

.init_array 
*          0    00000000    00000000     UNINITIALIZED

.binit     0    00000000    00000000     

.bss       0    20000000    0000008c     UNINITIALIZED
                  20000000    00000064     (.common:SX1276)
                  20000064    00000028     (.common:buffer)

.data      0    2000008c    00000001     UNINITIALIZED
                  2000008c    00000001     my_timer.obj (.data)

.stack     0    2000fe00    00000200     UNINITIALIZED
                  2000fe00    00000004     rtsv7M4_T_le_v4SPD16_eabi.lib : boot_cortex_m.c.obj (.stack)
                  2000fe04    000001fc     --HOLE--

MODULE SUMMARY

       Module                        code   ro data   rw data
       ------                        ----   -------   -------
    ./
       my_RFM9x.obj                  1706   48        200    
       main.obj                      304    0         80     
       my_spi.obj                    246    28        0      
       my_timer.obj                  192    24        2      
       system_msp432p401r.obj        120    0         0      
       my_systick.obj                2      0         0      
    +--+-----------------------------+------+---------+---------+
       Total:                        2570   100       282    
                                                             
    ./ccs/
       startup_msp432p401r_ccs.obj   14     228       0      
    +--+-----------------------------+------+---------+---------+
       Total:                        14     228       0      
                                                             
    /home/nicholas/ti/ccs930/ccs/tools/compiler/ti-cgt-arm_18.12.5.LTS/lib/rtsv7M4_T_le_v4SPD16_eabi.lib
       fd_div_t2.asm.obj             310    0         0      
       memcpy_t2.asm.obj             156    0         0      
       copy_decompress_lzss.c.obj    104    0         0      
       fd_toi_t2.asm.obj             72     0         0      
       autoinit.c.obj                68     0         0      
       fd_tou_t2.asm.obj             68     0         0      
       boot_cortex_m.c.obj           52     0         0      
       u_tofd_t2.asm.obj             32     0         0      
       copy_zero_init.c.obj          28     0         0      
       copy_decompress_none.c.obj    14     0         0      
       exit.c.obj                    4      0         0      
       pre_init.c.obj                4      0         0      
    +--+-----------------------------+------+---------+---------+
       Total:                        912    0         0      
                                                             
    /home/nicholas/ti/ti/simplelink_msp432p4_sdk_3_40_01_02/source/ti/devices/msp432p4xx/driverlib/ccs/msp432p4xx_driverlib.lib
       spi.o                         542    0         0      
       gpio.o                        144    48        0      
    +--+-----------------------------+------+---------+---------+
       Total:                        686    48        0      
                                                             
       Stack:                        0      0         1024   
       Linker Generated:             0      41        0      
    +--+-----------------------------+------+---------+---------+
       Grand Total:                  4182   417       1306   


LINKER GENERATED COPY TABLES

__TI_cinit_table @ 000011f0 records: 2, size/record: 8, table size: 16
	.bss: load addr=000011e0, load size=00000008 bytes, run addr=20000000, run size=0000008c bytes, compression=zero_init
	.data: load addr=000011e8, load size=00000005 bytes, run addr=2000008c, run size=00000001 bytes, compression=lzss


LINKER GENERATED HANDLER TABLE

__TI_handler_table @ 000011d0 records: 3, size/record: 4, table size: 12
	index: 0, handler: __TI_decompress_lzss
	index: 1, handler: __TI_decompress_none
	index: 2, handler: __TI_zero_init


GLOBAL SYMBOLS: SORTED ALPHABETICALLY BY Name 

address   name                          
-------   ----                          
00000663  ADC14_IRQHandler              
00000663  AES256_IRQHandler             
00000663  BusFault_Handler              
00001139  C$$EXIT                       
00000663  COMP_E0_IRQHandler            
00000663  COMP_E1_IRQHandler            
00000663  CS_IRQHandler                 
00000663  DMA_ERR_IRQHandler            
00000663  DMA_INT0_IRQHandler           
00000663  DMA_INT1_IRQHandler           
00000663  DMA_INT2_IRQHandler           
00000663  DMA_INT3_IRQHandler           
00000663  DebugMon_Handler              
00000663  Default_Handler               
00000b19  Delayms                       
00000663  EUSCIA0_IRQHandler            
00000663  EUSCIA1_IRQHandler            
00000663  EUSCIA2_IRQHandler            
00000663  EUSCIA3_IRQHandler            
00000663  EUSCIB0_IRQHandler            
00000663  EUSCIB1_IRQHandler            
00000663  EUSCIB2_IRQHandler            
00000663  EUSCIB3_IRQHandler            
000010a3  EUSCI_A_SPI_enable            
00001073  EUSCI_A_SPI_getInterruptStatus
000010fb  EUSCI_A_SPI_receiveData       
000010b9  EUSCI_A_SPI_transmitData      
000010cf  EUSCI_B_SPI_enable            
0000108b  EUSCI_B_SPI_getInterruptStatus
0000110b  EUSCI_B_SPI_receiveData       
000010e5  EUSCI_B_SPI_transmitData      
00000663  FLCTL_IRQHandler              
00000663  FPU_IRQHandler                
00000d11  GPIO_setAsOutputPin           
00000ebd  GPIO_setOutputHighOnPin       
00000ee5  GPIO_setOutputLowOnPin        
00000663  HardFault_Handler             
00000663  MemManage_Handler             
00000663  NMI_Handler                   
00000663  PCM_IRQHandler                
00000663  PORT1_IRQHandler              
00000f5d  PORT2_IRQHandler              
00000f5d  PORT2_IRQHandler              
00000663  PORT3_IRQHandler              
00000663  PORT4_IRQHandler              
00000663  PORT5_IRQHandler              
00000663  PORT6_IRQHandler              
00000663  PSS_IRQHandler                
00000663  PendSV_Handler                
00000e51  RFM_spi_read_write            
00000663  RTC_C_IRQHandler              
0000116c  RadioRegsInit                 
00001129  Reset_Handler                 
00001005  SPI_enableModule              
00000f0d  SPI_getInterruptStatus        
0000084d  SPI_initMaster                
00001021  SPI_receiveData               
00000f35  SPI_transmitData              
00000663  SVC_Handler                   
20000000  SX1276                        
00001059  SX1276GetPaSelect             
00000771  SX1276Init                    
00000c01  SX1276IoIrqInit               
00000fa5  SX1276Reset                   
00000b71  SX1276SetChannel              
000008fd  SX1276SetModem                
00000fc5  SX1276SetOpMode               
000003d9  SX1276SetRfTxPower            
000000e5  SX1276SetTxConfig             
00000e4f  SysTick_Handler               
00000e4f  SysTick_Handler               
00000a39  SystemInit                    
00000663  T32_INT1_IRQHandler           
00000663  T32_INT2_IRQHandler           
00000663  T32_INTC_IRQHandler           
00000663  TA0_0_IRQHandler              
00000663  TA0_N_IRQHandler              
00000f81  TA1_0_IRQHandler              
00000f81  TA1_0_IRQHandler              
00000663  TA1_N_IRQHandler              
00000663  TA2_0_IRQHandler              
00000663  TA2_N_IRQHandler              
00000663  TA3_0_IRQHandler              
00000663  TA3_N_IRQHandler              
00000c45  TimerAInteruptInit            
2000008c  TimerInteruptFlag             
00000663  UsageFault_Handler            
4000480c  WDTCTL_SYM                    
00000663  WDT_A_IRQHandler              
20010000  __STACK_END                   
00000200  __STACK_SIZE                  
000011f0  __TI_CINIT_Base               
00001200  __TI_CINIT_Limit              
000011d0  __TI_Handler_Table_Base       
000011dc  __TI_Handler_Table_Limit      
00000c89  __TI_auto_init_nobinit_nopinit
00000ab1  __TI_decompress_lzss          
0000111b  __TI_decompress_none          
ffffffff  __TI_pprof_out_hndl           
ffffffff  __TI_prof_data_size           
ffffffff  __TI_prof_data_start          
00000000  __TI_static_base__            
0000103d  __TI_zero_init_nomemset       
00000bb9  __aeabi_d2iz                  
00000ccd  __aeabi_d2uiz                 
0000052d  __aeabi_ddiv                  
0000099d  __aeabi_memcpy                
0000099d  __aeabi_memcpy4               
0000099d  __aeabi_memcpy8               
00000fe5  __aeabi_ui2d                  
ffffffff  __binit__                     
ffffffff  __c_args__                    
UNDEFED   __mpu_init                    
2000fe00  __stack                       
00000e89  _c_int00_noargs               
UNDEFED   _system_post_cinit            
00001135  _system_pre_init              
00001139  abort                         
ffffffff  binit                         
20000064  buffer                        
00000000  interruptVectors              
00000665  main                          
0000099d  memcpy                        
0000119c  spiMasterConfig               
00000e11  spiRead_RFM                   
00000d91  spiWrite_RFM                  
00000dd1  spi_open                      
000011b8  upConfig                      


GLOBAL SYMBOLS: SORTED BY Symbol Address 

address   name                          
-------   ----                          
00000000  __TI_static_base__            
00000000  interruptVectors              
000000e5  SX1276SetTxConfig             
00000200  __STACK_SIZE                  
000003d9  SX1276SetRfTxPower            
0000052d  __aeabi_ddiv                  
00000663  ADC14_IRQHandler              
00000663  AES256_IRQHandler             
00000663  BusFault_Handler              
00000663  COMP_E0_IRQHandler            
00000663  COMP_E1_IRQHandler            
00000663  CS_IRQHandler                 
00000663  DMA_ERR_IRQHandler            
00000663  DMA_INT0_IRQHandler           
00000663  DMA_INT1_IRQHandler           
00000663  DMA_INT2_IRQHandler           
00000663  DMA_INT3_IRQHandler           
00000663  DebugMon_Handler              
00000663  Default_Handler               
00000663  EUSCIA0_IRQHandler            
00000663  EUSCIA1_IRQHandler            
00000663  EUSCIA2_IRQHandler            
00000663  EUSCIA3_IRQHandler            
00000663  EUSCIB0_IRQHandler            
00000663  EUSCIB1_IRQHandler            
00000663  EUSCIB2_IRQHandler            
00000663  EUSCIB3_IRQHandler            
00000663  FLCTL_IRQHandler              
00000663  FPU_IRQHandler                
00000663  HardFault_Handler             
00000663  MemManage_Handler             
00000663  NMI_Handler                   
00000663  PCM_IRQHandler                
00000663  PORT1_IRQHandler              
00000663  PORT3_IRQHandler              
00000663  PORT4_IRQHandler              
00000663  PORT5_IRQHandler              
00000663  PORT6_IRQHandler              
00000663  PSS_IRQHandler                
00000663  PendSV_Handler                
00000663  RTC_C_IRQHandler              
00000663  SVC_Handler                   
00000663  T32_INT1_IRQHandler           
00000663  T32_INT2_IRQHandler           
00000663  T32_INTC_IRQHandler           
00000663  TA0_0_IRQHandler              
00000663  TA0_N_IRQHandler              
00000663  TA1_N_IRQHandler              
00000663  TA2_0_IRQHandler              
00000663  TA2_N_IRQHandler              
00000663  TA3_0_IRQHandler              
00000663  TA3_N_IRQHandler              
00000663  UsageFault_Handler            
00000663  WDT_A_IRQHandler              
00000665  main                          
00000771  SX1276Init                    
0000084d  SPI_initMaster                
000008fd  SX1276SetModem                
0000099d  __aeabi_memcpy                
0000099d  __aeabi_memcpy4               
0000099d  __aeabi_memcpy8               
0000099d  memcpy                        
00000a39  SystemInit                    
00000ab1  __TI_decompress_lzss          
00000b19  Delayms                       
00000b71  SX1276SetChannel              
00000bb9  __aeabi_d2iz                  
00000c01  SX1276IoIrqInit               
00000c45  TimerAInteruptInit            
00000c89  __TI_auto_init_nobinit_nopinit
00000ccd  __aeabi_d2uiz                 
00000d11  GPIO_setAsOutputPin           
00000d91  spiWrite_RFM                  
00000dd1  spi_open                      
00000e11  spiRead_RFM                   
00000e4f  SysTick_Handler               
00000e4f  SysTick_Handler               
00000e51  RFM_spi_read_write            
00000e89  _c_int00_noargs               
00000ebd  GPIO_setOutputHighOnPin       
00000ee5  GPIO_setOutputLowOnPin        
00000f0d  SPI_getInterruptStatus        
00000f35  SPI_transmitData              
00000f5d  PORT2_IRQHandler              
00000f5d  PORT2_IRQHandler              
00000f81  TA1_0_IRQHandler              
00000f81  TA1_0_IRQHandler              
00000fa5  SX1276Reset                   
00000fc5  SX1276SetOpMode               
00000fe5  __aeabi_ui2d                  
00001005  SPI_enableModule              
00001021  SPI_receiveData               
0000103d  __TI_zero_init_nomemset       
00001059  SX1276GetPaSelect             
00001073  EUSCI_A_SPI_getInterruptStatus
0000108b  EUSCI_B_SPI_getInterruptStatus
000010a3  EUSCI_A_SPI_enable            
000010b9  EUSCI_A_SPI_transmitData      
000010cf  EUSCI_B_SPI_enable            
000010e5  EUSCI_B_SPI_transmitData      
000010fb  EUSCI_A_SPI_receiveData       
0000110b  EUSCI_B_SPI_receiveData       
0000111b  __TI_decompress_none          
00001129  Reset_Handler                 
00001135  _system_pre_init              
00001139  C$$EXIT                       
00001139  abort                         
0000116c  RadioRegsInit                 
0000119c  spiMasterConfig               
000011b8  upConfig                      
000011d0  __TI_Handler_Table_Base       
000011dc  __TI_Handler_Table_Limit      
000011f0  __TI_CINIT_Base               
00001200  __TI_CINIT_Limit              
20000000  SX1276                        
20000064  buffer                        
2000008c  TimerInteruptFlag             
2000fe00  __stack                       
20010000  __STACK_END                   
4000480c  WDTCTL_SYM                    
ffffffff  __TI_pprof_out_hndl           
ffffffff  __TI_prof_data_size           
ffffffff  __TI_prof_data_start          
ffffffff  __binit__                     
ffffffff  __c_args__                    
ffffffff  binit                         
UNDEFED   __mpu_init                    
UNDEFED   _system_post_cinit            

[128 symbols]
