******************************************************************************
                  TI ARM Linker Unix v18.12.5                  
******************************************************************************
>> Linked Tue Mar  3 11:10:55 2020

OUTPUT FILE NAME:   <Meesters.out>
ENTRY POINT SYMBOL: "_c_int00_noargs"  address: 0000168d


MEMORY CONFIGURATION

         name            origin    length      used     unused   attr    fill
----------------------  --------  ---------  --------  --------  ----  --------
  MAIN                  00000000   00040000  00001b2a  0003e4d6  R  X
  INFO                  00200000   00004000  00000000  00004000  R  X
  SRAM_CODE             01000000   00010000  0000031c  0000fce4  RW X
  SRAM_DATA             20000000   00010000  0000031c  0000fce4  RW  


SEGMENT ALLOCATION MAP

run origin  load origin   length   init length attrs members
----------  ----------- ---------- ----------- ----- -------
00000000    00000000    00001b30   00001b30    r-x
  00000000    00000000    000000e4   000000e4    r-- .intvecs
  000000e4    000000e4    000018ca   000018ca    r-x .text
  000019b0    000019b0    00000144   00000144    r-- .const
  00001af8    00001af8    00000038   00000038    r-- .cinit
20000000    20000000    0000011c   00000000    rw-
  20000000    20000000    00000110   00000000    rw- .bss
  20000110    20000110    0000000c   00000000    rw- .data
2000fe00    2000fe00    00000200   00000000    rw-
  2000fe00    2000fe00    00000200   00000000    rw- .stack


SECTION ALLOCATION MAP

 output                                  attributes/
section   page    origin      length       input sections
--------  ----  ----------  ----------   ----------------
.intvecs   0    00000000    000000e4     
                  00000000    000000e4     startup_msp432p401r_ccs.obj (.intvecs:retain)

.text      0    000000e4    000018ca     
                  000000e4    000003c0     my_RFM9x.obj (.text:SX1276SetRxConfig)
                  000004a4    000002f4     my_RFM9x.obj (.text:SX1276SetTxConfig)
                  00000798    00000154     sx1276-board.obj (.text:SX1276SetRfTxPower)
                  000008ec    00000138     my_RFM9x.obj (.text:SX1276Send)
                  00000a24    00000136     rtsv7M4_T_le_v4SPD16_eabi.lib : fd_div_t2.asm.obj (.text)
                  00000b5a    00000002     startup_msp432p401r_ccs.obj (.text:Default_Handler)
                  00000b5c    00000128     main.obj (.text:main)
                  00000c84    000000fc     rtsv7M4_T_le_v4SPD16_eabi.lib : fd_mul_t2.asm.obj (.text)
                  00000d80    000000c0     my_RFM9x.obj (.text:SX1276Init)
                  00000e40    000000b0     msp432p4xx_driverlib.lib : spi.o (.text:SPI_initMaster)
                  00000ef0    000000a8     my_RFM9x.obj (.text:RxChainCalibration)
                  00000f98    000000a8     my_RFM9x.obj (.text:SX1276SetTx)
                  00001040    000000a0     my_RFM9x.obj (.text:SX1276SetModem)
                  000010e0    0000009c     rtsv7M4_T_le_v4SPD16_eabi.lib : memcpy_t2.asm.obj (.text)
                  0000117c    00000078     system_msp432p401r.obj (.text:SystemInit)
                  000011f4    00000068     rtsv7M4_T_le_v4SPD16_eabi.lib : copy_decompress_lzss.c.obj (.text:decompress:lzss:__TI_decompress_lzss)
                  0000125c    00000064     my_RFM9x.obj (.text:GetFskBandwidthRegValue)
                  000012c0    00000060     my_RFM9x.obj (.text:SX1276WriteBuffer)
                  00001320    00000058     my_timer.obj (.text:Delayms)
                  00001378    00000048     my_RFM9x.obj (.text:SX1276SetChannel)
                  000013c0    00000048     rtsv7M4_T_le_v4SPD16_eabi.lib : fd_toi_t2.asm.obj (.text)
                  00001408    00000048     my_spi.obj (.text:spiRead_RFM)
                  00001450    00000044     my_timer.obj (.text:TimerAInteruptInit)
                  00001494    00000044     rtsv7M4_T_le_v4SPD16_eabi.lib : autoinit.c.obj (.text:__TI_auto_init_nobinit_nopinit:__TI_auto_init_nobinit_nopinit)
                  000014d8    00000044                                   : fd_tou_t2.asm.obj (.text)
                  0000151c    00000044     my_spi.obj (.text:spiWrite_RFM)
                  00001560    00000040     msp432p4xx_driverlib.lib : gpio.o (.text:GPIO_setAsOutputPin)
                  000015a0    00000040                              : spi.o (.text:is_A_Module)
                  000015e0    00000040     my_spi.obj (.text:spi_open)
                  00001620    00000038     my_spi.obj (.text:RFM_spi_read_write)
                  00001658    00000034     my_RFM9x.obj (.text:SX1276SetPublicNetwork)
                  0000168c    00000034     rtsv7M4_T_le_v4SPD16_eabi.lib : boot_cortex_m.c.obj (.text:_c_int00_noargs:_c_int00_noargs)
                  000016c0    00000028     msp432p4xx_driverlib.lib : gpio.o (.text:GPIO_setOutputHighOnPin)
                  000016e8    00000028                              : gpio.o (.text:GPIO_setOutputLowOnPin)
                  00001710    00000028                              : spi.o (.text:SPI_getInterruptStatus)
                  00001738    00000026                              : spi.o (.text:SPI_transmitData)
                  0000175e    00000002     main.obj (.text:OnRxError)
                  00001760    00000024     main.obj (.text:PORT2_IRQHandler)
                  00001784    00000024     my_timer.obj (.text:TA1_0_IRQHandler)
                  000017a8    00000022     my_RFM9x.obj (.text:SX1276SetSleep)
                  000017ca    00000020     sx1276-board.obj (.text:SX1276Reset)
                  000017ea    00000020     my_RFM9x.obj (.text:SX1276SetOpMode)
                  0000180a    00000020     rtsv7M4_T_le_v4SPD16_eabi.lib : u_tofd_t2.asm.obj (.text)
                  0000182a    0000001c     msp432p4xx_driverlib.lib : spi.o (.text:SPI_enableModule)
                  00001846    0000001c                              : spi.o (.text:SPI_receiveData)
                  00001862    0000001c     rtsv7M4_T_le_v4SPD16_eabi.lib : copy_zero_init.c.obj (.text:decompress:ZI:__TI_zero_init_nomemset:__TI_zero_init_nomemset)
                  0000187e    00000018     msp432p4xx_driverlib.lib : spi.o (.text:EUSCI_A_SPI_getInterruptStatus)
                  00001896    00000018                              : spi.o (.text:EUSCI_B_SPI_getInterruptStatus)
                  000018ae    00000016                              : spi.o (.text:EUSCI_A_SPI_enable)
                  000018c4    00000016                              : spi.o (.text:EUSCI_A_SPI_transmitData)
                  000018da    00000016                              : spi.o (.text:EUSCI_B_SPI_enable)
                  000018f0    00000016                              : spi.o (.text:EUSCI_B_SPI_transmitData)
                  00001906    00000016     main.obj (.text:OnRxDone)
                  0000191c    00000016     my_RFM9x.obj (.text:SX1276WriteFifo)
                  00001932    00000002     main.obj (.text:OnRxTimeout)
                  00001934    00000014     main.obj (.text:OnTxDone)
                  00001948    00000014     my_RFM9x.obj (.text:SX1276SetStby)
                  0000195c    00000010     msp432p4xx_driverlib.lib : spi.o (.text:EUSCI_A_SPI_receiveData)
                  0000196c    00000010                              : spi.o (.text:EUSCI_B_SPI_receiveData)
                  0000197c    0000000e     rtsv7M4_T_le_v4SPD16_eabi.lib : copy_decompress_none.c.obj (.text:decompress:none:__TI_decompress_none)
                  0000198a    0000000c     startup_msp432p401r_ccs.obj (.text:Reset_Handler)
                  00001996    0000000c     sx1276-board.obj (.text:SX1276GetPaSelect)
                  000019a2    00000004     rtsv7M4_T_le_v4SPD16_eabi.lib : pre_init.c.obj (.text:_system_pre_init)
                  000019a6    00000004                                   : exit.c.obj (.text:abort:abort)
                  000019aa    00000002     main.obj (.text:OnTxTimeout)
                  000019ac    00000002     my_systick.obj (.text:SysTick_Handler)

.const     0    000019b0    00000144     
                  000019b0    000000b0     my_RFM9x.obj (.const:FskBandwidths)
                  00001a60    00000030     msp432p4xx_driverlib.lib : gpio.o (.const:GPIO_PORT_TO_BASE)
                  00001a90    00000030     my_RFM9x.obj (.const:RadioRegsInit)
                  00001ac0    0000001c     my_spi.obj (.const:spiMasterConfig)
                  00001adc    00000018     my_timer.obj (.const:upConfig)

.cinit     0    00001af8    00000038     
                  00001af8    00000011     (.cinit..data.load) [load image, compression = lzss]
                  00001b09    00000003     --HOLE-- [fill = 0]
                  00001b0c    0000000c     (__TI_handler_table)
                  00001b18    00000008     (.cinit..bss.load) [load image, compression = zero_init]
                  00001b20    00000010     (__TI_cinit_table)

.init_array 
*          0    00000000    00000000     UNINITIALIZED

.binit     0    00000000    00000000     

.bss       0    20000000    00000110     UNINITIALIZED
                  20000000    000000f0     (.common:SX1276)
                  200000f0    0000001c     main.obj (.bss:RadioEvents)
                  2000010c    00000004     my_RFM9x.obj (.bss)

.data      0    20000110    0000000c     UNINITIALIZED
                  20000110    00000006     main.obj (.data)
                  20000116    00000005     main.obj (.data:buffer)
                  2000011b    00000001     my_timer.obj (.data)

.stack     0    2000fe00    00000200     UNINITIALIZED
                  2000fe00    00000004     rtsv7M4_T_le_v4SPD16_eabi.lib : boot_cortex_m.c.obj (.stack)
                  2000fe04    000001fc     --HOLE--

MODULE SUMMARY

       Module                        code   ro data   rw data
       ------                        ----   -------   -------
    ./
       my_RFM9x.obj                  3144   224       488    
       main.obj                      380    0         78     
       sx1276-board.obj              384    0         0      
       my_spi.obj                    260    28        0      
       my_timer.obj                  192    24        2      
       system_msp432p401r.obj        120    0         0      
       my_systick.obj                2      0         0      
    +--+-----------------------------+------+---------+---------+
       Total:                        4482   276       568    
                                                             
    ./ccs/
       startup_msp432p401r_ccs.obj   14     228       0      
    +--+-----------------------------+------+---------+---------+
       Total:                        14     228       0      
                                                             
    /home/nicholas/ti/ccs930/ccs/tools/compiler/ti-cgt-arm_18.12.5.LTS/lib/rtsv7M4_T_le_v4SPD16_eabi.lib
       fd_div_t2.asm.obj             310    0         0      
       fd_mul_t2.asm.obj             252    0         0      
       memcpy_t2.asm.obj             156    0         0      
       copy_decompress_lzss.c.obj    104    0         0      
       fd_toi_t2.asm.obj             72     0         0      
       autoinit.c.obj                68     0         0      
       fd_tou_t2.asm.obj             68     0         0      
       boot_cortex_m.c.obj           52     0         0      
       u_tofd_t2.asm.obj             32     0         0      
       copy_zero_init.c.obj          28     0         0      
       copy_decompress_none.c.obj    14     0         0      
       exit.c.obj                    4      0         0      
       pre_init.c.obj                4      0         0      
    +--+-----------------------------+------+---------+---------+
       Total:                        1164   0         0      
                                                             
    /home/nicholas/ti/ti/simplelink_msp432p4_sdk_3_40_01_02/source/ti/devices/msp432p4xx/driverlib/ccs/msp432p4xx_driverlib.lib
       spi.o                         542    0         0      
       gpio.o                        144    48        0      
    +--+-----------------------------+------+---------+---------+
       Total:                        686    48        0      
                                                             
       Stack:                        0      0         1024   
       Linker Generated:             0      53        0      
    +--+-----------------------------+------+---------+---------+
       Grand Total:                  6346   605       1592   


LINKER GENERATED COPY TABLES

__TI_cinit_table @ 00001b20 records: 2, size/record: 8, table size: 16
	.data: load addr=00001af8, load size=00000011 bytes, run addr=20000110, run size=0000000c bytes, compression=lzss
	.bss: load addr=00001b18, load size=00000008 bytes, run addr=20000000, run size=00000110 bytes, compression=zero_init


LINKER GENERATED HANDLER TABLE

__TI_handler_table @ 00001b0c records: 3, size/record: 4, table size: 12
	index: 0, handler: __TI_decompress_lzss
	index: 1, handler: __TI_decompress_none
	index: 2, handler: __TI_zero_init


GLOBAL SYMBOLS: SORTED ALPHABETICALLY BY Name 

address   name                          
-------   ----                          
00000b5b  ADC14_IRQHandler              
00000b5b  AES256_IRQHandler             
20000112  BufferSize                    
00000b5b  BusFault_Handler              
000019a7  C$$EXIT                       
00000b5b  COMP_E0_IRQHandler            
00000b5b  COMP_E1_IRQHandler            
00000b5b  CS_IRQHandler                 
00000b5b  DMA_ERR_IRQHandler            
00000b5b  DMA_INT0_IRQHandler           
00000b5b  DMA_INT1_IRQHandler           
00000b5b  DMA_INT2_IRQHandler           
00000b5b  DMA_INT3_IRQHandler           
00000b5b  DebugMon_Handler              
00000b5b  Default_Handler               
00001321  Delayms                       
00000b5b  EUSCIA0_IRQHandler            
00000b5b  EUSCIA1_IRQHandler            
00000b5b  EUSCIA2_IRQHandler            
00000b5b  EUSCIA3_IRQHandler            
00000b5b  EUSCIB0_IRQHandler            
00000b5b  EUSCIB1_IRQHandler            
00000b5b  EUSCIB2_IRQHandler            
00000b5b  EUSCIB3_IRQHandler            
000018af  EUSCI_A_SPI_enable            
0000187f  EUSCI_A_SPI_getInterruptStatus
0000195d  EUSCI_A_SPI_receiveData       
000018c5  EUSCI_A_SPI_transmitData      
000018db  EUSCI_B_SPI_enable            
00001897  EUSCI_B_SPI_getInterruptStatus
0000196d  EUSCI_B_SPI_receiveData       
000018f1  EUSCI_B_SPI_transmitData      
00000b5b  FLCTL_IRQHandler              
00000b5b  FPU_IRQHandler                
000019b0  FskBandwidths                 
00001561  GPIO_setAsOutputPin           
000016c1  GPIO_setOutputHighOnPin       
000016e9  GPIO_setOutputLowOnPin        
0000125d  GetFskBandwidthRegValue       
00000b5b  HardFault_Handler             
00000b5b  MemManage_Handler             
00000b5b  NMI_Handler                   
00001907  OnRxDone                      
0000175f  OnRxError                     
00001933  OnRxTimeout                   
00001935  OnTxDone                      
000019ab  OnTxTimeout                   
00000b5b  PCM_IRQHandler                
00000b5b  PORT1_IRQHandler              
00001761  PORT2_IRQHandler              
00001761  PORT2_IRQHandler              
00000b5b  PORT3_IRQHandler              
00000b5b  PORT4_IRQHandler              
00000b5b  PORT5_IRQHandler              
00000b5b  PORT6_IRQHandler              
00000b5b  PSS_IRQHandler                
00000b5b  PendSV_Handler                
00001621  RFM_spi_read_write            
00000b5b  RTC_C_IRQHandler              
00001a90  RadioRegsInit                 
0000198b  Reset_Handler                 
20000114  RssiValue                     
00000ef1  RxChainCalibration            
0000182b  SPI_enableModule              
00001711  SPI_getInterruptStatus        
00000e41  SPI_initMaster                
00001847  SPI_receiveData               
00001739  SPI_transmitData              
00000b5b  SVC_Handler                   
20000000  SX1276                        
00000d81  SX1276Init                    
000017cb  SX1276Reset                   
000008ed  SX1276Send                    
00001379  SX1276SetChannel              
00001041  SX1276SetModem                
000017eb  SX1276SetOpMode               
00001659  SX1276SetPublicNetwork        
00000799  SX1276SetRfTxPower            
000000e5  SX1276SetRxConfig             
000017a9  SX1276SetSleep                
00001949  SX1276SetStby                 
00000f99  SX1276SetTx                   
000004a5  SX1276SetTxConfig             
000012c1  SX1276WriteBuffer             
0000191d  SX1276WriteFifo               
20000115  SnrValue                      
20000110  State                         
000019ad  SysTick_Handler               
000019ad  SysTick_Handler               
0000117d  SystemInit                    
00000b5b  T32_INT1_IRQHandler           
00000b5b  T32_INT2_IRQHandler           
00000b5b  T32_INTC_IRQHandler           
00000b5b  TA0_0_IRQHandler              
00000b5b  TA0_N_IRQHandler              
00001785  TA1_0_IRQHandler              
00001785  TA1_0_IRQHandler              
00000b5b  TA1_N_IRQHandler              
00000b5b  TA2_0_IRQHandler              
00000b5b  TA2_N_IRQHandler              
00000b5b  TA3_0_IRQHandler              
00000b5b  TA3_N_IRQHandler              
00001451  TimerAInteruptInit            
2000011b  TimerInteruptFlag             
00000b5b  UsageFault_Handler            
4000480c  WDTCTL_SYM                    
00000b5b  WDT_A_IRQHandler              
20010000  __STACK_END                   
00000200  __STACK_SIZE                  
00001b20  __TI_CINIT_Base               
00001b30  __TI_CINIT_Limit              
00001b0c  __TI_Handler_Table_Base       
00001b18  __TI_Handler_Table_Limit      
00001495  __TI_auto_init_nobinit_nopinit
000011f5  __TI_decompress_lzss          
0000197d  __TI_decompress_none          
ffffffff  __TI_pprof_out_hndl           
ffffffff  __TI_prof_data_size           
ffffffff  __TI_prof_data_start          
00000000  __TI_static_base__            
00001863  __TI_zero_init_nomemset       
000013c1  __aeabi_d2iz                  
000014d9  __aeabi_d2uiz                 
00000a25  __aeabi_ddiv                  
00000c85  __aeabi_dmul                  
000010e1  __aeabi_memcpy                
000010e1  __aeabi_memcpy4               
000010e1  __aeabi_memcpy8               
0000180b  __aeabi_ui2d                  
ffffffff  __binit__                     
ffffffff  __c_args__                    
UNDEFED   __mpu_init                    
2000fe00  __stack                       
0000168d  _c_int00_noargs               
UNDEFED   _system_post_cinit            
000019a3  _system_pre_init              
000019a7  abort                         
ffffffff  binit                         
20000116  buffer                        
00000000  interruptVectors              
00000b5d  main                          
000010e1  memcpy                        
00001ac0  spiMasterConfig               
00001409  spiRead_RFM                   
0000151d  spiWrite_RFM                  
000015e1  spi_open                      
00001adc  upConfig                      


GLOBAL SYMBOLS: SORTED BY Symbol Address 

address   name                          
-------   ----                          
00000000  __TI_static_base__            
00000000  interruptVectors              
000000e5  SX1276SetRxConfig             
00000200  __STACK_SIZE                  
000004a5  SX1276SetTxConfig             
00000799  SX1276SetRfTxPower            
000008ed  SX1276Send                    
00000a25  __aeabi_ddiv                  
00000b5b  ADC14_IRQHandler              
00000b5b  AES256_IRQHandler             
00000b5b  BusFault_Handler              
00000b5b  COMP_E0_IRQHandler            
00000b5b  COMP_E1_IRQHandler            
00000b5b  CS_IRQHandler                 
00000b5b  DMA_ERR_IRQHandler            
00000b5b  DMA_INT0_IRQHandler           
00000b5b  DMA_INT1_IRQHandler           
00000b5b  DMA_INT2_IRQHandler           
00000b5b  DMA_INT3_IRQHandler           
00000b5b  DebugMon_Handler              
00000b5b  Default_Handler               
00000b5b  EUSCIA0_IRQHandler            
00000b5b  EUSCIA1_IRQHandler            
00000b5b  EUSCIA2_IRQHandler            
00000b5b  EUSCIA3_IRQHandler            
00000b5b  EUSCIB0_IRQHandler            
00000b5b  EUSCIB1_IRQHandler            
00000b5b  EUSCIB2_IRQHandler            
00000b5b  EUSCIB3_IRQHandler            
00000b5b  FLCTL_IRQHandler              
00000b5b  FPU_IRQHandler                
00000b5b  HardFault_Handler             
00000b5b  MemManage_Handler             
00000b5b  NMI_Handler                   
00000b5b  PCM_IRQHandler                
00000b5b  PORT1_IRQHandler              
00000b5b  PORT3_IRQHandler              
00000b5b  PORT4_IRQHandler              
00000b5b  PORT5_IRQHandler              
00000b5b  PORT6_IRQHandler              
00000b5b  PSS_IRQHandler                
00000b5b  PendSV_Handler                
00000b5b  RTC_C_IRQHandler              
00000b5b  SVC_Handler                   
00000b5b  T32_INT1_IRQHandler           
00000b5b  T32_INT2_IRQHandler           
00000b5b  T32_INTC_IRQHandler           
00000b5b  TA0_0_IRQHandler              
00000b5b  TA0_N_IRQHandler              
00000b5b  TA1_N_IRQHandler              
00000b5b  TA2_0_IRQHandler              
00000b5b  TA2_N_IRQHandler              
00000b5b  TA3_0_IRQHandler              
00000b5b  TA3_N_IRQHandler              
00000b5b  UsageFault_Handler            
00000b5b  WDT_A_IRQHandler              
00000b5d  main                          
00000c85  __aeabi_dmul                  
00000d81  SX1276Init                    
00000e41  SPI_initMaster                
00000ef1  RxChainCalibration            
00000f99  SX1276SetTx                   
00001041  SX1276SetModem                
000010e1  __aeabi_memcpy                
000010e1  __aeabi_memcpy4               
000010e1  __aeabi_memcpy8               
000010e1  memcpy                        
0000117d  SystemInit                    
000011f5  __TI_decompress_lzss          
0000125d  GetFskBandwidthRegValue       
000012c1  SX1276WriteBuffer             
00001321  Delayms                       
00001379  SX1276SetChannel              
000013c1  __aeabi_d2iz                  
00001409  spiRead_RFM                   
00001451  TimerAInteruptInit            
00001495  __TI_auto_init_nobinit_nopinit
000014d9  __aeabi_d2uiz                 
0000151d  spiWrite_RFM                  
00001561  GPIO_setAsOutputPin           
000015e1  spi_open                      
00001621  RFM_spi_read_write            
00001659  SX1276SetPublicNetwork        
0000168d  _c_int00_noargs               
000016c1  GPIO_setOutputHighOnPin       
000016e9  GPIO_setOutputLowOnPin        
00001711  SPI_getInterruptStatus        
00001739  SPI_transmitData              
0000175f  OnRxError                     
00001761  PORT2_IRQHandler              
00001761  PORT2_IRQHandler              
00001785  TA1_0_IRQHandler              
00001785  TA1_0_IRQHandler              
000017a9  SX1276SetSleep                
000017cb  SX1276Reset                   
000017eb  SX1276SetOpMode               
0000180b  __aeabi_ui2d                  
0000182b  SPI_enableModule              
00001847  SPI_receiveData               
00001863  __TI_zero_init_nomemset       
0000187f  EUSCI_A_SPI_getInterruptStatus
00001897  EUSCI_B_SPI_getInterruptStatus
000018af  EUSCI_A_SPI_enable            
000018c5  EUSCI_A_SPI_transmitData      
000018db  EUSCI_B_SPI_enable            
000018f1  EUSCI_B_SPI_transmitData      
00001907  OnRxDone                      
0000191d  SX1276WriteFifo               
00001933  OnRxTimeout                   
00001935  OnTxDone                      
00001949  SX1276SetStby                 
0000195d  EUSCI_A_SPI_receiveData       
0000196d  EUSCI_B_SPI_receiveData       
0000197d  __TI_decompress_none          
0000198b  Reset_Handler                 
000019a3  _system_pre_init              
000019a7  C$$EXIT                       
000019a7  abort                         
000019ab  OnTxTimeout                   
000019ad  SysTick_Handler               
000019ad  SysTick_Handler               
000019b0  FskBandwidths                 
00001a90  RadioRegsInit                 
00001ac0  spiMasterConfig               
00001adc  upConfig                      
00001b0c  __TI_Handler_Table_Base       
00001b18  __TI_Handler_Table_Limit      
00001b20  __TI_CINIT_Base               
00001b30  __TI_CINIT_Limit              
20000000  SX1276                        
20000110  State                         
20000112  BufferSize                    
20000114  RssiValue                     
20000115  SnrValue                      
20000116  buffer                        
2000011b  TimerInteruptFlag             
2000fe00  __stack                       
20010000  __STACK_END                   
4000480c  WDTCTL_SYM                    
ffffffff  __TI_pprof_out_hndl           
ffffffff  __TI_prof_data_size           
ffffffff  __TI_prof_data_start          
ffffffff  __binit__                     
ffffffff  __c_args__                    
ffffffff  binit                         
UNDEFED   __mpu_init                    
UNDEFED   _system_post_cinit            

[147 symbols]
