******************************************************************************
                  TI ARM Linker PC v20.2.0                     
******************************************************************************
>> Linked Sun Jul 12 20:10:08 2020

OUTPUT FILE NAME:   <Meesters.out>
ENTRY POINT SYMBOL: "_c_int00_noargs"  address: 00004a11


MEMORY CONFIGURATION

         name            origin    length      used     unused   attr    fill
----------------------  --------  ---------  --------  --------  ----  --------
  MAIN                  00000000   00040000  0000538a  0003ac76  R  X
  INFO                  00200000   00004000  00000000  00004000  R  X
  SRAM_CODE             01000000   00010000  000004ff  0000fb01  RW X
  SRAM_DATA             20000000   00010000  000004ff  0000fb01  RW  


SEGMENT ALLOCATION MAP

run origin  load origin   length   init length attrs members
----------  ----------- ---------- ----------- ----- -------
00000000    00000000    00005390   00005390    r-x
  00000000    00000000    000000e4   000000e4    r-- .intvecs
  000000e8    000000e8    0000509a   0000509a    r-x .text
  00005184    00005184    000001d4   000001d4    r-- .const
  00005358    00005358    00000038   00000038    r-- .cinit
20000000    20000000    000002ff   00000000    rw-
  20000000    20000000    000002ac   00000000    rw- .bss
  200002ac    200002ac    00000053   00000000    rw- .data
2000fe00    2000fe00    00000200   00000000    rw-
  2000fe00    2000fe00    00000200   00000000    rw- .stack


SECTION ALLOCATION MAP

 output                                  attributes/
section   page    origin      length       input sections
--------  ----  ----------  ----------   ----------------
.intvecs   0    00000000    000000e4     
                  00000000    000000e4     startup_msp432p401r_ccs.obj (.intvecs:retain)

.text      0    000000e8    0000509a     
                  000000e8    000004e8     my_RFM9x.obj (.text:SX1276OnDio0Irq)
                  000005d0    00000420     my_RFM9x.obj (.text:SX1276SetRxConfig)
                  000009f0    00000400     my_RFM9x.obj (.text:SX1276GetTimeOnAir)
                  00000df0    00000348     my_RFM9x.obj (.text:SX1276SetTxConfig)
                  00001138    00000312     my_RFM9x.obj (.text:SX1276SetRx)
                  0000144a    00000004     rtsv7M4_T_le_v4SPD16_eabi.lib : pre_init.c.obj (.text:_system_pre_init)
                  0000144e    00000002     --HOLE-- [fill = 0]
                  00001450    00000284     board.obj (.text:BoardUnusedIoInit)
                  000016d4    00000004     rtsv7M4_T_le_v4SPD16_eabi.lib : exit.c.obj (.text:abort:abort)
                  000016d8    00000260     my_RFM9x.obj (.text:SX1276OnDio1Irq)
                  00001938    000001fa     gpio-board.obj (.text:GpioMcuInit)
                  00001b32    000001b6     rtsv7M4_T_le_v4SPD16_eabi.lib : fd_add_t2.asm.obj (.text)
                  00001ce8    00000198     my_RFM9x.obj (.text:SX1276OnDio2Irq)
                  00001e80    00000192     my_RFM9x.obj (.text:SX1276Send)
                  00002012    00000006     --HOLE-- [fill = 0]
                  00002018    0000018e     my_RFM9x.obj (.text:SX1276OnTimeoutIrq)
                  000021a6    00000002     --HOLE-- [fill = 0]
                  000021a8    0000016e     timer.obj (.text:TimerIrqHandler)
                  00002316    00000002     --HOLE-- [fill = 0]
                  00002318    00000166     main.obj (.text:RadioInit)
                  0000247e    00000002     --HOLE-- [fill = 0]
                  00002480    0000015c     sx1276-board.obj (.text:SX1276SetRfTxPower)
                  000025dc    00000004     --HOLE-- [fill = 0]
                  000025e0    00000158     gpio-board.obj (.text:GpioMcuSetInterrupt)
                  00002738    00000144     msp432p4xx_driverlib.lib : timer_a.o (.text:privateTimer_AProcessClockSourceDivider)
                  0000287c    00000004     --HOLE-- [fill = 0]
                  00002880    0000013c     timer.obj (.text:TimerStop)
                  000029bc    00000136     rtsv7M4_T_le_v4SPD16_eabi.lib : fd_div_t2.asm.obj (.text)
                  00002af2    000000fc                                   : fd_mul_t2.asm.obj (.text)
                  00002bee    00000002     --HOLE-- [fill = 0]
                  00002bf0    000000f8                                   : s_ceil.c.obj (.text:ceil)
                  00002ce8    000000f8                                   : s_floor.c.obj (.text:floor)
                  00002de0    000000ec     my_RFM9x.obj (.text:SX1276SetTx)
                  00002ecc    000000e0     msp432p4xx_driverlib.lib : cs.o (.text:CS_startLFXTWithTimeout)
                  00002fac    00000004     --HOLE-- [fill = 0]
                  00002fb0    000000d6     my_RFM9x.obj (.text:SX1276Init)
                  00003086    00000002     --HOLE-- [fill = 0]
                  00003088    000000c8     my_RFM9x.obj (.text:RxChainCalibration)
                  00003150    000000c4     sx1276-board.obj (.text:SX1276IoInit)
                  00003214    00000004     --HOLE-- [fill = 0]
                  00003218    000000c4     my_RFM9x.obj (.text:SX1276SetModem)
                  000032dc    000000c0     rtsv7M4_T_le_v4SPD16_eabi.lib : s_round.c.obj (.text:round)
                  0000339c    00000004     --HOLE-- [fill = 0]
                  000033a0    000000b8     main.obj (.text:main)
                  00003458    000000b0     my_rtc.obj (.text:RtcInit)
                  00003508    000000b0     msp432p4xx_driverlib.lib : spi.o (.text:SPI_initMaster)
                  000035b8    000000aa     board.obj (.text:BoardInitMcu)
                  00003662    00000006     --HOLE-- [fill = 0]
                  00003668    000000a6     my_RFM9x.obj (.text:SX1276SetTxContinuousWave)
                  0000370e    00000002     --HOLE-- [fill = 0]
                  00003710    0000009e     system_msp432p401r.obj (.text:SystemInit)
                  000037ae    0000009c     rtsv7M4_T_le_v4SPD16_eabi.lib : memcpy_t2.asm.obj (.text)
                  0000384a    00000006     --HOLE-- [fill = 0]
                  00003850    00000098     timer.obj (.text:TimerStart)
                  000038e8    00000094     msp432p4xx_driverlib.lib : rtc_c.o (.text:RTC_C_getEnabledInterruptStatus)
                  0000397c    00000004     --HOLE-- [fill = 0]
                  00003980    00000090     my_RFM9x.obj (.text:SX1276IsChannelFree)
                  00003a10    00000086     rtsv7M4_T_le_v4SPD16_eabi.lib : fd_cmp_t2.asm.obj (.text:__aeabi_cdcmple)
                  00003a96    00000086                                   : fd_cmp_t2.asm.obj (.text:__aeabi_cdrcmple)
                  00003b1c    00000004     --HOLE-- [fill = 0]
                  00003b20    00000084     main.obj (.text:PORT2_IRQHandler)
                  00003ba4    00000004     --HOLE-- [fill = 0]
                  00003ba8    00000080     main.obj (.text:OnRxDone)
                  00003c28    0000007e     my_spi.obj (.text:spi_read_write)
                  00003ca6    0000007a     rtsv7M4_T_le_v4SPD16_eabi.lib : memset_t2.asm.obj (.text)
                  00003d20    00000078     my_RFM9x.obj (.text:GetFskBandwidthRegValue)
                  00003d98    00000078     my_RFM9x.obj (.text:SX1276ReadBuffer)
                  00003e10    00000076     my_RFM9x.obj (.text:SX1276ReadRssi)
                  00003e86    00000002     --HOLE-- [fill = 0]
                  00003e88    00000076     my_RFM9x.obj (.text:SX1276WriteBuffer)
                  00003efe    00000002     --HOLE-- [fill = 0]
                  00003f00    00000068     my_RFM9x.obj (.text:SX1276Random)
                  00003f68    00000068     my_timer.obj (.text:TimerACounterInit)
                  00003fd0    00000068     timer.obj (.text:TimerInsertTimer)
                  00004038    00000068     rtsv7M4_T_le_v4SPD16_eabi.lib : copy_decompress_lzss.c.obj (.text:decompress:lzss:__TI_decompress_lzss)
                  000040a0    00000064     msp432p4xx_driverlib.lib : rtc_c.o (.text:RTC_C_enableInterrupt)
                  00004104    00000004     --HOLE-- [fill = 0]
                  00004108    00000064     sx1276-board.obj (.text:SX1276IoIrqInit)
                  0000416c    0000005c     msp432p4xx_driverlib.lib : rtc_c.o (.text:RTC_C_getInterruptStatus)
                  000041c8    00000058     gpio-board.obj (.text:GpioMcuWrite)
                  00004220    00000054     my_timer.obj (.text:Delayms)
                  00004274    00000004     --HOLE-- [fill = 0]
                  00004278    00000054     my_rtc.obj (.text:RTC_C_IRQHandler)
                  000042cc    00000004     --HOLE-- [fill = 0]
                  000042d0    00000054     my_RFM9x.obj (.text:SX1276SetChannel)
                  00004324    00000004     --HOLE-- [fill = 0]
                  00004328    0000004e     my_timer.obj (.text:SetAlarm)
                  00004376    0000004e     msp432p4xx_driverlib.lib : timer_a.o (.text:Timer_A_initCompare)
                  000043c4    00000004     --HOLE-- [fill = 0]
                  000043c8    0000004e     my_spi.obj (.text:spiRead_RFM)
                  00004416    00000002     --HOLE-- [fill = 0]
                  00004418    0000004c     my_RFM9x.obj (.text:SX1276SetMaxPayloadLength)
                  00004464    0000004c     msp432p4xx_driverlib.lib : timer_a.o (.text:Timer_A_getCounterValue)
                  000044b0    0000004c     my_timer.obj (.text:getTimerAcounterValue)
                  000044fc    00000004     --HOLE-- [fill = 0]
                  00004500    0000004c     my_spi.obj (.text:spiWrite_RFM)
                  0000454c    00000048     rtsv7M4_T_le_v4SPD16_eabi.lib : fd_toi_t2.asm.obj (.text)
                  00004594    00000004     --HOLE-- [fill = 0]
                  00004598    00000048     my_spi.obj (.text:spi_open)
                  000045e0    00000046     my_RFM9x.obj (.text:SX1276StartCad)
                  00004626    00000002     --HOLE-- [fill = 0]
                  00004628    00000044     rtsv7M4_T_le_v4SPD16_eabi.lib : autoinit.c.obj (.text:__TI_auto_init_nobinit_nopinit:__TI_auto_init_nobinit_nopinit)
                  0000466c    00000044                                   : fd_tou_t2.asm.obj (.text)
                  000046b0    00000042     timer.obj (.text:TimerInsertNewHeadTimer)
                  000046f2    00000002     --HOLE-- [fill = 0]
                  000046f4    00000040     msp432p4xx_driverlib.lib : gpio.o (.text:GPIO_setAsOutputPin)
                  00004734    00000004     --HOLE-- [fill = 0]
                  00004738    00000040     my_RFM9x.obj (.text:SX1276SetSleep)
                  00004778    00000040     msp432p4xx_driverlib.lib : spi.o (.text:is_A_Module)
                  000047b8    00000040     my_timer.obj (.text:stopLoRaTimer)
                  000047f8    0000003c     my_RFM9x.obj (.text:SX1276SetPublicNetwork)
                  00004834    00000004     --HOLE-- [fill = 0]
                  00004838    0000003c     timer.obj (.text:TimerSetTimeout)
                  00004874    00000004     --HOLE-- [fill = 0]
                  00004878    0000003c     timer.obj (.text:TimerSetValue)
                  000048b4    00000004     --HOLE-- [fill = 0]
                  000048b8    0000003a     my_RFM9x.obj (.text:SX1276SetStby)
                  000048f2    00000006     --HOLE-- [fill = 0]
                  000048f8    0000003a     timer.obj (.text:TimerExists)
                  00004932    00000006     --HOLE-- [fill = 0]
                  00004938    00000036     timer.obj (.text:TimerInit)
                  0000496e    00000002     --HOLE-- [fill = 0]
                  00004970    00000034     my_gpio.obj (.text:GpioInit)
                  000049a4    00000004     --HOLE-- [fill = 0]
                  000049a8    00000034     my_timer.obj (.text:TA2_0_IRQHandler)
                  000049dc    00000034     msp432p4xx_driverlib.lib : timer_a.o (.text:Timer_A_configureContinuousMode)
                  00004a10    00000034     rtsv7M4_T_le_v4SPD16_eabi.lib : boot_cortex_m.c.obj (.text:_c_int00_noargs:_c_int00_noargs)
                  00004a44    0000002e                                   : i_tofd_t2.asm.obj (.text)
                  00004a72    00000006     --HOLE-- [fill = 0]
                  00004a78    0000002c     sx1276-board.obj (.text:SX1276Reset)
                  00004aa4    00000004     --HOLE-- [fill = 0]
                  00004aa8    0000002c     my_timer.obj (.text:TA3_0_IRQHandler)
                  00004ad4    00000004     --HOLE-- [fill = 0]
                  00004ad8    0000002c     timer.obj (.text:TimerGetElapsedTime)
                  00004b04    0000002c     msp432p4xx_driverlib.lib : timer_a.o (.text:Timer_A_clearCaptureCompareInterrupt)
                  00004b30    0000002c                              : timer_a.o (.text:Timer_A_enableCaptureCompareInterrupt)
                  00004b5c    00000004     --HOLE-- [fill = 0]
                  00004b60    0000002a     main.obj (.text:OnRxTimeout)
                  00004b8a    00000006     --HOLE-- [fill = 0]
                  00004b90    0000002a     my_timer.obj (.text:StopAlarm)
                  00004bba    00000006     --HOLE-- [fill = 0]
                  00004bc0    0000002a     my_timer.obj (.text:startTimerAcounter)
                  00004bea    00000002     --HOLE-- [fill = 0]
                  00004bec    00000028     msp432p4xx_driverlib.lib : gpio.o (.text:GPIO_enableInterrupt)
                  00004c14    00000028                              : gpio.o (.text:GPIO_setOutputHighOnPin)
                  00004c3c    00000028                              : gpio.o (.text:GPIO_setOutputLowOnPin)
                  00004c64    00000004     --HOLE-- [fill = 0]
                  00004c68    00000028     my_gpio.obj (.text:GpioFlashLED)
                  00004c90    00000028     msp432p4xx_driverlib.lib : spi.o (.text:SPI_getInterruptStatus)
                  00004cb8    00000028                              : timer_a.o (.text:Timer_A_setCompareValue)
                  00004ce0    00000026                              : spi.o (.text:SPI_transmitData)
                  00004d06    00000002     --HOLE-- [fill = 0]
                  00004d08    00000024     my_timer.obj (.text:SetTimerContext)
                  00004d2c    00000004     --HOLE-- [fill = 0]
                  00004d30    00000024     my_timer.obj (.text:TA0_0_IRQHandler)
                  00004d54    00000004     --HOLE-- [fill = 0]
                  00004d58    00000022     my_gpio.obj (.text:GpioSetInterrupt)
                  00004d7a    00000006     --HOLE-- [fill = 0]
                  00004d80    00000020     my_timer.obj (.text:GetTimerElapsedTime)
                  00004da0    00000020     my_RFM9x.obj (.text:SX1276SetOpMode)
                  00004dc0    00000020     rtsv7M4_T_le_v4SPD16_eabi.lib : u_tofd_t2.asm.obj (.text)
                  00004de0    0000001c     main.obj (.text:OnRxError)
                  00004dfc    00000004     --HOLE-- [fill = 0]
                  00004e00    0000001c     main.obj (.text:OnTxDone)
                  00004e1c    00000004     --HOLE-- [fill = 0]
                  00004e20    0000001c     main.obj (.text:OnTxTimeout)
                  00004e3c    0000001c     msp432p4xx_driverlib.lib : spi.o (.text:SPI_enableModule)
                  00004e58    0000001c                              : spi.o (.text:SPI_receiveData)
                  00004e74    00000004     --HOLE-- [fill = 0]
                  00004e78    0000001c     my_RFM9x.obj (.text:SX1276ReadFifo)
                  00004e94    00000004     --HOLE-- [fill = 0]
                  00004e98    0000001c     my_RFM9x.obj (.text:SX1276WriteFifo)
                  00004eb4    0000001c     rtsv7M4_T_le_v4SPD16_eabi.lib : copy_zero_init.c.obj (.text:decompress:ZI:__TI_zero_init_nomemset:__TI_zero_init_nomemset)
                  00004ed0    00000018     msp432p4xx_driverlib.lib : spi.o (.text:EUSCI_A_SPI_getInterruptStatus)
                  00004ee8    00000018                              : spi.o (.text:EUSCI_B_SPI_getInterruptStatus)
                  00004f00    00000018                              : sysctl_a.o (.text:SysCtl_A_disableNMISource)
                  00004f18    00000018                              : sysctl_a.o (.text:SysCtl_A_enableNMISource)
                  00004f30    00000018                              : timer_a.o (.text:Timer_A_clearTimer)
                  00004f48    00000018                              : timer_a.o (.text:Timer_A_disableInterrupt)
                  00004f60    00000018                              : timer_a.o (.text:Timer_A_enableInterrupt)
                  00004f78    00000016                              : spi.o (.text:EUSCI_A_SPI_enable)
                  00004f8e    00000016                              : spi.o (.text:EUSCI_A_SPI_transmitData)
                  00004fa4    00000016                              : spi.o (.text:EUSCI_B_SPI_enable)
                  00004fba    00000016                              : spi.o (.text:EUSCI_B_SPI_transmitData)
                  00004fd0    00000016     my_gpio.obj (.text:GpioWrite)
                  00004fe6    00000016     msp432p4xx_driverlib.lib : timer_a.o (.text:Timer_A_clearInterruptFlag)
                  00004ffc    00000016                              : timer_a.o (.text:Timer_A_startCounter)
                  00005012    00000006     --HOLE-- [fill = 0]
                  00005018    00000014     board.obj (.text:BoardCriticalSectionBegin)
                  0000502c    00000004     --HOLE-- [fill = 0]
                  00005030    00000014     board.obj (.text:GetBoardPowerSource)
                  00005044    00000004     --HOLE-- [fill = 0]
                  00005048    00000014     my_timer.obj (.text:GetTimerValue)
                  0000505c    00000014     msp432p4xx_driverlib.lib : timer_a.o (.text:Timer_A_stopTimer)
                  00005070    00000012     board.obj (.text:BoardCriticalSectionEnd)
                  00005082    00000010     msp432p4xx_driverlib.lib : spi.o (.text:EUSCI_A_SPI_receiveData)
                  00005092    00000010                              : spi.o (.text:EUSCI_B_SPI_receiveData)
                  000050a2    00000002     --HOLE-- [fill = 0]
                  000050a4    00000010                              : sysctl_a.o (.text:SysCtl_A_getNMISourceStatus)
                  000050b4    00000004     --HOLE-- [fill = 0]
                  000050b8    00000010     timer.obj (.text:TimerGetCurrentTime)
                  000050c8    0000000e     msp432p4xx_driverlib.lib : cs.o (.text:CS_startLFXT)
                  000050d6    0000000e     rtsv7M4_T_le_v4SPD16_eabi.lib : copy_decompress_none.c.obj (.text:decompress:none:__TI_decompress_none)
                  000050e4    00000004     --HOLE-- [fill = 0]
                  000050e8    0000000c     my_timer.obj (.text:GetTimerContext)
                  000050f4    00000004     --HOLE-- [fill = 0]
                  000050f8    0000000c     startup_msp432p401r_ccs.obj (.text:Reset_Handler)
                  00005104    00000004     --HOLE-- [fill = 0]
                  00005108    0000000c     sx1276-board.obj (.text:SX1276CheckRfFrequency)
                  00005114    00000004     --HOLE-- [fill = 0]
                  00005118    0000000c     sx1276-board.obj (.text:SX1276GetPaSelect)
                  00005124    00000004     --HOLE-- [fill = 0]
                  00005128    0000000c     my_RFM9x.obj (.text:SX1276GetStatus)
                  00005134    00000004     --HOLE-- [fill = 0]
                  00005138    0000000c     my_timer.obj (.text:Tick2Ms)
                  00005144    00000004     --HOLE-- [fill = 0]
                  00005148    0000000c     my_timer.obj (.text:TimerMs2Tick)
                  00005154    00000004     --HOLE-- [fill = 0]
                  00005158    0000000a     my_RFM9x.obj (.text:SX1276GetWakeupTime)
                  00005162    00000006     --HOLE-- [fill = 0]
                  00005168    00000004     my_timer.obj (.text:GetMinimumTimeout)
                  0000516c    00000004     --HOLE-- [fill = 0]
                  00005170    00000004     sx1276-board.obj (.text:SX1276GetBoardTcxoWakeupTime)
                  00005174    00000004     --HOLE-- [fill = 0]
                  00005178    00000002     startup_msp432p401r_ccs.obj (.text:Default_Handler)
                  0000517a    00000006     --HOLE-- [fill = 0]
                  00005180    00000002     my_systick.obj (.text:SysTick_Handler)

.const     0    00005184    000001d4     
                  00005184    000000b0     my_RFM9x.obj (.const:FskBandwidths)
                  00005234    0000006c     sx1276-board.obj (.const:Radio)
                  000052a0    00000030     msp432p4xx_driverlib.lib : gpio.o (.const:GPIO_PORT_TO_BASE)
                  000052d0    00000030     my_RFM9x.obj (.const:RadioRegsInit)
                  00005300    0000001c     my_rtc.obj (.const:currentTime)
                  0000531c    0000001c     my_spi.obj (.const:spiMasterConfig)
                  00005338    00000010     my_timer.obj (.const:$P$T1$2)
                  00005348    00000010     my_timer.obj (.const:contConfig0)

.cinit     0    00005358    00000038     
                  00005358    0000000e     (.cinit..data.load) [load image, compression = lzss]
                  00005366    00000002     --HOLE-- [fill = 0]
                  00005368    0000000c     (__TI_handler_table)
                  00005374    00000004     --HOLE-- [fill = 0]
                  00005378    00000008     (.cinit..bss.load) [load image, compression = zero_init]
                  00005380    00000010     (__TI_cinit_table)

.init_array 
*          0    00000000    00000000     UNINITIALIZED

.binit     0    00000000    00000000     

.bss       0    20000000    000002ac     UNINITIALIZED
                  20000000    00000104     (.common:SX1276)
                  20000104    00000100     my_RFM9x.obj (.bss:RxTxBuffer)
                  20000204    0000001c     main.obj (.bss:RadioEvents)
                  20000220    00000018     (.common:RxTimeoutSyncWord)
                  20000238    00000018     (.common:RxTimeoutTimer)
                  20000250    00000018     (.common:TxTimeoutTimer)
                  20000268    00000014     (.common:Led1)
                  2000027c    00000014     (.common:Led2)
                  20000290    00000014     (.common:Led3)
                  200002a4    00000004     my_timer.obj (.bss:TimerContext)
                  200002a8    00000004     my_RFM9x.obj (.bss)

.data      0    200002ac    00000053     UNINITIALIZED
                  200002ac    00000040     main.obj (.data:Buffer)
                  200002ec    0000000a     main.obj (.data)
                  200002f6    00000002     my_rtc.obj (.data)
                  200002f8    00000004     timer.obj (.data)
                  200002fc    00000002     my_timer.obj (.data)
                  200002fe    00000001     board.obj (.data)

.stack     0    2000fe00    00000200     UNINITIALIZED
                  2000fe00    00000004     rtsv7M4_T_le_v4SPD16_eabi.lib : boot_cortex_m.c.obj (.stack)
                  2000fe04    000001fc     --HOLE--

__llvm_prf_cnts 
*          0    20000000    00000000     UNINITIALIZED

MODULE SUMMARY

       Module                        code    ro data   rw data
       ------                        ----    -------   -------
    .\
       my_RFM9x.obj                  9036    224       1184   
       timer.obj                     1296    0         8      
       main.obj                      928     0         204    
       board.obj                     872     0         122    
       gpio-board.obj                938     0         0      
       sx1276-board.obj              716     108       0      
       my_timer.obj                  750     32        12     
       my_spi.obj                    352     28        0      
       my_rtc.obj                    260     28        4      
       system_msp432p401r.obj        158     0         0      
       my_gpio.obj                   148     0         0      
       my_systick.obj                2       0         0      
    +--+-----------------------------+-------+---------+---------+
       Total:                        15456   420       1534   
                                                              
    .\ccs\
       startup_msp432p401r_ccs.obj   14      228       0      
    +--+-----------------------------+-------+---------+---------+
       Total:                        14      228       0      
                                                              
    C:/ti/simplelink_msp432p4_sdk_3_40_01_02/source/ti/devices/msp432p4xx/driverlib/ccs/msp432p4xx_driverlib.lib
       timer_a.o                     794     0         0      
       spi.o                         542     0         0      
       rtc_c.o                       340     0         0      
       cs.o                          238     0         0      
       gpio.o                        184     48        0      
       sysctl_a.o                    64      0         0      
    +--+-----------------------------+-------+---------+---------+
       Total:                        2162    48        0      
                                                              
    C:\ti\ccs1000\ccs\tools\compiler\ti-cgt-arm_20.2.0.LTS\lib\rtsv7M4_T_le_v4SPD16_eabi.lib
       fd_add_t2.asm.obj             438     0         0      
       fd_div_t2.asm.obj             310     0         0      
       fd_cmp_t2.asm.obj             268     0         0      
       fd_mul_t2.asm.obj             252     0         0      
       s_ceil.c.obj                  248     0         0      
       s_floor.c.obj                 248     0         0      
       s_round.c.obj                 192     0         0      
       memcpy_t2.asm.obj             156     0         0      
       memset_t2.asm.obj             122     0         0      
       copy_decompress_lzss.c.obj    104     0         0      
       fd_toi_t2.asm.obj             72      0         0      
       autoinit.c.obj                68      0         0      
       fd_tou_t2.asm.obj             68      0         0      
       boot_cortex_m.c.obj           52      0         0      
       i_tofd_t2.asm.obj             46      0         0      
       u_tofd_t2.asm.obj             32      0         0      
       copy_zero_init.c.obj          28      0         0      
       copy_decompress_none.c.obj    14      0         0      
       exit.c.obj                    4       0         0      
       pre_init.c.obj                4       0         0      
    +--+-----------------------------+-------+---------+---------+
       Total:                        2726    0         0      
                                                              
       Stack:                        0       0         1024   
       Linker Generated:             0       50        0      
    +--+-----------------------------+-------+---------+---------+
       Grand Total:                  20358   746       2558   


LINKER GENERATED COPY TABLES

__TI_cinit_table @ 00005380 records: 2, size/record: 8, table size: 16
	.data: load addr=00005358, load size=0000000e bytes, run addr=200002ac, run size=00000053 bytes, compression=lzss
	.bss: load addr=00005378, load size=00000008 bytes, run addr=20000000, run size=000002ac bytes, compression=zero_init


LINKER GENERATED HANDLER TABLE

__TI_handler_table @ 00005368 records: 3, size/record: 4, table size: 12
	index: 0, handler: __TI_decompress_lzss
	index: 1, handler: __TI_decompress_none
	index: 2, handler: __TI_zero_init


GLOBAL SYMBOLS: SORTED ALPHABETICALLY BY Name 

address   name                                 
-------   ----                                 
00005179  ADC14_IRQHandler                     
00005179  AES256_IRQHandler                    
00005019  BoardCriticalSectionBegin            
00005071  BoardCriticalSectionEnd              
000035b9  BoardInitMcu                         
200002ac  Buffer                               
200002f2  BufferSize                           
00005179  BusFault_Handler                     
000016d5  C$$EXIT                              
00005179  COMP_E0_IRQHandler                   
00005179  COMP_E1_IRQHandler                   
00005179  CS_IRQHandler                        
000050c9  CS_startLFXT                         
00002ecd  CS_startLFXTWithTimeout              
200002ec  DIO0Flag                             
200002ed  DIO1Flag                             
200002ee  DIO2Flag                             
200002ef  DIO3Flag                             
200002f0  DIO4Flag                             
00005179  DMA_ERR_IRQHandler                   
00005179  DMA_INT0_IRQHandler                  
00005179  DMA_INT1_IRQHandler                  
00005179  DMA_INT2_IRQHandler                  
00005179  DMA_INT3_IRQHandler                  
00005179  DebugMon_Handler                     
00005179  Default_Handler                      
00004221  Delayms                              
00005179  EUSCIA0_IRQHandler                   
00005179  EUSCIA1_IRQHandler                   
00005179  EUSCIA2_IRQHandler                   
00005179  EUSCIA3_IRQHandler                   
00005179  EUSCIB0_IRQHandler                   
00005179  EUSCIB1_IRQHandler                   
00005179  EUSCIB2_IRQHandler                   
00005179  EUSCIB3_IRQHandler                   
00004f79  EUSCI_A_SPI_enable                   
00004ed1  EUSCI_A_SPI_getInterruptStatus       
00005083  EUSCI_A_SPI_receiveData              
00004f8f  EUSCI_A_SPI_transmitData             
00004fa5  EUSCI_B_SPI_enable                   
00004ee9  EUSCI_B_SPI_getInterruptStatus       
00005093  EUSCI_B_SPI_receiveData              
00004fbb  EUSCI_B_SPI_transmitData             
00005179  FLCTL_IRQHandler                     
00005179  FPU_IRQHandler                       
00005184  FskBandwidths                        
00004bed  GPIO_enableInterrupt                 
000046f5  GPIO_setAsOutputPin                  
00004c15  GPIO_setOutputHighOnPin              
00004c3d  GPIO_setOutputLowOnPin               
00005031  GetBoardPowerSource                  
00003d21  GetFskBandwidthRegValue              
00005169  GetMinimumTimeout                    
000050e9  GetTimerContext                      
00004d81  GetTimerElapsedTime                  
00005049  GetTimerValue                        
00004c69  GpioFlashLED                         
00004971  GpioInit                             
00001939  GpioMcuInit                          
000025e1  GpioMcuSetInterrupt                  
000041c9  GpioMcuWrite                         
00004d59  GpioSetInterrupt                     
00004fd1  GpioWrite                            
00005179  HardFault_Handler                    
20000268  Led1                                 
2000027c  Led2                                 
20000290  Led3                                 
00005179  MemManage_Handler                    
00005179  NMI_Handler                          
00003ba9  OnRxDone                             
00004de1  OnRxError                            
00004b61  OnRxTimeout                          
00004e01  OnTxDone                             
00004e21  OnTxTimeout                          
00005179  PCM_IRQHandler                       
00005179  PORT1_IRQHandler                     
00003b21  PORT2_IRQHandler                     
00003b21  PORT2_IRQHandler                     
00005179  PORT3_IRQHandler                     
00005179  PORT4_IRQHandler                     
00005179  PORT5_IRQHandler                     
00005179  PORT6_IRQHandler                     
00005179  PSS_IRQHandler                       
00005179  PendSV_Handler                       
00004279  RTC_C_IRQHandler                     
00004279  RTC_C_IRQHandler                     
000040a1  RTC_C_enableInterrupt                
000038e9  RTC_C_getEnabledInterruptStatus      
0000416d  RTC_C_getInterruptStatus             
00005234  Radio                                
00002319  RadioInit                            
000052d0  RadioRegsInit                        
000050f9  Reset_Handler                        
200002f4  RssiValue                            
00003459  RtcInit                              
00003089  RxChainCalibration                   
20000220  RxTimeoutSyncWord                    
20000238  RxTimeoutTimer                       
00004e3d  SPI_enableModule                     
00004c91  SPI_getInterruptStatus               
00003509  SPI_initMaster                       
00004e59  SPI_receiveData                      
00004ce1  SPI_transmitData                     
00005179  SVC_Handler                          
20000000  SX1276                               
00005109  SX1276CheckRfFrequency               
00005171  SX1276GetBoardTcxoWakeupTime         
00005129  SX1276GetStatus                      
000009f1  SX1276GetTimeOnAir                   
00005159  SX1276GetWakeupTime                  
00002fb1  SX1276Init                           
00003151  SX1276IoInit                         
00004109  SX1276IoIrqInit                      
00003981  SX1276IsChannelFree                  
000000e9  SX1276OnDio0Irq                      
000016d9  SX1276OnDio1Irq                      
00001ce9  SX1276OnDio2Irq                      
00002019  SX1276OnTimeoutIrq                   
00003f01  SX1276Random                         
00003d99  SX1276ReadBuffer                     
00004e79  SX1276ReadFifo                       
00003e11  SX1276ReadRssi                       
00004a79  SX1276Reset                          
00001e81  SX1276Send                           
000042d1  SX1276SetChannel                     
00004419  SX1276SetMaxPayloadLength            
00003219  SX1276SetModem                       
00004da1  SX1276SetOpMode                      
000047f9  SX1276SetPublicNetwork               
00002481  SX1276SetRfTxPower                   
00001139  SX1276SetRx                          
000005d1  SX1276SetRxConfig                    
00004739  SX1276SetSleep                       
000048b9  SX1276SetStby                        
00002de1  SX1276SetTx                          
00000df1  SX1276SetTxConfig                    
00003669  SX1276SetTxContinuousWave            
000045e1  SX1276StartCad                       
00003e89  SX1276WriteBuffer                    
00004e99  SX1276WriteFifo                      
00004329  SetAlarm                             
00004d09  SetTimerContext                      
200002f5  SnrValue                             
200002f1  State                                
00004b91  StopAlarm                            
00004f01  SysCtl_A_disableNMISource            
00004f19  SysCtl_A_enableNMISource             
000050a5  SysCtl_A_getNMISourceStatus          
00005181  SysTick_Handler                      
00005181  SysTick_Handler                      
00003711  SystemInit                           
00005179  T32_INT1_IRQHandler                  
00005179  T32_INT2_IRQHandler                  
00005179  T32_INTC_IRQHandler                  
00004d31  TA0_0_IRQHandler                     
00004d31  TA0_0_IRQHandler                     
00005179  TA0_N_IRQHandler                     
00005179  TA1_0_IRQHandler                     
00005179  TA1_N_IRQHandler                     
000049a9  TA2_0_IRQHandler                     
000049a9  TA2_0_IRQHandler                     
00005179  TA2_N_IRQHandler                     
00004aa9  TA3_0_IRQHandler                     
00004aa9  TA3_0_IRQHandler                     
00005179  TA3_N_IRQHandler                     
00005139  Tick2Ms                              
00003f69  TimerACounterInit                    
000050b9  TimerGetCurrentTime                  
00004ad9  TimerGetElapsedTime                  
00004939  TimerInit                            
000021a9  TimerIrqHandler                      
00005149  TimerMs2Tick                         
00004879  TimerSetValue                        
00003851  TimerStart                           
00002881  TimerStop                            
00004b05  Timer_A_clearCaptureCompareInterrupt 
00004fe7  Timer_A_clearInterruptFlag           
00004f31  Timer_A_clearTimer                   
000049dd  Timer_A_configureContinuousMode      
00004f49  Timer_A_disableInterrupt             
00004b31  Timer_A_enableCaptureCompareInterrupt
00004f61  Timer_A_enableInterrupt              
00004465  Timer_A_getCounterValue              
00004377  Timer_A_initCompare                  
00004cb9  Timer_A_setCompareValue              
00004ffd  Timer_A_startCounter                 
0000505d  Timer_A_stopTimer                    
200002f7  TxFlag                               
20000250  TxTimeoutTimer                       
00005179  UsageFault_Handler                   
4000480c  WDTCTL_SYM                           
00005179  WDT_A_IRQHandler                     
20010000  __STACK_END                          
00000200  __STACK_SIZE                         
00005380  __TI_CINIT_Base                      
00005390  __TI_CINIT_Limit                     
00005368  __TI_Handler_Table_Base              
00005374  __TI_Handler_Table_Limit             
00004629  __TI_auto_init_nobinit_nopinit       
00004039  __TI_decompress_lzss                 
000050d7  __TI_decompress_none                 
ffffffff  __TI_pprof_out_hndl                  
ffffffff  __TI_prof_data_size                  
ffffffff  __TI_prof_data_start                 
00000000  __TI_static_base__                   
00004eb5  __TI_zero_init_nomemset              
00003a11  __aeabi_cdcmpeq                      
00003a11  __aeabi_cdcmple                      
00003a97  __aeabi_cdrcmple                     
0000454d  __aeabi_d2iz                         
0000466d  __aeabi_d2uiz                        
00001b3d  __aeabi_dadd                         
000029bd  __aeabi_ddiv                         
00002af3  __aeabi_dmul                         
00001b33  __aeabi_dsub                         
00004a45  __aeabi_i2d                          
00003ca7  __aeabi_memclr                       
00003ca7  __aeabi_memclr4                      
00003ca7  __aeabi_memclr8                      
000037af  __aeabi_memcpy                       
000037af  __aeabi_memcpy4                      
000037af  __aeabi_memcpy8                      
00003ca9  __aeabi_memset                       
00003ca9  __aeabi_memset4                      
00003ca9  __aeabi_memset8                      
00004dc1  __aeabi_ui2d                         
ffffffff  __binit__                            
ffffffff  __c_args__                           
UNDEFED   __mpu_init                           
2000fe00  __stack                              
20000000  __start___llvm_prf_cnts              
20000000  __stop___llvm_prf_cnts               
00004a11  _c_int00_noargs                      
UNDEFED   _system_post_cinit                   
0000144b  _system_pre_init                     
000016d5  abort                                
ffffffff  binit                                
00002bf1  ceil                                 
00002bf1  ceill                                
00005348  contConfig0                          
00005300  currentTime                          
00002ce9  floor                                
00002ce9  floorl                               
000044b1  getTimerAcounterValue                
00000000  interruptVectors                     
200002fd  isTimerAcounterRunning               
000033a1  main                                 
000037af  memcpy                               
00003caf  memset                               
200002f6  minutes                              
000032dd  round                                
000032dd  roundl                               
0000531c  spiMasterConfig                      
000043c9  spiRead_RFM                          
00004501  spiWrite_RFM                         
00004599  spi_open                             
00003c29  spi_read_write                       
00004bc1  startTimerAcounter                   
000047b9  stopLoRaTimer                        
200002fc  timerTick_ms                         


GLOBAL SYMBOLS: SORTED BY Symbol Address 

address   name                                 
-------   ----                                 
00000000  __TI_static_base__                   
00000000  interruptVectors                     
000000e9  SX1276OnDio0Irq                      
00000200  __STACK_SIZE                         
000005d1  SX1276SetRxConfig                    
000009f1  SX1276GetTimeOnAir                   
00000df1  SX1276SetTxConfig                    
00001139  SX1276SetRx                          
0000144b  _system_pre_init                     
000016d5  C$$EXIT                              
000016d5  abort                                
000016d9  SX1276OnDio1Irq                      
00001939  GpioMcuInit                          
00001b33  __aeabi_dsub                         
00001b3d  __aeabi_dadd                         
00001ce9  SX1276OnDio2Irq                      
00001e81  SX1276Send                           
00002019  SX1276OnTimeoutIrq                   
000021a9  TimerIrqHandler                      
00002319  RadioInit                            
00002481  SX1276SetRfTxPower                   
000025e1  GpioMcuSetInterrupt                  
00002881  TimerStop                            
000029bd  __aeabi_ddiv                         
00002af3  __aeabi_dmul                         
00002bf1  ceil                                 
00002bf1  ceill                                
00002ce9  floor                                
00002ce9  floorl                               
00002de1  SX1276SetTx                          
00002ecd  CS_startLFXTWithTimeout              
00002fb1  SX1276Init                           
00003089  RxChainCalibration                   
00003151  SX1276IoInit                         
00003219  SX1276SetModem                       
000032dd  round                                
000032dd  roundl                               
000033a1  main                                 
00003459  RtcInit                              
00003509  SPI_initMaster                       
000035b9  BoardInitMcu                         
00003669  SX1276SetTxContinuousWave            
00003711  SystemInit                           
000037af  __aeabi_memcpy                       
000037af  __aeabi_memcpy4                      
000037af  __aeabi_memcpy8                      
000037af  memcpy                               
00003851  TimerStart                           
000038e9  RTC_C_getEnabledInterruptStatus      
00003981  SX1276IsChannelFree                  
00003a11  __aeabi_cdcmpeq                      
00003a11  __aeabi_cdcmple                      
00003a97  __aeabi_cdrcmple                     
00003b21  PORT2_IRQHandler                     
00003b21  PORT2_IRQHandler                     
00003ba9  OnRxDone                             
00003c29  spi_read_write                       
00003ca7  __aeabi_memclr                       
00003ca7  __aeabi_memclr4                      
00003ca7  __aeabi_memclr8                      
00003ca9  __aeabi_memset                       
00003ca9  __aeabi_memset4                      
00003ca9  __aeabi_memset8                      
00003caf  memset                               
00003d21  GetFskBandwidthRegValue              
00003d99  SX1276ReadBuffer                     
00003e11  SX1276ReadRssi                       
00003e89  SX1276WriteBuffer                    
00003f01  SX1276Random                         
00003f69  TimerACounterInit                    
00004039  __TI_decompress_lzss                 
000040a1  RTC_C_enableInterrupt                
00004109  SX1276IoIrqInit                      
0000416d  RTC_C_getInterruptStatus             
000041c9  GpioMcuWrite                         
00004221  Delayms                              
00004279  RTC_C_IRQHandler                     
00004279  RTC_C_IRQHandler                     
000042d1  SX1276SetChannel                     
00004329  SetAlarm                             
00004377  Timer_A_initCompare                  
000043c9  spiRead_RFM                          
00004419  SX1276SetMaxPayloadLength            
00004465  Timer_A_getCounterValue              
000044b1  getTimerAcounterValue                
00004501  spiWrite_RFM                         
0000454d  __aeabi_d2iz                         
00004599  spi_open                             
000045e1  SX1276StartCad                       
00004629  __TI_auto_init_nobinit_nopinit       
0000466d  __aeabi_d2uiz                        
000046f5  GPIO_setAsOutputPin                  
00004739  SX1276SetSleep                       
000047b9  stopLoRaTimer                        
000047f9  SX1276SetPublicNetwork               
00004879  TimerSetValue                        
000048b9  SX1276SetStby                        
00004939  TimerInit                            
00004971  GpioInit                             
000049a9  TA2_0_IRQHandler                     
000049a9  TA2_0_IRQHandler                     
000049dd  Timer_A_configureContinuousMode      
00004a11  _c_int00_noargs                      
00004a45  __aeabi_i2d                          
00004a79  SX1276Reset                          
00004aa9  TA3_0_IRQHandler                     
00004aa9  TA3_0_IRQHandler                     
00004ad9  TimerGetElapsedTime                  
00004b05  Timer_A_clearCaptureCompareInterrupt 
00004b31  Timer_A_enableCaptureCompareInterrupt
00004b61  OnRxTimeout                          
00004b91  StopAlarm                            
00004bc1  startTimerAcounter                   
00004bed  GPIO_enableInterrupt                 
00004c15  GPIO_setOutputHighOnPin              
00004c3d  GPIO_setOutputLowOnPin               
00004c69  GpioFlashLED                         
00004c91  SPI_getInterruptStatus               
00004cb9  Timer_A_setCompareValue              
00004ce1  SPI_transmitData                     
00004d09  SetTimerContext                      
00004d31  TA0_0_IRQHandler                     
00004d31  TA0_0_IRQHandler                     
00004d59  GpioSetInterrupt                     
00004d81  GetTimerElapsedTime                  
00004da1  SX1276SetOpMode                      
00004dc1  __aeabi_ui2d                         
00004de1  OnRxError                            
00004e01  OnTxDone                             
00004e21  OnTxTimeout                          
00004e3d  SPI_enableModule                     
00004e59  SPI_receiveData                      
00004e79  SX1276ReadFifo                       
00004e99  SX1276WriteFifo                      
00004eb5  __TI_zero_init_nomemset              
00004ed1  EUSCI_A_SPI_getInterruptStatus       
00004ee9  EUSCI_B_SPI_getInterruptStatus       
00004f01  SysCtl_A_disableNMISource            
00004f19  SysCtl_A_enableNMISource             
00004f31  Timer_A_clearTimer                   
00004f49  Timer_A_disableInterrupt             
00004f61  Timer_A_enableInterrupt              
00004f79  EUSCI_A_SPI_enable                   
00004f8f  EUSCI_A_SPI_transmitData             
00004fa5  EUSCI_B_SPI_enable                   
00004fbb  EUSCI_B_SPI_transmitData             
00004fd1  GpioWrite                            
00004fe7  Timer_A_clearInterruptFlag           
00004ffd  Timer_A_startCounter                 
00005019  BoardCriticalSectionBegin            
00005031  GetBoardPowerSource                  
00005049  GetTimerValue                        
0000505d  Timer_A_stopTimer                    
00005071  BoardCriticalSectionEnd              
00005083  EUSCI_A_SPI_receiveData              
00005093  EUSCI_B_SPI_receiveData              
000050a5  SysCtl_A_getNMISourceStatus          
000050b9  TimerGetCurrentTime                  
000050c9  CS_startLFXT                         
000050d7  __TI_decompress_none                 
000050e9  GetTimerContext                      
000050f9  Reset_Handler                        
00005109  SX1276CheckRfFrequency               
00005129  SX1276GetStatus                      
00005139  Tick2Ms                              
00005149  TimerMs2Tick                         
00005159  SX1276GetWakeupTime                  
00005169  GetMinimumTimeout                    
00005171  SX1276GetBoardTcxoWakeupTime         
00005179  ADC14_IRQHandler                     
00005179  AES256_IRQHandler                    
00005179  BusFault_Handler                     
00005179  COMP_E0_IRQHandler                   
00005179  COMP_E1_IRQHandler                   
00005179  CS_IRQHandler                        
00005179  DMA_ERR_IRQHandler                   
00005179  DMA_INT0_IRQHandler                  
00005179  DMA_INT1_IRQHandler                  
00005179  DMA_INT2_IRQHandler                  
00005179  DMA_INT3_IRQHandler                  
00005179  DebugMon_Handler                     
00005179  Default_Handler                      
00005179  EUSCIA0_IRQHandler                   
00005179  EUSCIA1_IRQHandler                   
00005179  EUSCIA2_IRQHandler                   
00005179  EUSCIA3_IRQHandler                   
00005179  EUSCIB0_IRQHandler                   
00005179  EUSCIB1_IRQHandler                   
00005179  EUSCIB2_IRQHandler                   
00005179  EUSCIB3_IRQHandler                   
00005179  FLCTL_IRQHandler                     
00005179  FPU_IRQHandler                       
00005179  HardFault_Handler                    
00005179  MemManage_Handler                    
00005179  NMI_Handler                          
00005179  PCM_IRQHandler                       
00005179  PORT1_IRQHandler                     
00005179  PORT3_IRQHandler                     
00005179  PORT4_IRQHandler                     
00005179  PORT5_IRQHandler                     
00005179  PORT6_IRQHandler                     
00005179  PSS_IRQHandler                       
00005179  PendSV_Handler                       
00005179  SVC_Handler                          
00005179  T32_INT1_IRQHandler                  
00005179  T32_INT2_IRQHandler                  
00005179  T32_INTC_IRQHandler                  
00005179  TA0_N_IRQHandler                     
00005179  TA1_0_IRQHandler                     
00005179  TA1_N_IRQHandler                     
00005179  TA2_N_IRQHandler                     
00005179  TA3_N_IRQHandler                     
00005179  UsageFault_Handler                   
00005179  WDT_A_IRQHandler                     
00005181  SysTick_Handler                      
00005181  SysTick_Handler                      
00005184  FskBandwidths                        
00005234  Radio                                
000052d0  RadioRegsInit                        
00005300  currentTime                          
0000531c  spiMasterConfig                      
00005348  contConfig0                          
00005368  __TI_Handler_Table_Base              
00005374  __TI_Handler_Table_Limit             
00005380  __TI_CINIT_Base                      
00005390  __TI_CINIT_Limit                     
20000000  SX1276                               
20000000  __start___llvm_prf_cnts              
20000000  __stop___llvm_prf_cnts               
20000220  RxTimeoutSyncWord                    
20000238  RxTimeoutTimer                       
20000250  TxTimeoutTimer                       
20000268  Led1                                 
2000027c  Led2                                 
20000290  Led3                                 
200002ac  Buffer                               
200002ec  DIO0Flag                             
200002ed  DIO1Flag                             
200002ee  DIO2Flag                             
200002ef  DIO3Flag                             
200002f0  DIO4Flag                             
200002f1  State                                
200002f2  BufferSize                           
200002f4  RssiValue                            
200002f5  SnrValue                             
200002f6  minutes                              
200002f7  TxFlag                               
200002fc  timerTick_ms                         
200002fd  isTimerAcounterRunning               
2000fe00  __stack                              
20010000  __STACK_END                          
4000480c  WDTCTL_SYM                           
ffffffff  __TI_pprof_out_hndl                  
ffffffff  __TI_prof_data_size                  
ffffffff  __TI_prof_data_start                 
ffffffff  __binit__                            
ffffffff  __c_args__                           
ffffffff  binit                                
UNDEFED   __mpu_init                           
UNDEFED   _system_post_cinit                   

[260 symbols]
