******************************************************************************
                  TI ARM Linker PC v20.2.0                     
******************************************************************************
>> Linked Wed Jul 15 16:23:39 2020

OUTPUT FILE NAME:   <Meesters.out>
ENTRY POINT SYMBOL: "_c_int00_noargs"  address: 00006f91


MEMORY CONFIGURATION

         name            origin    length      used     unused   attr    fill
----------------------  --------  ---------  --------  --------  ----  --------
  MAIN                  00000000   00040000  00007d04  000382fc  R  X
  INFO                  00200000   00004000  00000000  00004000  R  X
  SRAM_CODE             01000000   00010000  000010c3  0000ef3d  RW X
  SRAM_DATA             20000000   00010000  000010c3  0000ef3d  RW  


SEGMENT ALLOCATION MAP

run origin  load origin   length   init length attrs members
----------  ----------- ---------- ----------- ----- -------
00000000    00000000    00007d10   00007d10    r-x
  00000000    00000000    000000e4   000000e4    r-- .intvecs
  000000e8    000000e8    00007882   00007882    r-x .text
  0000796c    0000796c    00000306   00000306    r-- .const
  00007c78    00007c78    00000098   00000098    r-- .cinit
20000000    20000000    00000ec3   00000000    rw-
  20000000    20000000    00000800   00000000    rw- .sysmem
  20000800    20000800    000004c8   00000000    rw- .bss
  20000cc8    20000cc8    000001fb   00000000    rw- .data
2000fe00    2000fe00    00000200   00000000    rw-
  2000fe00    2000fe00    00000200   00000000    rw- .stack


SECTION ALLOCATION MAP

 output                                  attributes/
section   page    origin      length       input sections
--------  ----  ----------  ----------   ----------------
.intvecs   0    00000000    000000e4     
                  00000000    000000e4     startup_msp432p401r_ccs.obj (.intvecs:retain)

.text      0    000000e8    00007882     
                  000000e8    00000a4e     rtsv7M4_T_le_v4SPD16_eabi.lib : _printfi.c.obj (.text:__TI_printfi)
                  00000b36    00000002                                   : _lock.c.obj (.text:_nop)
                  00000b38    000004e8     my_RFM9x.obj (.text:SX1276OnDio0Irq)
                  00001020    00000430     main.obj (.text:main)
                  00001450    00000420     my_RFM9x.obj (.text:SX1276SetRxConfig)
                  00001870    00000400     my_RFM9x.obj (.text:SX1276GetTimeOnAir)
                  00001c70    00000330     my_RFM9x.obj (.text:SX1276SetTxConfig)
                  00001fa0    00000312     my_RFM9x.obj (.text:SX1276SetRx)
                  000022b2    00000004     rtsv7M4_T_le_v4SPD16_eabi.lib : printf.c.obj (.text:_outc)
                  000022b6    00000002                                   : div0.asm.obj (.text)
                  000022b8    00000284     board.obj (.text:BoardUnusedIoInit)
                  0000253c    00000270     rtsv7M4_T_le_v4SPD16_eabi.lib : _printfi.c.obj (.text:_pconv_a)
                  000027ac    00000004                                   : printf.c.obj (.text:_outs)
                  000027b0    00000260     my_RFM9x.obj (.text:SX1276OnDio1Irq)
                  00002a10    000001fa     gpio-board.obj (.text:GpioMcuInit)
                  00002c0a    00000002     --HOLE-- [fill = 0]
                  00002c0c    000001d0     rtsv7M4_T_le_v4SPD16_eabi.lib : _printfi.c.obj (.text:_pconv_g)
                  00002ddc    00000004                                   : pre_init.c.obj (.text:_system_pre_init)
                  00002de0    000001c0     main.obj (.text:RadioInit)
                  00002fa0    000001b6     rtsv7M4_T_le_v4SPD16_eabi.lib : fd_add_t2.asm.obj (.text)
                  00003156    00000002     --HOLE-- [fill = 0]
                  00003158    00000198     my_RFM9x.obj (.text:SX1276OnDio2Irq)
                  000032f0    00000192     my_RFM9x.obj (.text:SX1276Send)
                  00003482    00000004     rtsv7M4_T_le_v4SPD16_eabi.lib : exit.c.obj (.text:abort:abort)
                  00003486    00000002     --HOLE-- [fill = 0]
                  00003488    0000018e     my_RFM9x.obj (.text:SX1276OnTimeoutIrq)
                  00003616    00000002     --HOLE-- [fill = 0]
                  00003618    0000016e     timer.obj (.text:TimerIrqHandler)
                  00003786    00000002     --HOLE-- [fill = 0]
                  00003788    0000015c     sx1276-board.obj (.text:SX1276SetRfTxPower)
                  000038e4    00000004     --HOLE-- [fill = 0]
                  000038e8    00000158     gpio-board.obj (.text:GpioMcuSetInterrupt)
                  00003a40    00000144     msp432p4xx_driverlib.lib : timer_a.o (.text:privateTimer_AProcessClockSourceDivider)
                  00003b84    00000004     --HOLE-- [fill = 0]
                  00003b88    0000013c     timer.obj (.text:TimerStop)
                  00003cc4    0000013c     rtsv7M4_T_le_v4SPD16_eabi.lib : _printfi.c.obj (.text:_pconv_e)
                  00003e00    00000136                                   : fd_div_t2.asm.obj (.text)
                  00003f36    00000002     --HOLE-- [fill = 0]
                  00003f38    00000124                                   : _printfi.c.obj (.text:fcvt)
                  0000405c    00000114                                   : fputs.c.obj (.text:fputs)
                  00004170    00000110                                   : s_scalbn.c.obj (.text:scalbn)
                  00004280    00000108                                   : memory.c.obj (.text:aligned_alloc)
                  00004388    00000102     my_RFM9x.obj (.text:SX1276SetTx)
                  0000448a    000000fc     rtsv7M4_T_le_v4SPD16_eabi.lib : fd_mul_t2.asm.obj (.text)
                  00004586    00000002     --HOLE-- [fill = 0]
                  00004588    000000f8                                   : s_ceil.c.obj (.text:ceil)
                  00004680    000000f8                                   : s_floor.c.obj (.text:floor)
                  00004778    000000e4                                   : memory.c.obj (.text:free)
                  0000485c    000000e0     msp432p4xx_driverlib.lib : cs.o (.text:CS_startLFXTWithTimeout)
                  0000493c    000000dc     rtsv7M4_T_le_v4SPD16_eabi.lib : setvbuf.c.obj (.text:setvbuf)
                  00004a18    000000db     main.obj (.text:PORT2_IRQHandler)
                  00004af3    00000005     --HOLE-- [fill = 0]
                  00004af8    000000d6     my_RFM9x.obj (.text:SX1276Init)
                  00004bce    00000002     --HOLE-- [fill = 0]
                  00004bd0    000000d2     board.obj (.text:BoardInitMcu)
                  00004ca2    00000006     --HOLE-- [fill = 0]
                  00004ca8    000000c8     my_RFM9x.obj (.text:RxChainCalibration)
                  00004d70    000000c4     sx1276-board.obj (.text:SX1276IoInit)
                  00004e34    00000004     --HOLE-- [fill = 0]
                  00004e38    000000c4     my_RFM9x.obj (.text:SX1276SetModem)
                  00004efc    000000c0     rtsv7M4_T_le_v4SPD16_eabi.lib : s_round.c.obj (.text:round)
                  00004fbc    000000b1                                   : _printfi.c.obj (.text:_ltostr)
                  0000506d    00000001     --HOLE-- [fill = 0]
                  0000506e    000000b0     msp432p4xx_driverlib.lib : spi.o (.text:SPI_initMaster)
                  0000511e    00000002     --HOLE-- [fill = 0]
                  00005120    000000a6     my_RFM9x.obj (.text:SX1276SetTxContinuousWave)
                  000051c6    00000002     --HOLE-- [fill = 0]
                  000051c8    0000009e     system_msp432p401r.obj (.text:SystemInit)
                  00005266    0000009c     rtsv7M4_T_le_v4SPD16_eabi.lib : memcpy_t2.asm.obj (.text)
                  00005302    00000006     --HOLE-- [fill = 0]
                  00005308    0000009a     my_rtc.obj (.text:RtcInit)
                  000053a2    00000006     --HOLE-- [fill = 0]
                  000053a8    00000098     timer.obj (.text:TimerStart)
                  00005440    00000096     rtsv7M4_T_le_v4SPD16_eabi.lib : ull_div_t2.asm.obj (.text)
                  000054d6    00000002     --HOLE-- [fill = 0]
                  000054d8    00000094     msp432p4xx_driverlib.lib : rtc_c.o (.text:RTC_C_getEnabledInterruptStatus)
                  0000556c    00000004     --HOLE-- [fill = 0]
                  00005570    00000090     my_RFM9x.obj (.text:SX1276IsChannelFree)
                  00005600    0000008c     rtsv7M4_T_le_v4SPD16_eabi.lib : fputc.c.obj (.text:fputc)
                  0000568c    00000086                                   : fd_cmp_t2.asm.obj (.text:__aeabi_cdcmple)
                  00005712    00000086                                   : fd_cmp_t2.asm.obj (.text:__aeabi_cdrcmple)
                  00005798    0000007f     main.obj (.text:OnRxDone)
                  00005817    00000001     --HOLE-- [fill = 0]
                  00005818    0000007e     my_spi.obj (.text:spi_read_write)
                  00005896    00000002     --HOLE-- [fill = 0]
                  00005898    0000007c     main.obj (.text:printRegisters)
                  00005914    0000007a     rtsv7M4_T_le_v4SPD16_eabi.lib : memset_t2.asm.obj (.text)
                  0000598e    00000002     --HOLE-- [fill = 0]
                  00005990    00000078     my_RFM9x.obj (.text:GetFskBandwidthRegValue)
                  00005a08    00000078     my_RFM9x.obj (.text:SX1276ReadBuffer)
                  00005a80    00000076     my_RFM9x.obj (.text:SX1276ReadRssi)
                  00005af6    00000002     --HOLE-- [fill = 0]
                  00005af8    00000076     my_RFM9x.obj (.text:SX1276WriteBuffer)
                  00005b6e    00000002     --HOLE-- [fill = 0]
                  00005b70    00000074     rtsv7M4_T_le_v4SPD16_eabi.lib : fclose.c.obj (.text:__TI_closefile)
                  00005be4    00000004     --HOLE-- [fill = 0]
                  00005be8    00000070     my_RFM9x.obj (.text:SX1276SetChannel)
                  00005c58    00000070     rtsv7M4_T_le_v4SPD16_eabi.lib : memory.c.obj (.text:split)
                  00005cc8    0000006e                                   : _printfi.c.obj (.text:_mcpy)
                  00005d36    00000002     --HOLE-- [fill = 0]
                  00005d38    0000006c                                   : hostrename.c.obj (.text:HOSTrename)
                  00005da4    00000068                                   : hostlseek.c.obj (.text:HOSTlseek)
                  00005e0c    00000004     --HOLE-- [fill = 0]
                  00005e10    00000068     my_RFM9x.obj (.text:SX1276Random)
                  00005e78    00000068     my_timer.obj (.text:TimerACounterInit)
                  00005ee0    00000068     timer.obj (.text:TimerInsertTimer)
                  00005f48    00000068     rtsv7M4_T_le_v4SPD16_eabi.lib : copy_decompress_lzss.c.obj (.text:decompress:lzss:__TI_decompress_lzss)
                  00005fb0    00000068                                   : printf.c.obj (.text:printf)
                  00006018    00000064     msp432p4xx_driverlib.lib : rtc_c.o (.text:RTC_C_enableInterrupt)
                  0000607c    00000004     --HOLE-- [fill = 0]
                  00006080    00000064     sx1276-board.obj (.text:SX1276IoIrqInit)
                  000060e4    00000064     rtsv7M4_T_le_v4SPD16_eabi.lib : s_frexp.c.obj (.text:frexp)
                  00006148    00000064                                   : fseek.c.obj (.text:fseek)
                  000061ac    00000062                                   : _io_perm.c.obj (.text:__TI_wrt_ok)
                  0000620e    00000002     --HOLE-- [fill = 0]
                  00006210    00000060                                   : hostopen.c.obj (.text:HOSTopen)
                  00006270    0000005c     msp432p4xx_driverlib.lib : rtc_c.o (.text:RTC_C_getInterruptStatus)
                  000062cc    0000005c     rtsv7M4_T_le_v4SPD16_eabi.lib : close.c.obj (.text:close)
                  00006328    00000058     gpio-board.obj (.text:GpioMcuWrite)
                  00006380    00000058     rtsv7M4_T_le_v4SPD16_eabi.lib : hostread.c.obj (.text:HOSTread)
                  000063d8    00000058                                   : hostwrite.c.obj (.text:HOSTwrite)
                  00006430    00000056                                   : _printfi.c.obj (.text:_pconv_f)
                  00006486    00000002     --HOLE-- [fill = 0]
                  00006488    00000054     my_timer.obj (.text:Delayms)
                  000064dc    00000004     --HOLE-- [fill = 0]
                  000064e0    00000054     my_rtc.obj (.text:RTC_C_IRQHandler)
                  00006534    00000054     rtsv7M4_T_le_v4SPD16_eabi.lib : _ltoa.c.obj (.text:__TI_ltoa)
                  00006588    00000052                                   : _printfi.c.obj (.text:_ecpy)
                  000065da    00000006     --HOLE-- [fill = 0]
                  000065e0    0000004e     my_timer.obj (.text:SetAlarm)
                  0000662e    0000004e     msp432p4xx_driverlib.lib : timer_a.o (.text:Timer_A_initCompare)
                  0000667c    00000004     --HOLE-- [fill = 0]
                  00006680    0000004e     my_spi.obj (.text:spiRead_RFM)
                  000066ce    00000002     --HOLE-- [fill = 0]
                  000066d0    0000004c     my_RFM9x.obj (.text:SX1276SetMaxPayloadLength)
                  0000671c    0000004c     msp432p4xx_driverlib.lib : timer_a.o (.text:Timer_A_getCounterValue)
                  00006768    0000004c     rtsv7M4_T_le_v4SPD16_eabi.lib : fflush.c.obj (.text:__TI_doflush)
                  000067b4    0000004c                                   : atoi.c.obj (.text:atoi)
                  00006800    0000004c     my_timer.obj (.text:getTimerAcounterValue)
                  0000684c    00000004     --HOLE-- [fill = 0]
                  00006850    0000004c     my_spi.obj (.text:spiWrite_RFM)
                  0000689c    00000048     rtsv7M4_T_le_v4SPD16_eabi.lib : exit.c.obj (.text:exit)
                  000068e4    00000048                                   : fd_toi_t2.asm.obj (.text)
                  0000692c    00000004     --HOLE-- [fill = 0]
                  00006930    00000048     my_spi.obj (.text:spi_open)
                  00006978    00000046     my_RFM9x.obj (.text:SX1276StartCad)
                  000069be    00000002     --HOLE-- [fill = 0]
                  000069c0    00000044     rtsv7M4_T_le_v4SPD16_eabi.lib : hostclose.c.obj (.text:HOSTclose)
                  00006a04    00000044                                   : hostunlink.c.obj (.text:HOSTunlink)
                  00006a48    00000044                                   : autoinit.c.obj (.text:__TI_auto_init_nobinit_nopinit:__TI_auto_init_nobinit_nopinit)
                  00006a8c    00000044                                   : getdevice.c.obj (.text:getdevice)
                  00006ad0    00000044                                   : fd_tou_t2.asm.obj (.text)
                  00006b14    00000004     --HOLE-- [fill = 0]
                  00006b18    00000042     timer.obj (.text:TimerInsertNewHeadTimer)
                  00006b5a    00000002     --HOLE-- [fill = 0]
                  00006b5c    00000040     msp432p4xx_driverlib.lib : gpio.o (.text:GPIO_setAsOutputPin)
                  00006b9c    00000004     --HOLE-- [fill = 0]
                  00006ba0    00000040     my_RFM9x.obj (.text:SX1276SetSleep)
                  00006be0    00000040     msp432p4xx_driverlib.lib : spi.o (.text:is_A_Module)
                  00006c20    00000040     my_timer.obj (.text:stopLoRaTimer)
                  00006c60    0000003e     rtsv7M4_T_le_v4SPD16_eabi.lib : _printfi.c.obj (.text:_fcpy)
                  00006c9e    00000002     --HOLE-- [fill = 0]
                  00006ca0    0000003c     my_RFM9x.obj (.text:SX1276SetPublicNetwork)
                  00006cdc    00000004     --HOLE-- [fill = 0]
                  00006ce0    0000003c     timer.obj (.text:TimerSetTimeout)
                  00006d1c    00000004     --HOLE-- [fill = 0]
                  00006d20    0000003c     timer.obj (.text:TimerSetValue)
                  00006d5c    00000004     --HOLE-- [fill = 0]
                  00006d60    0000003a     my_RFM9x.obj (.text:SX1276SetStby)
                  00006d9a    00000006     --HOLE-- [fill = 0]
                  00006da0    0000003a     timer.obj (.text:TimerExists)
                  00006dda    00000002     --HOLE-- [fill = 0]
                  00006ddc    00000038     rtsv7M4_T_le_v4SPD16_eabi.lib : trgmsg.c.obj (.text:__TI_writemsg)
                  00006e14    00000004     --HOLE-- [fill = 0]
                  00006e18    00000036     timer.obj (.text:TimerInit)
                  00006e4e    00000036     rtsv7M4_T_le_v4SPD16_eabi.lib : strncpy.c.obj (.text:strncpy)
                  00006e84    00000004     --HOLE-- [fill = 0]
                  00006e88    00000034     my_gpio.obj (.text:GpioInit)
                  00006ebc    00000004     --HOLE-- [fill = 0]
                  00006ec0    00000034     my_timer.obj (.text:TA2_0_IRQHandler)
                  00006ef4    00000034     msp432p4xx_driverlib.lib : timer_a.o (.text:Timer_A_configureContinuousMode)
                  00006f28    00000034     rtsv7M4_T_le_v4SPD16_eabi.lib : fopen.c.obj (.text:__TI_cleanup)
                  00006f5c    00000034                                   : trgmsg.c.obj (.text:__TI_readmsg)
                  00006f90    00000034                                   : boot_cortex_m.c.obj (.text:_c_int00_noargs:_c_int00_noargs)
                  00006fc4    00000004     --HOLE-- [fill = 0]
                  00006fc8    00000032     main.obj (.text:OnRxTimeout)
                  00006ffa    00000002     --HOLE-- [fill = 0]
                  00006ffc    00000030     rtsv7M4_T_le_v4SPD16_eabi.lib : getdevice.c.obj (.text:finddevice)
                  0000702c    00000004     --HOLE-- [fill = 0]
                  00007030    0000002e     main.obj (.text:OnTxTimeout)
                  0000705e    0000002e     rtsv7M4_T_le_v4SPD16_eabi.lib : i_tofd_t2.asm.obj (.text)
                  0000708c    00000004     --HOLE-- [fill = 0]
                  00007090    0000002c     main.obj (.text:OnRxError)
                  000070bc    00000004     --HOLE-- [fill = 0]
                  000070c0    0000002c     sx1276-board.obj (.text:SX1276Reset)
                  000070ec    00000004     --HOLE-- [fill = 0]
                  000070f0    0000002c     my_timer.obj (.text:TA3_0_IRQHandler)
                  0000711c    00000004     --HOLE-- [fill = 0]
                  00007120    0000002c     timer.obj (.text:TimerGetElapsedTime)
                  0000714c    0000002c     msp432p4xx_driverlib.lib : timer_a.o (.text:Timer_A_clearCaptureCompareInterrupt)
                  00007178    0000002c                              : timer_a.o (.text:Timer_A_enableCaptureCompareInterrupt)
                  000071a4    0000002c     rtsv7M4_T_le_v4SPD16_eabi.lib : strncmp.c.obj (.text:strncmp)
                  000071d0    0000002c                                   : unlink.c.obj (.text:unlink)
                  000071fc    00000004     --HOLE-- [fill = 0]
                  00007200    0000002b     main.obj (.text:OnTxDone)
                  0000722b    00000005     --HOLE-- [fill = 0]
                  00007230    0000002a     gpio-board.obj (.text:GpioMcuToggle)
                  0000725a    00000006     --HOLE-- [fill = 0]
                  00007260    0000002a     my_timer.obj (.text:StopAlarm)
                  0000728a    00000006     --HOLE-- [fill = 0]
                  00007290    0000002a     my_timer.obj (.text:startTimerAcounter)
                  000072ba    00000002     --HOLE-- [fill = 0]
                  000072bc    00000028     msp432p4xx_driverlib.lib : gpio.o (.text:GPIO_enableInterrupt)
                  000072e4    00000028                              : gpio.o (.text:GPIO_setOutputHighOnPin)
                  0000730c    00000028                              : gpio.o (.text:GPIO_setOutputLowOnPin)
                  00007334    00000028                              : gpio.o (.text:GPIO_toggleOutputOnPin)
                  0000735c    00000028                              : spi.o (.text:SPI_getInterruptStatus)
                  00007384    00000028                              : timer_a.o (.text:Timer_A_setCompareValue)
                  000073ac    00000028     rtsv7M4_T_le_v4SPD16_eabi.lib : memory.c.obj (.text:free_list_insert)
                  000073d4    00000028                                   : lseek.c.obj (.text:lseek)
                  000073fc    00000028                                   : write.c.obj (.text:write)
                  00007424    00000026     msp432p4xx_driverlib.lib : spi.o (.text:SPI_transmitData)
                  0000744a    00000006     --HOLE-- [fill = 0]
                  00007450    00000024     my_timer.obj (.text:SetTimerContext)
                  00007474    00000004     --HOLE-- [fill = 0]
                  00007478    00000024     my_timer.obj (.text:TA0_0_IRQHandler)
                  0000749c    00000004     --HOLE-- [fill = 0]
                  000074a0    00000022     my_gpio.obj (.text:GpioSetInterrupt)
                  000074c2    00000006     --HOLE-- [fill = 0]
                  000074c8    00000020     my_timer.obj (.text:GetTimerElapsedTime)
                  000074e8    00000020     my_RFM9x.obj (.text:SX1276SetOpMode)
                  00007508    00000020     rtsv7M4_T_le_v4SPD16_eabi.lib : memchr.c.obj (.text:memchr)
                  00007528    00000020                                   : fputs.c.obj (.text:puts)
                  00007548    00000020                                   : u_tofd_t2.asm.obj (.text)
                  00007568    0000001c     msp432p4xx_driverlib.lib : spi.o (.text:SPI_enableModule)
                  00007584    0000001c                              : spi.o (.text:SPI_receiveData)
                  000075a0    0000001c     my_RFM9x.obj (.text:SX1276ReadFifo)
                  000075bc    00000004     --HOLE-- [fill = 0]
                  000075c0    0000001c     my_RFM9x.obj (.text:SX1276WriteFifo)
                  000075dc    0000001c     rtsv7M4_T_le_v4SPD16_eabi.lib : memory.c.obj (.text:free_list_remove)
                  000075f8    0000001c                                   : memccpy.c.obj (.text:memccpy)
                  00007614    0000001a                                   : s_copysign.c.obj (.text:copysign)
                  0000762e    00000018     msp432p4xx_driverlib.lib : spi.o (.text:EUSCI_A_SPI_getInterruptStatus)
                  00007646    00000018                              : spi.o (.text:EUSCI_B_SPI_getInterruptStatus)
                  0000765e    00000002     --HOLE-- [fill = 0]
                  00007660    00000018                              : sysctl_a.o (.text:SysCtl_A_disableNMISource)
                  00007678    00000018                              : sysctl_a.o (.text:SysCtl_A_enableNMISource)
                  00007690    00000018                              : timer_a.o (.text:Timer_A_clearTimer)
                  000076a8    00000018                              : timer_a.o (.text:Timer_A_disableInterrupt)
                  000076c0    00000018                              : timer_a.o (.text:Timer_A_enableInterrupt)
                  000076d8    00000018     rtsv7M4_T_le_v4SPD16_eabi.lib : strcmp.c.obj (.text:strcmp)
                  000076f0    00000016     msp432p4xx_driverlib.lib : spi.o (.text:EUSCI_A_SPI_enable)
                  00007706    00000016                              : spi.o (.text:EUSCI_A_SPI_transmitData)
                  0000771c    00000016                              : spi.o (.text:EUSCI_B_SPI_enable)
                  00007732    00000016                              : spi.o (.text:EUSCI_B_SPI_transmitData)
                  00007748    00000016     my_gpio.obj (.text:GpioWrite)
                  0000775e    00000016     msp432p4xx_driverlib.lib : timer_a.o (.text:Timer_A_clearInterruptFlag)
                  00007774    00000016                              : timer_a.o (.text:Timer_A_startCounter)
                  0000778a    00000016     rtsv7M4_T_le_v4SPD16_eabi.lib : strchr.c.obj (.text:strchr)
                  000077a0    00000014     board.obj (.text:BoardCriticalSectionBegin)
                  000077b4    00000004     --HOLE-- [fill = 0]
                  000077b8    00000014     board.obj (.text:GetBoardPowerSource)
                  000077cc    00000004     --HOLE-- [fill = 0]
                  000077d0    00000014     my_timer.obj (.text:GetTimerValue)
                  000077e4    00000014     msp432p4xx_driverlib.lib : timer_a.o (.text:Timer_A_stopTimer)
                  000077f8    00000014     rtsv7M4_T_le_v4SPD16_eabi.lib : strcpy.c.obj (.text:strcpy)
                  0000780c    00000014                                   : strlen.c.obj (.text:strlen)
                  00007820    00000012     board.obj (.text:BoardCriticalSectionEnd)
                  00007832    00000012     rtsv7M4_T_le_v4SPD16_eabi.lib : wcslen.c.obj (.text:wcslen)
                  00007844    00000010     msp432p4xx_driverlib.lib : spi.o (.text:EUSCI_A_SPI_receiveData)
                  00007854    00000010                              : spi.o (.text:EUSCI_B_SPI_receiveData)
                  00007864    00000010                              : sysctl_a.o (.text:SysCtl_A_getNMISourceStatus)
                  00007874    00000004     --HOLE-- [fill = 0]
                  00007878    00000010     timer.obj (.text:TimerGetCurrentTime)
                  00007888    0000000e     msp432p4xx_driverlib.lib : cs.o (.text:CS_startLFXT)
                  00007896    0000000e     rtsv7M4_T_le_v4SPD16_eabi.lib : copy_decompress_none.c.obj (.text:decompress:none:__TI_decompress_none)
                  000078a4    00000004     --HOLE-- [fill = 0]
                  000078a8    0000000c     my_timer.obj (.text:GetTimerContext)
                  000078b4    00000004     --HOLE-- [fill = 0]
                  000078b8    0000000c     my_gpio.obj (.text:GpioToggle)
                  000078c4    00000004     --HOLE-- [fill = 0]
                  000078c8    0000000c     startup_msp432p401r_ccs.obj (.text:Reset_Handler)
                  000078d4    00000004     --HOLE-- [fill = 0]
                  000078d8    0000000c     sx1276-board.obj (.text:SX1276CheckRfFrequency)
                  000078e4    00000004     --HOLE-- [fill = 0]
                  000078e8    0000000c     sx1276-board.obj (.text:SX1276GetPaSelect)
                  000078f4    00000004     --HOLE-- [fill = 0]
                  000078f8    0000000c     my_RFM9x.obj (.text:SX1276GetStatus)
                  00007904    00000004     --HOLE-- [fill = 0]
                  00007908    0000000c     my_timer.obj (.text:Tick2Ms)
                  00007914    00000004     --HOLE-- [fill = 0]
                  00007918    0000000c     my_timer.obj (.text:TimerMs2Tick)
                  00007924    0000000c     rtsv7M4_T_le_v4SPD16_eabi.lib : copy_zero_init.c.obj (.text:decompress:ZI:__TI_zero_init)
                  00007930    0000000a     my_RFM9x.obj (.text:SX1276GetWakeupTime)
                  0000793a    00000002     --HOLE-- [fill = 0]
                  0000793c    00000008     rtsv7M4_T_le_v4SPD16_eabi.lib : errno.c.obj (.text:__aeabi_errno_addr)
                  00007944    00000008                                   : memory.c.obj (.text:malloc)
                  0000794c    00000004     --HOLE-- [fill = 0]
                  00007950    00000004     my_timer.obj (.text:GetMinimumTimeout)
                  00007954    00000004     --HOLE-- [fill = 0]
                  00007958    00000004     sx1276-board.obj (.text:SX1276GetBoardTcxoWakeupTime)
                  0000795c    00000004     --HOLE-- [fill = 0]
                  00007960    00000002     startup_msp432p401r_ccs.obj (.text:Default_Handler)
                  00007962    00000006     --HOLE-- [fill = 0]
                  00007968    00000002     my_systick.obj (.text:SysTick_Handler)

.const     0    0000796c    00000306     
                  0000796c    00000101     rtsv7M4_T_le_v4SPD16_eabi.lib : ctype.c.obj (.const:.string:_ctypes_)
                  00007a6d    00000003     --HOLE-- [fill = 0]
                  00007a70    000000b0     my_RFM9x.obj (.const:FskBandwidths)
                  00007b20    0000006c     sx1276-board.obj (.const:Radio)
                  00007b8c    00000030     msp432p4xx_driverlib.lib : gpio.o (.const:GPIO_PORT_TO_BASE)
                  00007bbc    00000030     my_RFM9x.obj (.const:RadioRegsInit)
                  00007bec    00000024     main.obj (.const:.string:$P$T0$1)
                  00007c10    0000001c     my_rtc.obj (.const:currentTime)
                  00007c2c    0000001c     my_spi.obj (.const:spiMasterConfig)
                  00007c48    00000010     my_timer.obj (.const:$P$T1$2)
                  00007c58    00000010     my_timer.obj (.const:contConfig0)
                  00007c68    00000005     main.obj (.const:.string:PingMsg)
                  00007c6d    00000005     main.obj (.const:.string:PongMsg)

.cinit     0    00007c78    00000098     
                  00007c78    00000071     (.cinit..data.load) [load image, compression = lzss]
                  00007ce9    00000003     --HOLE-- [fill = 0]
                  00007cec    0000000c     (__TI_handler_table)
                  00007cf8    00000008     (.cinit..bss.load) [load image, compression = zero_init]
                  00007d00    00000010     (__TI_cinit_table)

.init_array 
*          0    00000000    00000000     UNINITIALIZED

.binit     0    00000000    00000000     

.sysmem    0    20000000    00000800     UNINITIALIZED
                  20000000    00000010     rtsv7M4_T_le_v4SPD16_eabi.lib : memory.c.obj (.sysmem)
                  20000010    000007f0     --HOLE--

.bss       0    20000800    000004c8     UNINITIALIZED
                  20000800    00000120     rtsv7M4_T_le_v4SPD16_eabi.lib : trgmsg.c.obj (.bss:_CIOBUF_)
                  20000920    00000104     (.common:SX1276)
                  20000a24    00000100     my_RFM9x.obj (.bss:RxTxBuffer)
                  20000b24    000000a0     (.common:__TI_tmpnams)
                  20000bc4    00000040     (.common:Buffer)
                  20000c04    0000001c     main.obj (.bss:RadioEvents)
                  20000c20    00000018     (.common:RxTimeoutSyncWord)
                  20000c38    00000018     (.common:RxTimeoutTimer)
                  20000c50    00000018     (.common:TxTimeoutTimer)
                  20000c68    00000014     (.common:Led_rgb_blue)
                  20000c7c    00000014     (.common:Led_rgb_green)
                  20000c90    00000014     (.common:Led_rgb_red)
                  20000ca4    00000014     (.common:Led_user_red)
                  20000cb8    00000008     (.common:parmbuf)
                  20000cc0    00000004     my_timer.obj (.bss:TimerContext)
                  20000cc4    00000004     my_RFM9x.obj (.bss)

.data      0    20000cc8    000001fb     UNINITIALIZED
                  20000cc8    000000f0     rtsv7M4_T_le_v4SPD16_eabi.lib : defs.c.obj (.data:_ftable)
                  20000db8    00000078                                   : host_device.c.obj (.data:_device)
                  20000e30    00000050                                   : host_device.c.obj (.data:_stream)
                  20000e80    00000010                                   : defs.c.obj (.data)
                  20000e90    0000000c                                   : exit.c.obj (.data:$O1$$)
                  20000e9c    0000000a     main.obj (.data)
                  20000ea6    00000002     my_rtc.obj (.data)
                  20000ea8    00000008     rtsv7M4_T_le_v4SPD16_eabi.lib : _lock.c.obj (.data:$O1$$)
                  20000eb0    00000008                                   : memory.c.obj (.data:$O1$$)
                  20000eb8    00000004                                   : errno.c.obj (.data)
                  20000ebc    00000004     timer.obj (.data)
                  20000ec0    00000002     my_timer.obj (.data)
                  20000ec2    00000001     board.obj (.data)

.stack     0    2000fe00    00000200     UNINITIALIZED
                  2000fe00    00000004     rtsv7M4_T_le_v4SPD16_eabi.lib : boot_cortex_m.c.obj (.stack)
                  2000fe04    000001fc     --HOLE--

__llvm_prf_cnts 
*          0    20000000    00000000     UNINITIALIZED

MODULE SUMMARY

       Module                        code    ro data   rw data
       ------                        ----    -------   -------
    .\
       my_RFM9x.obj                  9062    224       1184   
       main.obj                      2173    46        204    
       timer.obj                     1296    0         8      
       board.obj                     912     0         162    
       gpio-board.obj                980     0         0      
       sx1276-board.obj              716     108       0      
       my_timer.obj                  750     32        12     
       my_spi.obj                    352     28        0      
       my_rtc.obj                    238     28        4      
       system_msp432p401r.obj        158     0         0      
       my_gpio.obj                   120     0         0      
       my_systick.obj                2       0         0      
    +--+-----------------------------+-------+---------+---------+
       Total:                        16759   466       1574   
                                                              
    .\ccs\
       startup_msp432p401r_ccs.obj   14      228       0      
    +--+-----------------------------+-------+---------+---------+
       Total:                        14      228       0      
                                                              
    C:/ti/simplelink_msp432p4_sdk_3_40_01_02/source/ti/devices/msp432p4xx/driverlib/ccs/msp432p4xx_driverlib.lib
       timer_a.o                     794     0         0      
       spi.o                         542     0         0      
       rtc_c.o                       340     0         0      
       gpio.o                        224     48        0      
       cs.o                          238     0         0      
       sysctl_a.o                    64      0         0      
    +--+-----------------------------+-------+---------+---------+
       Total:                        2202    48        0      
                                                              
    C:\ti\ccs1000\ccs\tools\compiler\ti-cgt-arm_20.2.0.LTS\lib\rtsv7M4_T_le_v4SPD16_eabi.lib
       _printfi.c.obj                4851    0         0      
       defs.c.obj                    0       0         832    
       memory.c.obj                  680     0         16     
       trgmsg.c.obj                  108     0         576    
       fd_add_t2.asm.obj             438     0         0      
       host_device.c.obj             0       0         400    
       fd_div_t2.asm.obj             310     0         0      
       fputs.c.obj                   308     0         0      
       s_scalbn.c.obj                272     0         0      
       fd_cmp_t2.asm.obj             268     0         0      
       ctype.c.obj                   0       257       0      
       fd_mul_t2.asm.obj             252     0         0      
       s_ceil.c.obj                  248     0         0      
       s_floor.c.obj                 248     0         0      
       setvbuf.c.obj                 220     0         0      
       s_round.c.obj                 192     0         0      
       memcpy_t2.asm.obj             156     0         0      
       ull_div_t2.asm.obj            150     0         0      
       fputc.c.obj                   140     0         0      
       memset_t2.asm.obj             122     0         0      
       fclose.c.obj                  116     0         0      
       getdevice.c.obj               116     0         0      
       hostopen.c.obj                96      0         16     
       printf.c.obj                  112     0         0      
       hostrename.c.obj              108     0         0      
       copy_decompress_lzss.c.obj    104     0         0      
       hostlseek.c.obj               104     0         0      
       exit.c.obj                    76      0         24     
       fseek.c.obj                   100     0         0      
       s_frexp.c.obj                 100     0         0      
       _io_perm.c.obj                98      0         0      
       close.c.obj                   92      0         0      
       hostread.c.obj                88      0         0      
       hostwrite.c.obj               88      0         0      
       _ltoa.c.obj                   84      0         0      
       atoi.c.obj                    76      0         0      
       fflush.c.obj                  76      0         0      
       fd_toi_t2.asm.obj             72      0         0      
       autoinit.c.obj                68      0         0      
       fd_tou_t2.asm.obj             68      0         0      
       hostclose.c.obj               68      0         0      
       hostunlink.c.obj              68      0         0      
       strncpy.c.obj                 54      0         0      
       boot_cortex_m.c.obj           52      0         0      
       fopen.c.obj                   52      0         0      
       i_tofd_t2.asm.obj             46      0         0      
       strncmp.c.obj                 44      0         0      
       unlink.c.obj                  44      0         0      
       lseek.c.obj                   40      0         0      
       write.c.obj                   40      0         0      
       memchr.c.obj                  32      0         0      
       u_tofd_t2.asm.obj             32      0         0      
       memccpy.c.obj                 28      0         0      
       s_copysign.c.obj              26      0         0      
       strcmp.c.obj                  24      0         0      
       strchr.c.obj                  22      0         0      
       strcpy.c.obj                  20      0         0      
       strlen.c.obj                  20      0         0      
       _lock.c.obj                   2       0         16     
       wcslen.c.obj                  18      0         0      
       errno.c.obj                   8       0         8      
       copy_decompress_none.c.obj    14      0         0      
       copy_zero_init.c.obj          12      0         0      
       pre_init.c.obj                4       0         0      
       div0.asm.obj                  2       0         0      
    +--+-----------------------------+-------+---------+---------+
       Total:                        11577   257       1888   
                                                              
       Heap:                         0       0         4096   
       Stack:                        0       0         1024   
       Linker Generated:             0       149       0      
    +--+-----------------------------+-------+---------+---------+
       Grand Total:                  30552   1148      8582   


LINKER GENERATED COPY TABLES

__TI_cinit_table @ 00007d00 records: 2, size/record: 8, table size: 16
	.data: load addr=00007c78, load size=00000071 bytes, run addr=20000cc8, run size=000001fb bytes, compression=lzss
	.bss: load addr=00007cf8, load size=00000008 bytes, run addr=20000800, run size=000004c8 bytes, compression=zero_init


LINKER GENERATED HANDLER TABLE

__TI_handler_table @ 00007cec records: 3, size/record: 4, table size: 12
	index: 0, handler: __TI_decompress_lzss
	index: 1, handler: __TI_decompress_none
	index: 2, handler: __TI_zero_init


GLOBAL SYMBOLS: SORTED ALPHABETICALLY BY Name 

address   name                                 
-------   ----                                 
00007961  ADC14_IRQHandler                     
00007961  AES256_IRQHandler                    
000077a1  BoardCriticalSectionBegin            
00007821  BoardCriticalSectionEnd              
00004bd1  BoardInitMcu                         
20000bc4  Buffer                               
20000ea2  BufferSize                           
00007961  BusFault_Handler                     
00003483  C$$EXIT                              
00006e0b  C$$IO$$                              
00007961  COMP_E0_IRQHandler                   
00007961  COMP_E1_IRQHandler                   
00007961  CS_IRQHandler                        
00007889  CS_startLFXT                         
0000485d  CS_startLFXTWithTimeout              
20000e9c  DIO0Flag                             
20000e9d  DIO1Flag                             
20000e9e  DIO2Flag                             
20000e9f  DIO3Flag                             
20000ea0  DIO4Flag                             
00007961  DMA_ERR_IRQHandler                   
00007961  DMA_INT0_IRQHandler                  
00007961  DMA_INT1_IRQHandler                  
00007961  DMA_INT2_IRQHandler                  
00007961  DMA_INT3_IRQHandler                  
00007961  DebugMon_Handler                     
00007961  Default_Handler                      
00006489  Delayms                              
00007961  EUSCIA0_IRQHandler                   
00007961  EUSCIA1_IRQHandler                   
00007961  EUSCIA2_IRQHandler                   
00007961  EUSCIA3_IRQHandler                   
00007961  EUSCIB0_IRQHandler                   
00007961  EUSCIB1_IRQHandler                   
00007961  EUSCIB2_IRQHandler                   
00007961  EUSCIB3_IRQHandler                   
000076f1  EUSCI_A_SPI_enable                   
0000762f  EUSCI_A_SPI_getInterruptStatus       
00007845  EUSCI_A_SPI_receiveData              
00007707  EUSCI_A_SPI_transmitData             
0000771d  EUSCI_B_SPI_enable                   
00007647  EUSCI_B_SPI_getInterruptStatus       
00007855  EUSCI_B_SPI_receiveData              
00007733  EUSCI_B_SPI_transmitData             
00007961  FLCTL_IRQHandler                     
00007961  FPU_IRQHandler                       
00007a70  FskBandwidths                        
000072bd  GPIO_enableInterrupt                 
00006b5d  GPIO_setAsOutputPin                  
000072e5  GPIO_setOutputHighOnPin              
0000730d  GPIO_setOutputLowOnPin               
00007335  GPIO_toggleOutputOnPin               
000077b9  GetBoardPowerSource                  
00005991  GetFskBandwidthRegValue              
00007951  GetMinimumTimeout                    
000078a9  GetTimerContext                      
000074c9  GetTimerElapsedTime                  
000077d1  GetTimerValue                        
00006e89  GpioInit                             
00002a11  GpioMcuInit                          
000038e9  GpioMcuSetInterrupt                  
00007231  GpioMcuToggle                        
00006329  GpioMcuWrite                         
000074a1  GpioSetInterrupt                     
000078b9  GpioToggle                           
00007749  GpioWrite                            
000069c1  HOSTclose                            
00005da5  HOSTlseek                            
00006211  HOSTopen                             
00006381  HOSTread                             
00005d39  HOSTrename                           
00006a05  HOSTunlink                           
000063d9  HOSTwrite                            
00007961  HardFault_Handler                    
20000c68  Led_rgb_blue                         
20000c7c  Led_rgb_green                        
20000c90  Led_rgb_red                          
20000ca4  Led_user_red                         
00007961  MemManage_Handler                    
00007961  NMI_Handler                          
00005799  OnRxDone                             
00007091  OnRxError                            
00006fc9  OnRxTimeout                          
00007201  OnTxDone                             
00007031  OnTxTimeout                          
00007961  PCM_IRQHandler                       
00007961  PORT1_IRQHandler                     
00004a19  PORT2_IRQHandler                     
00004a19  PORT2_IRQHandler                     
00007961  PORT3_IRQHandler                     
00007961  PORT4_IRQHandler                     
00007961  PORT5_IRQHandler                     
00007961  PORT6_IRQHandler                     
00007961  PSS_IRQHandler                       
00007961  PendSV_Handler                       
00007c68  PingMsg                              
00007c6d  PongMsg                              
000064e1  RTC_C_IRQHandler                     
000064e1  RTC_C_IRQHandler                     
00006019  RTC_C_enableInterrupt                
000054d9  RTC_C_getEnabledInterruptStatus      
00006271  RTC_C_getInterruptStatus             
00007b20  Radio                                
00002de1  RadioInit                            
00007bbc  RadioRegsInit                        
000078c9  Reset_Handler                        
20000ea4  RssiValue                            
00005309  RtcInit                              
00004ca9  RxChainCalibration                   
20000c20  RxTimeoutSyncWord                    
20000c38  RxTimeoutTimer                       
00007569  SPI_enableModule                     
0000735d  SPI_getInterruptStatus               
0000506f  SPI_initMaster                       
00007585  SPI_receiveData                      
00007425  SPI_transmitData                     
00007961  SVC_Handler                          
20000920  SX1276                               
000078d9  SX1276CheckRfFrequency               
00007959  SX1276GetBoardTcxoWakeupTime         
000078f9  SX1276GetStatus                      
00001871  SX1276GetTimeOnAir                   
00007931  SX1276GetWakeupTime                  
00004af9  SX1276Init                           
00004d71  SX1276IoInit                         
00006081  SX1276IoIrqInit                      
00005571  SX1276IsChannelFree                  
00000b39  SX1276OnDio0Irq                      
000027b1  SX1276OnDio1Irq                      
00003159  SX1276OnDio2Irq                      
00003489  SX1276OnTimeoutIrq                   
00005e11  SX1276Random                         
00005a09  SX1276ReadBuffer                     
000075a1  SX1276ReadFifo                       
00005a81  SX1276ReadRssi                       
000070c1  SX1276Reset                          
000032f1  SX1276Send                           
00005be9  SX1276SetChannel                     
000066d1  SX1276SetMaxPayloadLength            
00004e39  SX1276SetModem                       
000074e9  SX1276SetOpMode                      
00006ca1  SX1276SetPublicNetwork               
00003789  SX1276SetRfTxPower                   
00001fa1  SX1276SetRx                          
00001451  SX1276SetRxConfig                    
00006ba1  SX1276SetSleep                       
00006d61  SX1276SetStby                        
00004389  SX1276SetTx                          
00001c71  SX1276SetTxConfig                    
00005121  SX1276SetTxContinuousWave            
00006979  SX1276StartCad                       
00005af9  SX1276WriteBuffer                    
000075c1  SX1276WriteFifo                      
000065e1  SetAlarm                             
00007451  SetTimerContext                      
20000ea5  SnrValue                             
20000ea1  State                                
00007261  StopAlarm                            
00007661  SysCtl_A_disableNMISource            
00007679  SysCtl_A_enableNMISource             
00007865  SysCtl_A_getNMISourceStatus          
00007969  SysTick_Handler                      
00007969  SysTick_Handler                      
000051c9  SystemInit                           
00007961  T32_INT1_IRQHandler                  
00007961  T32_INT2_IRQHandler                  
00007961  T32_INTC_IRQHandler                  
00007479  TA0_0_IRQHandler                     
00007479  TA0_0_IRQHandler                     
00007961  TA0_N_IRQHandler                     
00007961  TA1_0_IRQHandler                     
00007961  TA1_N_IRQHandler                     
00006ec1  TA2_0_IRQHandler                     
00006ec1  TA2_0_IRQHandler                     
00007961  TA2_N_IRQHandler                     
000070f1  TA3_0_IRQHandler                     
000070f1  TA3_0_IRQHandler                     
00007961  TA3_N_IRQHandler                     
00007909  Tick2Ms                              
00005e79  TimerACounterInit                    
00007879  TimerGetCurrentTime                  
00007121  TimerGetElapsedTime                  
00006e19  TimerInit                            
00003619  TimerIrqHandler                      
00007919  TimerMs2Tick                         
00006d21  TimerSetValue                        
000053a9  TimerStart                           
00003b89  TimerStop                            
0000714d  Timer_A_clearCaptureCompareInterrupt 
0000775f  Timer_A_clearInterruptFlag           
00007691  Timer_A_clearTimer                   
00006ef5  Timer_A_configureContinuousMode      
000076a9  Timer_A_disableInterrupt             
00007179  Timer_A_enableCaptureCompareInterrupt
000076c1  Timer_A_enableInterrupt              
0000671d  Timer_A_getCounterValue              
0000662f  Timer_A_initCompare                  
00007385  Timer_A_setCompareValue              
00007775  Timer_A_startCounter                 
000077e5  Timer_A_stopTimer                    
20000ea7  TxFlag                               
20000c50  TxTimeoutTimer                       
00007961  UsageFault_Handler                   
4000480c  WDTCTL_SYM                           
00007961  WDT_A_IRQHandler                     
20000800  __CIOBUF_                            
20010000  __STACK_END                          
00000200  __STACK_SIZE                         
00000800  __SYSMEM_SIZE                        
00007d00  __TI_CINIT_Base                      
00007d10  __TI_CINIT_Limit                     
00007cec  __TI_Handler_Table_Base              
00007cf8  __TI_Handler_Table_Limit             
00006a49  __TI_auto_init_nobinit_nopinit       
00006f29  __TI_cleanup                         
20000e90  __TI_cleanup_ptr                     
00005b71  __TI_closefile                       
00005f49  __TI_decompress_lzss                 
00007897  __TI_decompress_none                 
00006769  __TI_doflush                         
20000e94  __TI_dtors_ptr                       
20000e98  __TI_enable_exit_profile_output      
20000e80  __TI_ft_end                          
00006535  __TI_ltoa                            
ffffffff  __TI_pprof_out_hndl                  
000000e9  __TI_printfi                         
ffffffff  __TI_prof_data_size                  
ffffffff  __TI_prof_data_start                 
00006f5d  __TI_readmsg                         
00000000  __TI_static_base__                   
20000b24  __TI_tmpnams                         
00006ddd  __TI_writemsg                        
000061ad  __TI_wrt_ok                          
00007925  __TI_zero_init                       
0000568d  __aeabi_cdcmpeq                      
0000568d  __aeabi_cdcmple                      
00005713  __aeabi_cdrcmple                     
000068e5  __aeabi_d2iz                         
00006ad1  __aeabi_d2uiz                        
00002fab  __aeabi_dadd                         
00003e01  __aeabi_ddiv                         
0000448b  __aeabi_dmul                         
00002fa1  __aeabi_dsub                         
0000793d  __aeabi_errno_addr                   
0000705f  __aeabi_i2d                          
000022b7  __aeabi_idiv0                        
000022b7  __aeabi_ldiv0                        
00005915  __aeabi_memclr                       
00005915  __aeabi_memclr4                      
00005915  __aeabi_memclr8                      
00005267  __aeabi_memcpy                       
00005267  __aeabi_memcpy4                      
00005267  __aeabi_memcpy8                      
00005917  __aeabi_memset                       
00005917  __aeabi_memset4                      
00005917  __aeabi_memset8                      
20000e8c  __aeabi_stderr                       
20000e84  __aeabi_stdin                        
20000e88  __aeabi_stdout                       
00007549  __aeabi_ui2d                         
00005441  __aeabi_uldivmod                     
ffffffff  __binit__                            
ffffffff  __c_args__                           
UNDEFED   __mpu_init                           
2000fe00  __stack                              
20000000  __start___llvm_prf_cnts              
20000000  __stop___llvm_prf_cnts               
00006f91  _c_int00_noargs                      
0000796c  _ctypes_                             
20000db8  _device                              
20000cc8  _ftable                              
20000ea8  _lock                                
00000b37  _nop                                 
20000e30  _stream                              
20000000  _sys_memory                          
UNDEFED   _system_post_cinit                   
00002ddd  _system_pre_init                     
20000eac  _unlock                              
00003483  abort                                
00004281  aligned_alloc                        
000067b5  atoi                                 
ffffffff  binit                                
00004589  ceil                                 
00004589  ceill                                
000062cd  close                                
00007c58  contConfig0                          
00007615  copysign                             
00007615  copysignl                            
00007c10  currentTime                          
20000eb8  errno                                
0000689d  exit                                 
00006ffd  finddevice                           
00004681  floor                                
00004681  floorl                               
00005601  fputc                                
0000405d  fputs                                
00004779  free                                 
000060e5  frexp                                
000060e5  frexpl                               
00006149  fseek                                
00006801  getTimerAcounterValue                
00006a8d  getdevice                            
00000000  interruptVectors                     
20000ec1  isTimerAcounterRunning               
00004171  ldexp                                
00004171  ldexpl                               
000073d5  lseek                                
00001021  main                                 
00007945  malloc                               
00004281  memalign                             
000075f9  memccpy                              
00007509  memchr                               
00005267  memcpy                               
0000591d  memset                               
20000ea6  minutes                              
20000cb8  parmbuf                              
00005899  printRegisters                       
00005fb1  printf                               
00005601  putc                                 
00007529  puts                                 
000071d1  remove                               
00004efd  round                                
00004efd  roundl                               
00004171  scalbn                               
00004171  scalbnl                              
0000493d  setvbuf                              
00007c2c  spiMasterConfig                      
00006681  spiRead_RFM                          
00006851  spiWrite_RFM                         
00006931  spi_open                             
00005819  spi_read_write                       
00007291  startTimerAcounter                   
00006c21  stopLoRaTimer                        
0000778b  strchr                               
000076d9  strcmp                               
000077f9  strcpy                               
0000780d  strlen                               
000071a5  strncmp                              
00006e4f  strncpy                              
20000ec0  timerTick_ms                         
000071d1  unlink                               
00007833  wcslen                               
000073fd  write                                


GLOBAL SYMBOLS: SORTED BY Symbol Address 

address   name                                 
-------   ----                                 
00000000  __TI_static_base__                   
00000000  interruptVectors                     
000000e9  __TI_printfi                         
00000200  __STACK_SIZE                         
00000800  __SYSMEM_SIZE                        
00000b37  _nop                                 
00000b39  SX1276OnDio0Irq                      
00001021  main                                 
00001451  SX1276SetRxConfig                    
00001871  SX1276GetTimeOnAir                   
00001c71  SX1276SetTxConfig                    
00001fa1  SX1276SetRx                          
000022b7  __aeabi_idiv0                        
000022b7  __aeabi_ldiv0                        
000027b1  SX1276OnDio1Irq                      
00002a11  GpioMcuInit                          
00002ddd  _system_pre_init                     
00002de1  RadioInit                            
00002fa1  __aeabi_dsub                         
00002fab  __aeabi_dadd                         
00003159  SX1276OnDio2Irq                      
000032f1  SX1276Send                           
00003483  C$$EXIT                              
00003483  abort                                
00003489  SX1276OnTimeoutIrq                   
00003619  TimerIrqHandler                      
00003789  SX1276SetRfTxPower                   
000038e9  GpioMcuSetInterrupt                  
00003b89  TimerStop                            
00003e01  __aeabi_ddiv                         
0000405d  fputs                                
00004171  ldexp                                
00004171  ldexpl                               
00004171  scalbn                               
00004171  scalbnl                              
00004281  aligned_alloc                        
00004281  memalign                             
00004389  SX1276SetTx                          
0000448b  __aeabi_dmul                         
00004589  ceil                                 
00004589  ceill                                
00004681  floor                                
00004681  floorl                               
00004779  free                                 
0000485d  CS_startLFXTWithTimeout              
0000493d  setvbuf                              
00004a19  PORT2_IRQHandler                     
00004a19  PORT2_IRQHandler                     
00004af9  SX1276Init                           
00004bd1  BoardInitMcu                         
00004ca9  RxChainCalibration                   
00004d71  SX1276IoInit                         
00004e39  SX1276SetModem                       
00004efd  round                                
00004efd  roundl                               
0000506f  SPI_initMaster                       
00005121  SX1276SetTxContinuousWave            
000051c9  SystemInit                           
00005267  __aeabi_memcpy                       
00005267  __aeabi_memcpy4                      
00005267  __aeabi_memcpy8                      
00005267  memcpy                               
00005309  RtcInit                              
000053a9  TimerStart                           
00005441  __aeabi_uldivmod                     
000054d9  RTC_C_getEnabledInterruptStatus      
00005571  SX1276IsChannelFree                  
00005601  fputc                                
00005601  putc                                 
0000568d  __aeabi_cdcmpeq                      
0000568d  __aeabi_cdcmple                      
00005713  __aeabi_cdrcmple                     
00005799  OnRxDone                             
00005819  spi_read_write                       
00005899  printRegisters                       
00005915  __aeabi_memclr                       
00005915  __aeabi_memclr4                      
00005915  __aeabi_memclr8                      
00005917  __aeabi_memset                       
00005917  __aeabi_memset4                      
00005917  __aeabi_memset8                      
0000591d  memset                               
00005991  GetFskBandwidthRegValue              
00005a09  SX1276ReadBuffer                     
00005a81  SX1276ReadRssi                       
00005af9  SX1276WriteBuffer                    
00005b71  __TI_closefile                       
00005be9  SX1276SetChannel                     
00005d39  HOSTrename                           
00005da5  HOSTlseek                            
00005e11  SX1276Random                         
00005e79  TimerACounterInit                    
00005f49  __TI_decompress_lzss                 
00005fb1  printf                               
00006019  RTC_C_enableInterrupt                
00006081  SX1276IoIrqInit                      
000060e5  frexp                                
000060e5  frexpl                               
00006149  fseek                                
000061ad  __TI_wrt_ok                          
00006211  HOSTopen                             
00006271  RTC_C_getInterruptStatus             
000062cd  close                                
00006329  GpioMcuWrite                         
00006381  HOSTread                             
000063d9  HOSTwrite                            
00006489  Delayms                              
000064e1  RTC_C_IRQHandler                     
000064e1  RTC_C_IRQHandler                     
00006535  __TI_ltoa                            
000065e1  SetAlarm                             
0000662f  Timer_A_initCompare                  
00006681  spiRead_RFM                          
000066d1  SX1276SetMaxPayloadLength            
0000671d  Timer_A_getCounterValue              
00006769  __TI_doflush                         
000067b5  atoi                                 
00006801  getTimerAcounterValue                
00006851  spiWrite_RFM                         
0000689d  exit                                 
000068e5  __aeabi_d2iz                         
00006931  spi_open                             
00006979  SX1276StartCad                       
000069c1  HOSTclose                            
00006a05  HOSTunlink                           
00006a49  __TI_auto_init_nobinit_nopinit       
00006a8d  getdevice                            
00006ad1  __aeabi_d2uiz                        
00006b5d  GPIO_setAsOutputPin                  
00006ba1  SX1276SetSleep                       
00006c21  stopLoRaTimer                        
00006ca1  SX1276SetPublicNetwork               
00006d21  TimerSetValue                        
00006d61  SX1276SetStby                        
00006ddd  __TI_writemsg                        
00006e0b  C$$IO$$                              
00006e19  TimerInit                            
00006e4f  strncpy                              
00006e89  GpioInit                             
00006ec1  TA2_0_IRQHandler                     
00006ec1  TA2_0_IRQHandler                     
00006ef5  Timer_A_configureContinuousMode      
00006f29  __TI_cleanup                         
00006f5d  __TI_readmsg                         
00006f91  _c_int00_noargs                      
00006fc9  OnRxTimeout                          
00006ffd  finddevice                           
00007031  OnTxTimeout                          
0000705f  __aeabi_i2d                          
00007091  OnRxError                            
000070c1  SX1276Reset                          
000070f1  TA3_0_IRQHandler                     
000070f1  TA3_0_IRQHandler                     
00007121  TimerGetElapsedTime                  
0000714d  Timer_A_clearCaptureCompareInterrupt 
00007179  Timer_A_enableCaptureCompareInterrupt
000071a5  strncmp                              
000071d1  remove                               
000071d1  unlink                               
00007201  OnTxDone                             
00007231  GpioMcuToggle                        
00007261  StopAlarm                            
00007291  startTimerAcounter                   
000072bd  GPIO_enableInterrupt                 
000072e5  GPIO_setOutputHighOnPin              
0000730d  GPIO_setOutputLowOnPin               
00007335  GPIO_toggleOutputOnPin               
0000735d  SPI_getInterruptStatus               
00007385  Timer_A_setCompareValue              
000073d5  lseek                                
000073fd  write                                
00007425  SPI_transmitData                     
00007451  SetTimerContext                      
00007479  TA0_0_IRQHandler                     
00007479  TA0_0_IRQHandler                     
000074a1  GpioSetInterrupt                     
000074c9  GetTimerElapsedTime                  
000074e9  SX1276SetOpMode                      
00007509  memchr                               
00007529  puts                                 
00007549  __aeabi_ui2d                         
00007569  SPI_enableModule                     
00007585  SPI_receiveData                      
000075a1  SX1276ReadFifo                       
000075c1  SX1276WriteFifo                      
000075f9  memccpy                              
00007615  copysign                             
00007615  copysignl                            
0000762f  EUSCI_A_SPI_getInterruptStatus       
00007647  EUSCI_B_SPI_getInterruptStatus       
00007661  SysCtl_A_disableNMISource            
00007679  SysCtl_A_enableNMISource             
00007691  Timer_A_clearTimer                   
000076a9  Timer_A_disableInterrupt             
000076c1  Timer_A_enableInterrupt              
000076d9  strcmp                               
000076f1  EUSCI_A_SPI_enable                   
00007707  EUSCI_A_SPI_transmitData             
0000771d  EUSCI_B_SPI_enable                   
00007733  EUSCI_B_SPI_transmitData             
00007749  GpioWrite                            
0000775f  Timer_A_clearInterruptFlag           
00007775  Timer_A_startCounter                 
0000778b  strchr                               
000077a1  BoardCriticalSectionBegin            
000077b9  GetBoardPowerSource                  
000077d1  GetTimerValue                        
000077e5  Timer_A_stopTimer                    
000077f9  strcpy                               
0000780d  strlen                               
00007821  BoardCriticalSectionEnd              
00007833  wcslen                               
00007845  EUSCI_A_SPI_receiveData              
00007855  EUSCI_B_SPI_receiveData              
00007865  SysCtl_A_getNMISourceStatus          
00007879  TimerGetCurrentTime                  
00007889  CS_startLFXT                         
00007897  __TI_decompress_none                 
000078a9  GetTimerContext                      
000078b9  GpioToggle                           
000078c9  Reset_Handler                        
000078d9  SX1276CheckRfFrequency               
000078f9  SX1276GetStatus                      
00007909  Tick2Ms                              
00007919  TimerMs2Tick                         
00007925  __TI_zero_init                       
00007931  SX1276GetWakeupTime                  
0000793d  __aeabi_errno_addr                   
00007945  malloc                               
00007951  GetMinimumTimeout                    
00007959  SX1276GetBoardTcxoWakeupTime         
00007961  ADC14_IRQHandler                     
00007961  AES256_IRQHandler                    
00007961  BusFault_Handler                     
00007961  COMP_E0_IRQHandler                   
00007961  COMP_E1_IRQHandler                   
00007961  CS_IRQHandler                        
00007961  DMA_ERR_IRQHandler                   
00007961  DMA_INT0_IRQHandler                  
00007961  DMA_INT1_IRQHandler                  
00007961  DMA_INT2_IRQHandler                  
00007961  DMA_INT3_IRQHandler                  
00007961  DebugMon_Handler                     
00007961  Default_Handler                      
00007961  EUSCIA0_IRQHandler                   
00007961  EUSCIA1_IRQHandler                   
00007961  EUSCIA2_IRQHandler                   
00007961  EUSCIA3_IRQHandler                   
00007961  EUSCIB0_IRQHandler                   
00007961  EUSCIB1_IRQHandler                   
00007961  EUSCIB2_IRQHandler                   
00007961  EUSCIB3_IRQHandler                   
00007961  FLCTL_IRQHandler                     
00007961  FPU_IRQHandler                       
00007961  HardFault_Handler                    
00007961  MemManage_Handler                    
00007961  NMI_Handler                          
00007961  PCM_IRQHandler                       
00007961  PORT1_IRQHandler                     
00007961  PORT3_IRQHandler                     
00007961  PORT4_IRQHandler                     
00007961  PORT5_IRQHandler                     
00007961  PORT6_IRQHandler                     
00007961  PSS_IRQHandler                       
00007961  PendSV_Handler                       
00007961  SVC_Handler                          
00007961  T32_INT1_IRQHandler                  
00007961  T32_INT2_IRQHandler                  
00007961  T32_INTC_IRQHandler                  
00007961  TA0_N_IRQHandler                     
00007961  TA1_0_IRQHandler                     
00007961  TA1_N_IRQHandler                     
00007961  TA2_N_IRQHandler                     
00007961  TA3_N_IRQHandler                     
00007961  UsageFault_Handler                   
00007961  WDT_A_IRQHandler                     
00007969  SysTick_Handler                      
00007969  SysTick_Handler                      
0000796c  _ctypes_                             
00007a70  FskBandwidths                        
00007b20  Radio                                
00007bbc  RadioRegsInit                        
00007c10  currentTime                          
00007c2c  spiMasterConfig                      
00007c58  contConfig0                          
00007c68  PingMsg                              
00007c6d  PongMsg                              
00007cec  __TI_Handler_Table_Base              
00007cf8  __TI_Handler_Table_Limit             
00007d00  __TI_CINIT_Base                      
00007d10  __TI_CINIT_Limit                     
20000000  __start___llvm_prf_cnts              
20000000  __stop___llvm_prf_cnts               
20000000  _sys_memory                          
20000800  __CIOBUF_                            
20000920  SX1276                               
20000b24  __TI_tmpnams                         
20000bc4  Buffer                               
20000c20  RxTimeoutSyncWord                    
20000c38  RxTimeoutTimer                       
20000c50  TxTimeoutTimer                       
20000c68  Led_rgb_blue                         
20000c7c  Led_rgb_green                        
20000c90  Led_rgb_red                          
20000ca4  Led_user_red                         
20000cb8  parmbuf                              
20000cc8  _ftable                              
20000db8  _device                              
20000e30  _stream                              
20000e80  __TI_ft_end                          
20000e84  __aeabi_stdin                        
20000e88  __aeabi_stdout                       
20000e8c  __aeabi_stderr                       
20000e90  __TI_cleanup_ptr                     
20000e94  __TI_dtors_ptr                       
20000e98  __TI_enable_exit_profile_output      
20000e9c  DIO0Flag                             
20000e9d  DIO1Flag                             
20000e9e  DIO2Flag                             
20000e9f  DIO3Flag                             
20000ea0  DIO4Flag                             
20000ea1  State                                
20000ea2  BufferSize                           
20000ea4  RssiValue                            
20000ea5  SnrValue                             
20000ea6  minutes                              
20000ea7  TxFlag                               
20000ea8  _lock                                
20000eac  _unlock                              
20000eb8  errno                                
20000ec0  timerTick_ms                         
20000ec1  isTimerAcounterRunning               
2000fe00  __stack                              
20010000  __STACK_END                          
4000480c  WDTCTL_SYM                           
ffffffff  __TI_pprof_out_hndl                  
ffffffff  __TI_prof_data_size                  
ffffffff  __TI_prof_data_start                 
ffffffff  __binit__                            
ffffffff  __c_args__                           
ffffffff  binit                                
UNDEFED   __mpu_init                           
UNDEFED   _system_post_cinit                   

[343 symbols]
