******************************************************************************
                  TI ARM Linker Unix v20.2.1                   
******************************************************************************
>> Linked Fri Aug  7 10:07:07 2020

OUTPUT FILE NAME:   <Meesters.out>
ENTRY POINT SYMBOL: "_c_int00_noargs"  address: 00006e25


MEMORY CONFIGURATION

         name            origin    length      used     unused   attr    fill
----------------------  --------  ---------  --------  --------  ----  --------
  MAIN                  00000000   00040000  00007ce6  0003831a  R  X
  INFO                  00200000   00004000  00000000  00004000  R  X
  SRAM_CODE             01000000   00010000  000010a8  0000ef58  RW X
  SRAM_DATA             20000000   00010000  000010a8  0000ef58  RW  


SEGMENT ALLOCATION MAP

run origin  load origin   length   init length attrs members
----------  ----------- ---------- ----------- ----- -------
00000000    00000000    00007cf0   00007cf0    r-x
  00000000    00000000    000000e4   000000e4    r-- .intvecs
  000000e8    000000e8    0000787a   0000787a    r-x .text
  00007964    00007964    000002e8   000002e8    r-- .const
  00007c50    00007c50    000000a0   000000a0    r-- .cinit
20000000    20000000    00000ea8   00000000    rw-
  20000000    20000000    00000800   00000000    rw- .sysmem
  20000800    20000800    000004a8   00000000    rw- .bss
  20000ca8    20000ca8    00000200   00000000    rw- .data
2000fe00    2000fe00    00000200   00000000    rw-
  2000fe00    2000fe00    00000200   00000000    rw- .stack


SECTION ALLOCATION MAP

 output                                  attributes/
section   page    origin      length       input sections
--------  ----  ----------  ----------   ----------------
.intvecs   0    00000000    000000e4     
                  00000000    000000e4     startup_msp432p401r_ccs.obj (.intvecs:retain)

.text      0    000000e8    0000787a     
                  000000e8    00000a4e     rtsv7M4_T_le_v4SPD16_eabi.lib : _printfi.c.obj (.text:__TI_printfi)
                  00000b36    00000002                                   : _lock.c.obj (.text:_nop)
                  00000b38    000004e8     my_RFM9x.obj (.text:SX1276OnDio0Irq)
                  00001020    0000041e     my_RFM9x.obj (.text:SX1276SetRxConfig)
                  0000143e    00000002     rtsv7M4_T_le_v4SPD16_eabi.lib : div0.asm.obj (.text)
                  00001440    00000400     my_RFM9x.obj (.text:SX1276GetTimeOnAir)
                  00001840    00000336     my_RFM9x.obj (.text:SX1276SetTxConfig)
                  00001b76    00000002     --HOLE-- [fill = 0]
                  00001b78    00000312     my_RFM9x.obj (.text:SX1276SetRx)
                  00001e8a    00000004     rtsv7M4_T_le_v4SPD16_eabi.lib : printf.c.obj (.text:_outc)
                  00001e8e    00000002     --HOLE-- [fill = 0]
                  00001e90    00000284     board.obj (.text:BoardUnusedIoInit)
                  00002114    00000270     rtsv7M4_T_le_v4SPD16_eabi.lib : _printfi.c.obj (.text:_pconv_a)
                  00002384    00000004                                   : printf.c.obj (.text:_outs)
                  00002388    00000260     my_RFM9x.obj (.text:SX1276OnDio1Irq)
                  000025e8    000001fa     gpio-board.obj (.text:GpioMcuInit)
                  000027e2    00000002     --HOLE-- [fill = 0]
                  000027e4    000001d0     rtsv7M4_T_le_v4SPD16_eabi.lib : _printfi.c.obj (.text:_pconv_g)
                  000029b4    00000004                                   : pre_init.c.obj (.text:_system_pre_init)
                  000029b8    000001c0     main.obj (.text:RadioInit)
                  00002b78    000001b6     rtsv7M4_T_le_v4SPD16_eabi.lib : fd_add_t2.asm.obj (.text)
                  00002d2e    00000002     --HOLE-- [fill = 0]
                  00002d30    00000198     my_RFM9x.obj (.text:SX1276OnDio2Irq)
                  00002ec8    00000198     my_RFM9x.obj (.text:SX1276Send)
                  00003060    0000018e     my_RFM9x.obj (.text:SX1276OnTimeoutIrq)
                  000031ee    00000002     --HOLE-- [fill = 0]
                  000031f0    0000016e     timer.obj (.text:TimerIrqHandler)
                  0000335e    00000002     --HOLE-- [fill = 0]
                  00003360    0000015c     sx1276-board.obj (.text:SX1276SetRfTxPower)
                  000034bc    00000004     rtsv7M4_T_le_v4SPD16_eabi.lib : exit.c.obj (.text:abort:abort)
                  000034c0    00000158     gpio-board.obj (.text:GpioMcuSetInterrupt)
                  00003618    0000013c     timer.obj (.text:TimerStop)
                  00003754    0000013c     rtsv7M4_T_le_v4SPD16_eabi.lib : _printfi.c.obj (.text:_pconv_e)
                  00003890    00000136                                   : fd_div_t2.asm.obj (.text)
                  000039c6    00000002     --HOLE-- [fill = 0]
                  000039c8    00000124                                   : _printfi.c.obj (.text:fcvt)
                  00003aec    00000004     --HOLE-- [fill = 0]
                  00003af0    00000117     main.obj (.text:main)
                  00003c07    00000001     --HOLE-- [fill = 0]
                  00003c08    00000114     rtsv7M4_T_le_v4SPD16_eabi.lib : fputs.c.obj (.text:fputs)
                  00003d1c    00000110                                   : s_scalbn.c.obj (.text:scalbn)
                  00003e2c    00000108                                   : memory.c.obj (.text:aligned_alloc)
                  00003f34    00000104     msp432p4xx_driverlib.lib : cs.o (.text:_CSComputeCLKFrequency)
                  00004038    000000fc     rtsv7M4_T_le_v4SPD16_eabi.lib : fd_mul_t2.asm.obj (.text)
                  00004134    000000f8     msp432p4xx_driverlib.lib : cs.o (.text:CS_getDCOFrequency)
                  0000422c    000000f8     rtsv7M4_T_le_v4SPD16_eabi.lib : s_ceil.c.obj (.text:ceil)
                  00004324    000000f8                                   : s_floor.c.obj (.text:floor)
                  0000441c    00000004     --HOLE-- [fill = 0]
                  00004420    000000ec     my_RFM9x.obj (.text:SX1276SetTx)
                  0000450c    000000e4     rtsv7M4_T_le_v4SPD16_eabi.lib : memory.c.obj (.text:free)
                  000045f0    000000e0     msp432p4xx_driverlib.lib : cs.o (.text:CS_startLFXTWithTimeout)
                  000046d0    000000dc     rtsv7M4_T_le_v4SPD16_eabi.lib : setvbuf.c.obj (.text:setvbuf)
                  000047ac    00000004     --HOLE-- [fill = 0]
                  000047b0    000000da     board.obj (.text:BoardInitMcu)
                  0000488a    00000006     --HOLE-- [fill = 0]
                  00004890    000000d6     my_RFM9x.obj (.text:SX1276Init)
                  00004966    00000002     --HOLE-- [fill = 0]
                  00004968    000000c8     my_RFM9x.obj (.text:RxChainCalibration)
                  00004a30    000000c4     sx1276-board.obj (.text:SX1276IoInit)
                  00004af4    00000004     --HOLE-- [fill = 0]
                  00004af8    000000c4     my_RFM9x.obj (.text:SX1276SetModem)
                  00004bbc    000000c0     rtsv7M4_T_le_v4SPD16_eabi.lib : s_round.c.obj (.text:round)
                  00004c7c    000000b1                                   : _printfi.c.obj (.text:_ltostr)
                  00004d2d    00000001     --HOLE-- [fill = 0]
                  00004d2e    000000b0     msp432p4xx_driverlib.lib : spi.o (.text:SPI_initMaster)
                  00004dde    00000002     --HOLE-- [fill = 0]
                  00004de0    0000009e     system_msp432p401r.obj (.text:SystemInit)
                  00004e7e    00000002     --HOLE-- [fill = 0]
                  00004e80    0000009d     main.obj (.text:PORT2_IRQHandler)
                  00004f1d    00000001     --HOLE-- [fill = 0]
                  00004f1e    0000009c     rtsv7M4_T_le_v4SPD16_eabi.lib : memcpy_t2.asm.obj (.text)
                  00004fba    00000006     --HOLE-- [fill = 0]
                  00004fc0    0000009a     my_rtc.obj (.text:RtcInit)
                  0000505a    00000006     --HOLE-- [fill = 0]
                  00005060    0000009a     board.obj (.text:SystemClockConfig)
                  000050fa    00000006     --HOLE-- [fill = 0]
                  00005100    00000098     timer.obj (.text:TimerStart)
                  00005198    00000096     rtsv7M4_T_le_v4SPD16_eabi.lib : ull_div_t2.asm.obj (.text)
                  0000522e    00000002     --HOLE-- [fill = 0]
                  00005230    00000094     msp432p4xx_driverlib.lib : rtc_c.o (.text:RTC_C_getEnabledInterruptStatus)
                  000052c4    00000094                              : sysctl_a.o (.text:SysCtl_A_getTLVInfo)
                  00005358    00000090     my_RFM9x.obj (.text:SX1276IsChannelFree)
                  000053e8    0000008f     main.obj (.text:OnRxDone)
                  00005477    00000001     --HOLE-- [fill = 0]
                  00005478    0000008c     rtsv7M4_T_le_v4SPD16_eabi.lib : fputc.c.obj (.text:fputc)
                  00005504    00000004     --HOLE-- [fill = 0]
                  00005508    00000088     main.obj (.text:OnRxTimeout)
                  00005590    00000086     rtsv7M4_T_le_v4SPD16_eabi.lib : fd_cmp_t2.asm.obj (.text:__aeabi_cdcmple)
                  00005616    00000086                                   : fd_cmp_t2.asm.obj (.text:__aeabi_cdrcmple)
                  0000569c    00000004     --HOLE-- [fill = 0]
                  000056a0    0000007e     my_timer.obj (.text:Delayms)
                  0000571e    00000002     --HOLE-- [fill = 0]
                  00005720    0000007e     my_spi.obj (.text:spi_read_write)
                  0000579e    00000002     --HOLE-- [fill = 0]
                  000057a0    0000007c     msp432p4xx_driverlib.lib : cs.o (.text:_CSGetDOCFrequency)
                  0000581c    0000007a     rtsv7M4_T_le_v4SPD16_eabi.lib : memset_t2.asm.obj (.text)
                  00005896    00000002     --HOLE-- [fill = 0]
                  00005898    00000078     my_RFM9x.obj (.text:GetFskBandwidthRegValue)
                  00005910    00000078     my_RFM9x.obj (.text:SX1276ReadBuffer)
                  00005988    00000076     my_RFM9x.obj (.text:SX1276ReadRssi)
                  000059fe    00000002     --HOLE-- [fill = 0]
                  00005a00    00000076     my_RFM9x.obj (.text:SX1276WriteBuffer)
                  00005a76    00000002     --HOLE-- [fill = 0]
                  00005a78    00000074     rtsv7M4_T_le_v4SPD16_eabi.lib : fclose.c.obj (.text:__TI_closefile)
                  00005aec    00000004     --HOLE-- [fill = 0]
                  00005af0    00000072     my_spi.obj (.text:spi_open)
                  00005b62    00000006     --HOLE-- [fill = 0]
                  00005b68    00000070     my_RFM9x.obj (.text:SX1276SetChannel)
                  00005bd8    00000070     rtsv7M4_T_le_v4SPD16_eabi.lib : memory.c.obj (.text:split)
                  00005c48    0000006e                                   : _printfi.c.obj (.text:_mcpy)
                  00005cb6    00000002     --HOLE-- [fill = 0]
                  00005cb8    0000006c                                   : hostrename.c.obj (.text:HOSTrename)
                  00005d24    00000068                                   : hostlseek.c.obj (.text:HOSTlseek)
                  00005d8c    00000004     --HOLE-- [fill = 0]
                  00005d90    00000068     my_RFM9x.obj (.text:SX1276Random)
                  00005df8    00000068     timer.obj (.text:TimerInsertTimer)
                  00005e60    00000068     rtsv7M4_T_le_v4SPD16_eabi.lib : copy_decompress_lzss.c.obj (.text:decompress:lzss:__TI_decompress_lzss)
                  00005ec8    00000068                                   : printf.c.obj (.text:printf)
                  00005f30    00000064     msp432p4xx_driverlib.lib : rtc_c.o (.text:RTC_C_enableInterrupt)
                  00005f94    00000004     --HOLE-- [fill = 0]
                  00005f98    00000064     sx1276-board.obj (.text:SX1276IoIrqInit)
                  00005ffc    00000064     rtsv7M4_T_le_v4SPD16_eabi.lib : s_frexp.c.obj (.text:frexp)
                  00006060    00000064                                   : fseek.c.obj (.text:fseek)
                  000060c4    00000062     msp432p4xx_driverlib.lib : cs.o (.text:_CSGetDividerValue)
                  00006126    00000062     rtsv7M4_T_le_v4SPD16_eabi.lib : _io_perm.c.obj (.text:__TI_wrt_ok)
                  00006188    00000060                                   : hostopen.c.obj (.text:HOSTopen)
                  000061e8    0000005c     msp432p4xx_driverlib.lib : rtc_c.o (.text:RTC_C_getInterruptStatus)
                  00006244    0000005c     rtsv7M4_T_le_v4SPD16_eabi.lib : close.c.obj (.text:close)
                  000062a0    00000058     gpio-board.obj (.text:GpioMcuWrite)
                  000062f8    00000058     rtsv7M4_T_le_v4SPD16_eabi.lib : hostread.c.obj (.text:HOSTread)
                  00006350    00000058                                   : hostwrite.c.obj (.text:HOSTwrite)
                  000063a8    00000056                                   : _printfi.c.obj (.text:_pconv_f)
                  000063fe    00000002     --HOLE-- [fill = 0]
                  00006400    00000054     my_rtc.obj (.text:RTC_C_IRQHandler)
                  00006454    00000054     rtsv7M4_T_le_v4SPD16_eabi.lib : _ltoa.c.obj (.text:__TI_ltoa)
                  000064a8    00000052                                   : _printfi.c.obj (.text:_ecpy)
                  000064fa    00000006     --HOLE-- [fill = 0]
                  00006500    0000004e     my_timer.obj (.text:SetAlarm)
                  0000654e    0000004e     msp432p4xx_driverlib.lib : timer_a.o (.text:Timer_A_initCompare)
                  0000659c    00000004     --HOLE-- [fill = 0]
                  000065a0    0000004e     my_spi.obj (.text:spiRead_RFM)
                  000065ee    00000002     --HOLE-- [fill = 0]
                  000065f0    0000004c     my_RFM9x.obj (.text:SX1276SetMaxPayloadLength)
                  0000663c    0000004c     msp432p4xx_driverlib.lib : timer_a.o (.text:Timer_A_getCounterValue)
                  00006688    0000004c     rtsv7M4_T_le_v4SPD16_eabi.lib : fflush.c.obj (.text:__TI_doflush)
                  000066d4    0000004c                                   : atoi.c.obj (.text:atoi)
                  00006720    0000004c     my_spi.obj (.text:spiWrite_RFM)
                  0000676c    00000048     rtsv7M4_T_le_v4SPD16_eabi.lib : exit.c.obj (.text:exit)
                  000067b4    00000048                                   : fd_toi_t2.asm.obj (.text)
                  000067fc    00000004     --HOLE-- [fill = 0]
                  00006800    00000046     my_RFM9x.obj (.text:SX1276StartCad)
                  00006846    00000002     --HOLE-- [fill = 0]
                  00006848    00000044     rtsv7M4_T_le_v4SPD16_eabi.lib : hostclose.c.obj (.text:HOSTclose)
                  0000688c    00000044                                   : hostunlink.c.obj (.text:HOSTunlink)
                  000068d0    00000044                                   : autoinit.c.obj (.text:__TI_auto_init_nobinit_nopinit:__TI_auto_init_nobinit_nopinit)
                  00006914    00000044                                   : getdevice.c.obj (.text:getdevice)
                  00006958    00000044                                   : fd_tou_t2.asm.obj (.text)
                  0000699c    00000004     --HOLE-- [fill = 0]
                  000069a0    00000042     timer.obj (.text:TimerInsertNewHeadTimer)
                  000069e2    00000002     --HOLE-- [fill = 0]
                  000069e4    00000040     msp432p4xx_driverlib.lib : gpio.o (.text:GPIO_setAsOutputPin)
                  00006a24    00000004     --HOLE-- [fill = 0]
                  00006a28    00000040     my_RFM9x.obj (.text:SX1276SetSleep)
                  00006a68    00000040     msp432p4xx_driverlib.lib : spi.o (.text:is_A_Module)
                  00006aa8    00000040     my_timer.obj (.text:stopLoRaTimer)
                  00006ae8    0000003e     rtsv7M4_T_le_v4SPD16_eabi.lib : _printfi.c.obj (.text:_fcpy)
                  00006b26    00000002     --HOLE-- [fill = 0]
                  00006b28    0000003c     my_RFM9x.obj (.text:SX1276SetPublicNetwork)
                  00006b64    00000004     --HOLE-- [fill = 0]
                  00006b68    0000003c     timer.obj (.text:TimerSetTimeout)
                  00006ba4    00000004     --HOLE-- [fill = 0]
                  00006ba8    0000003c     timer.obj (.text:TimerSetValue)
                  00006be4    00000004     --HOLE-- [fill = 0]
                  00006be8    0000003c     my_timer.obj (.text:resetTimerAcounterValue)
                  00006c24    00000004     --HOLE-- [fill = 0]
                  00006c28    0000003a     my_RFM9x.obj (.text:SX1276SetStby)
                  00006c62    00000006     --HOLE-- [fill = 0]
                  00006c68    0000003a     timer.obj (.text:TimerExists)
                  00006ca2    00000002     --HOLE-- [fill = 0]
                  00006ca4    00000038     rtsv7M4_T_le_v4SPD16_eabi.lib : trgmsg.c.obj (.text:__TI_writemsg)
                  00006cdc    00000004     --HOLE-- [fill = 0]
                  00006ce0    00000038     my_timer.obj (.text:getDelayTimerValue)
                  00006d18    00000036     timer.obj (.text:TimerInit)
                  00006d4e    00000036     rtsv7M4_T_le_v4SPD16_eabi.lib : strncpy.c.obj (.text:strncpy)
                  00006d84    00000004     --HOLE-- [fill = 0]
                  00006d88    00000034     my_gpio.obj (.text:GpioInit)
                  00006dbc    00000034     rtsv7M4_T_le_v4SPD16_eabi.lib : fopen.c.obj (.text:__TI_cleanup)
                  00006df0    00000034                                   : trgmsg.c.obj (.text:__TI_readmsg)
                  00006e24    00000034                                   : boot_cortex_m.c.obj (.text:_c_int00_noargs:_c_int00_noargs)
                  00006e58    00000030     msp432p4xx_driverlib.lib : cs.o (.text:CS_clearInterruptFlag)
                  00006e88    00000030     rtsv7M4_T_le_v4SPD16_eabi.lib : getdevice.c.obj (.text:finddevice)
                  00006eb8    0000002e     my_timer.obj (.text:DelayTimerInit)
                  00006ee6    00000002     --HOLE-- [fill = 0]
                  00006ee8    0000002e     main.obj (.text:OnTxTimeout)
                  00006f16    0000002e     rtsv7M4_T_le_v4SPD16_eabi.lib : i_tofd_t2.asm.obj (.text)
                  00006f44    00000004     --HOLE-- [fill = 0]
                  00006f48    0000002c     main.obj (.text:OnRxError)
                  00006f74    00000004     --HOLE-- [fill = 0]
                  00006f78    0000002c     sx1276-board.obj (.text:SX1276Reset)
                  00006fa4    00000004     --HOLE-- [fill = 0]
                  00006fa8    0000002c     my_timer.obj (.text:TA2_0_IRQHandler)
                  00006fd4    00000004     --HOLE-- [fill = 0]
                  00006fd8    0000002c     timer.obj (.text:TimerGetElapsedTime)
                  00007004    0000002c     msp432p4xx_driverlib.lib : timer_a.o (.text:Timer_A_clearCaptureCompareInterrupt)
                  00007030    0000002c     rtsv7M4_T_le_v4SPD16_eabi.lib : unlink.c.obj (.text:unlink)
                  0000705c    00000004     --HOLE-- [fill = 0]
                  00007060    0000002b     main.obj (.text:OnTxDone)
                  0000708b    00000005     --HOLE-- [fill = 0]
                  00007090    0000002a     gpio-board.obj (.text:GpioMcuToggle)
                  000070ba    00000006     --HOLE-- [fill = 0]
                  000070c0    0000002a     my_timer.obj (.text:StopAlarm)
                  000070ea    00000006     --HOLE-- [fill = 0]
                  000070f0    0000002a     my_timer.obj (.text:startTimerAcounter)
                  0000711a    00000002     --HOLE-- [fill = 0]
                  0000711c    00000028     msp432p4xx_driverlib.lib : cs.o (.text:CS_getACLK)
                  00007144    00000028                              : cs.o (.text:CS_getHSMCLK)
                  0000716c    00000028                              : cs.o (.text:CS_getMCLK)
                  00007194    00000028                              : cs.o (.text:CS_getSMCLK)
                  000071bc    00000028                              : gpio.o (.text:GPIO_enableInterrupt)
                  000071e4    00000028                              : gpio.o (.text:GPIO_setOutputHighOnPin)
                  0000720c    00000028                              : gpio.o (.text:GPIO_setOutputLowOnPin)
                  00007234    00000028                              : gpio.o (.text:GPIO_toggleOutputOnPin)
                  0000725c    00000004     --HOLE-- [fill = 0]
                  00007260    00000028     my_gpio.obj (.text:GpioFlashLED)
                  00007288    00000028     msp432p4xx_driverlib.lib : spi.o (.text:SPI_getInterruptStatus)
                  000072b0    00000028     my_timer.obj (.text:TA1_0_IRQHandler)
                  000072d8    00000028     msp432p4xx_driverlib.lib : timer_a.o (.text:Timer_A_setCompareValue)
                  00007300    00000028     rtsv7M4_T_le_v4SPD16_eabi.lib : memory.c.obj (.text:free_list_insert)
                  00007328    00000028                                   : lseek.c.obj (.text:lseek)
                  00007350    00000028                                   : write.c.obj (.text:write)
                  00007378    00000026     msp432p4xx_driverlib.lib : spi.o (.text:SPI_transmitData)
                  0000739e    00000002     --HOLE-- [fill = 0]
                  000073a0    00000024     my_timer.obj (.text:SetTimerContext)
                  000073c4    00000004     --HOLE-- [fill = 0]
                  000073c8    00000022     my_gpio.obj (.text:GpioSetInterrupt)
                  000073ea    00000006     --HOLE-- [fill = 0]
                  000073f0    00000022     my_timer.obj (.text:TimerACounterInit)
                  00007412    00000006     --HOLE-- [fill = 0]
                  00007418    00000022     my_timer.obj (.text:startDelayTimer)
                  0000743a    00000002     --HOLE-- [fill = 0]
                  0000743c    00000020     msp432p4xx_driverlib.lib : cs.o (.text:CS_getBCLK)
                  0000745c    00000020                              : cs.o (.text:CS_setExternalClockSourceFrequency)
                  0000747c    00000004     --HOLE-- [fill = 0]
                  00007480    00000020     my_timer.obj (.text:GetTimerElapsedTime)
                  000074a0    00000020     my_timer.obj (.text:LoRaTick2Ms)
                  000074c0    00000020     my_timer.obj (.text:LoRaTimerMs2Tick)
                  000074e0    00000020     my_RFM9x.obj (.text:SX1276SetOpMode)
                  00007500    00000020     my_timer.obj (.text:TA0_0_IRQHandler)
                  00007520    00000020     rtsv7M4_T_le_v4SPD16_eabi.lib : memchr.c.obj (.text:memchr)
                  00007540    00000020                                   : fputs.c.obj (.text:puts)
                  00007560    00000020                                   : u_tofd_t2.asm.obj (.text)
                  00007580    0000001c     msp432p4xx_driverlib.lib : spi.o (.text:SPI_enableModule)
                  0000759c    0000001c                              : spi.o (.text:SPI_receiveData)
                  000075b8    0000001c     my_RFM9x.obj (.text:SX1276ReadFifo)
                  000075d4    00000004     --HOLE-- [fill = 0]
                  000075d8    0000001c     my_RFM9x.obj (.text:SX1276WriteFifo)
                  000075f4    0000001c     rtsv7M4_T_le_v4SPD16_eabi.lib : memory.c.obj (.text:free_list_remove)
                  00007610    0000001c                                   : memccpy.c.obj (.text:memccpy)
                  0000762c    0000001a                                   : s_copysign.c.obj (.text:copysign)
                  00007646    00000018     msp432p4xx_driverlib.lib : spi.o (.text:EUSCI_A_SPI_getInterruptStatus)
                  0000765e    00000018                              : spi.o (.text:EUSCI_B_SPI_getInterruptStatus)
                  00007676    00000002     --HOLE-- [fill = 0]
                  00007678    00000018                              : sysctl_a.o (.text:SysCtl_A_disableNMISource)
                  00007690    00000018                              : sysctl_a.o (.text:SysCtl_A_enableNMISource)
                  000076a8    00000018                              : timer_a.o (.text:Timer_A_clearTimer)
                  000076c0    00000018                              : timer_a.o (.text:Timer_A_disableInterrupt)
                  000076d8    00000018     rtsv7M4_T_le_v4SPD16_eabi.lib : strcmp.c.obj (.text:strcmp)
                  000076f0    00000016     msp432p4xx_driverlib.lib : spi.o (.text:EUSCI_A_SPI_enable)
                  00007706    00000016                              : spi.o (.text:EUSCI_A_SPI_transmitData)
                  0000771c    00000016                              : spi.o (.text:EUSCI_B_SPI_enable)
                  00007732    00000016                              : spi.o (.text:EUSCI_B_SPI_transmitData)
                  00007748    00000016     my_gpio.obj (.text:GpioWrite)
                  0000775e    00000016     msp432p4xx_driverlib.lib : timer_a.o (.text:Timer_A_clearInterruptFlag)
                  00007774    00000016                              : timer_a.o (.text:Timer_A_startCounter)
                  0000778a    00000016     rtsv7M4_T_le_v4SPD16_eabi.lib : strchr.c.obj (.text:strchr)
                  000077a0    00000014     board.obj (.text:BoardCriticalSectionBegin)
                  000077b4    00000004     --HOLE-- [fill = 0]
                  000077b8    00000014     board.obj (.text:GetBoardPowerSource)
                  000077cc    00000004     --HOLE-- [fill = 0]
                  000077d0    00000014     my_timer.obj (.text:GetTimerValue)
                  000077e4    00000014     msp432p4xx_driverlib.lib : timer_a.o (.text:Timer_A_stopTimer)
                  000077f8    00000014     rtsv7M4_T_le_v4SPD16_eabi.lib : strcpy.c.obj (.text:strcpy)
                  0000780c    00000014                                   : strlen.c.obj (.text:strlen)
                  00007820    00000012     board.obj (.text:BoardCriticalSectionEnd)
                  00007832    00000006     --HOLE-- [fill = 0]
                  00007838    00000012     my_timer.obj (.text:getTimerAcounterValue)
                  0000784a    00000012     rtsv7M4_T_le_v4SPD16_eabi.lib : wcslen.c.obj (.text:wcslen)
                  0000785c    00000010     msp432p4xx_driverlib.lib : spi.o (.text:EUSCI_A_SPI_receiveData)
                  0000786c    00000010                              : spi.o (.text:EUSCI_B_SPI_receiveData)
                  0000787c    00000010                              : sysctl_a.o (.text:SysCtl_A_getNMISourceStatus)
                  0000788c    00000004     --HOLE-- [fill = 0]
                  00007890    00000010     timer.obj (.text:TimerGetCurrentTime)
                  000078a0    0000000e     msp432p4xx_driverlib.lib : cs.o (.text:CS_startLFXT)
                  000078ae    0000000e     rtsv7M4_T_le_v4SPD16_eabi.lib : copy_decompress_none.c.obj (.text:decompress:none:__TI_decompress_none)
                  000078bc    00000004     --HOLE-- [fill = 0]
                  000078c0    0000000c     my_timer.obj (.text:GetTimerContext)
                  000078cc    00000004     --HOLE-- [fill = 0]
                  000078d0    0000000c     my_gpio.obj (.text:GpioToggle)
                  000078dc    00000004     --HOLE-- [fill = 0]
                  000078e0    0000000c     startup_msp432p401r_ccs.obj (.text:Reset_Handler)
                  000078ec    00000004     --HOLE-- [fill = 0]
                  000078f0    0000000c     sx1276-board.obj (.text:SX1276CheckRfFrequency)
                  000078fc    00000004     --HOLE-- [fill = 0]
                  00007900    0000000c     sx1276-board.obj (.text:SX1276GetPaSelect)
                  0000790c    00000004     --HOLE-- [fill = 0]
                  00007910    0000000c     my_RFM9x.obj (.text:SX1276GetStatus)
                  0000791c    0000000c     rtsv7M4_T_le_v4SPD16_eabi.lib : copy_zero_init.c.obj (.text:decompress:ZI:__TI_zero_init)
                  00007928    0000000a     my_RFM9x.obj (.text:SX1276GetWakeupTime)
                  00007932    00000002     --HOLE-- [fill = 0]
                  00007934    00000008     rtsv7M4_T_le_v4SPD16_eabi.lib : errno.c.obj (.text:__aeabi_errno_addr)
                  0000793c    00000008                                   : memory.c.obj (.text:malloc)
                  00007944    00000004     --HOLE-- [fill = 0]
                  00007948    00000004     my_timer.obj (.text:GetMinimumTimeout)
                  0000794c    00000004     --HOLE-- [fill = 0]
                  00007950    00000004     sx1276-board.obj (.text:SX1276GetBoardTcxoWakeupTime)
                  00007954    00000004     --HOLE-- [fill = 0]
                  00007958    00000002     startup_msp432p401r_ccs.obj (.text:Default_Handler)
                  0000795a    00000006     --HOLE-- [fill = 0]
                  00007960    00000002     my_systick.obj (.text:SysTick_Handler)

.const     0    00007964    000002e8     
                  00007964    00000101     rtsv7M4_T_le_v4SPD16_eabi.lib : ctype.c.obj (.const:.string:_ctypes_)
                  00007a65    00000003     --HOLE-- [fill = 0]
                  00007a68    000000b0     my_RFM9x.obj (.const:FskBandwidths)
                  00007b18    0000006c     sx1276-board.obj (.const:Radio)
                  00007b84    00000030     msp432p4xx_driverlib.lib : gpio.o (.const:GPIO_PORT_TO_BASE)
                  00007bb4    00000030     my_RFM9x.obj (.const:RadioRegsInit)
                  00007be4    0000001c     my_spi.obj (.const:$P$T0$1)
                  00007c00    0000001c     my_rtc.obj (.const:currentTime)
                  00007c1c    00000010     my_timer.obj (.const:$P$T1$2)
                  00007c2c    00000010     my_timer.obj (.const:contConfigCounter)
                  00007c3c    00000010     my_timer.obj (.const:contConfigDelay)

.cinit     0    00007c50    000000a0     
                  00007c50    00000077     (.cinit..data.load) [load image, compression = lzss]
                  00007cc7    00000001     --HOLE-- [fill = 0]
                  00007cc8    0000000c     (__TI_handler_table)
                  00007cd4    00000004     --HOLE-- [fill = 0]
                  00007cd8    00000008     (.cinit..bss.load) [load image, compression = zero_init]
                  00007ce0    00000010     (__TI_cinit_table)

.init_array 
*          0    00000000    00000000     UNINITIALIZED

.binit     0    00000000    00000000     

.sysmem    0    20000000    00000800     UNINITIALIZED
                  20000000    00000010     rtsv7M4_T_le_v4SPD16_eabi.lib : memory.c.obj (.sysmem)
                  20000010    000007f0     --HOLE--

.bss       0    20000800    000004a8     UNINITIALIZED
                  20000800    00000120     rtsv7M4_T_le_v4SPD16_eabi.lib : trgmsg.c.obj (.bss:_CIOBUF_)
                  20000920    00000104     (.common:SX1276)
                  20000a24    00000100     my_RFM9x.obj (.bss:RxTxBuffer)
                  20000b24    000000a0     (.common:__TI_tmpnams)
                  20000bc4    0000001c     main.obj (.bss:RadioEvents)
                  20000be0    00000018     (.common:RxTimeoutSyncWord)
                  20000bf8    00000018     (.common:RxTimeoutTimer)
                  20000c10    00000018     (.common:TxTimeoutTimer)
                  20000c28    00000014     main.obj (.bss)
                  20000c3c    00000014     (.common:Led_rgb_blue)
                  20000c50    00000014     (.common:Led_rgb_green)
                  20000c64    00000014     (.common:Led_rgb_red)
                  20000c78    00000014     (.common:Led_user_red)
                  20000c8c    00000008     msp432p4xx_driverlib.lib : cs.o (.bss)
                  20000c94    00000008     (.common:parmbuf)
                  20000c9c    00000004     my_timer.obj (.bss:TimerContext)
                  20000ca0    00000004     my_RFM9x.obj (.bss)
                  20000ca4    00000004     (.common:value)

.data      0    20000ca8    00000200     UNINITIALIZED
                  20000ca8    000000f0     rtsv7M4_T_le_v4SPD16_eabi.lib : defs.c.obj (.data:_ftable)
                  20000d98    00000078                                   : host_device.c.obj (.data:_device)
                  20000e10    00000050                                   : host_device.c.obj (.data:_stream)
                  20000e60    00000010                                   : defs.c.obj (.data)
                  20000e70    0000000c                                   : exit.c.obj (.data:$O1$$)
                  20000e7c    0000000a     main.obj (.data)
                  20000e86    00000002     my_rtc.obj (.data)
                  20000e88    00000008     rtsv7M4_T_le_v4SPD16_eabi.lib : _lock.c.obj (.data:$O1$$)
                  20000e90    00000008                                   : memory.c.obj (.data:$O1$$)
                  20000e98    00000004     main.obj (.data:Buffer)
                  20000e9c    00000004     rtsv7M4_T_le_v4SPD16_eabi.lib : errno.c.obj (.data)
                  20000ea0    00000004     timer.obj (.data)
                  20000ea4    00000003     my_timer.obj (.data)
                  20000ea7    00000001     board.obj (.data)

.stack     0    2000fe00    00000200     UNINITIALIZED
                  2000fe00    00000004     rtsv7M4_T_le_v4SPD16_eabi.lib : boot_cortex_m.c.obj (.stack)
                  2000fe04    000001fc     --HOLE--

__llvm_prf_cnts 
*          0    20000000    00000000     UNINITIALIZED

MODULE SUMMARY

       Module                        code    ro data   rw data
       ------                        ----    -------   -------
    ./
       my_RFM9x.obj                  8884    224       1184   
       main.obj                      1296    0         132    
       timer.obj                     1296    0         8      
       board.obj                     1074    0         162    
       gpio-board.obj                980     0         0      
       my_timer.obj                  884     48        14     
       sx1276-board.obj              716     108       0      
       my_spi.obj                    394     28        0      
       my_rtc.obj                    238     28        4      
       my_gpio.obj                   160     0         0      
       system_msp432p401r.obj        158     0         0      
       my_systick.obj                2       0         0      
    +--+-----------------------------+-------+---------+---------+
       Total:                        16082   436       1504   
                                                              
    ./ccs/
       startup_msp432p401r_ccs.obj   14      228       0      
    +--+-----------------------------+-------+---------+---------+
       Total:                        14      228       0      
                                                              
    /home/nicholas/ti/ccs1010/ccs/tools/compiler/ti-cgt-arm_20.2.1.LTS/lib/rtsv7M4_T_le_v4SPD16_eabi.lib
       _printfi.c.obj                4851    0         0      
       defs.c.obj                    0       0         832    
       memory.c.obj                  680     0         16     
       trgmsg.c.obj                  108     0         576    
       fd_add_t2.asm.obj             438     0         0      
       host_device.c.obj             0       0         400    
       fd_div_t2.asm.obj             310     0         0      
       fputs.c.obj                   308     0         0      
       s_scalbn.c.obj                272     0         0      
       fd_cmp_t2.asm.obj             268     0         0      
       ctype.c.obj                   0       257       0      
       fd_mul_t2.asm.obj             252     0         0      
       s_ceil.c.obj                  248     0         0      
       s_floor.c.obj                 248     0         0      
       setvbuf.c.obj                 220     0         0      
       s_round.c.obj                 192     0         0      
       memcpy_t2.asm.obj             156     0         0      
       ull_div_t2.asm.obj            150     0         0      
       fputc.c.obj                   140     0         0      
       memset_t2.asm.obj             122     0         0      
       fclose.c.obj                  116     0         0      
       getdevice.c.obj               116     0         0      
       hostopen.c.obj                96      0         16     
       printf.c.obj                  112     0         0      
       hostrename.c.obj              108     0         0      
       copy_decompress_lzss.c.obj    104     0         0      
       hostlseek.c.obj               104     0         0      
       exit.c.obj                    76      0         24     
       fseek.c.obj                   100     0         0      
       s_frexp.c.obj                 100     0         0      
       _io_perm.c.obj                98      0         0      
       close.c.obj                   92      0         0      
       hostread.c.obj                88      0         0      
       hostwrite.c.obj               88      0         0      
       _ltoa.c.obj                   84      0         0      
       atoi.c.obj                    76      0         0      
       fflush.c.obj                  76      0         0      
       fd_toi_t2.asm.obj             72      0         0      
       autoinit.c.obj                68      0         0      
       fd_tou_t2.asm.obj             68      0         0      
       hostclose.c.obj               68      0         0      
       hostunlink.c.obj              68      0         0      
       strncpy.c.obj                 54      0         0      
       boot_cortex_m.c.obj           52      0         0      
       fopen.c.obj                   52      0         0      
       i_tofd_t2.asm.obj             46      0         0      
       unlink.c.obj                  44      0         0      
       lseek.c.obj                   40      0         0      
       write.c.obj                   40      0         0      
       memchr.c.obj                  32      0         0      
       u_tofd_t2.asm.obj             32      0         0      
       memccpy.c.obj                 28      0         0      
       s_copysign.c.obj              26      0         0      
       strcmp.c.obj                  24      0         0      
       strchr.c.obj                  22      0         0      
       strcpy.c.obj                  20      0         0      
       strlen.c.obj                  20      0         0      
       _lock.c.obj                   2       0         16     
       wcslen.c.obj                  18      0         0      
       errno.c.obj                   8       0         8      
       copy_decompress_none.c.obj    14      0         0      
       copy_zero_init.c.obj          12      0         0      
       pre_init.c.obj                4       0         0      
       div0.asm.obj                  2       0         0      
    +--+-----------------------------+-------+---------+---------+
       Total:                        11533   257       1888   
                                                              
    /home/nicholas/ti/ti/simplelink_msp432p4_sdk_3_40_01_02/source/ti/devices/msp432p4xx/driverlib/ccs/msp432p4xx_driverlib.lib
       cs.o                          1240    0         16     
       spi.o                         542     0         0      
       timer_a.o                     350     0         0      
       rtc_c.o                       340     0         0      
       gpio.o                        224     48        0      
       sysctl_a.o                    212     0         0      
    +--+-----------------------------+-------+---------+---------+
       Total:                        2908    48        16     
                                                              
       Heap:                         0       0         4096   
       Stack:                        0       0         1024   
       Linker Generated:             0       155       0      
    +--+-----------------------------+-------+---------+---------+
       Grand Total:                  30537   1124      8528   


LINKER GENERATED COPY TABLES

__TI_cinit_table @ 00007ce0 records: 2, size/record: 8, table size: 16
	.data: load addr=00007c50, load size=00000077 bytes, run addr=20000ca8, run size=00000200 bytes, compression=lzss
	.bss: load addr=00007cd8, load size=00000008 bytes, run addr=20000800, run size=000004a8 bytes, compression=zero_init


LINKER GENERATED HANDLER TABLE

__TI_handler_table @ 00007cc8 records: 3, size/record: 4, table size: 12
	index: 0, handler: __TI_decompress_lzss
	index: 1, handler: __TI_decompress_none
	index: 2, handler: __TI_zero_init


GLOBAL SYMBOLS: SORTED ALPHABETICALLY BY Name 

address   name                                
-------   ----                                
00007959  ADC14_IRQHandler                    
00007959  AES256_IRQHandler                   
000077a1  BoardCriticalSectionBegin           
00007821  BoardCriticalSectionEnd             
000047b1  BoardInitMcu                        
20000e98  Buffer                              
20000e7c  BufferSize                          
00007959  BusFault_Handler                    
000034bd  C$$EXIT                             
00006cd3  C$$IO$$                             
00007959  COMP_E0_IRQHandler                  
00007959  COMP_E1_IRQHandler                  
00007959  CS_IRQHandler                       
00006e59  CS_clearInterruptFlag               
0000711d  CS_getACLK                          
0000743d  CS_getBCLK                          
00004135  CS_getDCOFrequency                  
00007145  CS_getHSMCLK                        
0000716d  CS_getMCLK                          
00007195  CS_getSMCLK                         
0000745d  CS_setExternalClockSourceFrequency  
000078a1  CS_startLFXT                        
000045f1  CS_startLFXTWithTimeout             
20000e7d  DIO0Flag                            
20000e7e  DIO1Flag                            
20000e7f  DIO2Flag                            
20000e80  DIO3Flag                            
20000e81  DIO4Flag                            
00007959  DMA_ERR_IRQHandler                  
00007959  DMA_INT0_IRQHandler                 
00007959  DMA_INT1_IRQHandler                 
00007959  DMA_INT2_IRQHandler                 
00007959  DMA_INT3_IRQHandler                 
00007959  DebugMon_Handler                    
00007959  Default_Handler                     
00006eb9  DelayTimerInit                      
000056a1  Delayms                             
00007959  EUSCIA0_IRQHandler                  
00007959  EUSCIA1_IRQHandler                  
00007959  EUSCIA2_IRQHandler                  
00007959  EUSCIA3_IRQHandler                  
00007959  EUSCIB0_IRQHandler                  
00007959  EUSCIB1_IRQHandler                  
00007959  EUSCIB2_IRQHandler                  
00007959  EUSCIB3_IRQHandler                  
000076f1  EUSCI_A_SPI_enable                  
00007647  EUSCI_A_SPI_getInterruptStatus      
0000785d  EUSCI_A_SPI_receiveData             
00007707  EUSCI_A_SPI_transmitData            
0000771d  EUSCI_B_SPI_enable                  
0000765f  EUSCI_B_SPI_getInterruptStatus      
0000786d  EUSCI_B_SPI_receiveData             
00007733  EUSCI_B_SPI_transmitData            
00007959  FLCTL_IRQHandler                    
00007959  FPU_IRQHandler                      
00007a68  FskBandwidths                       
000071bd  GPIO_enableInterrupt                
000069e5  GPIO_setAsOutputPin                 
000071e5  GPIO_setOutputHighOnPin             
0000720d  GPIO_setOutputLowOnPin              
00007235  GPIO_toggleOutputOnPin              
000077b9  GetBoardPowerSource                 
00005899  GetFskBandwidthRegValue             
00007949  GetMinimumTimeout                   
000078c1  GetTimerContext                     
00007481  GetTimerElapsedTime                 
000077d1  GetTimerValue                       
00007261  GpioFlashLED                        
00006d89  GpioInit                            
000025e9  GpioMcuInit                         
000034c1  GpioMcuSetInterrupt                 
00007091  GpioMcuToggle                       
000062a1  GpioMcuWrite                        
000073c9  GpioSetInterrupt                    
000078d1  GpioToggle                          
00007749  GpioWrite                           
00006849  HOSTclose                           
00005d25  HOSTlseek                           
00006189  HOSTopen                            
000062f9  HOSTread                            
00005cb9  HOSTrename                          
0000688d  HOSTunlink                          
00006351  HOSTwrite                           
00007959  HardFault_Handler                   
20000c3c  Led_rgb_blue                        
20000c50  Led_rgb_green                       
20000c64  Led_rgb_red                         
20000c78  Led_user_red                        
000074a1  LoRaTick2Ms                         
000074c1  LoRaTimerMs2Tick                    
00007959  MemManage_Handler                   
00007959  NMI_Handler                         
000053e9  OnRxDone                            
00006f49  OnRxError                           
00005509  OnRxTimeout                         
00007061  OnTxDone                            
00006ee9  OnTxTimeout                         
00007959  PCM_IRQHandler                      
00007959  PORT1_IRQHandler                    
00004e81  PORT2_IRQHandler                    
00004e81  PORT2_IRQHandler                    
00007959  PORT3_IRQHandler                    
00007959  PORT4_IRQHandler                    
00007959  PORT5_IRQHandler                    
00007959  PORT6_IRQHandler                    
00007959  PSS_IRQHandler                      
00007959  PendSV_Handler                      
00006401  RTC_C_IRQHandler                    
00006401  RTC_C_IRQHandler                    
00005f31  RTC_C_enableInterrupt               
00005231  RTC_C_getEnabledInterruptStatus     
000061e9  RTC_C_getInterruptStatus            
00007b18  Radio                               
000029b9  RadioInit                           
00007bb4  RadioRegsInit                       
000078e1  Reset_Handler                       
20000e84  RssiValue                           
00004fc1  RtcInit                             
00004969  RxChainCalibration                  
20000be0  RxTimeoutSyncWord                   
20000bf8  RxTimeoutTimer                      
00007581  SPI_enableModule                    
00007289  SPI_getInterruptStatus              
00004d2f  SPI_initMaster                      
0000759d  SPI_receiveData                     
00007379  SPI_transmitData                    
00007959  SVC_Handler                         
20000920  SX1276                              
000078f1  SX1276CheckRfFrequency              
00007951  SX1276GetBoardTcxoWakeupTime        
00007911  SX1276GetStatus                     
00001441  SX1276GetTimeOnAir                  
00007929  SX1276GetWakeupTime                 
00004891  SX1276Init                          
00004a31  SX1276IoInit                        
00005f99  SX1276IoIrqInit                     
00005359  SX1276IsChannelFree                 
00000b39  SX1276OnDio0Irq                     
00002389  SX1276OnDio1Irq                     
00002d31  SX1276OnDio2Irq                     
00003061  SX1276OnTimeoutIrq                  
00005d91  SX1276Random                        
00005911  SX1276ReadBuffer                    
000075b9  SX1276ReadFifo                      
00005989  SX1276ReadRssi                      
00006f79  SX1276Reset                         
00002ec9  SX1276Send                          
00005b69  SX1276SetChannel                    
000065f1  SX1276SetMaxPayloadLength           
00004af9  SX1276SetModem                      
000074e1  SX1276SetOpMode                     
00006b29  SX1276SetPublicNetwork              
00003361  SX1276SetRfTxPower                  
00001b79  SX1276SetRx                         
00001021  SX1276SetRxConfig                   
00006a29  SX1276SetSleep                      
00006c29  SX1276SetStby                       
00004421  SX1276SetTx                         
00001841  SX1276SetTxConfig                   
00006801  SX1276StartCad                      
00005a01  SX1276WriteBuffer                   
000075d9  SX1276WriteFifo                     
00006501  SetAlarm                            
000073a1  SetTimerContext                     
20000e85  SnrValue                            
20000e83  State                               
000070c1  StopAlarm                           
00007679  SysCtl_A_disableNMISource           
00007691  SysCtl_A_enableNMISource            
0000787d  SysCtl_A_getNMISourceStatus         
000052c5  SysCtl_A_getTLVInfo                 
00007961  SysTick_Handler                     
00007961  SysTick_Handler                     
00005061  SystemClockConfig                   
00004de1  SystemInit                          
00007959  T32_INT1_IRQHandler                 
00007959  T32_INT2_IRQHandler                 
00007959  T32_INTC_IRQHandler                 
00007501  TA0_0_IRQHandler                    
00007501  TA0_0_IRQHandler                    
00007959  TA0_N_IRQHandler                    
000072b1  TA1_0_IRQHandler                    
000072b1  TA1_0_IRQHandler                    
00007959  TA1_N_IRQHandler                    
00006fa9  TA2_0_IRQHandler                    
00006fa9  TA2_0_IRQHandler                    
00007959  TA2_N_IRQHandler                    
00007959  TA3_0_IRQHandler                    
00007959  TA3_N_IRQHandler                    
000073f1  TimerACounterInit                   
00007891  TimerGetCurrentTime                 
00006fd9  TimerGetElapsedTime                 
00006d19  TimerInit                           
000031f1  TimerIrqHandler                     
00006ba9  TimerSetValue                       
00005101  TimerStart                          
00003619  TimerStop                           
00007005  Timer_A_clearCaptureCompareInterrupt
0000775f  Timer_A_clearInterruptFlag          
000076a9  Timer_A_clearTimer                  
000076c1  Timer_A_disableInterrupt            
0000663d  Timer_A_getCounterValue             
0000654f  Timer_A_initCompare                 
000072d9  Timer_A_setCompareValue             
00007775  Timer_A_startCounter                
000077e5  Timer_A_stopTimer                   
20000e87  TxFlag                              
20000c10  TxTimeoutTimer                      
00007959  UsageFault_Handler                  
4000480c  WDTCTL_SYM                          
00007959  WDT_A_IRQHandler                    
20000800  __CIOBUF_                           
20010000  __STACK_END                         
00000200  __STACK_SIZE                        
00000800  __SYSMEM_SIZE                       
00007ce0  __TI_CINIT_Base                     
00007cf0  __TI_CINIT_Limit                    
00007cc8  __TI_Handler_Table_Base             
00007cd4  __TI_Handler_Table_Limit            
000068d1  __TI_auto_init_nobinit_nopinit      
00006dbd  __TI_cleanup                        
20000e70  __TI_cleanup_ptr                    
00005a79  __TI_closefile                      
00005e61  __TI_decompress_lzss                
000078af  __TI_decompress_none                
00006689  __TI_doflush                        
20000e74  __TI_dtors_ptr                      
20000e78  __TI_enable_exit_profile_output     
20000e60  __TI_ft_end                         
00006455  __TI_ltoa                           
ffffffff  __TI_pprof_out_hndl                 
000000e9  __TI_printfi                        
ffffffff  __TI_prof_data_size                 
ffffffff  __TI_prof_data_start                
00006df1  __TI_readmsg                        
00000000  __TI_static_base__                  
20000b24  __TI_tmpnams                        
00006ca5  __TI_writemsg                       
00006127  __TI_wrt_ok                         
0000791d  __TI_zero_init                      
00005591  __aeabi_cdcmpeq                     
00005591  __aeabi_cdcmple                     
00005617  __aeabi_cdrcmple                    
000067b5  __aeabi_d2iz                        
00006959  __aeabi_d2uiz                       
00002b83  __aeabi_dadd                        
00003891  __aeabi_ddiv                        
00004039  __aeabi_dmul                        
00002b79  __aeabi_dsub                        
00007935  __aeabi_errno_addr                  
00006f17  __aeabi_i2d                         
0000143f  __aeabi_idiv0                       
0000143f  __aeabi_ldiv0                       
0000581d  __aeabi_memclr                      
0000581d  __aeabi_memclr4                     
0000581d  __aeabi_memclr8                     
00004f1f  __aeabi_memcpy                      
00004f1f  __aeabi_memcpy4                     
00004f1f  __aeabi_memcpy8                     
0000581f  __aeabi_memset                      
0000581f  __aeabi_memset4                     
0000581f  __aeabi_memset8                     
20000e6c  __aeabi_stderr                      
20000e64  __aeabi_stdin                       
20000e68  __aeabi_stdout                      
00007561  __aeabi_ui2d                        
00005199  __aeabi_uldivmod                    
ffffffff  __binit__                           
ffffffff  __c_args__                          
UNDEFED   __mpu_init                          
2000fe00  __stack                             
20000000  __start___llvm_prf_cnts             
20000000  __stop___llvm_prf_cnts              
00006e25  _c_int00_noargs                     
00007964  _ctypes_                            
20000d98  _device                             
20000ca8  _ftable                             
20000e88  _lock                               
00000b37  _nop                                
20000e10  _stream                             
20000000  _sys_memory                         
UNDEFED   _system_post_cinit                  
000029b5  _system_pre_init                    
20000e8c  _unlock                             
000034bd  abort                               
00003e2d  aligned_alloc                       
000066d5  atoi                                
ffffffff  binit                               
0000422d  ceil                                
0000422d  ceill                               
00006245  close                               
00007c2c  contConfigCounter                   
00007c3c  contConfigDelay                     
0000762d  copysign                            
0000762d  copysignl                           
00007c00  currentTime                         
20000e9c  errno                               
0000676d  exit                                
00006e89  finddevice                          
00004325  floor                               
00004325  floorl                              
00005479  fputc                               
00003c09  fputs                               
0000450d  free                                
00005ffd  frexp                               
00005ffd  frexpl                              
00006061  fseek                               
00006ce1  getDelayTimerValue                  
00007839  getTimerAcounterValue               
00006915  getdevice                           
00000000  interruptVectors                    
20000ea5  isDelayTimerRunning                 
20000ea6  isTimerAcounterRunning              
00003d1d  ldexp                               
00003d1d  ldexpl                              
00007329  lseek                               
00003af1  main                                
0000793d  malloc                              
00003e2d  memalign                            
00007611  memccpy                             
00007521  memchr                              
00004f1f  memcpy                              
00005825  memset                              
20000e86  minutes                             
20000c94  parmbuf                             
00005ec9  printf                              
00005479  putc                                
00007541  puts                                
00007031  remove                              
00006be9  resetTimerAcounterValue             
00004bbd  round                               
00004bbd  roundl                              
00003d1d  scalbn                              
00003d1d  scalbnl                             
20000e82  sendFlag                            
000046d1  setvbuf                             
000065a1  spiRead_RFM                         
00006721  spiWrite_RFM                        
00005af1  spi_open                            
00005721  spi_read_write                      
00007419  startDelayTimer                     
000070f1  startTimerAcounter                  
00006aa9  stopLoRaTimer                       
0000778b  strchr                              
000076d9  strcmp                              
000077f9  strcpy                              
0000780d  strlen                              
00006d4f  strncpy                             
20000ea4  timerTick_ms                        
00007031  unlink                              
20000ca4  value                               
0000784b  wcslen                              
00007351  write                               


GLOBAL SYMBOLS: SORTED BY Symbol Address 

address   name                                
-------   ----                                
00000000  __TI_static_base__                  
00000000  interruptVectors                    
000000e9  __TI_printfi                        
00000200  __STACK_SIZE                        
00000800  __SYSMEM_SIZE                       
00000b37  _nop                                
00000b39  SX1276OnDio0Irq                     
00001021  SX1276SetRxConfig                   
0000143f  __aeabi_idiv0                       
0000143f  __aeabi_ldiv0                       
00001441  SX1276GetTimeOnAir                  
00001841  SX1276SetTxConfig                   
00001b79  SX1276SetRx                         
00002389  SX1276OnDio1Irq                     
000025e9  GpioMcuInit                         
000029b5  _system_pre_init                    
000029b9  RadioInit                           
00002b79  __aeabi_dsub                        
00002b83  __aeabi_dadd                        
00002d31  SX1276OnDio2Irq                     
00002ec9  SX1276Send                          
00003061  SX1276OnTimeoutIrq                  
000031f1  TimerIrqHandler                     
00003361  SX1276SetRfTxPower                  
000034bd  C$$EXIT                             
000034bd  abort                               
000034c1  GpioMcuSetInterrupt                 
00003619  TimerStop                           
00003891  __aeabi_ddiv                        
00003af1  main                                
00003c09  fputs                               
00003d1d  ldexp                               
00003d1d  ldexpl                              
00003d1d  scalbn                              
00003d1d  scalbnl                             
00003e2d  aligned_alloc                       
00003e2d  memalign                            
00004039  __aeabi_dmul                        
00004135  CS_getDCOFrequency                  
0000422d  ceil                                
0000422d  ceill                               
00004325  floor                               
00004325  floorl                              
00004421  SX1276SetTx                         
0000450d  free                                
000045f1  CS_startLFXTWithTimeout             
000046d1  setvbuf                             
000047b1  BoardInitMcu                        
00004891  SX1276Init                          
00004969  RxChainCalibration                  
00004a31  SX1276IoInit                        
00004af9  SX1276SetModem                      
00004bbd  round                               
00004bbd  roundl                              
00004d2f  SPI_initMaster                      
00004de1  SystemInit                          
00004e81  PORT2_IRQHandler                    
00004e81  PORT2_IRQHandler                    
00004f1f  __aeabi_memcpy                      
00004f1f  __aeabi_memcpy4                     
00004f1f  __aeabi_memcpy8                     
00004f1f  memcpy                              
00004fc1  RtcInit                             
00005061  SystemClockConfig                   
00005101  TimerStart                          
00005199  __aeabi_uldivmod                    
00005231  RTC_C_getEnabledInterruptStatus     
000052c5  SysCtl_A_getTLVInfo                 
00005359  SX1276IsChannelFree                 
000053e9  OnRxDone                            
00005479  fputc                               
00005479  putc                                
00005509  OnRxTimeout                         
00005591  __aeabi_cdcmpeq                     
00005591  __aeabi_cdcmple                     
00005617  __aeabi_cdrcmple                    
000056a1  Delayms                             
00005721  spi_read_write                      
0000581d  __aeabi_memclr                      
0000581d  __aeabi_memclr4                     
0000581d  __aeabi_memclr8                     
0000581f  __aeabi_memset                      
0000581f  __aeabi_memset4                     
0000581f  __aeabi_memset8                     
00005825  memset                              
00005899  GetFskBandwidthRegValue             
00005911  SX1276ReadBuffer                    
00005989  SX1276ReadRssi                      
00005a01  SX1276WriteBuffer                   
00005a79  __TI_closefile                      
00005af1  spi_open                            
00005b69  SX1276SetChannel                    
00005cb9  HOSTrename                          
00005d25  HOSTlseek                           
00005d91  SX1276Random                        
00005e61  __TI_decompress_lzss                
00005ec9  printf                              
00005f31  RTC_C_enableInterrupt               
00005f99  SX1276IoIrqInit                     
00005ffd  frexp                               
00005ffd  frexpl                              
00006061  fseek                               
00006127  __TI_wrt_ok                         
00006189  HOSTopen                            
000061e9  RTC_C_getInterruptStatus            
00006245  close                               
000062a1  GpioMcuWrite                        
000062f9  HOSTread                            
00006351  HOSTwrite                           
00006401  RTC_C_IRQHandler                    
00006401  RTC_C_IRQHandler                    
00006455  __TI_ltoa                           
00006501  SetAlarm                            
0000654f  Timer_A_initCompare                 
000065a1  spiRead_RFM                         
000065f1  SX1276SetMaxPayloadLength           
0000663d  Timer_A_getCounterValue             
00006689  __TI_doflush                        
000066d5  atoi                                
00006721  spiWrite_RFM                        
0000676d  exit                                
000067b5  __aeabi_d2iz                        
00006801  SX1276StartCad                      
00006849  HOSTclose                           
0000688d  HOSTunlink                          
000068d1  __TI_auto_init_nobinit_nopinit      
00006915  getdevice                           
00006959  __aeabi_d2uiz                       
000069e5  GPIO_setAsOutputPin                 
00006a29  SX1276SetSleep                      
00006aa9  stopLoRaTimer                       
00006b29  SX1276SetPublicNetwork              
00006ba9  TimerSetValue                       
00006be9  resetTimerAcounterValue             
00006c29  SX1276SetStby                       
00006ca5  __TI_writemsg                       
00006cd3  C$$IO$$                             
00006ce1  getDelayTimerValue                  
00006d19  TimerInit                           
00006d4f  strncpy                             
00006d89  GpioInit                            
00006dbd  __TI_cleanup                        
00006df1  __TI_readmsg                        
00006e25  _c_int00_noargs                     
00006e59  CS_clearInterruptFlag               
00006e89  finddevice                          
00006eb9  DelayTimerInit                      
00006ee9  OnTxTimeout                         
00006f17  __aeabi_i2d                         
00006f49  OnRxError                           
00006f79  SX1276Reset                         
00006fa9  TA2_0_IRQHandler                    
00006fa9  TA2_0_IRQHandler                    
00006fd9  TimerGetElapsedTime                 
00007005  Timer_A_clearCaptureCompareInterrupt
00007031  remove                              
00007031  unlink                              
00007061  OnTxDone                            
00007091  GpioMcuToggle                       
000070c1  StopAlarm                           
000070f1  startTimerAcounter                  
0000711d  CS_getACLK                          
00007145  CS_getHSMCLK                        
0000716d  CS_getMCLK                          
00007195  CS_getSMCLK                         
000071bd  GPIO_enableInterrupt                
000071e5  GPIO_setOutputHighOnPin             
0000720d  GPIO_setOutputLowOnPin              
00007235  GPIO_toggleOutputOnPin              
00007261  GpioFlashLED                        
00007289  SPI_getInterruptStatus              
000072b1  TA1_0_IRQHandler                    
000072b1  TA1_0_IRQHandler                    
000072d9  Timer_A_setCompareValue             
00007329  lseek                               
00007351  write                               
00007379  SPI_transmitData                    
000073a1  SetTimerContext                     
000073c9  GpioSetInterrupt                    
000073f1  TimerACounterInit                   
00007419  startDelayTimer                     
0000743d  CS_getBCLK                          
0000745d  CS_setExternalClockSourceFrequency  
00007481  GetTimerElapsedTime                 
000074a1  LoRaTick2Ms                         
000074c1  LoRaTimerMs2Tick                    
000074e1  SX1276SetOpMode                     
00007501  TA0_0_IRQHandler                    
00007501  TA0_0_IRQHandler                    
00007521  memchr                              
00007541  puts                                
00007561  __aeabi_ui2d                        
00007581  SPI_enableModule                    
0000759d  SPI_receiveData                     
000075b9  SX1276ReadFifo                      
000075d9  SX1276WriteFifo                     
00007611  memccpy                             
0000762d  copysign                            
0000762d  copysignl                           
00007647  EUSCI_A_SPI_getInterruptStatus      
0000765f  EUSCI_B_SPI_getInterruptStatus      
00007679  SysCtl_A_disableNMISource           
00007691  SysCtl_A_enableNMISource            
000076a9  Timer_A_clearTimer                  
000076c1  Timer_A_disableInterrupt            
000076d9  strcmp                              
000076f1  EUSCI_A_SPI_enable                  
00007707  EUSCI_A_SPI_transmitData            
0000771d  EUSCI_B_SPI_enable                  
00007733  EUSCI_B_SPI_transmitData            
00007749  GpioWrite                           
0000775f  Timer_A_clearInterruptFlag          
00007775  Timer_A_startCounter                
0000778b  strchr                              
000077a1  BoardCriticalSectionBegin           
000077b9  GetBoardPowerSource                 
000077d1  GetTimerValue                       
000077e5  Timer_A_stopTimer                   
000077f9  strcpy                              
0000780d  strlen                              
00007821  BoardCriticalSectionEnd             
00007839  getTimerAcounterValue               
0000784b  wcslen                              
0000785d  EUSCI_A_SPI_receiveData             
0000786d  EUSCI_B_SPI_receiveData             
0000787d  SysCtl_A_getNMISourceStatus         
00007891  TimerGetCurrentTime                 
000078a1  CS_startLFXT                        
000078af  __TI_decompress_none                
000078c1  GetTimerContext                     
000078d1  GpioToggle                          
000078e1  Reset_Handler                       
000078f1  SX1276CheckRfFrequency              
00007911  SX1276GetStatus                     
0000791d  __TI_zero_init                      
00007929  SX1276GetWakeupTime                 
00007935  __aeabi_errno_addr                  
0000793d  malloc                              
00007949  GetMinimumTimeout                   
00007951  SX1276GetBoardTcxoWakeupTime        
00007959  ADC14_IRQHandler                    
00007959  AES256_IRQHandler                   
00007959  BusFault_Handler                    
00007959  COMP_E0_IRQHandler                  
00007959  COMP_E1_IRQHandler                  
00007959  CS_IRQHandler                       
00007959  DMA_ERR_IRQHandler                  
00007959  DMA_INT0_IRQHandler                 
00007959  DMA_INT1_IRQHandler                 
00007959  DMA_INT2_IRQHandler                 
00007959  DMA_INT3_IRQHandler                 
00007959  DebugMon_Handler                    
00007959  Default_Handler                     
00007959  EUSCIA0_IRQHandler                  
00007959  EUSCIA1_IRQHandler                  
00007959  EUSCIA2_IRQHandler                  
00007959  EUSCIA3_IRQHandler                  
00007959  EUSCIB0_IRQHandler                  
00007959  EUSCIB1_IRQHandler                  
00007959  EUSCIB2_IRQHandler                  
00007959  EUSCIB3_IRQHandler                  
00007959  FLCTL_IRQHandler                    
00007959  FPU_IRQHandler                      
00007959  HardFault_Handler                   
00007959  MemManage_Handler                   
00007959  NMI_Handler                         
00007959  PCM_IRQHandler                      
00007959  PORT1_IRQHandler                    
00007959  PORT3_IRQHandler                    
00007959  PORT4_IRQHandler                    
00007959  PORT5_IRQHandler                    
00007959  PORT6_IRQHandler                    
00007959  PSS_IRQHandler                      
00007959  PendSV_Handler                      
00007959  SVC_Handler                         
00007959  T32_INT1_IRQHandler                 
00007959  T32_INT2_IRQHandler                 
00007959  T32_INTC_IRQHandler                 
00007959  TA0_N_IRQHandler                    
00007959  TA1_N_IRQHandler                    
00007959  TA2_N_IRQHandler                    
00007959  TA3_0_IRQHandler                    
00007959  TA3_N_IRQHandler                    
00007959  UsageFault_Handler                  
00007959  WDT_A_IRQHandler                    
00007961  SysTick_Handler                     
00007961  SysTick_Handler                     
00007964  _ctypes_                            
00007a68  FskBandwidths                       
00007b18  Radio                               
00007bb4  RadioRegsInit                       
00007c00  currentTime                         
00007c2c  contConfigCounter                   
00007c3c  contConfigDelay                     
00007cc8  __TI_Handler_Table_Base             
00007cd4  __TI_Handler_Table_Limit            
00007ce0  __TI_CINIT_Base                     
00007cf0  __TI_CINIT_Limit                    
20000000  __start___llvm_prf_cnts             
20000000  __stop___llvm_prf_cnts              
20000000  _sys_memory                         
20000800  __CIOBUF_                           
20000920  SX1276                              
20000b24  __TI_tmpnams                        
20000be0  RxTimeoutSyncWord                   
20000bf8  RxTimeoutTimer                      
20000c10  TxTimeoutTimer                      
20000c3c  Led_rgb_blue                        
20000c50  Led_rgb_green                       
20000c64  Led_rgb_red                         
20000c78  Led_user_red                        
20000c94  parmbuf                             
20000ca4  value                               
20000ca8  _ftable                             
20000d98  _device                             
20000e10  _stream                             
20000e60  __TI_ft_end                         
20000e64  __aeabi_stdin                       
20000e68  __aeabi_stdout                      
20000e6c  __aeabi_stderr                      
20000e70  __TI_cleanup_ptr                    
20000e74  __TI_dtors_ptr                      
20000e78  __TI_enable_exit_profile_output     
20000e7c  BufferSize                          
20000e7d  DIO0Flag                            
20000e7e  DIO1Flag                            
20000e7f  DIO2Flag                            
20000e80  DIO3Flag                            
20000e81  DIO4Flag                            
20000e82  sendFlag                            
20000e83  State                               
20000e84  RssiValue                           
20000e85  SnrValue                            
20000e86  minutes                             
20000e87  TxFlag                              
20000e88  _lock                               
20000e8c  _unlock                             
20000e98  Buffer                              
20000e9c  errno                               
20000ea4  timerTick_ms                        
20000ea5  isDelayTimerRunning                 
20000ea6  isTimerAcounterRunning              
2000fe00  __stack                             
20010000  __STACK_END                         
4000480c  WDTCTL_SYM                          
ffffffff  __TI_pprof_out_hndl                 
ffffffff  __TI_prof_data_size                 
ffffffff  __TI_prof_data_start                
ffffffff  __binit__                           
ffffffff  __c_args__                          
ffffffff  binit                               
UNDEFED   __mpu_init                          
UNDEFED   _system_post_cinit                  

[353 symbols]
