******************************************************************************
                  TI ARM Linker PC v20.2.0                     
******************************************************************************
>> Linked Fri Jul 10 11:40:06 2020

OUTPUT FILE NAME:   <Meesters.out>
ENTRY POINT SYMBOL: "_c_int00_noargs"  address: 00004a99


MEMORY CONFIGURATION

         name            origin    length      used     unused   attr    fill
----------------------  --------  ---------  --------  --------  ----  --------
  MAIN                  00000000   00040000  0000544a  0003abb6  R  X
  INFO                  00200000   00004000  00000000  00004000  R  X
  SRAM_CODE             01000000   00010000  00000503  0000fafd  RW X
  SRAM_DATA             20000000   00010000  00000503  0000fafd  RW  


SEGMENT ALLOCATION MAP

run origin  load origin   length   init length attrs members
----------  ----------- ---------- ----------- ----- -------
00000000    00000000    00005450   00005450    r-x
  00000000    00000000    000000e4   000000e4    r-- .intvecs
  000000e8    000000e8    00005152   00005152    r-x .text
  0000523c    0000523c    000001d4   000001d4    r-- .const
  00005410    00005410    00000040   00000040    r-- .cinit
20000000    20000000    00000303   00000000    rw-
  20000000    20000000    000002ac   00000000    rw- .bss
  200002ac    200002ac    00000057   00000000    rw- .data
2000fe00    2000fe00    00000200   00000000    rw-
  2000fe00    2000fe00    00000200   00000000    rw- .stack


SECTION ALLOCATION MAP

 output                                  attributes/
section   page    origin      length       input sections
--------  ----  ----------  ----------   ----------------
.intvecs   0    00000000    000000e4     
                  00000000    000000e4     startup_msp432p401r_ccs.obj (.intvecs:retain)

.text      0    000000e8    00005152     
                  000000e8    000004e8     my_RFM9x.obj (.text:SX1276OnDio0Irq)
                  000005d0    00000420     my_RFM9x.obj (.text:SX1276SetRxConfig)
                  000009f0    00000400     my_RFM9x.obj (.text:SX1276GetTimeOnAir)
                  00000df0    00000348     my_RFM9x.obj (.text:SX1276SetTxConfig)
                  00001138    00000312     my_RFM9x.obj (.text:SX1276SetRx)
                  0000144a    00000004     rtsv7M4_T_le_v4SPD16_eabi.lib : pre_init.c.obj (.text:_system_pre_init)
                  0000144e    00000002     --HOLE-- [fill = 0]
                  00001450    00000284     board.obj (.text:BoardUnusedIoInit)
                  000016d4    00000004     rtsv7M4_T_le_v4SPD16_eabi.lib : exit.c.obj (.text:abort:abort)
                  000016d8    00000260     my_RFM9x.obj (.text:SX1276OnDio1Irq)
                  00001938    000001fa     gpio-board.obj (.text:GpioMcuInit)
                  00001b32    000001b6     rtsv7M4_T_le_v4SPD16_eabi.lib : fd_add_t2.asm.obj (.text)
                  00001ce8    00000198     my_RFM9x.obj (.text:SX1276OnDio2Irq)
                  00001e80    00000192     my_RFM9x.obj (.text:SX1276Send)
                  00002012    00000006     --HOLE-- [fill = 0]
                  00002018    0000018e     my_RFM9x.obj (.text:SX1276OnTimeoutIrq)
                  000021a6    00000002     --HOLE-- [fill = 0]
                  000021a8    0000016e     timer.obj (.text:TimerIrqHandler)
                  00002316    00000002     --HOLE-- [fill = 0]
                  00002318    00000168     main.obj (.text:RadioInit)
                  00002480    0000015c     sx1276-board.obj (.text:SX1276SetRfTxPower)
                  000025dc    00000004     --HOLE-- [fill = 0]
                  000025e0    00000158     gpio-board.obj (.text:GpioMcuSetInterrupt)
                  00002738    00000144     msp432p4xx_driverlib.lib : timer_a.o (.text:privateTimer_AProcessClockSourceDivider)
                  0000287c    00000004     --HOLE-- [fill = 0]
                  00002880    0000013c     timer.obj (.text:TimerStop)
                  000029bc    00000136     rtsv7M4_T_le_v4SPD16_eabi.lib : fd_div_t2.asm.obj (.text)
                  00002af2    00000006     --HOLE-- [fill = 0]
                  00002af8    00000102     main.obj (.text:main)
                  00002bfa    000000fc     rtsv7M4_T_le_v4SPD16_eabi.lib : fd_mul_t2.asm.obj (.text)
                  00002cf6    00000002     --HOLE-- [fill = 0]
                  00002cf8    000000f8                                   : s_ceil.c.obj (.text:ceil)
                  00002df0    000000f8                                   : s_floor.c.obj (.text:floor)
                  00002ee8    000000ec     my_RFM9x.obj (.text:SX1276SetTx)
                  00002fd4    000000e0     msp432p4xx_driverlib.lib : cs.o (.text:CS_startLFXTWithTimeout)
                  000030b4    00000004     --HOLE-- [fill = 0]
                  000030b8    000000d6     my_RFM9x.obj (.text:SX1276Init)
                  0000318e    00000002     --HOLE-- [fill = 0]
                  00003190    000000c8     my_RFM9x.obj (.text:RxChainCalibration)
                  00003258    000000c4     sx1276-board.obj (.text:SX1276IoInit)
                  0000331c    00000004     --HOLE-- [fill = 0]
                  00003320    000000c4     my_RFM9x.obj (.text:SX1276SetModem)
                  000033e4    000000c0     rtsv7M4_T_le_v4SPD16_eabi.lib : s_round.c.obj (.text:round)
                  000034a4    00000004     --HOLE-- [fill = 0]
                  000034a8    000000b0     my_rtc.obj (.text:RtcInit)
                  00003558    000000b0     msp432p4xx_driverlib.lib : spi.o (.text:SPI_initMaster)
                  00003608    000000aa     board.obj (.text:BoardInitMcu)
                  000036b2    00000006     --HOLE-- [fill = 0]
                  000036b8    000000a6     my_RFM9x.obj (.text:SX1276SetTxContinuousWave)
                  0000375e    00000002     --HOLE-- [fill = 0]
                  00003760    0000009e     system_msp432p401r.obj (.text:SystemInit)
                  000037fe    0000009c     rtsv7M4_T_le_v4SPD16_eabi.lib : memcpy_t2.asm.obj (.text)
                  0000389a    00000006     --HOLE-- [fill = 0]
                  000038a0    00000098     timer.obj (.text:TimerStart)
                  00003938    00000094     msp432p4xx_driverlib.lib : rtc_c.o (.text:RTC_C_getEnabledInterruptStatus)
                  000039cc    00000004     --HOLE-- [fill = 0]
                  000039d0    00000090     my_RFM9x.obj (.text:SX1276IsChannelFree)
                  00003a60    00000086     rtsv7M4_T_le_v4SPD16_eabi.lib : fd_cmp_t2.asm.obj (.text:__aeabi_cdcmple)
                  00003ae6    00000086                                   : fd_cmp_t2.asm.obj (.text:__aeabi_cdrcmple)
                  00003b6c    00000004     --HOLE-- [fill = 0]
                  00003b70    00000084     main.obj (.text:PORT2_IRQHandler)
                  00003bf4    00000004     --HOLE-- [fill = 0]
                  00003bf8    00000080     main.obj (.text:OnRxDone)
                  00003c78    0000007e     my_spi.obj (.text:spi_read_write)
                  00003cf6    0000007a     rtsv7M4_T_le_v4SPD16_eabi.lib : memset_t2.asm.obj (.text)
                  00003d70    00000078     my_RFM9x.obj (.text:GetFskBandwidthRegValue)
                  00003de8    00000078     my_RFM9x.obj (.text:SX1276ReadBuffer)
                  00003e60    00000076     my_RFM9x.obj (.text:SX1276ReadRssi)
                  00003ed6    00000002     --HOLE-- [fill = 0]
                  00003ed8    00000076     my_RFM9x.obj (.text:SX1276WriteBuffer)
                  00003f4e    00000002     --HOLE-- [fill = 0]
                  00003f50    00000068     my_RFM9x.obj (.text:SX1276Random)
                  00003fb8    00000068     my_timer.obj (.text:TimerACounterInit)
                  00004020    00000068     timer.obj (.text:TimerInsertTimer)
                  00004088    00000068     rtsv7M4_T_le_v4SPD16_eabi.lib : copy_decompress_lzss.c.obj (.text:decompress:lzss:__TI_decompress_lzss)
                  000040f0    00000064     msp432p4xx_driverlib.lib : rtc_c.o (.text:RTC_C_enableInterrupt)
                  00004154    00000004     --HOLE-- [fill = 0]
                  00004158    00000064     sx1276-board.obj (.text:SX1276IoIrqInit)
                  000041bc    0000005c     msp432p4xx_driverlib.lib : rtc_c.o (.text:RTC_C_getInterruptStatus)
                  00004218    00000058     gpio-board.obj (.text:GpioMcuWrite)
                  00004270    00000054     my_timer.obj (.text:Delayms)
                  000042c4    00000004     --HOLE-- [fill = 0]
                  000042c8    00000054     my_rtc.obj (.text:RTC_C_IRQHandler)
                  0000431c    00000004     --HOLE-- [fill = 0]
                  00004320    00000054     my_RFM9x.obj (.text:SX1276SetChannel)
                  00004374    00000004     --HOLE-- [fill = 0]
                  00004378    0000004e     my_timer.obj (.text:SetAlarm)
                  000043c6    0000004e     msp432p4xx_driverlib.lib : timer_a.o (.text:Timer_A_initCompare)
                  00004414    00000004     --HOLE-- [fill = 0]
                  00004418    0000004e     my_spi.obj (.text:spiRead_RFM)
                  00004466    00000002     --HOLE-- [fill = 0]
                  00004468    0000004c     my_RFM9x.obj (.text:SX1276SetMaxPayloadLength)
                  000044b4    0000004c     msp432p4xx_driverlib.lib : timer_a.o (.text:Timer_A_getCounterValue)
                  00004500    0000004c     my_timer.obj (.text:getTimerAcounterValue)
                  0000454c    00000004     --HOLE-- [fill = 0]
                  00004550    0000004c     my_spi.obj (.text:spiWrite_RFM)
                  0000459c    00000048     rtsv7M4_T_le_v4SPD16_eabi.lib : fd_toi_t2.asm.obj (.text)
                  000045e4    00000004     --HOLE-- [fill = 0]
                  000045e8    00000048     my_spi.obj (.text:spi_open)
                  00004630    00000046     my_RFM9x.obj (.text:SX1276StartCad)
                  00004676    00000002     --HOLE-- [fill = 0]
                  00004678    00000044     rtsv7M4_T_le_v4SPD16_eabi.lib : autoinit.c.obj (.text:__TI_auto_init_nobinit_nopinit:__TI_auto_init_nobinit_nopinit)
                  000046bc    00000044                                   : fd_tou_t2.asm.obj (.text)
                  00004700    00000042     timer.obj (.text:TimerInsertNewHeadTimer)
                  00004742    00000002     --HOLE-- [fill = 0]
                  00004744    00000040     msp432p4xx_driverlib.lib : gpio.o (.text:GPIO_setAsOutputPin)
                  00004784    00000004     --HOLE-- [fill = 0]
                  00004788    00000040     my_RFM9x.obj (.text:SX1276SetSleep)
                  000047c8    00000040     msp432p4xx_driverlib.lib : spi.o (.text:is_A_Module)
                  00004808    00000040     my_timer.obj (.text:stopLoRaTimer)
                  00004848    0000003c     my_RFM9x.obj (.text:SX1276SetPublicNetwork)
                  00004884    00000004     --HOLE-- [fill = 0]
                  00004888    0000003c     timer.obj (.text:TimerSetTimeout)
                  000048c4    00000004     --HOLE-- [fill = 0]
                  000048c8    0000003c     timer.obj (.text:TimerSetValue)
                  00004904    00000004     --HOLE-- [fill = 0]
                  00004908    0000003a     my_RFM9x.obj (.text:SX1276SetStby)
                  00004942    00000006     --HOLE-- [fill = 0]
                  00004948    0000003a     timer.obj (.text:TimerExists)
                  00004982    00000006     --HOLE-- [fill = 0]
                  00004988    00000036     my_RFM9x.obj (.text:SX1276OnDio4Irq)
                  000049be    00000002     --HOLE-- [fill = 0]
                  000049c0    00000036     timer.obj (.text:TimerInit)
                  000049f6    00000002     --HOLE-- [fill = 0]
                  000049f8    00000034     my_gpio.obj (.text:GpioInit)
                  00004a2c    00000004     --HOLE-- [fill = 0]
                  00004a30    00000034     my_timer.obj (.text:TA2_0_IRQHandler)
                  00004a64    00000034     msp432p4xx_driverlib.lib : timer_a.o (.text:Timer_A_configureContinuousMode)
                  00004a98    00000034     rtsv7M4_T_le_v4SPD16_eabi.lib : boot_cortex_m.c.obj (.text:_c_int00_noargs:_c_int00_noargs)
                  00004acc    00000004     --HOLE-- [fill = 0]
                  00004ad0    00000030     my_timer.obj (.text:resetTimerAcounterValue)
                  00004b00    0000002e     rtsv7M4_T_le_v4SPD16_eabi.lib : i_tofd_t2.asm.obj (.text)
                  00004b2e    00000002     --HOLE-- [fill = 0]
                  00004b30    0000002c     sx1276-board.obj (.text:SX1276Reset)
                  00004b5c    00000004     --HOLE-- [fill = 0]
                  00004b60    0000002c     my_timer.obj (.text:TA3_0_IRQHandler)
                  00004b8c    00000004     --HOLE-- [fill = 0]
                  00004b90    0000002c     timer.obj (.text:TimerGetElapsedTime)
                  00004bbc    0000002c     msp432p4xx_driverlib.lib : timer_a.o (.text:Timer_A_clearCaptureCompareInterrupt)
                  00004be8    0000002c                              : timer_a.o (.text:Timer_A_enableCaptureCompareInterrupt)
                  00004c14    00000004     --HOLE-- [fill = 0]
                  00004c18    0000002a     main.obj (.text:OnRxTimeout)
                  00004c42    00000006     --HOLE-- [fill = 0]
                  00004c48    0000002a     my_timer.obj (.text:StopAlarm)
                  00004c72    00000006     --HOLE-- [fill = 0]
                  00004c78    0000002a     my_timer.obj (.text:startTimerAcounter)
                  00004ca2    00000002     --HOLE-- [fill = 0]
                  00004ca4    00000028     msp432p4xx_driverlib.lib : gpio.o (.text:GPIO_enableInterrupt)
                  00004ccc    00000028                              : gpio.o (.text:GPIO_setOutputHighOnPin)
                  00004cf4    00000028                              : gpio.o (.text:GPIO_setOutputLowOnPin)
                  00004d1c    00000004     --HOLE-- [fill = 0]
                  00004d20    00000028     my_gpio.obj (.text:GpioFlashLED)
                  00004d48    00000028     msp432p4xx_driverlib.lib : spi.o (.text:SPI_getInterruptStatus)
                  00004d70    00000028                              : timer_a.o (.text:Timer_A_setCompareValue)
                  00004d98    00000026                              : spi.o (.text:SPI_transmitData)
                  00004dbe    00000002     --HOLE-- [fill = 0]
                  00004dc0    00000024     my_timer.obj (.text:SetTimerContext)
                  00004de4    00000004     --HOLE-- [fill = 0]
                  00004de8    00000024     my_timer.obj (.text:TA0_0_IRQHandler)
                  00004e0c    00000004     --HOLE-- [fill = 0]
                  00004e10    00000022     my_gpio.obj (.text:GpioSetInterrupt)
                  00004e32    00000006     --HOLE-- [fill = 0]
                  00004e38    00000020     my_timer.obj (.text:GetTimerElapsedTime)
                  00004e58    00000020     my_RFM9x.obj (.text:SX1276SetOpMode)
                  00004e78    00000020     rtsv7M4_T_le_v4SPD16_eabi.lib : u_tofd_t2.asm.obj (.text)
                  00004e98    0000001c     main.obj (.text:OnRxError)
                  00004eb4    00000004     --HOLE-- [fill = 0]
                  00004eb8    0000001c     main.obj (.text:OnTxDone)
                  00004ed4    00000004     --HOLE-- [fill = 0]
                  00004ed8    0000001c     main.obj (.text:OnTxTimeout)
                  00004ef4    0000001c     msp432p4xx_driverlib.lib : spi.o (.text:SPI_enableModule)
                  00004f10    0000001c                              : spi.o (.text:SPI_receiveData)
                  00004f2c    00000004     --HOLE-- [fill = 0]
                  00004f30    0000001c     my_RFM9x.obj (.text:SX1276ReadFifo)
                  00004f4c    00000004     --HOLE-- [fill = 0]
                  00004f50    0000001c     my_RFM9x.obj (.text:SX1276WriteFifo)
                  00004f6c    0000001c     rtsv7M4_T_le_v4SPD16_eabi.lib : copy_zero_init.c.obj (.text:decompress:ZI:__TI_zero_init_nomemset:__TI_zero_init_nomemset)
                  00004f88    00000018     msp432p4xx_driverlib.lib : spi.o (.text:EUSCI_A_SPI_getInterruptStatus)
                  00004fa0    00000018                              : spi.o (.text:EUSCI_B_SPI_getInterruptStatus)
                  00004fb8    00000018                              : sysctl_a.o (.text:SysCtl_A_disableNMISource)
                  00004fd0    00000018                              : sysctl_a.o (.text:SysCtl_A_enableNMISource)
                  00004fe8    00000018                              : timer_a.o (.text:Timer_A_clearTimer)
                  00005000    00000018                              : timer_a.o (.text:Timer_A_disableInterrupt)
                  00005018    00000018                              : timer_a.o (.text:Timer_A_enableInterrupt)
                  00005030    00000016                              : spi.o (.text:EUSCI_A_SPI_enable)
                  00005046    00000016                              : spi.o (.text:EUSCI_A_SPI_transmitData)
                  0000505c    00000016                              : spi.o (.text:EUSCI_B_SPI_enable)
                  00005072    00000016                              : spi.o (.text:EUSCI_B_SPI_transmitData)
                  00005088    00000016     my_gpio.obj (.text:GpioWrite)
                  0000509e    00000016     msp432p4xx_driverlib.lib : timer_a.o (.text:Timer_A_clearInterruptFlag)
                  000050b4    00000016                              : timer_a.o (.text:Timer_A_startCounter)
                  000050ca    00000006     --HOLE-- [fill = 0]
                  000050d0    00000014     board.obj (.text:BoardCriticalSectionBegin)
                  000050e4    00000004     --HOLE-- [fill = 0]
                  000050e8    00000014     board.obj (.text:GetBoardPowerSource)
                  000050fc    00000004     --HOLE-- [fill = 0]
                  00005100    00000014     my_timer.obj (.text:GetTimerValue)
                  00005114    00000014     msp432p4xx_driverlib.lib : timer_a.o (.text:Timer_A_stopTimer)
                  00005128    00000012     board.obj (.text:BoardCriticalSectionEnd)
                  0000513a    00000010     msp432p4xx_driverlib.lib : spi.o (.text:EUSCI_A_SPI_receiveData)
                  0000514a    00000010                              : spi.o (.text:EUSCI_B_SPI_receiveData)
                  0000515a    00000002     --HOLE-- [fill = 0]
                  0000515c    00000010                              : sysctl_a.o (.text:SysCtl_A_getNMISourceStatus)
                  0000516c    00000004     --HOLE-- [fill = 0]
                  00005170    00000010     timer.obj (.text:TimerGetCurrentTime)
                  00005180    0000000e     msp432p4xx_driverlib.lib : cs.o (.text:CS_startLFXT)
                  0000518e    0000000e     rtsv7M4_T_le_v4SPD16_eabi.lib : copy_decompress_none.c.obj (.text:decompress:none:__TI_decompress_none)
                  0000519c    00000004     --HOLE-- [fill = 0]
                  000051a0    0000000c     my_timer.obj (.text:GetTimerContext)
                  000051ac    00000004     --HOLE-- [fill = 0]
                  000051b0    0000000c     startup_msp432p401r_ccs.obj (.text:Reset_Handler)
                  000051bc    00000004     --HOLE-- [fill = 0]
                  000051c0    0000000c     sx1276-board.obj (.text:SX1276CheckRfFrequency)
                  000051cc    00000004     --HOLE-- [fill = 0]
                  000051d0    0000000c     sx1276-board.obj (.text:SX1276GetPaSelect)
                  000051dc    00000004     --HOLE-- [fill = 0]
                  000051e0    0000000c     my_RFM9x.obj (.text:SX1276GetStatus)
                  000051ec    00000004     --HOLE-- [fill = 0]
                  000051f0    0000000c     my_timer.obj (.text:Tick2Ms)
                  000051fc    00000004     --HOLE-- [fill = 0]
                  00005200    0000000c     my_timer.obj (.text:TimerMs2Tick)
                  0000520c    00000004     --HOLE-- [fill = 0]
                  00005210    0000000a     my_RFM9x.obj (.text:SX1276GetWakeupTime)
                  0000521a    00000006     --HOLE-- [fill = 0]
                  00005220    00000004     my_timer.obj (.text:GetMinimumTimeout)
                  00005224    00000004     --HOLE-- [fill = 0]
                  00005228    00000004     sx1276-board.obj (.text:SX1276GetBoardTcxoWakeupTime)
                  0000522c    00000004     --HOLE-- [fill = 0]
                  00005230    00000002     startup_msp432p401r_ccs.obj (.text:Default_Handler)
                  00005232    00000006     --HOLE-- [fill = 0]
                  00005238    00000002     my_systick.obj (.text:SysTick_Handler)

.const     0    0000523c    000001d4     
                  0000523c    000000b0     my_RFM9x.obj (.const:FskBandwidths)
                  000052ec    0000006c     sx1276-board.obj (.const:Radio)
                  00005358    00000030     msp432p4xx_driverlib.lib : gpio.o (.const:GPIO_PORT_TO_BASE)
                  00005388    00000030     my_RFM9x.obj (.const:RadioRegsInit)
                  000053b8    0000001c     my_rtc.obj (.const:currentTime)
                  000053d4    0000001c     my_spi.obj (.const:spiMasterConfig)
                  000053f0    00000010     my_timer.obj (.const:$P$T1$2)
                  00005400    00000010     my_timer.obj (.const:contConfig0)

.cinit     0    00005410    00000040     
                  00005410    00000015     (.cinit..data.load) [load image, compression = lzss]
                  00005425    00000003     --HOLE-- [fill = 0]
                  00005428    0000000c     (__TI_handler_table)
                  00005434    00000004     --HOLE-- [fill = 0]
                  00005438    00000008     (.cinit..bss.load) [load image, compression = zero_init]
                  00005440    00000010     (__TI_cinit_table)

.init_array 
*          0    00000000    00000000     UNINITIALIZED

.binit     0    00000000    00000000     

.bss       0    20000000    000002ac     UNINITIALIZED
                  20000000    00000104     (.common:SX1276)
                  20000104    00000100     my_RFM9x.obj (.bss:RxTxBuffer)
                  20000204    0000001c     main.obj (.bss:RadioEvents)
                  20000220    00000018     (.common:RxTimeoutSyncWord)
                  20000238    00000018     (.common:RxTimeoutTimer)
                  20000250    00000018     (.common:TxTimeoutTimer)
                  20000268    00000014     (.common:Led1)
                  2000027c    00000014     (.common:Led2)
                  20000290    00000014     (.common:Led3)
                  200002a4    00000004     my_timer.obj (.bss:TimerContext)
                  200002a8    00000004     my_RFM9x.obj (.bss)

.data      0    200002ac    00000057     UNINITIALIZED
                  200002ac    00000040     main.obj (.data:Buffer)
                  200002ec    0000000a     main.obj (.data)
                  200002f6    00000002     my_rtc.obj (.data)
                  200002f8    00000004     timer.obj (.data)
                  200002fc    00000004     main.obj (.data:txMsg)
                  20000300    00000002     my_timer.obj (.data)
                  20000302    00000001     board.obj (.data)

.stack     0    2000fe00    00000200     UNINITIALIZED
                  2000fe00    00000004     rtsv7M4_T_le_v4SPD16_eabi.lib : boot_cortex_m.c.obj (.stack)
                  2000fe04    000001fc     --HOLE--

__llvm_prf_cnts 
*          0    20000000    00000000     UNINITIALIZED

MODULE SUMMARY

       Module                        code    ro data   rw data
       ------                        ----    -------   -------
    .\
       my_RFM9x.obj                  9090    224       1184   
       timer.obj                     1296    0         8      
       main.obj                      1004    0         212    
       board.obj                     872     0         122    
       gpio-board.obj                938     0         0      
       my_timer.obj                  798     32        12     
       sx1276-board.obj              716     108       0      
       my_spi.obj                    352     28        0      
       my_rtc.obj                    260     28        4      
       system_msp432p401r.obj        158     0         0      
       my_gpio.obj                   148     0         0      
       my_systick.obj                2       0         0      
    +--+-----------------------------+-------+---------+---------+
       Total:                        15634   420       1542   
                                                              
    .\ccs\
       startup_msp432p401r_ccs.obj   14      228       0      
    +--+-----------------------------+-------+---------+---------+
       Total:                        14      228       0      
                                                              
    C:/ti/simplelink_msp432p4_sdk_3_40_01_02/source/ti/devices/msp432p4xx/driverlib/ccs/msp432p4xx_driverlib.lib
       timer_a.o                     794     0         0      
       spi.o                         542     0         0      
       rtc_c.o                       340     0         0      
       cs.o                          238     0         0      
       gpio.o                        184     48        0      
       sysctl_a.o                    64      0         0      
    +--+-----------------------------+-------+---------+---------+
       Total:                        2162    48        0      
                                                              
    C:\ti\ccs1000\ccs\tools\compiler\ti-cgt-arm_20.2.0.LTS\lib\rtsv7M4_T_le_v4SPD16_eabi.lib
       fd_add_t2.asm.obj             438     0         0      
       fd_div_t2.asm.obj             310     0         0      
       fd_cmp_t2.asm.obj             268     0         0      
       fd_mul_t2.asm.obj             252     0         0      
       s_ceil.c.obj                  248     0         0      
       s_floor.c.obj                 248     0         0      
       s_round.c.obj                 192     0         0      
       memcpy_t2.asm.obj             156     0         0      
       memset_t2.asm.obj             122     0         0      
       copy_decompress_lzss.c.obj    104     0         0      
       fd_toi_t2.asm.obj             72      0         0      
       autoinit.c.obj                68      0         0      
       fd_tou_t2.asm.obj             68      0         0      
       boot_cortex_m.c.obj           52      0         0      
       i_tofd_t2.asm.obj             46      0         0      
       u_tofd_t2.asm.obj             32      0         0      
       copy_zero_init.c.obj          28      0         0      
       copy_decompress_none.c.obj    14      0         0      
       exit.c.obj                    4       0         0      
       pre_init.c.obj                4       0         0      
    +--+-----------------------------+-------+---------+---------+
       Total:                        2726    0         0      
                                                              
       Stack:                        0       0         1024   
       Linker Generated:             0       57        0      
    +--+-----------------------------+-------+---------+---------+
       Grand Total:                  20536   753       2566   


LINKER GENERATED COPY TABLES

__TI_cinit_table @ 00005440 records: 2, size/record: 8, table size: 16
	.data: load addr=00005410, load size=00000015 bytes, run addr=200002ac, run size=00000057 bytes, compression=lzss
	.bss: load addr=00005438, load size=00000008 bytes, run addr=20000000, run size=000002ac bytes, compression=zero_init


LINKER GENERATED HANDLER TABLE

__TI_handler_table @ 00005428 records: 3, size/record: 4, table size: 12
	index: 0, handler: __TI_decompress_lzss
	index: 1, handler: __TI_decompress_none
	index: 2, handler: __TI_zero_init


GLOBAL SYMBOLS: SORTED ALPHABETICALLY BY Name 

address   name                                 
-------   ----                                 
00005231  ADC14_IRQHandler                     
00005231  AES256_IRQHandler                    
000050d1  BoardCriticalSectionBegin            
00005129  BoardCriticalSectionEnd              
00003609  BoardInitMcu                         
200002ac  Buffer                               
200002f2  BufferSize                           
00005231  BusFault_Handler                     
000016d5  C$$EXIT                              
00005231  COMP_E0_IRQHandler                   
00005231  COMP_E1_IRQHandler                   
00005231  CS_IRQHandler                        
00005181  CS_startLFXT                         
00002fd5  CS_startLFXTWithTimeout              
200002ec  DIO0Flag                             
200002ed  DIO1Flag                             
200002ee  DIO2Flag                             
200002ef  DIO3Flag                             
200002f0  DIO4Flag                             
00005231  DMA_ERR_IRQHandler                   
00005231  DMA_INT0_IRQHandler                  
00005231  DMA_INT1_IRQHandler                  
00005231  DMA_INT2_IRQHandler                  
00005231  DMA_INT3_IRQHandler                  
00005231  DebugMon_Handler                     
00005231  Default_Handler                      
00004271  Delayms                              
00005231  EUSCIA0_IRQHandler                   
00005231  EUSCIA1_IRQHandler                   
00005231  EUSCIA2_IRQHandler                   
00005231  EUSCIA3_IRQHandler                   
00005231  EUSCIB0_IRQHandler                   
00005231  EUSCIB1_IRQHandler                   
00005231  EUSCIB2_IRQHandler                   
00005231  EUSCIB3_IRQHandler                   
00005031  EUSCI_A_SPI_enable                   
00004f89  EUSCI_A_SPI_getInterruptStatus       
0000513b  EUSCI_A_SPI_receiveData              
00005047  EUSCI_A_SPI_transmitData             
0000505d  EUSCI_B_SPI_enable                   
00004fa1  EUSCI_B_SPI_getInterruptStatus       
0000514b  EUSCI_B_SPI_receiveData              
00005073  EUSCI_B_SPI_transmitData             
00005231  FLCTL_IRQHandler                     
00005231  FPU_IRQHandler                       
0000523c  FskBandwidths                        
00004ca5  GPIO_enableInterrupt                 
00004745  GPIO_setAsOutputPin                  
00004ccd  GPIO_setOutputHighOnPin              
00004cf5  GPIO_setOutputLowOnPin               
000050e9  GetBoardPowerSource                  
00003d71  GetFskBandwidthRegValue              
00005221  GetMinimumTimeout                    
000051a1  GetTimerContext                      
00004e39  GetTimerElapsedTime                  
00005101  GetTimerValue                        
00004d21  GpioFlashLED                         
000049f9  GpioInit                             
00001939  GpioMcuInit                          
000025e1  GpioMcuSetInterrupt                  
00004219  GpioMcuWrite                         
00004e11  GpioSetInterrupt                     
00005089  GpioWrite                            
00005231  HardFault_Handler                    
20000268  Led1                                 
2000027c  Led2                                 
20000290  Led3                                 
00005231  MemManage_Handler                    
00005231  NMI_Handler                          
00003bf9  OnRxDone                             
00004e99  OnRxError                            
00004c19  OnRxTimeout                          
00004eb9  OnTxDone                             
00004ed9  OnTxTimeout                          
00005231  PCM_IRQHandler                       
00005231  PORT1_IRQHandler                     
00003b71  PORT2_IRQHandler                     
00003b71  PORT2_IRQHandler                     
00005231  PORT3_IRQHandler                     
00005231  PORT4_IRQHandler                     
00005231  PORT5_IRQHandler                     
00005231  PORT6_IRQHandler                     
00005231  PSS_IRQHandler                       
00005231  PendSV_Handler                       
000042c9  RTC_C_IRQHandler                     
000042c9  RTC_C_IRQHandler                     
000040f1  RTC_C_enableInterrupt                
00003939  RTC_C_getEnabledInterruptStatus      
000041bd  RTC_C_getInterruptStatus             
000052ec  Radio                                
00002319  RadioInit                            
00005388  RadioRegsInit                        
000051b1  Reset_Handler                        
200002f4  RssiValue                            
000034a9  RtcInit                              
00003191  RxChainCalibration                   
20000220  RxTimeoutSyncWord                    
20000238  RxTimeoutTimer                       
00004ef5  SPI_enableModule                     
00004d49  SPI_getInterruptStatus               
00003559  SPI_initMaster                       
00004f11  SPI_receiveData                      
00004d99  SPI_transmitData                     
00005231  SVC_Handler                          
20000000  SX1276                               
000051c1  SX1276CheckRfFrequency               
00005229  SX1276GetBoardTcxoWakeupTime         
000051e1  SX1276GetStatus                      
000009f1  SX1276GetTimeOnAir                   
00005211  SX1276GetWakeupTime                  
000030b9  SX1276Init                           
00003259  SX1276IoInit                         
00004159  SX1276IoIrqInit                      
000039d1  SX1276IsChannelFree                  
000000e9  SX1276OnDio0Irq                      
000016d9  SX1276OnDio1Irq                      
00001ce9  SX1276OnDio2Irq                      
00004989  SX1276OnDio4Irq                      
00002019  SX1276OnTimeoutIrq                   
00003f51  SX1276Random                         
00003de9  SX1276ReadBuffer                     
00004f31  SX1276ReadFifo                       
00003e61  SX1276ReadRssi                       
00004b31  SX1276Reset                          
00001e81  SX1276Send                           
00004321  SX1276SetChannel                     
00004469  SX1276SetMaxPayloadLength            
00003321  SX1276SetModem                       
00004e59  SX1276SetOpMode                      
00004849  SX1276SetPublicNetwork               
00002481  SX1276SetRfTxPower                   
00001139  SX1276SetRx                          
000005d1  SX1276SetRxConfig                    
00004789  SX1276SetSleep                       
00004909  SX1276SetStby                        
00002ee9  SX1276SetTx                          
00000df1  SX1276SetTxConfig                    
000036b9  SX1276SetTxContinuousWave            
00004631  SX1276StartCad                       
00003ed9  SX1276WriteBuffer                    
00004f51  SX1276WriteFifo                      
00004379  SetAlarm                             
00004dc1  SetTimerContext                      
200002f5  SnrValue                             
200002f1  State                                
00004c49  StopAlarm                            
00004fb9  SysCtl_A_disableNMISource            
00004fd1  SysCtl_A_enableNMISource             
0000515d  SysCtl_A_getNMISourceStatus          
00005239  SysTick_Handler                      
00005239  SysTick_Handler                      
00003761  SystemInit                           
00005231  T32_INT1_IRQHandler                  
00005231  T32_INT2_IRQHandler                  
00005231  T32_INTC_IRQHandler                  
00004de9  TA0_0_IRQHandler                     
00004de9  TA0_0_IRQHandler                     
00005231  TA0_N_IRQHandler                     
00005231  TA1_0_IRQHandler                     
00005231  TA1_N_IRQHandler                     
00004a31  TA2_0_IRQHandler                     
00004a31  TA2_0_IRQHandler                     
00005231  TA2_N_IRQHandler                     
00004b61  TA3_0_IRQHandler                     
00004b61  TA3_0_IRQHandler                     
00005231  TA3_N_IRQHandler                     
000051f1  Tick2Ms                              
00003fb9  TimerACounterInit                    
00005171  TimerGetCurrentTime                  
00004b91  TimerGetElapsedTime                  
000049c1  TimerInit                            
000021a9  TimerIrqHandler                      
00005201  TimerMs2Tick                         
000048c9  TimerSetValue                        
000038a1  TimerStart                           
00002881  TimerStop                            
00004bbd  Timer_A_clearCaptureCompareInterrupt 
0000509f  Timer_A_clearInterruptFlag           
00004fe9  Timer_A_clearTimer                   
00004a65  Timer_A_configureContinuousMode      
00005001  Timer_A_disableInterrupt             
00004be9  Timer_A_enableCaptureCompareInterrupt
00005019  Timer_A_enableInterrupt              
000044b5  Timer_A_getCounterValue              
000043c7  Timer_A_initCompare                  
00004d71  Timer_A_setCompareValue              
000050b5  Timer_A_startCounter                 
00005115  Timer_A_stopTimer                    
200002f7  TxFlag                               
20000250  TxTimeoutTimer                       
00005231  UsageFault_Handler                   
4000480c  WDTCTL_SYM                           
00005231  WDT_A_IRQHandler                     
20010000  __STACK_END                          
00000200  __STACK_SIZE                         
00005440  __TI_CINIT_Base                      
00005450  __TI_CINIT_Limit                     
00005428  __TI_Handler_Table_Base              
00005434  __TI_Handler_Table_Limit             
00004679  __TI_auto_init_nobinit_nopinit       
00004089  __TI_decompress_lzss                 
0000518f  __TI_decompress_none                 
ffffffff  __TI_pprof_out_hndl                  
ffffffff  __TI_prof_data_size                  
ffffffff  __TI_prof_data_start                 
00000000  __TI_static_base__                   
00004f6d  __TI_zero_init_nomemset              
00003a61  __aeabi_cdcmpeq                      
00003a61  __aeabi_cdcmple                      
00003ae7  __aeabi_cdrcmple                     
0000459d  __aeabi_d2iz                         
000046bd  __aeabi_d2uiz                        
00001b3d  __aeabi_dadd                         
000029bd  __aeabi_ddiv                         
00002bfb  __aeabi_dmul                         
00001b33  __aeabi_dsub                         
00004b01  __aeabi_i2d                          
00003cf7  __aeabi_memclr                       
00003cf7  __aeabi_memclr4                      
00003cf7  __aeabi_memclr8                      
000037ff  __aeabi_memcpy                       
000037ff  __aeabi_memcpy4                      
000037ff  __aeabi_memcpy8                      
00003cf9  __aeabi_memset                       
00003cf9  __aeabi_memset4                      
00003cf9  __aeabi_memset8                      
00004e79  __aeabi_ui2d                         
ffffffff  __binit__                            
ffffffff  __c_args__                           
UNDEFED   __mpu_init                           
2000fe00  __stack                              
20000000  __start___llvm_prf_cnts              
20000000  __stop___llvm_prf_cnts               
00004a99  _c_int00_noargs                      
UNDEFED   _system_post_cinit                   
0000144b  _system_pre_init                     
000016d5  abort                                
ffffffff  binit                                
00002cf9  ceil                                 
00002cf9  ceill                                
00005400  contConfig0                          
000053b8  currentTime                          
00002df1  floor                                
00002df1  floorl                               
00004501  getTimerAcounterValue                
00000000  interruptVectors                     
20000301  isTimerAcounterRunning               
00002af9  main                                 
000037ff  memcpy                               
00003cff  memset                               
200002f6  minutes                              
00004ad1  resetTimerAcounterValue              
000033e5  round                                
000033e5  roundl                               
000053d4  spiMasterConfig                      
00004419  spiRead_RFM                          
00004551  spiWrite_RFM                         
000045e9  spi_open                             
00003c79  spi_read_write                       
00004c79  startTimerAcounter                   
00004809  stopLoRaTimer                        
20000300  timerTick_ms                         
200002fc  txMsg                                


GLOBAL SYMBOLS: SORTED BY Symbol Address 

address   name                                 
-------   ----                                 
00000000  __TI_static_base__                   
00000000  interruptVectors                     
000000e9  SX1276OnDio0Irq                      
00000200  __STACK_SIZE                         
000005d1  SX1276SetRxConfig                    
000009f1  SX1276GetTimeOnAir                   
00000df1  SX1276SetTxConfig                    
00001139  SX1276SetRx                          
0000144b  _system_pre_init                     
000016d5  C$$EXIT                              
000016d5  abort                                
000016d9  SX1276OnDio1Irq                      
00001939  GpioMcuInit                          
00001b33  __aeabi_dsub                         
00001b3d  __aeabi_dadd                         
00001ce9  SX1276OnDio2Irq                      
00001e81  SX1276Send                           
00002019  SX1276OnTimeoutIrq                   
000021a9  TimerIrqHandler                      
00002319  RadioInit                            
00002481  SX1276SetRfTxPower                   
000025e1  GpioMcuSetInterrupt                  
00002881  TimerStop                            
000029bd  __aeabi_ddiv                         
00002af9  main                                 
00002bfb  __aeabi_dmul                         
00002cf9  ceil                                 
00002cf9  ceill                                
00002df1  floor                                
00002df1  floorl                               
00002ee9  SX1276SetTx                          
00002fd5  CS_startLFXTWithTimeout              
000030b9  SX1276Init                           
00003191  RxChainCalibration                   
00003259  SX1276IoInit                         
00003321  SX1276SetModem                       
000033e5  round                                
000033e5  roundl                               
000034a9  RtcInit                              
00003559  SPI_initMaster                       
00003609  BoardInitMcu                         
000036b9  SX1276SetTxContinuousWave            
00003761  SystemInit                           
000037ff  __aeabi_memcpy                       
000037ff  __aeabi_memcpy4                      
000037ff  __aeabi_memcpy8                      
000037ff  memcpy                               
000038a1  TimerStart                           
00003939  RTC_C_getEnabledInterruptStatus      
000039d1  SX1276IsChannelFree                  
00003a61  __aeabi_cdcmpeq                      
00003a61  __aeabi_cdcmple                      
00003ae7  __aeabi_cdrcmple                     
00003b71  PORT2_IRQHandler                     
00003b71  PORT2_IRQHandler                     
00003bf9  OnRxDone                             
00003c79  spi_read_write                       
00003cf7  __aeabi_memclr                       
00003cf7  __aeabi_memclr4                      
00003cf7  __aeabi_memclr8                      
00003cf9  __aeabi_memset                       
00003cf9  __aeabi_memset4                      
00003cf9  __aeabi_memset8                      
00003cff  memset                               
00003d71  GetFskBandwidthRegValue              
00003de9  SX1276ReadBuffer                     
00003e61  SX1276ReadRssi                       
00003ed9  SX1276WriteBuffer                    
00003f51  SX1276Random                         
00003fb9  TimerACounterInit                    
00004089  __TI_decompress_lzss                 
000040f1  RTC_C_enableInterrupt                
00004159  SX1276IoIrqInit                      
000041bd  RTC_C_getInterruptStatus             
00004219  GpioMcuWrite                         
00004271  Delayms                              
000042c9  RTC_C_IRQHandler                     
000042c9  RTC_C_IRQHandler                     
00004321  SX1276SetChannel                     
00004379  SetAlarm                             
000043c7  Timer_A_initCompare                  
00004419  spiRead_RFM                          
00004469  SX1276SetMaxPayloadLength            
000044b5  Timer_A_getCounterValue              
00004501  getTimerAcounterValue                
00004551  spiWrite_RFM                         
0000459d  __aeabi_d2iz                         
000045e9  spi_open                             
00004631  SX1276StartCad                       
00004679  __TI_auto_init_nobinit_nopinit       
000046bd  __aeabi_d2uiz                        
00004745  GPIO_setAsOutputPin                  
00004789  SX1276SetSleep                       
00004809  stopLoRaTimer                        
00004849  SX1276SetPublicNetwork               
000048c9  TimerSetValue                        
00004909  SX1276SetStby                        
00004989  SX1276OnDio4Irq                      
000049c1  TimerInit                            
000049f9  GpioInit                             
00004a31  TA2_0_IRQHandler                     
00004a31  TA2_0_IRQHandler                     
00004a65  Timer_A_configureContinuousMode      
00004a99  _c_int00_noargs                      
00004ad1  resetTimerAcounterValue              
00004b01  __aeabi_i2d                          
00004b31  SX1276Reset                          
00004b61  TA3_0_IRQHandler                     
00004b61  TA3_0_IRQHandler                     
00004b91  TimerGetElapsedTime                  
00004bbd  Timer_A_clearCaptureCompareInterrupt 
00004be9  Timer_A_enableCaptureCompareInterrupt
00004c19  OnRxTimeout                          
00004c49  StopAlarm                            
00004c79  startTimerAcounter                   
00004ca5  GPIO_enableInterrupt                 
00004ccd  GPIO_setOutputHighOnPin              
00004cf5  GPIO_setOutputLowOnPin               
00004d21  GpioFlashLED                         
00004d49  SPI_getInterruptStatus               
00004d71  Timer_A_setCompareValue              
00004d99  SPI_transmitData                     
00004dc1  SetTimerContext                      
00004de9  TA0_0_IRQHandler                     
00004de9  TA0_0_IRQHandler                     
00004e11  GpioSetInterrupt                     
00004e39  GetTimerElapsedTime                  
00004e59  SX1276SetOpMode                      
00004e79  __aeabi_ui2d                         
00004e99  OnRxError                            
00004eb9  OnTxDone                             
00004ed9  OnTxTimeout                          
00004ef5  SPI_enableModule                     
00004f11  SPI_receiveData                      
00004f31  SX1276ReadFifo                       
00004f51  SX1276WriteFifo                      
00004f6d  __TI_zero_init_nomemset              
00004f89  EUSCI_A_SPI_getInterruptStatus       
00004fa1  EUSCI_B_SPI_getInterruptStatus       
00004fb9  SysCtl_A_disableNMISource            
00004fd1  SysCtl_A_enableNMISource             
00004fe9  Timer_A_clearTimer                   
00005001  Timer_A_disableInterrupt             
00005019  Timer_A_enableInterrupt              
00005031  EUSCI_A_SPI_enable                   
00005047  EUSCI_A_SPI_transmitData             
0000505d  EUSCI_B_SPI_enable                   
00005073  EUSCI_B_SPI_transmitData             
00005089  GpioWrite                            
0000509f  Timer_A_clearInterruptFlag           
000050b5  Timer_A_startCounter                 
000050d1  BoardCriticalSectionBegin            
000050e9  GetBoardPowerSource                  
00005101  GetTimerValue                        
00005115  Timer_A_stopTimer                    
00005129  BoardCriticalSectionEnd              
0000513b  EUSCI_A_SPI_receiveData              
0000514b  EUSCI_B_SPI_receiveData              
0000515d  SysCtl_A_getNMISourceStatus          
00005171  TimerGetCurrentTime                  
00005181  CS_startLFXT                         
0000518f  __TI_decompress_none                 
000051a1  GetTimerContext                      
000051b1  Reset_Handler                        
000051c1  SX1276CheckRfFrequency               
000051e1  SX1276GetStatus                      
000051f1  Tick2Ms                              
00005201  TimerMs2Tick                         
00005211  SX1276GetWakeupTime                  
00005221  GetMinimumTimeout                    
00005229  SX1276GetBoardTcxoWakeupTime         
00005231  ADC14_IRQHandler                     
00005231  AES256_IRQHandler                    
00005231  BusFault_Handler                     
00005231  COMP_E0_IRQHandler                   
00005231  COMP_E1_IRQHandler                   
00005231  CS_IRQHandler                        
00005231  DMA_ERR_IRQHandler                   
00005231  DMA_INT0_IRQHandler                  
00005231  DMA_INT1_IRQHandler                  
00005231  DMA_INT2_IRQHandler                  
00005231  DMA_INT3_IRQHandler                  
00005231  DebugMon_Handler                     
00005231  Default_Handler                      
00005231  EUSCIA0_IRQHandler                   
00005231  EUSCIA1_IRQHandler                   
00005231  EUSCIA2_IRQHandler                   
00005231  EUSCIA3_IRQHandler                   
00005231  EUSCIB0_IRQHandler                   
00005231  EUSCIB1_IRQHandler                   
00005231  EUSCIB2_IRQHandler                   
00005231  EUSCIB3_IRQHandler                   
00005231  FLCTL_IRQHandler                     
00005231  FPU_IRQHandler                       
00005231  HardFault_Handler                    
00005231  MemManage_Handler                    
00005231  NMI_Handler                          
00005231  PCM_IRQHandler                       
00005231  PORT1_IRQHandler                     
00005231  PORT3_IRQHandler                     
00005231  PORT4_IRQHandler                     
00005231  PORT5_IRQHandler                     
00005231  PORT6_IRQHandler                     
00005231  PSS_IRQHandler                       
00005231  PendSV_Handler                       
00005231  SVC_Handler                          
00005231  T32_INT1_IRQHandler                  
00005231  T32_INT2_IRQHandler                  
00005231  T32_INTC_IRQHandler                  
00005231  TA0_N_IRQHandler                     
00005231  TA1_0_IRQHandler                     
00005231  TA1_N_IRQHandler                     
00005231  TA2_N_IRQHandler                     
00005231  TA3_N_IRQHandler                     
00005231  UsageFault_Handler                   
00005231  WDT_A_IRQHandler                     
00005239  SysTick_Handler                      
00005239  SysTick_Handler                      
0000523c  FskBandwidths                        
000052ec  Radio                                
00005388  RadioRegsInit                        
000053b8  currentTime                          
000053d4  spiMasterConfig                      
00005400  contConfig0                          
00005428  __TI_Handler_Table_Base              
00005434  __TI_Handler_Table_Limit             
00005440  __TI_CINIT_Base                      
00005450  __TI_CINIT_Limit                     
20000000  SX1276                               
20000000  __start___llvm_prf_cnts              
20000000  __stop___llvm_prf_cnts               
20000220  RxTimeoutSyncWord                    
20000238  RxTimeoutTimer                       
20000250  TxTimeoutTimer                       
20000268  Led1                                 
2000027c  Led2                                 
20000290  Led3                                 
200002ac  Buffer                               
200002ec  DIO0Flag                             
200002ed  DIO1Flag                             
200002ee  DIO2Flag                             
200002ef  DIO3Flag                             
200002f0  DIO4Flag                             
200002f1  State                                
200002f2  BufferSize                           
200002f4  RssiValue                            
200002f5  SnrValue                             
200002f6  minutes                              
200002f7  TxFlag                               
200002fc  txMsg                                
20000300  timerTick_ms                         
20000301  isTimerAcounterRunning               
2000fe00  __stack                              
20010000  __STACK_END                          
4000480c  WDTCTL_SYM                           
ffffffff  __TI_pprof_out_hndl                  
ffffffff  __TI_prof_data_size                  
ffffffff  __TI_prof_data_start                 
ffffffff  __binit__                            
ffffffff  __c_args__                           
ffffffff  binit                                
UNDEFED   __mpu_init                           
UNDEFED   _system_post_cinit                   

[263 symbols]
