******************************************************************************
                  TI ARM Linker Unix v20.2.1                   
******************************************************************************
>> Linked Wed Aug  5 15:37:11 2020

OUTPUT FILE NAME:   <Meesters.out>
ENTRY POINT SYMBOL: "_c_int00_noargs"  address: 00006df5


MEMORY CONFIGURATION

         name            origin    length      used     unused   attr    fill
----------------------  --------  ---------  --------  --------  ----  --------
  MAIN                  00000000   00040000  00007ac6  0003853a  R  X
  INFO                  00200000   00004000  00000000  00004000  R  X
  SRAM_CODE             01000000   00010000  00001090  0000ef70  RW X
  SRAM_DATA             20000000   00010000  00001090  0000ef70  RW  


SEGMENT ALLOCATION MAP

run origin  load origin   length   init length attrs members
----------  ----------- ---------- ----------- ----- -------
00000000    00000000    00007ad0   00007ad0    r-x
  00000000    00000000    000000e4   000000e4    r-- .intvecs
  000000e8    000000e8    00007672   00007672    r-x .text
  0000775c    0000775c    000002d8   000002d8    r-- .const
  00007a38    00007a38    00000098   00000098    r-- .cinit
20000000    20000000    00000e90   00000000    rw-
  20000000    20000000    00000800   00000000    rw- .sysmem
  20000800    20000800    00000490   00000000    rw- .bss
  20000c90    20000c90    00000200   00000000    rw- .data
2000fe00    2000fe00    00000200   00000000    rw-
  2000fe00    2000fe00    00000200   00000000    rw- .stack


SECTION ALLOCATION MAP

 output                                  attributes/
section   page    origin      length       input sections
--------  ----  ----------  ----------   ----------------
.intvecs   0    00000000    000000e4     
                  00000000    000000e4     startup_msp432p401r_ccs.obj (.intvecs:retain)

.text      0    000000e8    00007672     
                  000000e8    00000a4e     rtsv7M4_T_le_v4SPD16_eabi.lib : _printfi.c.obj (.text:__TI_printfi)
                  00000b36    00000002                                   : _lock.c.obj (.text:_nop)
                  00000b38    000004e8     my_RFM9x.obj (.text:SX1276OnDio0Irq)
                  00001020    0000041e     my_RFM9x.obj (.text:SX1276SetRxConfig)
                  0000143e    00000002     rtsv7M4_T_le_v4SPD16_eabi.lib : div0.asm.obj (.text)
                  00001440    00000400     my_RFM9x.obj (.text:SX1276GetTimeOnAir)
                  00001840    00000336     my_RFM9x.obj (.text:SX1276SetTxConfig)
                  00001b76    00000002     --HOLE-- [fill = 0]
                  00001b78    00000312     my_RFM9x.obj (.text:SX1276SetRx)
                  00001e8a    00000004     rtsv7M4_T_le_v4SPD16_eabi.lib : printf.c.obj (.text:_outc)
                  00001e8e    00000002     --HOLE-- [fill = 0]
                  00001e90    00000284     board.obj (.text:BoardUnusedIoInit)
                  00002114    00000270     rtsv7M4_T_le_v4SPD16_eabi.lib : _printfi.c.obj (.text:_pconv_a)
                  00002384    00000004                                   : printf.c.obj (.text:_outs)
                  00002388    00000260     my_RFM9x.obj (.text:SX1276OnDio1Irq)
                  000025e8    000001fa     gpio-board.obj (.text:GpioMcuInit)
                  000027e2    00000002     --HOLE-- [fill = 0]
                  000027e4    000001d0     rtsv7M4_T_le_v4SPD16_eabi.lib : _printfi.c.obj (.text:_pconv_g)
                  000029b4    00000004                                   : pre_init.c.obj (.text:_system_pre_init)
                  000029b8    000001c0     main.obj (.text:RadioInit)
                  00002b78    000001b6     rtsv7M4_T_le_v4SPD16_eabi.lib : fd_add_t2.asm.obj (.text)
                  00002d2e    00000002     --HOLE-- [fill = 0]
                  00002d30    00000198     my_RFM9x.obj (.text:SX1276OnDio2Irq)
                  00002ec8    00000198     my_RFM9x.obj (.text:SX1276Send)
                  00003060    0000018e     my_RFM9x.obj (.text:SX1276OnTimeoutIrq)
                  000031ee    00000002     --HOLE-- [fill = 0]
                  000031f0    0000016e     timer.obj (.text:TimerIrqHandler)
                  0000335e    00000002     --HOLE-- [fill = 0]
                  00003360    0000015c     sx1276-board.obj (.text:SX1276SetRfTxPower)
                  000034bc    00000004     rtsv7M4_T_le_v4SPD16_eabi.lib : exit.c.obj (.text:abort:abort)
                  000034c0    00000158     gpio-board.obj (.text:GpioMcuSetInterrupt)
                  00003618    0000013c     timer.obj (.text:TimerStop)
                  00003754    0000013c     rtsv7M4_T_le_v4SPD16_eabi.lib : _printfi.c.obj (.text:_pconv_e)
                  00003890    00000136                                   : fd_div_t2.asm.obj (.text)
                  000039c6    00000002     --HOLE-- [fill = 0]
                  000039c8    00000124                                   : _printfi.c.obj (.text:fcvt)
                  00003aec    00000114                                   : fputs.c.obj (.text:fputs)
                  00003c00    00000110                                   : s_scalbn.c.obj (.text:scalbn)
                  00003d10    00000108                                   : memory.c.obj (.text:aligned_alloc)
                  00003e18    00000104     msp432p4xx_driverlib.lib : cs.o (.text:_CSComputeCLKFrequency)
                  00003f1c    000000fc     rtsv7M4_T_le_v4SPD16_eabi.lib : fd_mul_t2.asm.obj (.text)
                  00004018    000000f8     msp432p4xx_driverlib.lib : cs.o (.text:CS_getDCOFrequency)
                  00004110    000000f8     rtsv7M4_T_le_v4SPD16_eabi.lib : s_ceil.c.obj (.text:ceil)
                  00004208    000000f8                                   : s_floor.c.obj (.text:floor)
                  00004300    000000ec     my_RFM9x.obj (.text:SX1276SetTx)
                  000043ec    000000e4     rtsv7M4_T_le_v4SPD16_eabi.lib : memory.c.obj (.text:free)
                  000044d0    000000e0     msp432p4xx_driverlib.lib : cs.o (.text:CS_startLFXTWithTimeout)
                  000045b0    000000dc     rtsv7M4_T_le_v4SPD16_eabi.lib : setvbuf.c.obj (.text:setvbuf)
                  0000468c    00000004     --HOLE-- [fill = 0]
                  00004690    000000d6     board.obj (.text:BoardInitMcu)
                  00004766    00000002     --HOLE-- [fill = 0]
                  00004768    000000d6     my_RFM9x.obj (.text:SX1276Init)
                  0000483e    00000002     --HOLE-- [fill = 0]
                  00004840    000000cb     main.obj (.text:main)
                  0000490b    00000005     --HOLE-- [fill = 0]
                  00004910    000000c8     my_RFM9x.obj (.text:RxChainCalibration)
                  000049d8    000000c4     sx1276-board.obj (.text:SX1276IoInit)
                  00004a9c    00000004     --HOLE-- [fill = 0]
                  00004aa0    000000c4     my_RFM9x.obj (.text:SX1276SetModem)
                  00004b64    000000c0     rtsv7M4_T_le_v4SPD16_eabi.lib : s_round.c.obj (.text:round)
                  00004c24    00000004     --HOLE-- [fill = 0]
                  00004c28    000000b2     board.obj (.text:SystemClockConfig)
                  00004cda    00000002     --HOLE-- [fill = 0]
                  00004cdc    000000b1     rtsv7M4_T_le_v4SPD16_eabi.lib : _printfi.c.obj (.text:_ltostr)
                  00004d8d    00000001     --HOLE-- [fill = 0]
                  00004d8e    000000b0     msp432p4xx_driverlib.lib : spi.o (.text:SPI_initMaster)
                  00004e3e    00000002     --HOLE-- [fill = 0]
                  00004e40    0000009e     system_msp432p401r.obj (.text:SystemInit)
                  00004ede    00000002     --HOLE-- [fill = 0]
                  00004ee0    0000009d     main.obj (.text:PORT2_IRQHandler)
                  00004f7d    00000001     --HOLE-- [fill = 0]
                  00004f7e    0000009c     rtsv7M4_T_le_v4SPD16_eabi.lib : memcpy_t2.asm.obj (.text)
                  0000501a    00000006     --HOLE-- [fill = 0]
                  00005020    0000009a     my_rtc.obj (.text:RtcInit)
                  000050ba    00000006     --HOLE-- [fill = 0]
                  000050c0    00000098     timer.obj (.text:TimerStart)
                  00005158    00000096     rtsv7M4_T_le_v4SPD16_eabi.lib : ull_div_t2.asm.obj (.text)
                  000051ee    00000002     --HOLE-- [fill = 0]
                  000051f0    00000094     msp432p4xx_driverlib.lib : rtc_c.o (.text:RTC_C_getEnabledInterruptStatus)
                  00005284    00000094                              : sysctl_a.o (.text:SysCtl_A_getTLVInfo)
                  00005318    00000090     my_RFM9x.obj (.text:SX1276IsChannelFree)
                  000053a8    0000008f     main.obj (.text:OnRxDone)
                  00005437    00000001     --HOLE-- [fill = 0]
                  00005438    0000008c     rtsv7M4_T_le_v4SPD16_eabi.lib : fputc.c.obj (.text:fputc)
                  000054c4    00000086                                   : fd_cmp_t2.asm.obj (.text:__aeabi_cdcmple)
                  0000554a    00000086                                   : fd_cmp_t2.asm.obj (.text:__aeabi_cdrcmple)
                  000055d0    0000007e     my_spi.obj (.text:spi_read_write)
                  0000564e    00000002     --HOLE-- [fill = 0]
                  00005650    0000007c     msp432p4xx_driverlib.lib : cs.o (.text:_CSGetDOCFrequency)
                  000056cc    0000007a     rtsv7M4_T_le_v4SPD16_eabi.lib : memset_t2.asm.obj (.text)
                  00005746    00000002     --HOLE-- [fill = 0]
                  00005748    00000078     my_RFM9x.obj (.text:GetFskBandwidthRegValue)
                  000057c0    00000078     my_RFM9x.obj (.text:SX1276ReadBuffer)
                  00005838    00000076     my_RFM9x.obj (.text:SX1276ReadRssi)
                  000058ae    00000002     --HOLE-- [fill = 0]
                  000058b0    00000076     my_RFM9x.obj (.text:SX1276WriteBuffer)
                  00005926    00000002     --HOLE-- [fill = 0]
                  00005928    00000074     rtsv7M4_T_le_v4SPD16_eabi.lib : fclose.c.obj (.text:__TI_closefile)
                  0000599c    00000004     --HOLE-- [fill = 0]
                  000059a0    00000072     my_spi.obj (.text:spi_open)
                  00005a12    00000006     --HOLE-- [fill = 0]
                  00005a18    00000070     my_RFM9x.obj (.text:SX1276SetChannel)
                  00005a88    00000070     rtsv7M4_T_le_v4SPD16_eabi.lib : memory.c.obj (.text:split)
                  00005af8    0000006e                                   : _printfi.c.obj (.text:_mcpy)
                  00005b66    00000002     --HOLE-- [fill = 0]
                  00005b68    0000006c                                   : hostrename.c.obj (.text:HOSTrename)
                  00005bd4    00000068                                   : hostlseek.c.obj (.text:HOSTlseek)
                  00005c3c    00000004     --HOLE-- [fill = 0]
                  00005c40    00000068     my_RFM9x.obj (.text:SX1276Random)
                  00005ca8    00000068     timer.obj (.text:TimerInsertTimer)
                  00005d10    00000068     rtsv7M4_T_le_v4SPD16_eabi.lib : copy_decompress_lzss.c.obj (.text:decompress:lzss:__TI_decompress_lzss)
                  00005d78    00000068                                   : printf.c.obj (.text:printf)
                  00005de0    00000064     msp432p4xx_driverlib.lib : rtc_c.o (.text:RTC_C_enableInterrupt)
                  00005e44    00000004     --HOLE-- [fill = 0]
                  00005e48    00000064     sx1276-board.obj (.text:SX1276IoIrqInit)
                  00005eac    00000064     rtsv7M4_T_le_v4SPD16_eabi.lib : s_frexp.c.obj (.text:frexp)
                  00005f10    00000064                                   : fseek.c.obj (.text:fseek)
                  00005f74    00000062     msp432p4xx_driverlib.lib : cs.o (.text:_CSGetDividerValue)
                  00005fd6    00000062     rtsv7M4_T_le_v4SPD16_eabi.lib : _io_perm.c.obj (.text:__TI_wrt_ok)
                  00006038    00000060                                   : hostopen.c.obj (.text:HOSTopen)
                  00006098    00000060     my_timer.obj (.text:TimerACounterInit)
                  000060f8    0000005c     msp432p4xx_driverlib.lib : rtc_c.o (.text:RTC_C_getInterruptStatus)
                  00006154    0000005c     rtsv7M4_T_le_v4SPD16_eabi.lib : close.c.obj (.text:close)
                  000061b0    00000058     gpio-board.obj (.text:GpioMcuWrite)
                  00006208    00000058     rtsv7M4_T_le_v4SPD16_eabi.lib : hostread.c.obj (.text:HOSTread)
                  00006260    00000058                                   : hostwrite.c.obj (.text:HOSTwrite)
                  000062b8    00000056                                   : _printfi.c.obj (.text:_pconv_f)
                  0000630e    00000002     --HOLE-- [fill = 0]
                  00006310    00000054     my_timer.obj (.text:Delayms)
                  00006364    00000004     --HOLE-- [fill = 0]
                  00006368    00000054     my_rtc.obj (.text:RTC_C_IRQHandler)
                  000063bc    00000054     rtsv7M4_T_le_v4SPD16_eabi.lib : _ltoa.c.obj (.text:__TI_ltoa)
                  00006410    00000052                                   : _printfi.c.obj (.text:_ecpy)
                  00006462    00000006     --HOLE-- [fill = 0]
                  00006468    0000004e     main.obj (.text:OnRxTimeout)
                  000064b6    00000002     --HOLE-- [fill = 0]
                  000064b8    0000004e     my_timer.obj (.text:SetAlarm)
                  00006506    0000004e     msp432p4xx_driverlib.lib : timer_a.o (.text:Timer_A_initCompare)
                  00006554    00000004     --HOLE-- [fill = 0]
                  00006558    0000004e     my_spi.obj (.text:spiRead_RFM)
                  000065a6    00000002     --HOLE-- [fill = 0]
                  000065a8    0000004c     my_RFM9x.obj (.text:SX1276SetMaxPayloadLength)
                  000065f4    0000004c     msp432p4xx_driverlib.lib : timer_a.o (.text:Timer_A_getCounterValue)
                  00006640    0000004c     rtsv7M4_T_le_v4SPD16_eabi.lib : fflush.c.obj (.text:__TI_doflush)
                  0000668c    0000004c                                   : atoi.c.obj (.text:atoi)
                  000066d8    0000004c     my_timer.obj (.text:getTimerAcounterValue)
                  00006724    00000004     --HOLE-- [fill = 0]
                  00006728    0000004c     my_spi.obj (.text:spiWrite_RFM)
                  00006774    00000048     rtsv7M4_T_le_v4SPD16_eabi.lib : exit.c.obj (.text:exit)
                  000067bc    00000048                                   : fd_toi_t2.asm.obj (.text)
                  00006804    00000004     --HOLE-- [fill = 0]
                  00006808    00000046     my_RFM9x.obj (.text:SX1276StartCad)
                  0000684e    00000002     --HOLE-- [fill = 0]
                  00006850    00000044     rtsv7M4_T_le_v4SPD16_eabi.lib : hostclose.c.obj (.text:HOSTclose)
                  00006894    00000044                                   : hostunlink.c.obj (.text:HOSTunlink)
                  000068d8    00000044                                   : autoinit.c.obj (.text:__TI_auto_init_nobinit_nopinit:__TI_auto_init_nobinit_nopinit)
                  0000691c    00000044                                   : getdevice.c.obj (.text:getdevice)
                  00006960    00000044                                   : fd_tou_t2.asm.obj (.text)
                  000069a4    00000004     --HOLE-- [fill = 0]
                  000069a8    00000042     timer.obj (.text:TimerInsertNewHeadTimer)
                  000069ea    00000002     --HOLE-- [fill = 0]
                  000069ec    00000040     msp432p4xx_driverlib.lib : gpio.o (.text:GPIO_setAsOutputPin)
                  00006a2c    00000004     --HOLE-- [fill = 0]
                  00006a30    00000040     my_RFM9x.obj (.text:SX1276SetSleep)
                  00006a70    00000040     my_timer.obj (.text:TA2_0_IRQHandler)
                  00006ab0    00000040     msp432p4xx_driverlib.lib : spi.o (.text:is_A_Module)
                  00006af0    00000040     my_timer.obj (.text:stopLoRaTimer)
                  00006b30    0000003e     rtsv7M4_T_le_v4SPD16_eabi.lib : _printfi.c.obj (.text:_fcpy)
                  00006b6e    00000002     --HOLE-- [fill = 0]
                  00006b70    0000003c     my_RFM9x.obj (.text:SX1276SetPublicNetwork)
                  00006bac    00000004     --HOLE-- [fill = 0]
                  00006bb0    0000003c     timer.obj (.text:TimerSetTimeout)
                  00006bec    00000004     --HOLE-- [fill = 0]
                  00006bf0    0000003c     timer.obj (.text:TimerSetValue)
                  00006c2c    00000004     --HOLE-- [fill = 0]
                  00006c30    0000003a     my_RFM9x.obj (.text:SX1276SetStby)
                  00006c6a    00000006     --HOLE-- [fill = 0]
                  00006c70    0000003a     timer.obj (.text:TimerExists)
                  00006caa    00000002     --HOLE-- [fill = 0]
                  00006cac    00000038     rtsv7M4_T_le_v4SPD16_eabi.lib : trgmsg.c.obj (.text:__TI_writemsg)
                  00006ce4    00000004     --HOLE-- [fill = 0]
                  00006ce8    00000036     timer.obj (.text:TimerInit)
                  00006d1e    00000036     rtsv7M4_T_le_v4SPD16_eabi.lib : strncpy.c.obj (.text:strncpy)
                  00006d54    00000004     --HOLE-- [fill = 0]
                  00006d58    00000034     my_gpio.obj (.text:GpioInit)
                  00006d8c    00000034     rtsv7M4_T_le_v4SPD16_eabi.lib : fopen.c.obj (.text:__TI_cleanup)
                  00006dc0    00000034                                   : trgmsg.c.obj (.text:__TI_readmsg)
                  00006df4    00000034                                   : boot_cortex_m.c.obj (.text:_c_int00_noargs:_c_int00_noargs)
                  00006e28    00000030     msp432p4xx_driverlib.lib : cs.o (.text:CS_clearInterruptFlag)
                  00006e58    00000030     rtsv7M4_T_le_v4SPD16_eabi.lib : getdevice.c.obj (.text:finddevice)
                  00006e88    0000002e     main.obj (.text:OnTxTimeout)
                  00006eb6    0000002e     rtsv7M4_T_le_v4SPD16_eabi.lib : i_tofd_t2.asm.obj (.text)
                  00006ee4    00000004     --HOLE-- [fill = 0]
                  00006ee8    0000002c     main.obj (.text:OnRxError)
                  00006f14    00000004     --HOLE-- [fill = 0]
                  00006f18    0000002c     sx1276-board.obj (.text:SX1276Reset)
                  00006f44    00000004     --HOLE-- [fill = 0]
                  00006f48    0000002c     my_timer.obj (.text:TA3_0_IRQHandler)
                  00006f74    00000004     --HOLE-- [fill = 0]
                  00006f78    0000002c     timer.obj (.text:TimerGetElapsedTime)
                  00006fa4    0000002c     msp432p4xx_driverlib.lib : timer_a.o (.text:Timer_A_clearCaptureCompareInterrupt)
                  00006fd0    0000002c     rtsv7M4_T_le_v4SPD16_eabi.lib : unlink.c.obj (.text:unlink)
                  00006ffc    00000004     --HOLE-- [fill = 0]
                  00007000    0000002b     main.obj (.text:OnTxDone)
                  0000702b    00000005     --HOLE-- [fill = 0]
                  00007030    0000002a     my_timer.obj (.text:StopAlarm)
                  0000705a    00000006     --HOLE-- [fill = 0]
                  00007060    0000002a     my_timer.obj (.text:startTimerAcounter)
                  0000708a    00000002     --HOLE-- [fill = 0]
                  0000708c    00000028     msp432p4xx_driverlib.lib : cs.o (.text:CS_getSMCLK)
                  000070b4    00000028                              : gpio.o (.text:GPIO_enableInterrupt)
                  000070dc    00000028                              : gpio.o (.text:GPIO_setOutputHighOnPin)
                  00007104    00000028                              : gpio.o (.text:GPIO_setOutputLowOnPin)
                  0000712c    00000004     --HOLE-- [fill = 0]
                  00007130    00000028     my_gpio.obj (.text:GpioFlashLED)
                  00007158    00000028     msp432p4xx_driverlib.lib : spi.o (.text:SPI_getInterruptStatus)
                  00007180    00000028                              : timer_a.o (.text:Timer_A_setCompareValue)
                  000071a8    00000028     rtsv7M4_T_le_v4SPD16_eabi.lib : memory.c.obj (.text:free_list_insert)
                  000071d0    00000028                                   : lseek.c.obj (.text:lseek)
                  000071f8    00000028                                   : write.c.obj (.text:write)
                  00007220    00000026     msp432p4xx_driverlib.lib : spi.o (.text:SPI_transmitData)
                  00007246    00000002     --HOLE-- [fill = 0]
                  00007248    00000024     my_timer.obj (.text:SetTimerContext)
                  0000726c    00000004     --HOLE-- [fill = 0]
                  00007270    00000024     my_timer.obj (.text:TA0_0_IRQHandler)
                  00007294    00000004     --HOLE-- [fill = 0]
                  00007298    00000022     my_gpio.obj (.text:GpioSetInterrupt)
                  000072ba    00000002     --HOLE-- [fill = 0]
                  000072bc    00000020     msp432p4xx_driverlib.lib : cs.o (.text:CS_setExternalClockSourceFrequency)
                  000072dc    00000004     --HOLE-- [fill = 0]
                  000072e0    00000020     my_timer.obj (.text:GetTimerElapsedTime)
                  00007300    00000020     my_RFM9x.obj (.text:SX1276SetOpMode)
                  00007320    00000020     rtsv7M4_T_le_v4SPD16_eabi.lib : memchr.c.obj (.text:memchr)
                  00007340    00000020                                   : fputs.c.obj (.text:puts)
                  00007360    00000020                                   : u_tofd_t2.asm.obj (.text)
                  00007380    0000001c     msp432p4xx_driverlib.lib : spi.o (.text:SPI_enableModule)
                  0000739c    0000001c                              : spi.o (.text:SPI_receiveData)
                  000073b8    0000001c     my_RFM9x.obj (.text:SX1276ReadFifo)
                  000073d4    00000004     --HOLE-- [fill = 0]
                  000073d8    0000001c     my_RFM9x.obj (.text:SX1276WriteFifo)
                  000073f4    0000001c     rtsv7M4_T_le_v4SPD16_eabi.lib : memory.c.obj (.text:free_list_remove)
                  00007410    0000001c                                   : memccpy.c.obj (.text:memccpy)
                  0000742c    0000001a                                   : s_copysign.c.obj (.text:copysign)
                  00007446    00000018     msp432p4xx_driverlib.lib : spi.o (.text:EUSCI_A_SPI_getInterruptStatus)
                  0000745e    00000018                              : spi.o (.text:EUSCI_B_SPI_getInterruptStatus)
                  00007476    00000002     --HOLE-- [fill = 0]
                  00007478    00000018                              : sysctl_a.o (.text:SysCtl_A_disableNMISource)
                  00007490    00000018                              : sysctl_a.o (.text:SysCtl_A_enableNMISource)
                  000074a8    00000018                              : timer_a.o (.text:Timer_A_clearTimer)
                  000074c0    00000018                              : timer_a.o (.text:Timer_A_disableInterrupt)
                  000074d8    00000018     rtsv7M4_T_le_v4SPD16_eabi.lib : strcmp.c.obj (.text:strcmp)
                  000074f0    00000016     msp432p4xx_driverlib.lib : spi.o (.text:EUSCI_A_SPI_enable)
                  00007506    00000016                              : spi.o (.text:EUSCI_A_SPI_transmitData)
                  0000751c    00000016                              : spi.o (.text:EUSCI_B_SPI_enable)
                  00007532    00000016                              : spi.o (.text:EUSCI_B_SPI_transmitData)
                  00007548    00000016     my_gpio.obj (.text:GpioWrite)
                  0000755e    00000016     msp432p4xx_driverlib.lib : timer_a.o (.text:Timer_A_clearInterruptFlag)
                  00007574    00000016                              : timer_a.o (.text:Timer_A_startCounter)
                  0000758a    00000016     rtsv7M4_T_le_v4SPD16_eabi.lib : strchr.c.obj (.text:strchr)
                  000075a0    00000014     board.obj (.text:BoardCriticalSectionBegin)
                  000075b4    00000004     --HOLE-- [fill = 0]
                  000075b8    00000014     board.obj (.text:GetBoardPowerSource)
                  000075cc    00000004     --HOLE-- [fill = 0]
                  000075d0    00000014     my_timer.obj (.text:GetTimerValue)
                  000075e4    00000014     msp432p4xx_driverlib.lib : timer_a.o (.text:Timer_A_stopTimer)
                  000075f8    00000014     rtsv7M4_T_le_v4SPD16_eabi.lib : strcpy.c.obj (.text:strcpy)
                  0000760c    00000014                                   : strlen.c.obj (.text:strlen)
                  00007620    00000012     board.obj (.text:BoardCriticalSectionEnd)
                  00007632    00000012     rtsv7M4_T_le_v4SPD16_eabi.lib : wcslen.c.obj (.text:wcslen)
                  00007644    00000010     msp432p4xx_driverlib.lib : spi.o (.text:EUSCI_A_SPI_receiveData)
                  00007654    00000010                              : spi.o (.text:EUSCI_B_SPI_receiveData)
                  00007664    00000010                              : sysctl_a.o (.text:SysCtl_A_getNMISourceStatus)
                  00007674    00000004     --HOLE-- [fill = 0]
                  00007678    00000010     timer.obj (.text:TimerGetCurrentTime)
                  00007688    0000000e     msp432p4xx_driverlib.lib : cs.o (.text:CS_startLFXT)
                  00007696    0000000e     rtsv7M4_T_le_v4SPD16_eabi.lib : copy_decompress_none.c.obj (.text:decompress:none:__TI_decompress_none)
                  000076a4    00000004     --HOLE-- [fill = 0]
                  000076a8    0000000c     my_timer.obj (.text:GetTimerContext)
                  000076b4    00000004     --HOLE-- [fill = 0]
                  000076b8    0000000c     startup_msp432p401r_ccs.obj (.text:Reset_Handler)
                  000076c4    00000004     --HOLE-- [fill = 0]
                  000076c8    0000000c     sx1276-board.obj (.text:SX1276CheckRfFrequency)
                  000076d4    00000004     --HOLE-- [fill = 0]
                  000076d8    0000000c     sx1276-board.obj (.text:SX1276GetPaSelect)
                  000076e4    00000004     --HOLE-- [fill = 0]
                  000076e8    0000000c     my_RFM9x.obj (.text:SX1276GetStatus)
                  000076f4    00000004     --HOLE-- [fill = 0]
                  000076f8    0000000c     my_timer.obj (.text:Tick2Ms)
                  00007704    00000004     --HOLE-- [fill = 0]
                  00007708    0000000c     my_timer.obj (.text:TimerMs2Tick)
                  00007714    0000000c     rtsv7M4_T_le_v4SPD16_eabi.lib : copy_zero_init.c.obj (.text:decompress:ZI:__TI_zero_init)
                  00007720    0000000a     my_RFM9x.obj (.text:SX1276GetWakeupTime)
                  0000772a    00000002     --HOLE-- [fill = 0]
                  0000772c    00000008     rtsv7M4_T_le_v4SPD16_eabi.lib : errno.c.obj (.text:__aeabi_errno_addr)
                  00007734    00000008                                   : memory.c.obj (.text:malloc)
                  0000773c    00000004     --HOLE-- [fill = 0]
                  00007740    00000004     my_timer.obj (.text:GetMinimumTimeout)
                  00007744    00000004     --HOLE-- [fill = 0]
                  00007748    00000004     sx1276-board.obj (.text:SX1276GetBoardTcxoWakeupTime)
                  0000774c    00000004     --HOLE-- [fill = 0]
                  00007750    00000002     startup_msp432p401r_ccs.obj (.text:Default_Handler)
                  00007752    00000006     --HOLE-- [fill = 0]
                  00007758    00000002     my_systick.obj (.text:SysTick_Handler)

.const     0    0000775c    000002d8     
                  0000775c    00000101     rtsv7M4_T_le_v4SPD16_eabi.lib : ctype.c.obj (.const:.string:_ctypes_)
                  0000785d    00000003     --HOLE-- [fill = 0]
                  00007860    000000b0     my_RFM9x.obj (.const:FskBandwidths)
                  00007910    0000006c     sx1276-board.obj (.const:Radio)
                  0000797c    00000030     msp432p4xx_driverlib.lib : gpio.o (.const:GPIO_PORT_TO_BASE)
                  000079ac    00000030     my_RFM9x.obj (.const:RadioRegsInit)
                  000079dc    0000001c     my_spi.obj (.const:$P$T0$1)
                  000079f8    0000001c     my_rtc.obj (.const:currentTime)
                  00007a14    00000010     my_timer.obj (.const:$P$T1$2)
                  00007a24    00000010     my_timer.obj (.const:contConfig0)

.cinit     0    00007a38    00000098     
                  00007a38    00000074     (.cinit..data.load) [load image, compression = lzss]
                  00007aac    0000000c     (__TI_handler_table)
                  00007ab8    00000008     (.cinit..bss.load) [load image, compression = zero_init]
                  00007ac0    00000010     (__TI_cinit_table)

.init_array 
*          0    00000000    00000000     UNINITIALIZED

.binit     0    00000000    00000000     

.sysmem    0    20000000    00000800     UNINITIALIZED
                  20000000    00000010     rtsv7M4_T_le_v4SPD16_eabi.lib : memory.c.obj (.sysmem)
                  20000010    000007f0     --HOLE--

.bss       0    20000800    00000490     UNINITIALIZED
                  20000800    00000120     rtsv7M4_T_le_v4SPD16_eabi.lib : trgmsg.c.obj (.bss:_CIOBUF_)
                  20000920    00000104     (.common:SX1276)
                  20000a24    00000100     my_RFM9x.obj (.bss:RxTxBuffer)
                  20000b24    000000a0     (.common:__TI_tmpnams)
                  20000bc4    0000001c     main.obj (.bss:RadioEvents)
                  20000be0    00000018     (.common:RxTimeoutSyncWord)
                  20000bf8    00000018     (.common:RxTimeoutTimer)
                  20000c10    00000018     (.common:TxTimeoutTimer)
                  20000c28    00000014     (.common:Led_rgb_blue)
                  20000c3c    00000014     (.common:Led_rgb_green)
                  20000c50    00000014     (.common:Led_rgb_red)
                  20000c64    00000014     (.common:Led_user_red)
                  20000c78    00000008     msp432p4xx_driverlib.lib : cs.o (.bss)
                  20000c80    00000008     (.common:parmbuf)
                  20000c88    00000004     my_timer.obj (.bss:TimerContext)
                  20000c8c    00000004     my_RFM9x.obj (.bss)

.data      0    20000c90    00000200     UNINITIALIZED
                  20000c90    000000f0     rtsv7M4_T_le_v4SPD16_eabi.lib : defs.c.obj (.data:_ftable)
                  20000d80    00000078                                   : host_device.c.obj (.data:_device)
                  20000df8    00000050                                   : host_device.c.obj (.data:_stream)
                  20000e48    00000010                                   : defs.c.obj (.data)
                  20000e58    0000000c                                   : exit.c.obj (.data:$O1$$)
                  20000e64    0000000b     main.obj (.data)
                  20000e6f    00000001     board.obj (.data)
                  20000e70    00000008     rtsv7M4_T_le_v4SPD16_eabi.lib : _lock.c.obj (.data:$O1$$)
                  20000e78    00000008                                   : memory.c.obj (.data:$O1$$)
                  20000e80    00000004     main.obj (.data:Buffer)
                  20000e84    00000004     rtsv7M4_T_le_v4SPD16_eabi.lib : errno.c.obj (.data)
                  20000e88    00000004     timer.obj (.data)
                  20000e8c    00000002     my_rtc.obj (.data)
                  20000e8e    00000002     my_timer.obj (.data)

.stack     0    2000fe00    00000200     UNINITIALIZED
                  2000fe00    00000004     rtsv7M4_T_le_v4SPD16_eabi.lib : boot_cortex_m.c.obj (.stack)
                  2000fe04    000001fc     --HOLE--

__llvm_prf_cnts 
*          0    20000000    00000000     UNINITIALIZED

MODULE SUMMARY

       Module                        code    ro data   rw data
       ------                        ----    -------   -------
    ./
       my_RFM9x.obj                  8884    224       1184   
       timer.obj                     1296    0         8      
       board.obj                     1094    0         162    
       main.obj                      1162    0         86     
       gpio-board.obj                938     0         0      
       sx1276-board.obj              716     108       0      
       my_timer.obj                  754     32        12     
       my_spi.obj                    394     28        0      
       my_rtc.obj                    238     28        4      
       system_msp432p401r.obj        158     0         0      
       my_gpio.obj                   148     0         0      
       my_systick.obj                2       0         0      
    +--+-----------------------------+-------+---------+---------+
       Total:                        15784   420       1456   
                                                              
    ./ccs/
       startup_msp432p401r_ccs.obj   14      228       0      
    +--+-----------------------------+-------+---------+---------+
       Total:                        14      228       0      
                                                              
    /home/nicholas/ti/ccs1010/ccs/tools/compiler/ti-cgt-arm_20.2.1.LTS/lib/rtsv7M4_T_le_v4SPD16_eabi.lib
       _printfi.c.obj                4851    0         0      
       defs.c.obj                    0       0         832    
       memory.c.obj                  680     0         16     
       trgmsg.c.obj                  108     0         576    
       fd_add_t2.asm.obj             438     0         0      
       host_device.c.obj             0       0         400    
       fd_div_t2.asm.obj             310     0         0      
       fputs.c.obj                   308     0         0      
       s_scalbn.c.obj                272     0         0      
       fd_cmp_t2.asm.obj             268     0         0      
       ctype.c.obj                   0       257       0      
       fd_mul_t2.asm.obj             252     0         0      
       s_ceil.c.obj                  248     0         0      
       s_floor.c.obj                 248     0         0      
       setvbuf.c.obj                 220     0         0      
       s_round.c.obj                 192     0         0      
       memcpy_t2.asm.obj             156     0         0      
       ull_div_t2.asm.obj            150     0         0      
       fputc.c.obj                   140     0         0      
       memset_t2.asm.obj             122     0         0      
       fclose.c.obj                  116     0         0      
       getdevice.c.obj               116     0         0      
       hostopen.c.obj                96      0         16     
       printf.c.obj                  112     0         0      
       hostrename.c.obj              108     0         0      
       copy_decompress_lzss.c.obj    104     0         0      
       hostlseek.c.obj               104     0         0      
       exit.c.obj                    76      0         24     
       fseek.c.obj                   100     0         0      
       s_frexp.c.obj                 100     0         0      
       _io_perm.c.obj                98      0         0      
       close.c.obj                   92      0         0      
       hostread.c.obj                88      0         0      
       hostwrite.c.obj               88      0         0      
       _ltoa.c.obj                   84      0         0      
       atoi.c.obj                    76      0         0      
       fflush.c.obj                  76      0         0      
       fd_toi_t2.asm.obj             72      0         0      
       autoinit.c.obj                68      0         0      
       fd_tou_t2.asm.obj             68      0         0      
       hostclose.c.obj               68      0         0      
       hostunlink.c.obj              68      0         0      
       strncpy.c.obj                 54      0         0      
       boot_cortex_m.c.obj           52      0         0      
       fopen.c.obj                   52      0         0      
       i_tofd_t2.asm.obj             46      0         0      
       unlink.c.obj                  44      0         0      
       lseek.c.obj                   40      0         0      
       write.c.obj                   40      0         0      
       memchr.c.obj                  32      0         0      
       u_tofd_t2.asm.obj             32      0         0      
       memccpy.c.obj                 28      0         0      
       s_copysign.c.obj              26      0         0      
       strcmp.c.obj                  24      0         0      
       strchr.c.obj                  22      0         0      
       strcpy.c.obj                  20      0         0      
       strlen.c.obj                  20      0         0      
       _lock.c.obj                   2       0         16     
       wcslen.c.obj                  18      0         0      
       errno.c.obj                   8       0         8      
       copy_decompress_none.c.obj    14      0         0      
       copy_zero_init.c.obj          12      0         0      
       pre_init.c.obj                4       0         0      
       div0.asm.obj                  2       0         0      
    +--+-----------------------------+-------+---------+---------+
       Total:                        11533   257       1888   
                                                              
    /home/nicholas/ti/ti/simplelink_msp432p4_sdk_3_40_01_02/source/ti/devices/msp432p4xx/driverlib/ccs/msp432p4xx_driverlib.lib
       cs.o                          1088    0         16     
       spi.o                         542     0         0      
       timer_a.o                     350     0         0      
       rtc_c.o                       340     0         0      
       gpio.o                        184     48        0      
       sysctl_a.o                    212     0         0      
    +--+-----------------------------+-------+---------+---------+
       Total:                        2716    48        16     
                                                              
       Heap:                         0       0         4096   
       Stack:                        0       0         1024   
       Linker Generated:             0       152       0      
    +--+-----------------------------+-------+---------+---------+
       Grand Total:                  30047   1105      8480   


LINKER GENERATED COPY TABLES

__TI_cinit_table @ 00007ac0 records: 2, size/record: 8, table size: 16
	.data: load addr=00007a38, load size=00000074 bytes, run addr=20000c90, run size=00000200 bytes, compression=lzss
	.bss: load addr=00007ab8, load size=00000008 bytes, run addr=20000800, run size=00000490 bytes, compression=zero_init


LINKER GENERATED HANDLER TABLE

__TI_handler_table @ 00007aac records: 3, size/record: 4, table size: 12
	index: 0, handler: __TI_decompress_lzss
	index: 1, handler: __TI_decompress_none
	index: 2, handler: __TI_zero_init


GLOBAL SYMBOLS: SORTED ALPHABETICALLY BY Name 

address   name                                
-------   ----                                
00007751  ADC14_IRQHandler                    
00007751  AES256_IRQHandler                   
000075a1  BoardCriticalSectionBegin           
00007621  BoardCriticalSectionEnd             
00004691  BoardInitMcu                        
20000e80  Buffer                              
20000e64  BufferSize                          
00007751  BusFault_Handler                    
000034bd  C$$EXIT                             
00006cdb  C$$IO$$                             
00007751  COMP_E0_IRQHandler                  
00007751  COMP_E1_IRQHandler                  
00007751  CS_IRQHandler                       
00006e29  CS_clearInterruptFlag               
00004019  CS_getDCOFrequency                  
0000708d  CS_getSMCLK                         
000072bd  CS_setExternalClockSourceFrequency  
00007689  CS_startLFXT                        
000044d1  CS_startLFXTWithTimeout             
20000e67  DIO0Flag                            
20000e68  DIO1Flag                            
20000e69  DIO2Flag                            
20000e6a  DIO3Flag                            
20000e6b  DIO4Flag                            
00007751  DMA_ERR_IRQHandler                  
00007751  DMA_INT0_IRQHandler                 
00007751  DMA_INT1_IRQHandler                 
00007751  DMA_INT2_IRQHandler                 
00007751  DMA_INT3_IRQHandler                 
00007751  DebugMon_Handler                    
00007751  Default_Handler                     
00006311  Delayms                             
00007751  EUSCIA0_IRQHandler                  
00007751  EUSCIA1_IRQHandler                  
00007751  EUSCIA2_IRQHandler                  
00007751  EUSCIA3_IRQHandler                  
00007751  EUSCIB0_IRQHandler                  
00007751  EUSCIB1_IRQHandler                  
00007751  EUSCIB2_IRQHandler                  
00007751  EUSCIB3_IRQHandler                  
000074f1  EUSCI_A_SPI_enable                  
00007447  EUSCI_A_SPI_getInterruptStatus      
00007645  EUSCI_A_SPI_receiveData             
00007507  EUSCI_A_SPI_transmitData            
0000751d  EUSCI_B_SPI_enable                  
0000745f  EUSCI_B_SPI_getInterruptStatus      
00007655  EUSCI_B_SPI_receiveData             
00007533  EUSCI_B_SPI_transmitData            
00007751  FLCTL_IRQHandler                    
00007751  FPU_IRQHandler                      
00007860  FskBandwidths                       
000070b5  GPIO_enableInterrupt                
000069ed  GPIO_setAsOutputPin                 
000070dd  GPIO_setOutputHighOnPin             
00007105  GPIO_setOutputLowOnPin              
000075b9  GetBoardPowerSource                 
00005749  GetFskBandwidthRegValue             
00007741  GetMinimumTimeout                   
000076a9  GetTimerContext                     
000072e1  GetTimerElapsedTime                 
000075d1  GetTimerValue                       
00007131  GpioFlashLED                        
00006d59  GpioInit                            
000025e9  GpioMcuInit                         
000034c1  GpioMcuSetInterrupt                 
000061b1  GpioMcuWrite                        
00007299  GpioSetInterrupt                    
00007549  GpioWrite                           
00006851  HOSTclose                           
00005bd5  HOSTlseek                           
00006039  HOSTopen                            
00006209  HOSTread                            
00005b69  HOSTrename                          
00006895  HOSTunlink                          
00006261  HOSTwrite                           
00007751  HardFault_Handler                   
20000c28  Led_rgb_blue                        
20000c3c  Led_rgb_green                       
20000c50  Led_rgb_red                         
20000c64  Led_user_red                        
00007751  MemManage_Handler                   
00007751  NMI_Handler                         
000053a9  OnRxDone                            
00006ee9  OnRxError                           
00006469  OnRxTimeout                         
00007001  OnTxDone                            
00006e89  OnTxTimeout                         
00007751  PCM_IRQHandler                      
00007751  PORT1_IRQHandler                    
00004ee1  PORT2_IRQHandler                    
00004ee1  PORT2_IRQHandler                    
00007751  PORT3_IRQHandler                    
00007751  PORT4_IRQHandler                    
00007751  PORT5_IRQHandler                    
00007751  PORT6_IRQHandler                    
00007751  PSS_IRQHandler                      
00007751  PendSV_Handler                      
00006369  RTC_C_IRQHandler                    
00006369  RTC_C_IRQHandler                    
00005de1  RTC_C_enableInterrupt               
000051f1  RTC_C_getEnabledInterruptStatus     
000060f9  RTC_C_getInterruptStatus            
00007910  Radio                               
000029b9  RadioInit                           
000079ac  RadioRegsInit                       
000076b9  Reset_Handler                       
20000e6d  RssiValue                           
00005021  RtcInit                             
00004911  RxChainCalibration                  
20000be0  RxTimeoutSyncWord                   
20000bf8  RxTimeoutTimer                      
00007381  SPI_enableModule                    
00007159  SPI_getInterruptStatus              
00004d8f  SPI_initMaster                      
0000739d  SPI_receiveData                     
00007221  SPI_transmitData                    
00007751  SVC_Handler                         
20000920  SX1276                              
000076c9  SX1276CheckRfFrequency              
00007749  SX1276GetBoardTcxoWakeupTime        
000076e9  SX1276GetStatus                     
00001441  SX1276GetTimeOnAir                  
00007721  SX1276GetWakeupTime                 
00004769  SX1276Init                          
000049d9  SX1276IoInit                        
00005e49  SX1276IoIrqInit                     
00005319  SX1276IsChannelFree                 
00000b39  SX1276OnDio0Irq                     
00002389  SX1276OnDio1Irq                     
00002d31  SX1276OnDio2Irq                     
00003061  SX1276OnTimeoutIrq                  
00005c41  SX1276Random                        
000057c1  SX1276ReadBuffer                    
000073b9  SX1276ReadFifo                      
00005839  SX1276ReadRssi                      
00006f19  SX1276Reset                         
00002ec9  SX1276Send                          
00005a19  SX1276SetChannel                    
000065a9  SX1276SetMaxPayloadLength           
00004aa1  SX1276SetModem                      
00007301  SX1276SetOpMode                     
00006b71  SX1276SetPublicNetwork              
00003361  SX1276SetRfTxPower                  
00001b79  SX1276SetRx                         
00001021  SX1276SetRxConfig                   
00006a31  SX1276SetSleep                      
00006c31  SX1276SetStby                       
00004301  SX1276SetTx                         
00001841  SX1276SetTxConfig                   
00006809  SX1276StartCad                      
000058b1  SX1276WriteBuffer                   
000073d9  SX1276WriteFifo                     
000064b9  SetAlarm                            
00007249  SetTimerContext                     
20000e6e  SnrValue                            
20000e66  State                               
00007031  StopAlarm                           
00007479  SysCtl_A_disableNMISource           
00007491  SysCtl_A_enableNMISource            
00007665  SysCtl_A_getNMISourceStatus         
00005285  SysCtl_A_getTLVInfo                 
00007759  SysTick_Handler                     
00007759  SysTick_Handler                     
00004c29  SystemClockConfig                   
00004e41  SystemInit                          
00007751  T32_INT1_IRQHandler                 
00007751  T32_INT2_IRQHandler                 
00007751  T32_INTC_IRQHandler                 
00007271  TA0_0_IRQHandler                    
00007271  TA0_0_IRQHandler                    
00007751  TA0_N_IRQHandler                    
00007751  TA1_0_IRQHandler                    
00007751  TA1_N_IRQHandler                    
00006a71  TA2_0_IRQHandler                    
00006a71  TA2_0_IRQHandler                    
00007751  TA2_N_IRQHandler                    
00006f49  TA3_0_IRQHandler                    
00006f49  TA3_0_IRQHandler                    
00007751  TA3_N_IRQHandler                    
000076f9  Tick2Ms                             
00006099  TimerACounterInit                   
00007679  TimerGetCurrentTime                 
00006f79  TimerGetElapsedTime                 
00006ce9  TimerInit                           
000031f1  TimerIrqHandler                     
00007709  TimerMs2Tick                        
00006bf1  TimerSetValue                       
000050c1  TimerStart                          
00003619  TimerStop                           
00006fa5  Timer_A_clearCaptureCompareInterrupt
0000755f  Timer_A_clearInterruptFlag          
000074a9  Timer_A_clearTimer                  
000074c1  Timer_A_disableInterrupt            
000065f5  Timer_A_getCounterValue             
00006507  Timer_A_initCompare                 
00007181  Timer_A_setCompareValue             
00007575  Timer_A_startCounter                
000075e5  Timer_A_stopTimer                   
20000e8d  TxFlag                              
20000c10  TxTimeoutTimer                      
00007751  UsageFault_Handler                  
4000480c  WDTCTL_SYM                          
00007751  WDT_A_IRQHandler                    
20000800  __CIOBUF_                           
20010000  __STACK_END                         
00000200  __STACK_SIZE                        
00000800  __SYSMEM_SIZE                       
00007ac0  __TI_CINIT_Base                     
00007ad0  __TI_CINIT_Limit                    
00007aac  __TI_Handler_Table_Base             
00007ab8  __TI_Handler_Table_Limit            
000068d9  __TI_auto_init_nobinit_nopinit      
00006d8d  __TI_cleanup                        
20000e58  __TI_cleanup_ptr                    
00005929  __TI_closefile                      
00005d11  __TI_decompress_lzss                
00007697  __TI_decompress_none                
00006641  __TI_doflush                        
20000e5c  __TI_dtors_ptr                      
20000e60  __TI_enable_exit_profile_output     
20000e48  __TI_ft_end                         
000063bd  __TI_ltoa                           
ffffffff  __TI_pprof_out_hndl                 
000000e9  __TI_printfi                        
ffffffff  __TI_prof_data_size                 
ffffffff  __TI_prof_data_start                
00006dc1  __TI_readmsg                        
00000000  __TI_static_base__                  
20000b24  __TI_tmpnams                        
00006cad  __TI_writemsg                       
00005fd7  __TI_wrt_ok                         
00007715  __TI_zero_init                      
000054c5  __aeabi_cdcmpeq                     
000054c5  __aeabi_cdcmple                     
0000554b  __aeabi_cdrcmple                    
000067bd  __aeabi_d2iz                        
00006961  __aeabi_d2uiz                       
00002b83  __aeabi_dadd                        
00003891  __aeabi_ddiv                        
00003f1d  __aeabi_dmul                        
00002b79  __aeabi_dsub                        
0000772d  __aeabi_errno_addr                  
00006eb7  __aeabi_i2d                         
0000143f  __aeabi_idiv0                       
0000143f  __aeabi_ldiv0                       
000056cd  __aeabi_memclr                      
000056cd  __aeabi_memclr4                     
000056cd  __aeabi_memclr8                     
00004f7f  __aeabi_memcpy                      
00004f7f  __aeabi_memcpy4                     
00004f7f  __aeabi_memcpy8                     
000056cf  __aeabi_memset                      
000056cf  __aeabi_memset4                     
000056cf  __aeabi_memset8                     
20000e54  __aeabi_stderr                      
20000e4c  __aeabi_stdin                       
20000e50  __aeabi_stdout                      
00007361  __aeabi_ui2d                        
00005159  __aeabi_uldivmod                    
ffffffff  __binit__                           
ffffffff  __c_args__                          
UNDEFED   __mpu_init                          
2000fe00  __stack                             
20000000  __start___llvm_prf_cnts             
20000000  __stop___llvm_prf_cnts              
00006df5  _c_int00_noargs                     
0000775c  _ctypes_                            
20000d80  _device                             
20000c90  _ftable                             
20000e70  _lock                               
00000b37  _nop                                
20000df8  _stream                             
20000000  _sys_memory                         
UNDEFED   _system_post_cinit                  
000029b5  _system_pre_init                    
20000e74  _unlock                             
000034bd  abort                               
00003d11  aligned_alloc                       
0000668d  atoi                                
20000e65  attempts                            
ffffffff  binit                               
00004111  ceil                                
00004111  ceill                               
00006155  close                               
00007a24  contConfig0                         
0000742d  copysign                            
0000742d  copysignl                           
000079f8  currentTime                         
20000e84  errno                               
00006775  exit                                
00006e59  finddevice                          
00004209  floor                               
00004209  floorl                              
00005439  fputc                               
00003aed  fputs                               
000043ed  free                                
00005ead  frexp                               
00005ead  frexpl                              
00005f11  fseek                               
000066d9  getTimerAcounterValue               
0000691d  getdevice                           
00000000  interruptVectors                    
20000e8f  isTimerAcounterRunning              
00003c01  ldexp                               
00003c01  ldexpl                              
000071d1  lseek                               
00004841  main                                
00007735  malloc                              
00003d11  memalign                            
00007411  memccpy                             
00007321  memchr                              
00004f7f  memcpy                              
000056d5  memset                              
20000e8c  minutes                             
20000c80  parmbuf                             
00005d79  printf                              
00005439  putc                                
00007341  puts                                
00006fd1  remove                              
00004b65  round                               
00004b65  roundl                              
00003c01  scalbn                              
00003c01  scalbnl                             
20000e6c  sendFlag                            
000045b1  setvbuf                             
00006559  spiRead_RFM                         
00006729  spiWrite_RFM                        
000059a1  spi_open                            
000055d1  spi_read_write                      
00007061  startTimerAcounter                  
00006af1  stopLoRaTimer                       
0000758b  strchr                              
000074d9  strcmp                              
000075f9  strcpy                              
0000760d  strlen                              
00006d1f  strncpy                             
20000e8e  timerTick_ms                        
00006fd1  unlink                              
00007633  wcslen                              
000071f9  write                               


GLOBAL SYMBOLS: SORTED BY Symbol Address 

address   name                                
-------   ----                                
00000000  __TI_static_base__                  
00000000  interruptVectors                    
000000e9  __TI_printfi                        
00000200  __STACK_SIZE                        
00000800  __SYSMEM_SIZE                       
00000b37  _nop                                
00000b39  SX1276OnDio0Irq                     
00001021  SX1276SetRxConfig                   
0000143f  __aeabi_idiv0                       
0000143f  __aeabi_ldiv0                       
00001441  SX1276GetTimeOnAir                  
00001841  SX1276SetTxConfig                   
00001b79  SX1276SetRx                         
00002389  SX1276OnDio1Irq                     
000025e9  GpioMcuInit                         
000029b5  _system_pre_init                    
000029b9  RadioInit                           
00002b79  __aeabi_dsub                        
00002b83  __aeabi_dadd                        
00002d31  SX1276OnDio2Irq                     
00002ec9  SX1276Send                          
00003061  SX1276OnTimeoutIrq                  
000031f1  TimerIrqHandler                     
00003361  SX1276SetRfTxPower                  
000034bd  C$$EXIT                             
000034bd  abort                               
000034c1  GpioMcuSetInterrupt                 
00003619  TimerStop                           
00003891  __aeabi_ddiv                        
00003aed  fputs                               
00003c01  ldexp                               
00003c01  ldexpl                              
00003c01  scalbn                              
00003c01  scalbnl                             
00003d11  aligned_alloc                       
00003d11  memalign                            
00003f1d  __aeabi_dmul                        
00004019  CS_getDCOFrequency                  
00004111  ceil                                
00004111  ceill                               
00004209  floor                               
00004209  floorl                              
00004301  SX1276SetTx                         
000043ed  free                                
000044d1  CS_startLFXTWithTimeout             
000045b1  setvbuf                             
00004691  BoardInitMcu                        
00004769  SX1276Init                          
00004841  main                                
00004911  RxChainCalibration                  
000049d9  SX1276IoInit                        
00004aa1  SX1276SetModem                      
00004b65  round                               
00004b65  roundl                              
00004c29  SystemClockConfig                   
00004d8f  SPI_initMaster                      
00004e41  SystemInit                          
00004ee1  PORT2_IRQHandler                    
00004ee1  PORT2_IRQHandler                    
00004f7f  __aeabi_memcpy                      
00004f7f  __aeabi_memcpy4                     
00004f7f  __aeabi_memcpy8                     
00004f7f  memcpy                              
00005021  RtcInit                             
000050c1  TimerStart                          
00005159  __aeabi_uldivmod                    
000051f1  RTC_C_getEnabledInterruptStatus     
00005285  SysCtl_A_getTLVInfo                 
00005319  SX1276IsChannelFree                 
000053a9  OnRxDone                            
00005439  fputc                               
00005439  putc                                
000054c5  __aeabi_cdcmpeq                     
000054c5  __aeabi_cdcmple                     
0000554b  __aeabi_cdrcmple                    
000055d1  spi_read_write                      
000056cd  __aeabi_memclr                      
000056cd  __aeabi_memclr4                     
000056cd  __aeabi_memclr8                     
000056cf  __aeabi_memset                      
000056cf  __aeabi_memset4                     
000056cf  __aeabi_memset8                     
000056d5  memset                              
00005749  GetFskBandwidthRegValue             
000057c1  SX1276ReadBuffer                    
00005839  SX1276ReadRssi                      
000058b1  SX1276WriteBuffer                   
00005929  __TI_closefile                      
000059a1  spi_open                            
00005a19  SX1276SetChannel                    
00005b69  HOSTrename                          
00005bd5  HOSTlseek                           
00005c41  SX1276Random                        
00005d11  __TI_decompress_lzss                
00005d79  printf                              
00005de1  RTC_C_enableInterrupt               
00005e49  SX1276IoIrqInit                     
00005ead  frexp                               
00005ead  frexpl                              
00005f11  fseek                               
00005fd7  __TI_wrt_ok                         
00006039  HOSTopen                            
00006099  TimerACounterInit                   
000060f9  RTC_C_getInterruptStatus            
00006155  close                               
000061b1  GpioMcuWrite                        
00006209  HOSTread                            
00006261  HOSTwrite                           
00006311  Delayms                             
00006369  RTC_C_IRQHandler                    
00006369  RTC_C_IRQHandler                    
000063bd  __TI_ltoa                           
00006469  OnRxTimeout                         
000064b9  SetAlarm                            
00006507  Timer_A_initCompare                 
00006559  spiRead_RFM                         
000065a9  SX1276SetMaxPayloadLength           
000065f5  Timer_A_getCounterValue             
00006641  __TI_doflush                        
0000668d  atoi                                
000066d9  getTimerAcounterValue               
00006729  spiWrite_RFM                        
00006775  exit                                
000067bd  __aeabi_d2iz                        
00006809  SX1276StartCad                      
00006851  HOSTclose                           
00006895  HOSTunlink                          
000068d9  __TI_auto_init_nobinit_nopinit      
0000691d  getdevice                           
00006961  __aeabi_d2uiz                       
000069ed  GPIO_setAsOutputPin                 
00006a31  SX1276SetSleep                      
00006a71  TA2_0_IRQHandler                    
00006a71  TA2_0_IRQHandler                    
00006af1  stopLoRaTimer                       
00006b71  SX1276SetPublicNetwork              
00006bf1  TimerSetValue                       
00006c31  SX1276SetStby                       
00006cad  __TI_writemsg                       
00006cdb  C$$IO$$                             
00006ce9  TimerInit                           
00006d1f  strncpy                             
00006d59  GpioInit                            
00006d8d  __TI_cleanup                        
00006dc1  __TI_readmsg                        
00006df5  _c_int00_noargs                     
00006e29  CS_clearInterruptFlag               
00006e59  finddevice                          
00006e89  OnTxTimeout                         
00006eb7  __aeabi_i2d                         
00006ee9  OnRxError                           
00006f19  SX1276Reset                         
00006f49  TA3_0_IRQHandler                    
00006f49  TA3_0_IRQHandler                    
00006f79  TimerGetElapsedTime                 
00006fa5  Timer_A_clearCaptureCompareInterrupt
00006fd1  remove                              
00006fd1  unlink                              
00007001  OnTxDone                            
00007031  StopAlarm                           
00007061  startTimerAcounter                  
0000708d  CS_getSMCLK                         
000070b5  GPIO_enableInterrupt                
000070dd  GPIO_setOutputHighOnPin             
00007105  GPIO_setOutputLowOnPin              
00007131  GpioFlashLED                        
00007159  SPI_getInterruptStatus              
00007181  Timer_A_setCompareValue             
000071d1  lseek                               
000071f9  write                               
00007221  SPI_transmitData                    
00007249  SetTimerContext                     
00007271  TA0_0_IRQHandler                    
00007271  TA0_0_IRQHandler                    
00007299  GpioSetInterrupt                    
000072bd  CS_setExternalClockSourceFrequency  
000072e1  GetTimerElapsedTime                 
00007301  SX1276SetOpMode                     
00007321  memchr                              
00007341  puts                                
00007361  __aeabi_ui2d                        
00007381  SPI_enableModule                    
0000739d  SPI_receiveData                     
000073b9  SX1276ReadFifo                      
000073d9  SX1276WriteFifo                     
00007411  memccpy                             
0000742d  copysign                            
0000742d  copysignl                           
00007447  EUSCI_A_SPI_getInterruptStatus      
0000745f  EUSCI_B_SPI_getInterruptStatus      
00007479  SysCtl_A_disableNMISource           
00007491  SysCtl_A_enableNMISource            
000074a9  Timer_A_clearTimer                  
000074c1  Timer_A_disableInterrupt            
000074d9  strcmp                              
000074f1  EUSCI_A_SPI_enable                  
00007507  EUSCI_A_SPI_transmitData            
0000751d  EUSCI_B_SPI_enable                  
00007533  EUSCI_B_SPI_transmitData            
00007549  GpioWrite                           
0000755f  Timer_A_clearInterruptFlag          
00007575  Timer_A_startCounter                
0000758b  strchr                              
000075a1  BoardCriticalSectionBegin           
000075b9  GetBoardPowerSource                 
000075d1  GetTimerValue                       
000075e5  Timer_A_stopTimer                   
000075f9  strcpy                              
0000760d  strlen                              
00007621  BoardCriticalSectionEnd             
00007633  wcslen                              
00007645  EUSCI_A_SPI_receiveData             
00007655  EUSCI_B_SPI_receiveData             
00007665  SysCtl_A_getNMISourceStatus         
00007679  TimerGetCurrentTime                 
00007689  CS_startLFXT                        
00007697  __TI_decompress_none                
000076a9  GetTimerContext                     
000076b9  Reset_Handler                       
000076c9  SX1276CheckRfFrequency              
000076e9  SX1276GetStatus                     
000076f9  Tick2Ms                             
00007709  TimerMs2Tick                        
00007715  __TI_zero_init                      
00007721  SX1276GetWakeupTime                 
0000772d  __aeabi_errno_addr                  
00007735  malloc                              
00007741  GetMinimumTimeout                   
00007749  SX1276GetBoardTcxoWakeupTime        
00007751  ADC14_IRQHandler                    
00007751  AES256_IRQHandler                   
00007751  BusFault_Handler                    
00007751  COMP_E0_IRQHandler                  
00007751  COMP_E1_IRQHandler                  
00007751  CS_IRQHandler                       
00007751  DMA_ERR_IRQHandler                  
00007751  DMA_INT0_IRQHandler                 
00007751  DMA_INT1_IRQHandler                 
00007751  DMA_INT2_IRQHandler                 
00007751  DMA_INT3_IRQHandler                 
00007751  DebugMon_Handler                    
00007751  Default_Handler                     
00007751  EUSCIA0_IRQHandler                  
00007751  EUSCIA1_IRQHandler                  
00007751  EUSCIA2_IRQHandler                  
00007751  EUSCIA3_IRQHandler                  
00007751  EUSCIB0_IRQHandler                  
00007751  EUSCIB1_IRQHandler                  
00007751  EUSCIB2_IRQHandler                  
00007751  EUSCIB3_IRQHandler                  
00007751  FLCTL_IRQHandler                    
00007751  FPU_IRQHandler                      
00007751  HardFault_Handler                   
00007751  MemManage_Handler                   
00007751  NMI_Handler                         
00007751  PCM_IRQHandler                      
00007751  PORT1_IRQHandler                    
00007751  PORT3_IRQHandler                    
00007751  PORT4_IRQHandler                    
00007751  PORT5_IRQHandler                    
00007751  PORT6_IRQHandler                    
00007751  PSS_IRQHandler                      
00007751  PendSV_Handler                      
00007751  SVC_Handler                         
00007751  T32_INT1_IRQHandler                 
00007751  T32_INT2_IRQHandler                 
00007751  T32_INTC_IRQHandler                 
00007751  TA0_N_IRQHandler                    
00007751  TA1_0_IRQHandler                    
00007751  TA1_N_IRQHandler                    
00007751  TA2_N_IRQHandler                    
00007751  TA3_N_IRQHandler                    
00007751  UsageFault_Handler                  
00007751  WDT_A_IRQHandler                    
00007759  SysTick_Handler                     
00007759  SysTick_Handler                     
0000775c  _ctypes_                            
00007860  FskBandwidths                       
00007910  Radio                               
000079ac  RadioRegsInit                       
000079f8  currentTime                         
00007a24  contConfig0                         
00007aac  __TI_Handler_Table_Base             
00007ab8  __TI_Handler_Table_Limit            
00007ac0  __TI_CINIT_Base                     
00007ad0  __TI_CINIT_Limit                    
20000000  __start___llvm_prf_cnts             
20000000  __stop___llvm_prf_cnts              
20000000  _sys_memory                         
20000800  __CIOBUF_                           
20000920  SX1276                              
20000b24  __TI_tmpnams                        
20000be0  RxTimeoutSyncWord                   
20000bf8  RxTimeoutTimer                      
20000c10  TxTimeoutTimer                      
20000c28  Led_rgb_blue                        
20000c3c  Led_rgb_green                       
20000c50  Led_rgb_red                         
20000c64  Led_user_red                        
20000c80  parmbuf                             
20000c90  _ftable                             
20000d80  _device                             
20000df8  _stream                             
20000e48  __TI_ft_end                         
20000e4c  __aeabi_stdin                       
20000e50  __aeabi_stdout                      
20000e54  __aeabi_stderr                      
20000e58  __TI_cleanup_ptr                    
20000e5c  __TI_dtors_ptr                      
20000e60  __TI_enable_exit_profile_output     
20000e64  BufferSize                          
20000e65  attempts                            
20000e66  State                               
20000e67  DIO0Flag                            
20000e68  DIO1Flag                            
20000e69  DIO2Flag                            
20000e6a  DIO3Flag                            
20000e6b  DIO4Flag                            
20000e6c  sendFlag                            
20000e6d  RssiValue                           
20000e6e  SnrValue                            
20000e70  _lock                               
20000e74  _unlock                             
20000e80  Buffer                              
20000e84  errno                               
20000e8c  minutes                             
20000e8d  TxFlag                              
20000e8e  timerTick_ms                        
20000e8f  isTimerAcounterRunning              
2000fe00  __stack                             
20010000  __STACK_END                         
4000480c  WDTCTL_SYM                          
ffffffff  __TI_pprof_out_hndl                 
ffffffff  __TI_prof_data_size                 
ffffffff  __TI_prof_data_start                
ffffffff  __binit__                           
ffffffff  __c_args__                          
ffffffff  binit                               
UNDEFED   __mpu_init                          
UNDEFED   _system_post_cinit                  

[340 symbols]
