******************************************************************************
                  TI ARM Linker PC v18.12.5                    
******************************************************************************
>> Linked Sat Mar 28 08:08:28 2020

OUTPUT FILE NAME:   <Meesters.out>
ENTRY POINT SYMBOL: "_c_int00_noargs"  address: 00003681


MEMORY CONFIGURATION

         name            origin    length      used     unused   attr    fill
----------------------  --------  ---------  --------  --------  ----  --------
  MAIN                  00000000   00040000  00003de6  0003c21a  R  X
  INFO                  00200000   00004000  00000000  00004000  R  X
  SRAM_CODE             01000000   00010000  000004b1  0000fb4f  RW X
  SRAM_DATA             20000000   00010000  000004b1  0000fb4f  RW  


SEGMENT ALLOCATION MAP

run origin  load origin   length   init length attrs members
----------  ----------- ---------- ----------- ----- -------
00000000    00000000    00003de8   00003de8    r-x
  00000000    00000000    000000e4   000000e4    r-- .intvecs
  000000e4    000000e4    00003b0a   00003b0a    r-x .text
  00003bf0    00003bf0    000001c0   000001c0    r-- .const
  00003db0    00003db0    00000038   00000038    r-- .cinit
20000000    20000000    000002b1   00000000    rw-
  20000000    20000000    00000260   00000000    rw- .bss
  20000260    20000260    00000051   00000000    rw- .data
2000fe00    2000fe00    00000200   00000000    rw-
  2000fe00    2000fe00    00000200   00000000    rw- .stack


SECTION ALLOCATION MAP

 output                                  attributes/
section   page    origin      length       input sections
--------  ----  ----------  ----------   ----------------
.intvecs   0    00000000    000000e4     
                  00000000    000000e4     startup_msp432p401r_ccs.obj (.intvecs:retain)

.text      0    000000e4    00003b0a     
                  000000e4    000003b8     my_RFM9x.obj (.text:SX1276SetRxConfig)
                  0000049c    00000398     my_RFM9x.obj (.text:SX1276GetTimeOnAir)
                  00000834    000002f0     my_RFM9x.obj (.text:SX1276OnDio0Irq)
                  00000b24    000002ec     my_RFM9x.obj (.text:SX1276SetTxConfig)
                  00000e10    000002a4     my_RFM9x.obj (.text:SX1276SetRx)
                  000010b4    00000208     board.obj (.text:BoardUnusedIoInit)
                  000012bc    000001c4     gpio-board.obj (.text:GpioMcuInit)
                  00001480    000001b6     rtsv7M4_T_le_v4SPD16_eabi.lib : fd_add_t2.asm.obj (.text)
                  00001636    00000002     startup_msp432p401r_ccs.obj (.text:Default_Handler)
                  00001638    00000170     main.obj (.text:main)
                  000017a8    00000164     my_RFM9x.obj (.text:SX1276OnDio1Irq)
                  0000190c    00000154     sx1276-board.obj (.text:SX1276SetRfTxPower)
                  00001a60    0000014c     my_RFM9x.obj (.text:SX1276Send)
                  00001bac    00000144     msp432p4xx_driverlib.lib : timer_a.o (.text:privateTimer_AProcessClockSourceDivider)
                  00001cf0    00000136     rtsv7M4_T_le_v4SPD16_eabi.lib : fd_div_t2.asm.obj (.text)
                  00001e26    00000002     my_systick.obj (.text:SysTick_Handler)
                  00001e28    00000134     my_RFM9x.obj (.text:SX1276OnDio2Irq)
                  00001f5c    00000118     gpio-board.obj (.text:GpioMcuSetInterrupt)
                  00002074    000000fc     rtsv7M4_T_le_v4SPD16_eabi.lib : fd_mul_t2.asm.obj (.text)
                  00002170    000000f8                                   : s_ceil.c.obj (.text:ceil)
                  00002268    000000f8                                   : s_floor.c.obj (.text:floor)
                  00002360    000000c0                                   : s_round.c.obj (.text:round)
                  00002420    000000b0     msp432p4xx_driverlib.lib : spi.o (.text:SPI_initMaster)
                  000024d0    000000b0     sx1276-board.obj (.text:SX1276IoInit)
                  00002580    000000a8     my_RFM9x.obj (.text:RxChainCalibration)
                  00002628    000000a8     my_RFM9x.obj (.text:SX1276SetTx)
                  000026d0    000000a4     my_RFM9x.obj (.text:SX1276IsChannelFree)
                  00002774    000000a0     my_RFM9x.obj (.text:SX1276SetModem)
                  00002814    0000009c     rtsv7M4_T_le_v4SPD16_eabi.lib : memcpy_t2.asm.obj (.text)
                  000028b0    00000094     msp432p4xx_driverlib.lib : rtc_c.o (.text:RTC_C_getEnabledInterruptStatus)
                  00002944    0000008c     my_RFM9x.obj (.text:SX1276Init)
                  000029d0    0000008c     my_RFM9x.obj (.text:SX1276SetTxContinuousWave)
                  00002a5c    00000088     board.obj (.text:BoardInitMcu)
                  00002ae4    00000086     rtsv7M4_T_le_v4SPD16_eabi.lib : fd_cmp_t2.asm.obj (.text:__aeabi_cdcmple)
                  00002b6a    00000086                                   : fd_cmp_t2.asm.obj (.text:__aeabi_cdrcmple)
                  00002bf0    0000007a                                   : memset_t2.asm.obj (.text)
                  00002c6a    00000002     --HOLE-- [fill = 0]
                  00002c6c    00000078     system_msp432p401r.obj (.text:SystemInit)
                  00002ce4    0000006e     rtsv7M4_T_le_v4SPD16_eabi.lib : fd_tos_t2.asm.obj (.text)
                  00002d52    00000002     --HOLE-- [fill = 0]
                  00002d54    0000006c     main.obj (.text:PORT2_IRQHandler)
                  00002dc0    0000006c     my_RFM9x.obj (.text:SX1276ReadRssi)
                  00002e2c    00000068     rtsv7M4_T_le_v4SPD16_eabi.lib : copy_decompress_lzss.c.obj (.text:decompress:lzss:__TI_decompress_lzss)
                  00002e94    00000064     my_RFM9x.obj (.text:GetFskBandwidthRegValue)
                  00002ef8    00000060     my_RFM9x.obj (.text:SX1276ReadBuffer)
                  00002f58    00000060     my_RFM9x.obj (.text:SX1276WriteBuffer)
                  00002fb8    0000005e     my_RFM9x.obj (.text:SX1276Random)
                  00003016    00000002     --HOLE-- [fill = 0]
                  00003018    0000005c     main.obj (.text:OnRxDone)
                  00003074    0000005c     msp432p4xx_driverlib.lib : rtc_c.o (.text:RTC_C_getInterruptStatus)
                  000030d0    00000058     my_timer.obj (.text:Delayms)
                  00003128    00000058     sx1276-board.obj (.text:SX1276IoIrqInit)
                  00003180    00000058     my_timer.obj (.text:stopTiming)
                  000031d8    00000050     my_RFM9x.obj (.text:SX1276SetChannel)
                  00003228    0000004c     msp432p4xx_driverlib.lib : timer_a.o (.text:Timer_A_getCounterValue)
                  00003274    00000048     my_RFM9x.obj (.text:SX1276SetMaxPayloadLength)
                  000032bc    00000048     rtsv7M4_T_le_v4SPD16_eabi.lib : fd_toi_t2.asm.obj (.text)
                  00003304    00000048     my_spi.obj (.text:spiRead_RFM)
                  0000334c    00000044     gpio-board.obj (.text:GpioMcuWrite)
                  00003390    00000044     my_RFM9x.obj (.text:SX1276StartCad)
                  000033d4    00000044     rtsv7M4_T_le_v4SPD16_eabi.lib : autoinit.c.obj (.text:__TI_auto_init_nobinit_nopinit:__TI_auto_init_nobinit_nopinit)
                  00003418    00000044                                   : fd_tou_t2.asm.obj (.text)
                  0000345c    00000044     my_spi.obj (.text:spiWrite_RFM)
                  000034a0    00000040     msp432p4xx_driverlib.lib : gpio.o (.text:GPIO_setAsOutputPin)
                  000034e0    00000040     my_timer.obj (.text:getTiming)
                  00003520    00000040     msp432p4xx_driverlib.lib : spi.o (.text:is_A_Module)
                  00003560    00000040     my_spi.obj (.text:spi_open)
                  000035a0    0000003c     my_RFM9x.obj (.text:SX1276SetPublicNetwork)
                  000035dc    00000038     my_spi.obj (.text:RFM_spi_read_write)
                  00003614    00000038     my_timer.obj (.text:TimerAInteruptInit)
                  0000364c    00000034     msp432p4xx_driverlib.lib : timer_a.o (.text:Timer_A_configureContinuousMode)
                  00003680    00000034     rtsv7M4_T_le_v4SPD16_eabi.lib : boot_cortex_m.c.obj (.text:_c_int00_noargs:_c_int00_noargs)
                  000036b4    00000030     my_gpio.obj (.text:GpioInit)
                  000036e4    0000002e     rtsv7M4_T_le_v4SPD16_eabi.lib : i_tofd_t2.asm.obj (.text)
                  00003712    00000002     --HOLE-- [fill = 0]
                  00003714    0000002c     msp432p4xx_driverlib.lib : timer_a.o (.text:Timer_A_clearCaptureCompareInterrupt)
                  00003740    00000028                              : gpio.o (.text:GPIO_enableInterrupt)
                  00003768    00000028                              : gpio.o (.text:GPIO_setOutputHighOnPin)
                  00003790    00000028                              : gpio.o (.text:GPIO_setOutputLowOnPin)
                  000037b8    00000028                              : spi.o (.text:SPI_getInterruptStatus)
                  000037e0    00000028     my_RFM9x.obj (.text:SX1276OnDio4Irq)
                  00003808    00000028     my_timer.obj (.text:TimerATimerInit)
                  00003830    00000026     msp432p4xx_driverlib.lib : spi.o (.text:SPI_transmitData)
                  00003856    00000002     --HOLE-- [fill = 0]
                  00003858    00000024     main.obj (.text:OnTxDone)
                  0000387c    00000024     sx1276-board.obj (.text:SX1276Reset)
                  000038a0    00000022     my_gpio.obj (.text:GpioFlashLED)
                  000038c2    00000020     my_RFM9x.obj (.text:SX1276SetOpMode)
                  000038e2    00000002     --HOLE-- [fill = 0]
                  000038e4    00000020     my_timer.obj (.text:TA1_0_IRQHandler)
                  00003904    00000020     rtsv7M4_T_le_v4SPD16_eabi.lib : u_tofd_t2.asm.obj (.text)
                  00003924    0000001e     my_timer.obj (.text:startTiming)
                  00003942    0000001c     my_gpio.obj (.text:GpioSetInterrupt)
                  0000395e    00000002     --HOLE-- [fill = 0]
                  00003960    0000001c     rtc-board.obj (.text:RTC_C_IRQHandler)
                  0000397c    0000001c     msp432p4xx_driverlib.lib : spi.o (.text:SPI_enableModule)
                  00003998    0000001c                              : spi.o (.text:SPI_receiveData)
                  000039b4    0000001c     my_RFM9x.obj (.text:SX1276SetSleep)
                  000039d0    0000001c     rtsv7M4_T_le_v4SPD16_eabi.lib : copy_zero_init.c.obj (.text:decompress:ZI:__TI_zero_init_nomemset:__TI_zero_init_nomemset)
                  000039ec    00000018     msp432p4xx_driverlib.lib : spi.o (.text:EUSCI_A_SPI_getInterruptStatus)
                  00003a04    00000018                              : spi.o (.text:EUSCI_B_SPI_getInterruptStatus)
                  00003a1c    00000018     main.obj (.text:OnRxError)
                  00003a34    00000018     main.obj (.text:OnRxTimeout)
                  00003a4c    00000018     main.obj (.text:OnTxTimeout)
                  00003a64    00000018     msp432p4xx_driverlib.lib : timer_a.o (.text:Timer_A_clearTimer)
                  00003a7c    00000016                              : spi.o (.text:EUSCI_A_SPI_enable)
                  00003a92    00000016                              : spi.o (.text:EUSCI_A_SPI_transmitData)
                  00003aa8    00000016                              : spi.o (.text:EUSCI_B_SPI_enable)
                  00003abe    00000016                              : spi.o (.text:EUSCI_B_SPI_transmitData)
                  00003ad4    00000016     my_RFM9x.obj (.text:SX1276ReadFifo)
                  00003aea    00000016     my_RFM9x.obj (.text:SX1276WriteFifo)
                  00003b00    00000016     msp432p4xx_driverlib.lib : timer_a.o (.text:Timer_A_clearInterruptFlag)
                  00003b16    00000016                              : timer_a.o (.text:Timer_A_startCounter)
                  00003b2c    00000014     board.obj (.text:GetBoardPowerSource)
                  00003b40    00000014     my_RFM9x.obj (.text:SX1276SetStby)
                  00003b54    00000014     msp432p4xx_driverlib.lib : timer_a.o (.text:Timer_A_stopTimer)
                  00003b68    00000010                              : spi.o (.text:EUSCI_A_SPI_receiveData)
                  00003b78    00000010                              : spi.o (.text:EUSCI_B_SPI_receiveData)
                  00003b88    00000010     my_gpio.obj (.text:GpioWrite)
                  00003b98    0000000e     rtsv7M4_T_le_v4SPD16_eabi.lib : copy_decompress_none.c.obj (.text:decompress:none:__TI_decompress_none)
                  00003ba6    0000000c     startup_msp432p401r_ccs.obj (.text:Reset_Handler)
                  00003bb2    0000000c     sx1276-board.obj (.text:SX1276CheckRfFrequency)
                  00003bbe    0000000c     sx1276-board.obj (.text:SX1276GetPaSelect)
                  00003bca    00000002     --HOLE-- [fill = 0]
                  00003bcc    0000000c     my_RFM9x.obj (.text:SX1276GetStatus)
                  00003bd8    0000000a     my_RFM9x.obj (.text:SX1276GetWakeupTime)
                  00003be2    00000004     sx1276-board.obj (.text:SX1276GetBoardTcxoWakeupTime)
                  00003be6    00000004     rtsv7M4_T_le_v4SPD16_eabi.lib : pre_init.c.obj (.text:_system_pre_init)
                  00003bea    00000004                                   : exit.c.obj (.text:abort:abort)

.const     0    00003bf0    000001c0     
                  00003bf0    000000b0     my_RFM9x.obj (.const:FskBandwidths)
                  00003ca0    0000006c     sx1276-board.obj (.const:Radio)
                  00003d0c    00000030     msp432p4xx_driverlib.lib : gpio.o (.const:GPIO_PORT_TO_BASE)
                  00003d3c    00000030     my_RFM9x.obj (.const:RadioRegsInit)
                  00003d6c    0000001c     my_spi.obj (.const:spiMasterConfig)
                  00003d88    00000018     my_timer.obj (.const:upConfig)
                  00003da0    00000010     my_timer.obj (.const:contConfig0)

.cinit     0    00003db0    00000038     
                  00003db0    00000013     (.cinit..data.load) [load image, compression = lzss]
                  00003dc3    00000001     --HOLE-- [fill = 0]
                  00003dc4    0000000c     (__TI_handler_table)
                  00003dd0    00000008     (.cinit..bss.load) [load image, compression = zero_init]
                  00003dd8    00000010     (__TI_cinit_table)

.init_array 
*          0    00000000    00000000     UNINITIALIZED

.binit     0    00000000    00000000     

.bss       0    20000000    00000260     UNINITIALIZED
                  20000000    00000104     (.common:SX1276)
                  20000104    00000100     my_RFM9x.obj (.bss:RxTxBuffer)
                  20000204    0000001c     main.obj (.bss:RadioEvents)
                  20000220    00000014     (.common:Led1)
                  20000234    00000014     (.common:Led2)
                  20000248    00000014     (.common:Led3)
                  2000025c    00000004     my_RFM9x.obj (.bss)

.data      0    20000260    00000051     UNINITIALIZED
                  20000260    00000040     main.obj (.data:Buffer)
                  200002a0    0000000a     main.obj (.data)
                  200002aa    00000005     main.obj (.data:buffer)
                  200002af    00000001     board.obj (.data)
                  200002b0    00000001     my_timer.obj (.data)

.stack     0    2000fe00    00000200     UNINITIALIZED
                  2000fe00    00000004     rtsv7M4_T_le_v4SPD16_eabi.lib : boot_cortex_m.c.obj (.stack)
                  2000fe04    000001fc     --HOLE--

MODULE SUMMARY

       Module                        code    ro data   rw data
       ------                        ----    -------   -------
    .\
       my_RFM9x.obj                  6944    224       1040   
       main.obj                      676     0         214    
       gpio-board.obj                800     0         0      
       board.obj                     676     0         122    
       sx1276-board.obj              668     108       0      
       my_timer.obj                  398     40        2      
       my_spi.obj                    260     28        0      
       my_gpio.obj                   126     0         0      
       system_msp432p401r.obj        120     0         0      
       rtc-board.obj                 28      0         0      
       my_systick.obj                2       0         0      
    +--+-----------------------------+-------+---------+---------+
       Total:                        10698   400       1378   
                                                              
    .\ccs\
       startup_msp432p401r_ccs.obj   14      228       0      
    +--+-----------------------------+-------+---------+---------+
       Total:                        14      228       0      
                                                              
    C:/ti/simplelink_msp432p4_sdk_3_40_01_02/source/ti/devices/msp432p4xx/driverlib/ccs/msp432p4xx_driverlib.lib
       timer_a.o                     584     0         0      
       spi.o                         542     0         0      
       rtc_c.o                       240     0         0      
       gpio.o                        184     48        0      
    +--+-----------------------------+-------+---------+---------+
       Total:                        1550    48        0      
                                                              
    C:\ti\ccs930\ccs\tools\compiler\ti-cgt-arm_18.12.5.LTS\lib\rtsv7M4_T_le_v4SPD16_eabi.lib
       fd_add_t2.asm.obj             438     0         0      
       fd_div_t2.asm.obj             310     0         0      
       fd_cmp_t2.asm.obj             268     0         0      
       fd_mul_t2.asm.obj             252     0         0      
       s_ceil.c.obj                  248     0         0      
       s_floor.c.obj                 248     0         0      
       s_round.c.obj                 192     0         0      
       memcpy_t2.asm.obj             156     0         0      
       memset_t2.asm.obj             122     0         0      
       fd_tos_t2.asm.obj             110     0         0      
       copy_decompress_lzss.c.obj    104     0         0      
       fd_toi_t2.asm.obj             72      0         0      
       autoinit.c.obj                68      0         0      
       fd_tou_t2.asm.obj             68      0         0      
       boot_cortex_m.c.obj           52      0         0      
       i_tofd_t2.asm.obj             46      0         0      
       u_tofd_t2.asm.obj             32      0         0      
       copy_zero_init.c.obj          28      0         0      
       copy_decompress_none.c.obj    14      0         0      
       exit.c.obj                    4       0         0      
       pre_init.c.obj                4       0         0      
    +--+-----------------------------+-------+---------+---------+
       Total:                        2836    0         0      
                                                              
       Stack:                        0       0         1024   
       Linker Generated:             0       55        0      
    +--+-----------------------------+-------+---------+---------+
       Grand Total:                  15098   731       2402   


LINKER GENERATED COPY TABLES

__TI_cinit_table @ 00003dd8 records: 2, size/record: 8, table size: 16
	.data: load addr=00003db0, load size=00000013 bytes, run addr=20000260, run size=00000051 bytes, compression=lzss
	.bss: load addr=00003dd0, load size=00000008 bytes, run addr=20000000, run size=00000260 bytes, compression=zero_init


LINKER GENERATED HANDLER TABLE

__TI_handler_table @ 00003dc4 records: 3, size/record: 4, table size: 12
	index: 0, handler: __TI_decompress_lzss
	index: 1, handler: __TI_decompress_none
	index: 2, handler: __TI_zero_init


GLOBAL SYMBOLS: SORTED ALPHABETICALLY BY Name 

address   name                                
-------   ----                                
00001637  ADC14_IRQHandler                    
00001637  AES256_IRQHandler                   
00002a5d  BoardInitMcu                        
20000260  Buffer                              
200002a6  BufferSize                          
00001637  BusFault_Handler                    
00003beb  C$$EXIT                             
00001637  COMP_E0_IRQHandler                  
00001637  COMP_E1_IRQHandler                  
00001637  CS_IRQHandler                       
200002a0  DIO0Flag                            
200002a1  DIO1Flag                            
200002a2  DIO2Flag                            
200002a3  DIO3Flag                            
200002a4  DIO4Flag                            
00001637  DMA_ERR_IRQHandler                  
00001637  DMA_INT0_IRQHandler                 
00001637  DMA_INT1_IRQHandler                 
00001637  DMA_INT2_IRQHandler                 
00001637  DMA_INT3_IRQHandler                 
00001637  DebugMon_Handler                    
00001637  Default_Handler                     
000030d1  Delayms                             
00001637  EUSCIA0_IRQHandler                  
00001637  EUSCIA1_IRQHandler                  
00001637  EUSCIA2_IRQHandler                  
00001637  EUSCIA3_IRQHandler                  
00001637  EUSCIB0_IRQHandler                  
00001637  EUSCIB1_IRQHandler                  
00001637  EUSCIB2_IRQHandler                  
00001637  EUSCIB3_IRQHandler                  
00003a7d  EUSCI_A_SPI_enable                  
000039ed  EUSCI_A_SPI_getInterruptStatus      
00003b69  EUSCI_A_SPI_receiveData             
00003a93  EUSCI_A_SPI_transmitData            
00003aa9  EUSCI_B_SPI_enable                  
00003a05  EUSCI_B_SPI_getInterruptStatus      
00003b79  EUSCI_B_SPI_receiveData             
00003abf  EUSCI_B_SPI_transmitData            
00001637  FLCTL_IRQHandler                    
00001637  FPU_IRQHandler                      
00003bf0  FskBandwidths                       
00003741  GPIO_enableInterrupt                
000034a1  GPIO_setAsOutputPin                 
00003769  GPIO_setOutputHighOnPin             
00003791  GPIO_setOutputLowOnPin              
00003b2d  GetBoardPowerSource                 
00002e95  GetFskBandwidthRegValue             
000038a1  GpioFlashLED                        
000036b5  GpioInit                            
000012bd  GpioMcuInit                         
00001f5d  GpioMcuSetInterrupt                 
0000334d  GpioMcuWrite                        
00003943  GpioSetInterrupt                    
00003b89  GpioWrite                           
00001637  HardFault_Handler                   
20000220  Led1                                
20000234  Led2                                
20000248  Led3                                
00001637  MemManage_Handler                   
00001637  NMI_Handler                         
00003019  OnRxDone                            
00003a1d  OnRxError                           
00003a35  OnRxTimeout                         
00003859  OnTxDone                            
00003a4d  OnTxTimeout                         
00001637  PCM_IRQHandler                      
00001637  PORT1_IRQHandler                    
00002d55  PORT2_IRQHandler                    
00002d55  PORT2_IRQHandler                    
00001637  PORT3_IRQHandler                    
00001637  PORT4_IRQHandler                    
00001637  PORT5_IRQHandler                    
00001637  PORT6_IRQHandler                    
00001637  PSS_IRQHandler                      
00001637  PendSV_Handler                      
000035dd  RFM_spi_read_write                  
00003961  RTC_C_IRQHandler                    
00003961  RTC_C_IRQHandler                    
000028b1  RTC_C_getEnabledInterruptStatus     
00003075  RTC_C_getInterruptStatus            
00003ca0  Radio                               
00003d3c  RadioRegsInit                       
00003ba7  Reset_Handler                       
200002a8  RssiValue                           
00002581  RxChainCalibration                  
0000397d  SPI_enableModule                    
000037b9  SPI_getInterruptStatus              
00002421  SPI_initMaster                      
00003999  SPI_receiveData                     
00003831  SPI_transmitData                    
00001637  SVC_Handler                         
20000000  SX1276                              
00003bb3  SX1276CheckRfFrequency              
00003be3  SX1276GetBoardTcxoWakeupTime        
00003bcd  SX1276GetStatus                     
0000049d  SX1276GetTimeOnAir                  
00003bd9  SX1276GetWakeupTime                 
00002945  SX1276Init                          
000024d1  SX1276IoInit                        
00003129  SX1276IoIrqInit                     
000026d1  SX1276IsChannelFree                 
00000835  SX1276OnDio0Irq                     
000017a9  SX1276OnDio1Irq                     
00001e29  SX1276OnDio2Irq                     
000037e1  SX1276OnDio4Irq                     
00002fb9  SX1276Random                        
00002ef9  SX1276ReadBuffer                    
00003ad5  SX1276ReadFifo                      
00002dc1  SX1276ReadRssi                      
0000387d  SX1276Reset                         
00001a61  SX1276Send                          
000031d9  SX1276SetChannel                    
00003275  SX1276SetMaxPayloadLength           
00002775  SX1276SetModem                      
000038c3  SX1276SetOpMode                     
000035a1  SX1276SetPublicNetwork              
0000190d  SX1276SetRfTxPower                  
00000e11  SX1276SetRx                         
000000e5  SX1276SetRxConfig                   
000039b5  SX1276SetSleep                      
00003b41  SX1276SetStby                       
00002629  SX1276SetTx                         
00000b25  SX1276SetTxConfig                   
000029d1  SX1276SetTxContinuousWave           
00003391  SX1276StartCad                      
00002f59  SX1276WriteBuffer                   
00003aeb  SX1276WriteFifo                     
200002a9  SnrValue                            
200002a5  State                               
00001e27  SysTick_Handler                     
00001e27  SysTick_Handler                     
00002c6d  SystemInit                          
00001637  T32_INT1_IRQHandler                 
00001637  T32_INT2_IRQHandler                 
00001637  T32_INTC_IRQHandler                 
00001637  TA0_0_IRQHandler                    
00001637  TA0_N_IRQHandler                    
000038e5  TA1_0_IRQHandler                    
000038e5  TA1_0_IRQHandler                    
00001637  TA1_N_IRQHandler                    
00001637  TA2_0_IRQHandler                    
00001637  TA2_N_IRQHandler                    
00001637  TA3_0_IRQHandler                    
00001637  TA3_N_IRQHandler                    
00003615  TimerAInteruptInit                  
00003809  TimerATimerInit                     
200002b0  TimerInteruptFlag                   
00003715  Timer_A_clearCaptureCompareInterrupt
00003b01  Timer_A_clearInterruptFlag          
00003a65  Timer_A_clearTimer                  
0000364d  Timer_A_configureContinuousMode     
00003229  Timer_A_getCounterValue             
00003b17  Timer_A_startCounter                
00003b55  Timer_A_stopTimer                   
00001637  UsageFault_Handler                  
4000480c  WDTCTL_SYM                          
00001637  WDT_A_IRQHandler                    
20010000  __STACK_END                         
00000200  __STACK_SIZE                        
00003dd8  __TI_CINIT_Base                     
00003de8  __TI_CINIT_Limit                    
00003dc4  __TI_Handler_Table_Base             
00003dd0  __TI_Handler_Table_Limit            
000033d5  __TI_auto_init_nobinit_nopinit      
00002e2d  __TI_decompress_lzss                
00003b99  __TI_decompress_none                
ffffffff  __TI_pprof_out_hndl                 
ffffffff  __TI_prof_data_size                 
ffffffff  __TI_prof_data_start                
00000000  __TI_static_base__                  
000039d1  __TI_zero_init_nomemset             
00002ae5  __aeabi_cdcmpeq                     
00002ae5  __aeabi_cdcmple                     
00002b6b  __aeabi_cdrcmple                    
00002ce5  __aeabi_d2f                         
000032bd  __aeabi_d2iz                        
00003419  __aeabi_d2uiz                       
0000148b  __aeabi_dadd                        
00001cf1  __aeabi_ddiv                        
00002075  __aeabi_dmul                        
00001481  __aeabi_dsub                        
000036e5  __aeabi_i2d                         
00002bf1  __aeabi_memclr                      
00002bf1  __aeabi_memclr4                     
00002bf1  __aeabi_memclr8                     
00002815  __aeabi_memcpy                      
00002815  __aeabi_memcpy4                     
00002815  __aeabi_memcpy8                     
00002bf3  __aeabi_memset                      
00002bf3  __aeabi_memset4                     
00002bf3  __aeabi_memset8                     
00003905  __aeabi_ui2d                        
ffffffff  __binit__                           
ffffffff  __c_args__                          
UNDEFED   __mpu_init                          
2000fe00  __stack                             
00003681  _c_int00_noargs                     
UNDEFED   _system_post_cinit                  
00003be7  _system_pre_init                    
00003beb  abort                               
ffffffff  binit                               
200002aa  buffer                              
00002171  ceil                                
00002171  ceill                               
00003da0  contConfig0                         
00002269  floor                               
00002269  floorl                              
000034e1  getTiming                           
00000000  interruptVectors                    
00001639  main                                
00002815  memcpy                              
00002bf9  memset                              
00002361  round                               
00002361  roundl                              
00003d6c  spiMasterConfig                     
00003305  spiRead_RFM                         
0000345d  spiWrite_RFM                        
00003561  spi_open                            
00003925  startTiming                         
00003181  stopTiming                          
00003d88  upConfig                            


GLOBAL SYMBOLS: SORTED BY Symbol Address 

address   name                                
-------   ----                                
00000000  __TI_static_base__                  
00000000  interruptVectors                    
000000e5  SX1276SetRxConfig                   
00000200  __STACK_SIZE                        
0000049d  SX1276GetTimeOnAir                  
00000835  SX1276OnDio0Irq                     
00000b25  SX1276SetTxConfig                   
00000e11  SX1276SetRx                         
000012bd  GpioMcuInit                         
00001481  __aeabi_dsub                        
0000148b  __aeabi_dadd                        
00001637  ADC14_IRQHandler                    
00001637  AES256_IRQHandler                   
00001637  BusFault_Handler                    
00001637  COMP_E0_IRQHandler                  
00001637  COMP_E1_IRQHandler                  
00001637  CS_IRQHandler                       
00001637  DMA_ERR_IRQHandler                  
00001637  DMA_INT0_IRQHandler                 
00001637  DMA_INT1_IRQHandler                 
00001637  DMA_INT2_IRQHandler                 
00001637  DMA_INT3_IRQHandler                 
00001637  DebugMon_Handler                    
00001637  Default_Handler                     
00001637  EUSCIA0_IRQHandler                  
00001637  EUSCIA1_IRQHandler                  
00001637  EUSCIA2_IRQHandler                  
00001637  EUSCIA3_IRQHandler                  
00001637  EUSCIB0_IRQHandler                  
00001637  EUSCIB1_IRQHandler                  
00001637  EUSCIB2_IRQHandler                  
00001637  EUSCIB3_IRQHandler                  
00001637  FLCTL_IRQHandler                    
00001637  FPU_IRQHandler                      
00001637  HardFault_Handler                   
00001637  MemManage_Handler                   
00001637  NMI_Handler                         
00001637  PCM_IRQHandler                      
00001637  PORT1_IRQHandler                    
00001637  PORT3_IRQHandler                    
00001637  PORT4_IRQHandler                    
00001637  PORT5_IRQHandler                    
00001637  PORT6_IRQHandler                    
00001637  PSS_IRQHandler                      
00001637  PendSV_Handler                      
00001637  SVC_Handler                         
00001637  T32_INT1_IRQHandler                 
00001637  T32_INT2_IRQHandler                 
00001637  T32_INTC_IRQHandler                 
00001637  TA0_0_IRQHandler                    
00001637  TA0_N_IRQHandler                    
00001637  TA1_N_IRQHandler                    
00001637  TA2_0_IRQHandler                    
00001637  TA2_N_IRQHandler                    
00001637  TA3_0_IRQHandler                    
00001637  TA3_N_IRQHandler                    
00001637  UsageFault_Handler                  
00001637  WDT_A_IRQHandler                    
00001639  main                                
000017a9  SX1276OnDio1Irq                     
0000190d  SX1276SetRfTxPower                  
00001a61  SX1276Send                          
00001cf1  __aeabi_ddiv                        
00001e27  SysTick_Handler                     
00001e27  SysTick_Handler                     
00001e29  SX1276OnDio2Irq                     
00001f5d  GpioMcuSetInterrupt                 
00002075  __aeabi_dmul                        
00002171  ceil                                
00002171  ceill                               
00002269  floor                               
00002269  floorl                              
00002361  round                               
00002361  roundl                              
00002421  SPI_initMaster                      
000024d1  SX1276IoInit                        
00002581  RxChainCalibration                  
00002629  SX1276SetTx                         
000026d1  SX1276IsChannelFree                 
00002775  SX1276SetModem                      
00002815  __aeabi_memcpy                      
00002815  __aeabi_memcpy4                     
00002815  __aeabi_memcpy8                     
00002815  memcpy                              
000028b1  RTC_C_getEnabledInterruptStatus     
00002945  SX1276Init                          
000029d1  SX1276SetTxContinuousWave           
00002a5d  BoardInitMcu                        
00002ae5  __aeabi_cdcmpeq                     
00002ae5  __aeabi_cdcmple                     
00002b6b  __aeabi_cdrcmple                    
00002bf1  __aeabi_memclr                      
00002bf1  __aeabi_memclr4                     
00002bf1  __aeabi_memclr8                     
00002bf3  __aeabi_memset                      
00002bf3  __aeabi_memset4                     
00002bf3  __aeabi_memset8                     
00002bf9  memset                              
00002c6d  SystemInit                          
00002ce5  __aeabi_d2f                         
00002d55  PORT2_IRQHandler                    
00002d55  PORT2_IRQHandler                    
00002dc1  SX1276ReadRssi                      
00002e2d  __TI_decompress_lzss                
00002e95  GetFskBandwidthRegValue             
00002ef9  SX1276ReadBuffer                    
00002f59  SX1276WriteBuffer                   
00002fb9  SX1276Random                        
00003019  OnRxDone                            
00003075  RTC_C_getInterruptStatus            
000030d1  Delayms                             
00003129  SX1276IoIrqInit                     
00003181  stopTiming                          
000031d9  SX1276SetChannel                    
00003229  Timer_A_getCounterValue             
00003275  SX1276SetMaxPayloadLength           
000032bd  __aeabi_d2iz                        
00003305  spiRead_RFM                         
0000334d  GpioMcuWrite                        
00003391  SX1276StartCad                      
000033d5  __TI_auto_init_nobinit_nopinit      
00003419  __aeabi_d2uiz                       
0000345d  spiWrite_RFM                        
000034a1  GPIO_setAsOutputPin                 
000034e1  getTiming                           
00003561  spi_open                            
000035a1  SX1276SetPublicNetwork              
000035dd  RFM_spi_read_write                  
00003615  TimerAInteruptInit                  
0000364d  Timer_A_configureContinuousMode     
00003681  _c_int00_noargs                     
000036b5  GpioInit                            
000036e5  __aeabi_i2d                         
00003715  Timer_A_clearCaptureCompareInterrupt
00003741  GPIO_enableInterrupt                
00003769  GPIO_setOutputHighOnPin             
00003791  GPIO_setOutputLowOnPin              
000037b9  SPI_getInterruptStatus              
000037e1  SX1276OnDio4Irq                     
00003809  TimerATimerInit                     
00003831  SPI_transmitData                    
00003859  OnTxDone                            
0000387d  SX1276Reset                         
000038a1  GpioFlashLED                        
000038c3  SX1276SetOpMode                     
000038e5  TA1_0_IRQHandler                    
000038e5  TA1_0_IRQHandler                    
00003905  __aeabi_ui2d                        
00003925  startTiming                         
00003943  GpioSetInterrupt                    
00003961  RTC_C_IRQHandler                    
00003961  RTC_C_IRQHandler                    
0000397d  SPI_enableModule                    
00003999  SPI_receiveData                     
000039b5  SX1276SetSleep                      
000039d1  __TI_zero_init_nomemset             
000039ed  EUSCI_A_SPI_getInterruptStatus      
00003a05  EUSCI_B_SPI_getInterruptStatus      
00003a1d  OnRxError                           
00003a35  OnRxTimeout                         
00003a4d  OnTxTimeout                         
00003a65  Timer_A_clearTimer                  
00003a7d  EUSCI_A_SPI_enable                  
00003a93  EUSCI_A_SPI_transmitData            
00003aa9  EUSCI_B_SPI_enable                  
00003abf  EUSCI_B_SPI_transmitData            
00003ad5  SX1276ReadFifo                      
00003aeb  SX1276WriteFifo                     
00003b01  Timer_A_clearInterruptFlag          
00003b17  Timer_A_startCounter                
00003b2d  GetBoardPowerSource                 
00003b41  SX1276SetStby                       
00003b55  Timer_A_stopTimer                   
00003b69  EUSCI_A_SPI_receiveData             
00003b79  EUSCI_B_SPI_receiveData             
00003b89  GpioWrite                           
00003b99  __TI_decompress_none                
00003ba7  Reset_Handler                       
00003bb3  SX1276CheckRfFrequency              
00003bcd  SX1276GetStatus                     
00003bd9  SX1276GetWakeupTime                 
00003be3  SX1276GetBoardTcxoWakeupTime        
00003be7  _system_pre_init                    
00003beb  C$$EXIT                             
00003beb  abort                               
00003bf0  FskBandwidths                       
00003ca0  Radio                               
00003d3c  RadioRegsInit                       
00003d6c  spiMasterConfig                     
00003d88  upConfig                            
00003da0  contConfig0                         
00003dc4  __TI_Handler_Table_Base             
00003dd0  __TI_Handler_Table_Limit            
00003dd8  __TI_CINIT_Base                     
00003de8  __TI_CINIT_Limit                    
20000000  SX1276                              
20000220  Led1                                
20000234  Led2                                
20000248  Led3                                
20000260  Buffer                              
200002a0  DIO0Flag                            
200002a1  DIO1Flag                            
200002a2  DIO2Flag                            
200002a3  DIO3Flag                            
200002a4  DIO4Flag                            
200002a5  State                               
200002a6  BufferSize                          
200002a8  RssiValue                           
200002a9  SnrValue                            
200002aa  buffer                              
200002b0  TimerInteruptFlag                   
2000fe00  __stack                             
20010000  __STACK_END                         
4000480c  WDTCTL_SYM                          
ffffffff  __TI_pprof_out_hndl                 
ffffffff  __TI_prof_data_size                 
ffffffff  __TI_prof_data_start                
ffffffff  __binit__                           
ffffffff  __c_args__                          
ffffffff  binit                               
UNDEFED   __mpu_init                          
UNDEFED   _system_post_cinit                  

[222 symbols]
