******************************************************************************
                  TI ARM Linker Unix v18.12.5                  
******************************************************************************
>> Linked Thu Feb 27 16:47:49 2020

OUTPUT FILE NAME:   <Meesters.out>
ENTRY POINT SYMBOL: "_c_int00_noinit_noargs"  address: 0000015d


MEMORY CONFIGURATION

         name            origin    length      used     unused   attr    fill
----------------------  --------  ---------  --------  --------  ----  --------
  MAIN                  00000000   00040000  000001ae  0003fe52  R  X
  INFO                  00200000   00004000  00000000  00004000  R  X
  SRAM_CODE             01000000   00010000  00000200  0000fe00  RW X
  SRAM_DATA             20000000   00010000  00000200  0000fe00  RW  


SEGMENT ALLOCATION MAP

run origin  load origin   length   init length attrs members
----------  ----------- ---------- ----------- ----- -------
00000000    00000000    000001ae   000001ae    r-x
  00000000    00000000    000000e4   000000e4    r-- .intvecs
  000000e4    000000e4    000000ca   000000ca    r-x .text
2000fe00    2000fe00    00000200   00000000    rw-
  2000fe00    2000fe00    00000200   00000000    rw- .stack


SECTION ALLOCATION MAP

 output                                  attributes/
section   page    origin      length       input sections
--------  ----  ----------  ----------   ----------------
.intvecs   0    00000000    000000e4     
                  00000000    000000e4     startup_msp432p401r_ccs.obj (.intvecs:retain)

.text      0    000000e4    000000ca     
                  000000e4    00000078     system_msp432p401r.obj (.text:SystemInit)
                  0000015c    0000002c     rtsv7M4_T_le_v4SPD16_eabi.lib : boot_cortex_m.c.obj (.text:_c_int00_noinit_noargs:_c_int00_noinit_noargs)
                  00000188    00000010     main.obj (.text:main)
                  00000198    0000000c     startup_msp432p401r_ccs.obj (.text:Reset_Handler)
                  000001a4    00000004     rtsv7M4_T_le_v4SPD16_eabi.lib : pre_init.c.obj (.text:_system_pre_init)
                  000001a8    00000004                                   : exit.c.obj (.text:abort:abort)
                  000001ac    00000002     startup_msp432p401r_ccs.obj (.text:Default_Handler)

.cinit     0    00000000    00000000     UNINITIALIZED

.init_array 
*          0    00000000    00000000     UNINITIALIZED

.binit     0    00000000    00000000     

.stack     0    2000fe00    00000200     UNINITIALIZED
                  2000fe00    00000004     rtsv7M4_T_le_v4SPD16_eabi.lib : boot_cortex_m.c.obj (.stack)
                  2000fe04    000001fc     --HOLE--

MODULE SUMMARY

       Module                        code   ro data   rw data
       ------                        ----   -------   -------
    ./
       system_msp432p401r.obj        120    0         0      
       main.obj                      16     0         0      
    +--+-----------------------------+------+---------+---------+
       Total:                        136    0         0      
                                                             
    ./ccs/
       startup_msp432p401r_ccs.obj   14     228       0      
    +--+-----------------------------+------+---------+---------+
       Total:                        14     228       0      
                                                             
    /home/nicholas/ti/ccs930/ccs/tools/compiler/ti-cgt-arm_18.12.5.LTS/lib/rtsv7M4_T_le_v4SPD16_eabi.lib
       boot_cortex_m.c.obj           44     0         0      
       exit.c.obj                    4      0         0      
       pre_init.c.obj                4      0         0      
    +--+-----------------------------+------+---------+---------+
       Total:                        52     0         0      
                                                             
       Stack:                        0      0         1024   
    +--+-----------------------------+------+---------+---------+
       Grand Total:                  202    228       1024   


GLOBAL SYMBOLS: SORTED ALPHABETICALLY BY Name 

address   name                  
-------   ----                  
000001ad  ADC14_IRQHandler      
000001ad  AES256_IRQHandler     
000001ad  BusFault_Handler      
000001a9  C$$EXIT               
000001ad  COMP_E0_IRQHandler    
000001ad  COMP_E1_IRQHandler    
000001ad  CS_IRQHandler         
000001ad  DMA_ERR_IRQHandler    
000001ad  DMA_INT0_IRQHandler   
000001ad  DMA_INT1_IRQHandler   
000001ad  DMA_INT2_IRQHandler   
000001ad  DMA_INT3_IRQHandler   
000001ad  DebugMon_Handler      
000001ad  Default_Handler       
000001ad  EUSCIA0_IRQHandler    
000001ad  EUSCIA1_IRQHandler    
000001ad  EUSCIA2_IRQHandler    
000001ad  EUSCIA3_IRQHandler    
000001ad  EUSCIB0_IRQHandler    
000001ad  EUSCIB1_IRQHandler    
000001ad  EUSCIB2_IRQHandler    
000001ad  EUSCIB3_IRQHandler    
000001ad  FLCTL_IRQHandler      
000001ad  FPU_IRQHandler        
000001ad  HardFault_Handler     
000001ad  MemManage_Handler     
000001ad  NMI_Handler           
000001ad  PCM_IRQHandler        
000001ad  PORT1_IRQHandler      
000001ad  PORT2_IRQHandler      
000001ad  PORT3_IRQHandler      
000001ad  PORT4_IRQHandler      
000001ad  PORT5_IRQHandler      
000001ad  PORT6_IRQHandler      
000001ad  PSS_IRQHandler        
000001ad  PendSV_Handler        
000001ad  RTC_C_IRQHandler      
00000199  Reset_Handler         
000001ad  SVC_Handler           
000001ad  SysTick_Handler       
000000e5  SystemInit            
000001ad  T32_INT1_IRQHandler   
000001ad  T32_INT2_IRQHandler   
000001ad  T32_INTC_IRQHandler   
000001ad  TA0_0_IRQHandler      
000001ad  TA0_N_IRQHandler      
000001ad  TA1_0_IRQHandler      
000001ad  TA1_N_IRQHandler      
000001ad  TA2_0_IRQHandler      
000001ad  TA2_N_IRQHandler      
000001ad  TA3_0_IRQHandler      
000001ad  TA3_N_IRQHandler      
000001ad  UsageFault_Handler    
4000480c  WDTCTL_SYM            
000001ad  WDT_A_IRQHandler      
20010000  __STACK_END           
00000200  __STACK_SIZE          
ffffffff  __TI_pprof_out_hndl   
ffffffff  __TI_prof_data_size   
ffffffff  __TI_prof_data_start  
00000000  __TI_static_base__    
ffffffff  __binit__             
ffffffff  __c_args__            
UNDEFED   __mpu_init            
2000fe00  __stack               
0000015d  _c_int00_noinit_noargs
000001a5  _system_pre_init      
000001a9  abort                 
ffffffff  binit                 
00000000  interruptVectors      
00000189  main                  


GLOBAL SYMBOLS: SORTED BY Symbol Address 

address   name                  
-------   ----                  
00000000  __TI_static_base__    
00000000  interruptVectors      
000000e5  SystemInit            
0000015d  _c_int00_noinit_noargs
00000189  main                  
00000199  Reset_Handler         
000001a5  _system_pre_init      
000001a9  C$$EXIT               
000001a9  abort                 
000001ad  ADC14_IRQHandler      
000001ad  AES256_IRQHandler     
000001ad  BusFault_Handler      
000001ad  COMP_E0_IRQHandler    
000001ad  COMP_E1_IRQHandler    
000001ad  CS_IRQHandler         
000001ad  DMA_ERR_IRQHandler    
000001ad  DMA_INT0_IRQHandler   
000001ad  DMA_INT1_IRQHandler   
000001ad  DMA_INT2_IRQHandler   
000001ad  DMA_INT3_IRQHandler   
000001ad  DebugMon_Handler      
000001ad  Default_Handler       
000001ad  EUSCIA0_IRQHandler    
000001ad  EUSCIA1_IRQHandler    
000001ad  EUSCIA2_IRQHandler    
000001ad  EUSCIA3_IRQHandler    
000001ad  EUSCIB0_IRQHandler    
000001ad  EUSCIB1_IRQHandler    
000001ad  EUSCIB2_IRQHandler    
000001ad  EUSCIB3_IRQHandler    
000001ad  FLCTL_IRQHandler      
000001ad  FPU_IRQHandler        
000001ad  HardFault_Handler     
000001ad  MemManage_Handler     
000001ad  NMI_Handler           
000001ad  PCM_IRQHandler        
000001ad  PORT1_IRQHandler      
000001ad  PORT2_IRQHandler      
000001ad  PORT3_IRQHandler      
000001ad  PORT4_IRQHandler      
000001ad  PORT5_IRQHandler      
000001ad  PORT6_IRQHandler      
000001ad  PSS_IRQHandler        
000001ad  PendSV_Handler        
000001ad  RTC_C_IRQHandler      
000001ad  SVC_Handler           
000001ad  SysTick_Handler       
000001ad  T32_INT1_IRQHandler   
000001ad  T32_INT2_IRQHandler   
000001ad  T32_INTC_IRQHandler   
000001ad  TA0_0_IRQHandler      
000001ad  TA0_N_IRQHandler      
000001ad  TA1_0_IRQHandler      
000001ad  TA1_N_IRQHandler      
000001ad  TA2_0_IRQHandler      
000001ad  TA2_N_IRQHandler      
000001ad  TA3_0_IRQHandler      
000001ad  TA3_N_IRQHandler      
000001ad  UsageFault_Handler    
000001ad  WDT_A_IRQHandler      
00000200  __STACK_SIZE          
2000fe00  __stack               
20010000  __STACK_END           
4000480c  WDTCTL_SYM            
ffffffff  __TI_pprof_out_hndl   
ffffffff  __TI_prof_data_size   
ffffffff  __TI_prof_data_start  
ffffffff  __binit__             
ffffffff  __c_args__            
ffffffff  binit                 
UNDEFED   __mpu_init            

[71 symbols]
