******************************************************************************
                  TI ARM Linker Unix v18.12.5                  
******************************************************************************
>> Linked Tue Mar  3 09:49:47 2020

OUTPUT FILE NAME:   <Meesters.out>
ENTRY POINT SYMBOL: "_c_int00_noargs"  address: 000016d5


MEMORY CONFIGURATION

         name            origin    length      used     unused   attr    fill
----------------------  --------  ---------  --------  --------  ----  --------
  MAIN                  00000000   00040000  00001b80  0003e480  R  X
  INFO                  00200000   00004000  00000000  00004000  R  X
  SRAM_CODE             01000000   00010000  00000290  0000fd70  RW X
  SRAM_DATA             20000000   00010000  00000290  0000fd70  RW  


SEGMENT ALLOCATION MAP

run origin  load origin   length   init length attrs members
----------  ----------- ---------- ----------- ----- -------
00000000    00000000    00001b80   00001b80    r-x
  00000000    00000000    000000e4   000000e4    r-- .intvecs
  000000e4    000000e4    00001920   00001920    r-x .text
  00001a04    00001a04    00000144   00000144    r-- .const
  00001b48    00001b48    00000038   00000038    r-- .cinit
20000000    20000000    00000090   00000000    rw-
  20000000    20000000    00000084   00000000    rw- .bss
  20000084    20000084    0000000c   00000000    rw- .data
2000fe00    2000fe00    00000200   00000000    rw-
  2000fe00    2000fe00    00000200   00000000    rw- .stack


SECTION ALLOCATION MAP

 output                                  attributes/
section   page    origin      length       input sections
--------  ----  ----------  ----------   ----------------
.intvecs   0    00000000    000000e4     
                  00000000    000000e4     startup_msp432p401r_ccs.obj (.intvecs:retain)

.text      0    000000e4    00001920     
                  000000e4    000003c0     my_RFM9x.obj (.text:SX1276SetRxConfig)
                  000004a4    000002f4     my_RFM9x.obj (.text:SX1276SetTxConfig)
                  00000798    00000154     my_RFM9x.obj (.text:SX1276SetRfTxPower)
                  000008ec    00000138     my_RFM9x.obj (.text:SX1276Send)
                  00000a24    00000136     rtsv7M4_T_le_v4SPD16_eabi.lib : fd_div_t2.asm.obj (.text)
                  00000b5a    00000002     startup_msp432p401r_ccs.obj (.text:Default_Handler)
                  00000b5c    00000128     main.obj (.text:main)
                  00000c84    000000fc     rtsv7M4_T_le_v4SPD16_eabi.lib : fd_mul_t2.asm.obj (.text)
                  00000d80    000000c4     my_RFM9x.obj (.text:SX1276Init)
                  00000e44    000000b0     msp432p4xx_driverlib.lib : spi.o (.text:SPI_initMaster)
                  00000ef4    000000a8     my_RFM9x.obj (.text:RxChainCalibration)
                  00000f9c    000000a8     my_RFM9x.obj (.text:SX1276SetTx)
                  00001044    000000a0     my_RFM9x.obj (.text:SX1276SetModem)
                  000010e4    0000009c     rtsv7M4_T_le_v4SPD16_eabi.lib : memcpy_t2.asm.obj (.text)
                  00001180    00000078     system_msp432p401r.obj (.text:SystemInit)
                  000011f8    00000068     rtsv7M4_T_le_v4SPD16_eabi.lib : copy_decompress_lzss.c.obj (.text:decompress:lzss:__TI_decompress_lzss)
                  00001260    00000064     my_RFM9x.obj (.text:GetFskBandwidthRegValue)
                  000012c4    00000060     my_RFM9x.obj (.text:SX1276WriteBuffer)
                  00001324    00000058     my_timer.obj (.text:Delayms)
                  0000137c    00000048     my_RFM9x.obj (.text:SX1276SetChannel)
                  000013c4    00000048     rtsv7M4_T_le_v4SPD16_eabi.lib : fd_toi_t2.asm.obj (.text)
                  0000140c    00000048     my_spi.obj (.text:spiRead_RFM)
                  00001454    00000044     my_RFM9x.obj (.text:SX1276IoIrqInit)
                  00001498    00000044     my_timer.obj (.text:TimerAInteruptInit)
                  000014dc    00000044     rtsv7M4_T_le_v4SPD16_eabi.lib : autoinit.c.obj (.text:__TI_auto_init_nobinit_nopinit:__TI_auto_init_nobinit_nopinit)
                  00001520    00000044                                   : fd_tou_t2.asm.obj (.text)
                  00001564    00000044     my_spi.obj (.text:spiWrite_RFM)
                  000015a8    00000040     msp432p4xx_driverlib.lib : gpio.o (.text:GPIO_setAsOutputPin)
                  000015e8    00000040                              : spi.o (.text:is_A_Module)
                  00001628    00000040     my_spi.obj (.text:spi_open)
                  00001668    00000038     my_spi.obj (.text:RFM_spi_read_write)
                  000016a0    00000034     my_RFM9x.obj (.text:SX1276SetPublicNetwork)
                  000016d4    00000034     rtsv7M4_T_le_v4SPD16_eabi.lib : boot_cortex_m.c.obj (.text:_c_int00_noargs:_c_int00_noargs)
                  00001708    00000028     msp432p4xx_driverlib.lib : gpio.o (.text:GPIO_setOutputHighOnPin)
                  00001730    00000028                              : gpio.o (.text:GPIO_setOutputLowOnPin)
                  00001758    00000028                              : spi.o (.text:SPI_getInterruptStatus)
                  00001780    00000026                              : spi.o (.text:SPI_transmitData)
                  000017a6    00000002     main.obj (.text:OnRxError)
                  000017a8    00000024     main.obj (.text:PORT2_IRQHandler)
                  000017cc    00000024     my_timer.obj (.text:TA1_0_IRQHandler)
                  000017f0    00000022     my_RFM9x.obj (.text:SX1276SetSleep)
                  00001812    00000020     my_RFM9x.obj (.text:SX1276Reset)
                  00001832    00000020     my_RFM9x.obj (.text:SX1276SetOpMode)
                  00001852    00000020     rtsv7M4_T_le_v4SPD16_eabi.lib : u_tofd_t2.asm.obj (.text)
                  00001872    0000001c     msp432p4xx_driverlib.lib : spi.o (.text:SPI_enableModule)
                  0000188e    0000001c                              : spi.o (.text:SPI_receiveData)
                  000018aa    0000001c     rtsv7M4_T_le_v4SPD16_eabi.lib : copy_zero_init.c.obj (.text:decompress:ZI:__TI_zero_init_nomemset:__TI_zero_init_nomemset)
                  000018c6    0000001a     my_RFM9x.obj (.text:SX1276GetPaSelect)
                  000018e0    00000018     msp432p4xx_driverlib.lib : spi.o (.text:EUSCI_A_SPI_getInterruptStatus)
                  000018f8    00000018                              : spi.o (.text:EUSCI_B_SPI_getInterruptStatus)
                  00001910    00000016                              : spi.o (.text:EUSCI_A_SPI_enable)
                  00001926    00000016                              : spi.o (.text:EUSCI_A_SPI_transmitData)
                  0000193c    00000016                              : spi.o (.text:EUSCI_B_SPI_enable)
                  00001952    00000016                              : spi.o (.text:EUSCI_B_SPI_transmitData)
                  00001968    00000016     main.obj (.text:OnRxDone)
                  0000197e    00000016     my_RFM9x.obj (.text:SX1276WriteFifo)
                  00001994    00000014     main.obj (.text:OnTxDone)
                  000019a8    00000014     my_RFM9x.obj (.text:SX1276SetStby)
                  000019bc    00000010     msp432p4xx_driverlib.lib : spi.o (.text:EUSCI_A_SPI_receiveData)
                  000019cc    00000010                              : spi.o (.text:EUSCI_B_SPI_receiveData)
                  000019dc    0000000e     rtsv7M4_T_le_v4SPD16_eabi.lib : copy_decompress_none.c.obj (.text:decompress:none:__TI_decompress_none)
                  000019ea    0000000c     startup_msp432p401r_ccs.obj (.text:Reset_Handler)
                  000019f6    00000004     rtsv7M4_T_le_v4SPD16_eabi.lib : pre_init.c.obj (.text:_system_pre_init)
                  000019fa    00000004                                   : exit.c.obj (.text:abort:abort)
                  000019fe    00000002     main.obj (.text:OnRxTimeout)
                  00001a00    00000002     main.obj (.text:OnTxTimeout)
                  00001a02    00000002     my_systick.obj (.text:SysTick_Handler)

.const     0    00001a04    00000144     
                  00001a04    000000b0     my_RFM9x.obj (.const:FskBandwidths)
                  00001ab4    00000030     msp432p4xx_driverlib.lib : gpio.o (.const:GPIO_PORT_TO_BASE)
                  00001ae4    00000030     my_RFM9x.obj (.const:RadioRegsInit)
                  00001b14    0000001c     my_spi.obj (.const:spiMasterConfig)
                  00001b30    00000018     my_timer.obj (.const:upConfig)

.cinit     0    00001b48    00000038     
                  00001b48    00000011     (.cinit..data.load) [load image, compression = lzss]
                  00001b59    00000003     --HOLE-- [fill = 0]
                  00001b5c    0000000c     (__TI_handler_table)
                  00001b68    00000008     (.cinit..bss.load) [load image, compression = zero_init]
                  00001b70    00000010     (__TI_cinit_table)

.init_array 
*          0    00000000    00000000     UNINITIALIZED

.binit     0    00000000    00000000     

.bss       0    20000000    00000084     UNINITIALIZED
                  20000000    00000064     (.common:SX1276)
                  20000064    0000001c     main.obj (.bss:RadioEvents)
                  20000080    00000004     my_RFM9x.obj (.bss)

.data      0    20000084    0000000c     UNINITIALIZED
                  20000084    00000006     main.obj (.data)
                  2000008a    00000005     main.obj (.data:buffer)
                  2000008f    00000001     my_timer.obj (.data)

.stack     0    2000fe00    00000200     UNINITIALIZED
                  2000fe00    00000004     rtsv7M4_T_le_v4SPD16_eabi.lib : boot_cortex_m.c.obj (.stack)
                  2000fe04    000001fc     --HOLE--

MODULE SUMMARY

       Module                        code   ro data   rw data
       ------                        ----   -------   -------
    ./
       my_RFM9x.obj                  3614   224       208    
       main.obj                      380    0         78     
       my_spi.obj                    260    28        0      
       my_timer.obj                  192    24        2      
       system_msp432p401r.obj        120    0         0      
       my_systick.obj                2      0         0      
    +--+-----------------------------+------+---------+---------+
       Total:                        4568   276       288    
                                                             
    ./ccs/
       startup_msp432p401r_ccs.obj   14     228       0      
    +--+-----------------------------+------+---------+---------+
       Total:                        14     228       0      
                                                             
    /home/nicholas/ti/ccs930/ccs/tools/compiler/ti-cgt-arm_18.12.5.LTS/lib/rtsv7M4_T_le_v4SPD16_eabi.lib
       fd_div_t2.asm.obj             310    0         0      
       fd_mul_t2.asm.obj             252    0         0      
       memcpy_t2.asm.obj             156    0         0      
       copy_decompress_lzss.c.obj    104    0         0      
       fd_toi_t2.asm.obj             72     0         0      
       autoinit.c.obj                68     0         0      
       fd_tou_t2.asm.obj             68     0         0      
       boot_cortex_m.c.obj           52     0         0      
       u_tofd_t2.asm.obj             32     0         0      
       copy_zero_init.c.obj          28     0         0      
       copy_decompress_none.c.obj    14     0         0      
       exit.c.obj                    4      0         0      
       pre_init.c.obj                4      0         0      
    +--+-----------------------------+------+---------+---------+
       Total:                        1164   0         0      
                                                             
    /home/nicholas/ti/ti/simplelink_msp432p4_sdk_3_40_01_02/source/ti/devices/msp432p4xx/driverlib/ccs/msp432p4xx_driverlib.lib
       spi.o                         542    0         0      
       gpio.o                        144    48        0      
    +--+-----------------------------+------+---------+---------+
       Total:                        686    48        0      
                                                             
       Stack:                        0      0         1024   
       Linker Generated:             0      53        0      
    +--+-----------------------------+------+---------+---------+
       Grand Total:                  6432   605       1312   


LINKER GENERATED COPY TABLES

__TI_cinit_table @ 00001b70 records: 2, size/record: 8, table size: 16
	.data: load addr=00001b48, load size=00000011 bytes, run addr=20000084, run size=0000000c bytes, compression=lzss
	.bss: load addr=00001b68, load size=00000008 bytes, run addr=20000000, run size=00000084 bytes, compression=zero_init


LINKER GENERATED HANDLER TABLE

__TI_handler_table @ 00001b5c records: 3, size/record: 4, table size: 12
	index: 0, handler: __TI_decompress_lzss
	index: 1, handler: __TI_decompress_none
	index: 2, handler: __TI_zero_init


GLOBAL SYMBOLS: SORTED ALPHABETICALLY BY Name 

address   name                          
-------   ----                          
00000b5b  ADC14_IRQHandler              
00000b5b  AES256_IRQHandler             
20000086  BufferSize                    
00000b5b  BusFault_Handler              
000019fb  C$$EXIT                       
00000b5b  COMP_E0_IRQHandler            
00000b5b  COMP_E1_IRQHandler            
00000b5b  CS_IRQHandler                 
00000b5b  DMA_ERR_IRQHandler            
00000b5b  DMA_INT0_IRQHandler           
00000b5b  DMA_INT1_IRQHandler           
00000b5b  DMA_INT2_IRQHandler           
00000b5b  DMA_INT3_IRQHandler           
00000b5b  DebugMon_Handler              
00000b5b  Default_Handler               
00001325  Delayms                       
00000b5b  EUSCIA0_IRQHandler            
00000b5b  EUSCIA1_IRQHandler            
00000b5b  EUSCIA2_IRQHandler            
00000b5b  EUSCIA3_IRQHandler            
00000b5b  EUSCIB0_IRQHandler            
00000b5b  EUSCIB1_IRQHandler            
00000b5b  EUSCIB2_IRQHandler            
00000b5b  EUSCIB3_IRQHandler            
00001911  EUSCI_A_SPI_enable            
000018e1  EUSCI_A_SPI_getInterruptStatus
000019bd  EUSCI_A_SPI_receiveData       
00001927  EUSCI_A_SPI_transmitData      
0000193d  EUSCI_B_SPI_enable            
000018f9  EUSCI_B_SPI_getInterruptStatus
000019cd  EUSCI_B_SPI_receiveData       
00001953  EUSCI_B_SPI_transmitData      
00000b5b  FLCTL_IRQHandler              
00000b5b  FPU_IRQHandler                
00001a04  FskBandwidths                 
000015a9  GPIO_setAsOutputPin           
00001709  GPIO_setOutputHighOnPin       
00001731  GPIO_setOutputLowOnPin        
00001261  GetFskBandwidthRegValue       
00000b5b  HardFault_Handler             
00000b5b  MemManage_Handler             
00000b5b  NMI_Handler                   
00001969  OnRxDone                      
000017a7  OnRxError                     
000019ff  OnRxTimeout                   
00001995  OnTxDone                      
00001a01  OnTxTimeout                   
00000b5b  PCM_IRQHandler                
00000b5b  PORT1_IRQHandler              
000017a9  PORT2_IRQHandler              
000017a9  PORT2_IRQHandler              
00000b5b  PORT3_IRQHandler              
00000b5b  PORT4_IRQHandler              
00000b5b  PORT5_IRQHandler              
00000b5b  PORT6_IRQHandler              
00000b5b  PSS_IRQHandler                
00000b5b  PendSV_Handler                
00001669  RFM_spi_read_write            
00000b5b  RTC_C_IRQHandler              
00001ae4  RadioRegsInit                 
000019eb  Reset_Handler                 
20000088  RssiValue                     
00000ef5  RxChainCalibration            
00001873  SPI_enableModule              
00001759  SPI_getInterruptStatus        
00000e45  SPI_initMaster                
0000188f  SPI_receiveData               
00001781  SPI_transmitData              
00000b5b  SVC_Handler                   
20000000  SX1276                        
000018c7  SX1276GetPaSelect             
00000d81  SX1276Init                    
00001455  SX1276IoIrqInit               
00001813  SX1276Reset                   
000008ed  SX1276Send                    
0000137d  SX1276SetChannel              
00001045  SX1276SetModem                
00001833  SX1276SetOpMode               
000016a1  SX1276SetPublicNetwork        
00000799  SX1276SetRfTxPower            
000000e5  SX1276SetRxConfig             
000017f1  SX1276SetSleep                
000019a9  SX1276SetStby                 
00000f9d  SX1276SetTx                   
000004a5  SX1276SetTxConfig             
000012c5  SX1276WriteBuffer             
0000197f  SX1276WriteFifo               
20000089  SnrValue                      
20000084  State                         
00001a03  SysTick_Handler               
00001a03  SysTick_Handler               
00001181  SystemInit                    
00000b5b  T32_INT1_IRQHandler           
00000b5b  T32_INT2_IRQHandler           
00000b5b  T32_INTC_IRQHandler           
00000b5b  TA0_0_IRQHandler              
00000b5b  TA0_N_IRQHandler              
000017cd  TA1_0_IRQHandler              
000017cd  TA1_0_IRQHandler              
00000b5b  TA1_N_IRQHandler              
00000b5b  TA2_0_IRQHandler              
00000b5b  TA2_N_IRQHandler              
00000b5b  TA3_0_IRQHandler              
00000b5b  TA3_N_IRQHandler              
00001499  TimerAInteruptInit            
2000008f  TimerInteruptFlag             
00000b5b  UsageFault_Handler            
4000480c  WDTCTL_SYM                    
00000b5b  WDT_A_IRQHandler              
20010000  __STACK_END                   
00000200  __STACK_SIZE                  
00001b70  __TI_CINIT_Base               
00001b80  __TI_CINIT_Limit              
00001b5c  __TI_Handler_Table_Base       
00001b68  __TI_Handler_Table_Limit      
000014dd  __TI_auto_init_nobinit_nopinit
000011f9  __TI_decompress_lzss          
000019dd  __TI_decompress_none          
ffffffff  __TI_pprof_out_hndl           
ffffffff  __TI_prof_data_size           
ffffffff  __TI_prof_data_start          
00000000  __TI_static_base__            
000018ab  __TI_zero_init_nomemset       
000013c5  __aeabi_d2iz                  
00001521  __aeabi_d2uiz                 
00000a25  __aeabi_ddiv                  
00000c85  __aeabi_dmul                  
000010e5  __aeabi_memcpy                
000010e5  __aeabi_memcpy4               
000010e5  __aeabi_memcpy8               
00001853  __aeabi_ui2d                  
ffffffff  __binit__                     
ffffffff  __c_args__                    
UNDEFED   __mpu_init                    
2000fe00  __stack                       
000016d5  _c_int00_noargs               
UNDEFED   _system_post_cinit            
000019f7  _system_pre_init              
000019fb  abort                         
ffffffff  binit                         
2000008a  buffer                        
00000000  interruptVectors              
00000b5d  main                          
000010e5  memcpy                        
00001b14  spiMasterConfig               
0000140d  spiRead_RFM                   
00001565  spiWrite_RFM                  
00001629  spi_open                      
00001b30  upConfig                      


GLOBAL SYMBOLS: SORTED BY Symbol Address 

address   name                          
-------   ----                          
00000000  __TI_static_base__            
00000000  interruptVectors              
000000e5  SX1276SetRxConfig             
00000200  __STACK_SIZE                  
000004a5  SX1276SetTxConfig             
00000799  SX1276SetRfTxPower            
000008ed  SX1276Send                    
00000a25  __aeabi_ddiv                  
00000b5b  ADC14_IRQHandler              
00000b5b  AES256_IRQHandler             
00000b5b  BusFault_Handler              
00000b5b  COMP_E0_IRQHandler            
00000b5b  COMP_E1_IRQHandler            
00000b5b  CS_IRQHandler                 
00000b5b  DMA_ERR_IRQHandler            
00000b5b  DMA_INT0_IRQHandler           
00000b5b  DMA_INT1_IRQHandler           
00000b5b  DMA_INT2_IRQHandler           
00000b5b  DMA_INT3_IRQHandler           
00000b5b  DebugMon_Handler              
00000b5b  Default_Handler               
00000b5b  EUSCIA0_IRQHandler            
00000b5b  EUSCIA1_IRQHandler            
00000b5b  EUSCIA2_IRQHandler            
00000b5b  EUSCIA3_IRQHandler            
00000b5b  EUSCIB0_IRQHandler            
00000b5b  EUSCIB1_IRQHandler            
00000b5b  EUSCIB2_IRQHandler            
00000b5b  EUSCIB3_IRQHandler            
00000b5b  FLCTL_IRQHandler              
00000b5b  FPU_IRQHandler                
00000b5b  HardFault_Handler             
00000b5b  MemManage_Handler             
00000b5b  NMI_Handler                   
00000b5b  PCM_IRQHandler                
00000b5b  PORT1_IRQHandler              
00000b5b  PORT3_IRQHandler              
00000b5b  PORT4_IRQHandler              
00000b5b  PORT5_IRQHandler              
00000b5b  PORT6_IRQHandler              
00000b5b  PSS_IRQHandler                
00000b5b  PendSV_Handler                
00000b5b  RTC_C_IRQHandler              
00000b5b  SVC_Handler                   
00000b5b  T32_INT1_IRQHandler           
00000b5b  T32_INT2_IRQHandler           
00000b5b  T32_INTC_IRQHandler           
00000b5b  TA0_0_IRQHandler              
00000b5b  TA0_N_IRQHandler              
00000b5b  TA1_N_IRQHandler              
00000b5b  TA2_0_IRQHandler              
00000b5b  TA2_N_IRQHandler              
00000b5b  TA3_0_IRQHandler              
00000b5b  TA3_N_IRQHandler              
00000b5b  UsageFault_Handler            
00000b5b  WDT_A_IRQHandler              
00000b5d  main                          
00000c85  __aeabi_dmul                  
00000d81  SX1276Init                    
00000e45  SPI_initMaster                
00000ef5  RxChainCalibration            
00000f9d  SX1276SetTx                   
00001045  SX1276SetModem                
000010e5  __aeabi_memcpy                
000010e5  __aeabi_memcpy4               
000010e5  __aeabi_memcpy8               
000010e5  memcpy                        
00001181  SystemInit                    
000011f9  __TI_decompress_lzss          
00001261  GetFskBandwidthRegValue       
000012c5  SX1276WriteBuffer             
00001325  Delayms                       
0000137d  SX1276SetChannel              
000013c5  __aeabi_d2iz                  
0000140d  spiRead_RFM                   
00001455  SX1276IoIrqInit               
00001499  TimerAInteruptInit            
000014dd  __TI_auto_init_nobinit_nopinit
00001521  __aeabi_d2uiz                 
00001565  spiWrite_RFM                  
000015a9  GPIO_setAsOutputPin           
00001629  spi_open                      
00001669  RFM_spi_read_write            
000016a1  SX1276SetPublicNetwork        
000016d5  _c_int00_noargs               
00001709  GPIO_setOutputHighOnPin       
00001731  GPIO_setOutputLowOnPin        
00001759  SPI_getInterruptStatus        
00001781  SPI_transmitData              
000017a7  OnRxError                     
000017a9  PORT2_IRQHandler              
000017a9  PORT2_IRQHandler              
000017cd  TA1_0_IRQHandler              
000017cd  TA1_0_IRQHandler              
000017f1  SX1276SetSleep                
00001813  SX1276Reset                   
00001833  SX1276SetOpMode               
00001853  __aeabi_ui2d                  
00001873  SPI_enableModule              
0000188f  SPI_receiveData               
000018ab  __TI_zero_init_nomemset       
000018c7  SX1276GetPaSelect             
000018e1  EUSCI_A_SPI_getInterruptStatus
000018f9  EUSCI_B_SPI_getInterruptStatus
00001911  EUSCI_A_SPI_enable            
00001927  EUSCI_A_SPI_transmitData      
0000193d  EUSCI_B_SPI_enable            
00001953  EUSCI_B_SPI_transmitData      
00001969  OnRxDone                      
0000197f  SX1276WriteFifo               
00001995  OnTxDone                      
000019a9  SX1276SetStby                 
000019bd  EUSCI_A_SPI_receiveData       
000019cd  EUSCI_B_SPI_receiveData       
000019dd  __TI_decompress_none          
000019eb  Reset_Handler                 
000019f7  _system_pre_init              
000019fb  C$$EXIT                       
000019fb  abort                         
000019ff  OnRxTimeout                   
00001a01  OnTxTimeout                   
00001a03  SysTick_Handler               
00001a03  SysTick_Handler               
00001a04  FskBandwidths                 
00001ae4  RadioRegsInit                 
00001b14  spiMasterConfig               
00001b30  upConfig                      
00001b5c  __TI_Handler_Table_Base       
00001b68  __TI_Handler_Table_Limit      
00001b70  __TI_CINIT_Base               
00001b80  __TI_CINIT_Limit              
20000000  SX1276                        
20000084  State                         
20000086  BufferSize                    
20000088  RssiValue                     
20000089  SnrValue                      
2000008a  buffer                        
2000008f  TimerInteruptFlag             
2000fe00  __stack                       
20010000  __STACK_END                   
4000480c  WDTCTL_SYM                    
ffffffff  __TI_pprof_out_hndl           
ffffffff  __TI_prof_data_size           
ffffffff  __TI_prof_data_start          
ffffffff  __binit__                     
ffffffff  __c_args__                    
ffffffff  binit                         
UNDEFED   __mpu_init                    
UNDEFED   _system_post_cinit            

[149 symbols]
