******************************************************************************
                  TI ARM Linker Unix v18.12.5                  
******************************************************************************
>> Linked Fri Feb 28 08:57:09 2020

OUTPUT FILE NAME:   <Meesters.out>
ENTRY POINT SYMBOL: "_c_int00_noargs"  address: 000002a5


MEMORY CONFIGURATION

         name            origin    length      used     unused   attr    fill
----------------------  --------  ---------  --------  --------  ----  --------
  MAIN                  00000000   00040000  00000348  0003fcb8  R  X
  INFO                  00200000   00004000  00000000  00004000  R  X
  SRAM_CODE             01000000   00010000  00000201  0000fdff  RW X
  SRAM_DATA             20000000   00010000  00000201  0000fdff  RW  


SEGMENT ALLOCATION MAP

run origin  load origin   length   init length attrs members
----------  ----------- ---------- ----------- ----- -------
00000000    00000000    00000348   00000348    r-x
  00000000    00000000    000000e4   000000e4    r-- .intvecs
  000000e4    000000e4    0000024c   0000024c    r-x .text
  00000330    00000330    00000018   00000018    r-- .cinit
20000000    20000000    00000001   00000000    rw-
  20000000    20000000    00000001   00000000    rw- .data
2000fe00    2000fe00    00000200   00000000    rw-
  2000fe00    2000fe00    00000200   00000000    rw- .stack


SECTION ALLOCATION MAP

 output                                  attributes/
section   page    origin      length       input sections
--------  ----  ----------  ----------   ----------------
.intvecs   0    00000000    000000e4     
                  00000000    000000e4     startup_msp432p401r_ccs.obj (.intvecs:retain)

.text      0    000000e4    0000024c     
                  000000e4    0000009c     rtsv7M4_T_le_v4SPD16_eabi.lib : memcpy_t2.asm.obj (.text)
                  00000180    00000078     system_msp432p401r.obj (.text:SystemInit)
                  000001f8    00000068     rtsv7M4_T_le_v4SPD16_eabi.lib : copy_decompress_lzss.c.obj (.text:decompress:lzss:__TI_decompress_lzss)
                  00000260    00000044                                   : autoinit.c.obj (.text:__TI_auto_init_nobinit_nopinit:__TI_auto_init_nobinit_nopinit)
                  000002a4    00000034                                   : boot_cortex_m.c.obj (.text:_c_int00_noargs:_c_int00_noargs)
                  000002d8    00000024     my_timer.obj (.text:TA1_0_IRQHandler)
                  000002fc    00000010     main.obj (.text:main)
                  0000030c    0000000e     rtsv7M4_T_le_v4SPD16_eabi.lib : copy_decompress_none.c.obj (.text:decompress:none:__TI_decompress_none)
                  0000031a    0000000c     startup_msp432p401r_ccs.obj (.text:Reset_Handler)
                  00000326    00000004     rtsv7M4_T_le_v4SPD16_eabi.lib : pre_init.c.obj (.text:_system_pre_init)
                  0000032a    00000004                                   : exit.c.obj (.text:abort:abort)
                  0000032e    00000002     startup_msp432p401r_ccs.obj (.text:Default_Handler)

.cinit     0    00000330    00000018     
                  00000330    00000008     (__TI_handler_table)
                  00000338    00000005     (.cinit..data.load) [load image, compression = lzss]
                  0000033d    00000003     --HOLE-- [fill = 0]
                  00000340    00000008     (__TI_cinit_table)

.init_array 
*          0    00000000    00000000     UNINITIALIZED

.binit     0    00000000    00000000     

.data      0    20000000    00000001     UNINITIALIZED
                  20000000    00000001     my_timer.obj (.data)

.stack     0    2000fe00    00000200     UNINITIALIZED
                  2000fe00    00000004     rtsv7M4_T_le_v4SPD16_eabi.lib : boot_cortex_m.c.obj (.stack)
                  2000fe04    000001fc     --HOLE--

MODULE SUMMARY

       Module                        code   ro data   rw data
       ------                        ----   -------   -------
    ./
       system_msp432p401r.obj        120    0         0      
       my_timer.obj                  36     0         2      
       main.obj                      16     0         0      
    +--+-----------------------------+------+---------+---------+
       Total:                        172    0         2      
                                                             
    ./ccs/
       startup_msp432p401r_ccs.obj   14     228       0      
    +--+-----------------------------+------+---------+---------+
       Total:                        14     228       0      
                                                             
    /home/nicholas/ti/ccs930/ccs/tools/compiler/ti-cgt-arm_18.12.5.LTS/lib/rtsv7M4_T_le_v4SPD16_eabi.lib
       memcpy_t2.asm.obj             156    0         0      
       copy_decompress_lzss.c.obj    104    0         0      
       autoinit.c.obj                68     0         0      
       boot_cortex_m.c.obj           52     0         0      
       copy_decompress_none.c.obj    14     0         0      
       exit.c.obj                    4      0         0      
       pre_init.c.obj                4      0         0      
    +--+-----------------------------+------+---------+---------+
       Total:                        402    0         0      
                                                             
       Stack:                        0      0         1024   
       Linker Generated:             0      21        0      
    +--+-----------------------------+------+---------+---------+
       Grand Total:                  588    249       1026   


LINKER GENERATED COPY TABLES

__TI_cinit_table @ 00000340 records: 1, size/record: 8, table size: 8
	.data: load addr=00000338, load size=00000005 bytes, run addr=20000000, run size=00000001 bytes, compression=lzss


LINKER GENERATED HANDLER TABLE

__TI_handler_table @ 00000330 records: 2, size/record: 4, table size: 8
	index: 0, handler: __TI_decompress_lzss
	index: 1, handler: __TI_decompress_none


GLOBAL SYMBOLS: SORTED ALPHABETICALLY BY Name 

address   name                          
-------   ----                          
0000032f  ADC14_IRQHandler              
0000032f  AES256_IRQHandler             
0000032f  BusFault_Handler              
0000032b  C$$EXIT                       
0000032f  COMP_E0_IRQHandler            
0000032f  COMP_E1_IRQHandler            
0000032f  CS_IRQHandler                 
0000032f  DMA_ERR_IRQHandler            
0000032f  DMA_INT0_IRQHandler           
0000032f  DMA_INT1_IRQHandler           
0000032f  DMA_INT2_IRQHandler           
0000032f  DMA_INT3_IRQHandler           
0000032f  DebugMon_Handler              
0000032f  Default_Handler               
0000032f  EUSCIA0_IRQHandler            
0000032f  EUSCIA1_IRQHandler            
0000032f  EUSCIA2_IRQHandler            
0000032f  EUSCIA3_IRQHandler            
0000032f  EUSCIB0_IRQHandler            
0000032f  EUSCIB1_IRQHandler            
0000032f  EUSCIB2_IRQHandler            
0000032f  EUSCIB3_IRQHandler            
0000032f  FLCTL_IRQHandler              
0000032f  FPU_IRQHandler                
0000032f  HardFault_Handler             
0000032f  MemManage_Handler             
0000032f  NMI_Handler                   
0000032f  PCM_IRQHandler                
0000032f  PORT1_IRQHandler              
0000032f  PORT2_IRQHandler              
0000032f  PORT3_IRQHandler              
0000032f  PORT4_IRQHandler              
0000032f  PORT5_IRQHandler              
0000032f  PORT6_IRQHandler              
0000032f  PSS_IRQHandler                
0000032f  PendSV_Handler                
0000032f  RTC_C_IRQHandler              
0000031b  Reset_Handler                 
0000032f  SVC_Handler                   
0000032f  SysTick_Handler               
00000181  SystemInit                    
0000032f  T32_INT1_IRQHandler           
0000032f  T32_INT2_IRQHandler           
0000032f  T32_INTC_IRQHandler           
0000032f  TA0_0_IRQHandler              
0000032f  TA0_N_IRQHandler              
000002d9  TA1_0_IRQHandler              
000002d9  TA1_0_IRQHandler              
0000032f  TA1_N_IRQHandler              
0000032f  TA2_0_IRQHandler              
0000032f  TA2_N_IRQHandler              
0000032f  TA3_0_IRQHandler              
0000032f  TA3_N_IRQHandler              
20000000  TimerInteruptFlag             
0000032f  UsageFault_Handler            
4000480c  WDTCTL_SYM                    
0000032f  WDT_A_IRQHandler              
20010000  __STACK_END                   
00000200  __STACK_SIZE                  
00000340  __TI_CINIT_Base               
00000348  __TI_CINIT_Limit              
00000330  __TI_Handler_Table_Base       
00000338  __TI_Handler_Table_Limit      
00000261  __TI_auto_init_nobinit_nopinit
000001f9  __TI_decompress_lzss          
0000030d  __TI_decompress_none          
ffffffff  __TI_pprof_out_hndl           
ffffffff  __TI_prof_data_size           
ffffffff  __TI_prof_data_start          
00000000  __TI_static_base__            
000000e5  __aeabi_memcpy                
000000e5  __aeabi_memcpy4               
000000e5  __aeabi_memcpy8               
ffffffff  __binit__                     
ffffffff  __c_args__                    
UNDEFED   __mpu_init                    
2000fe00  __stack                       
000002a5  _c_int00_noargs               
UNDEFED   _system_post_cinit            
00000327  _system_pre_init              
0000032b  abort                         
ffffffff  binit                         
00000000  interruptVectors              
000002fd  main                          
000000e5  memcpy                        


GLOBAL SYMBOLS: SORTED BY Symbol Address 

address   name                          
-------   ----                          
00000000  __TI_static_base__            
00000000  interruptVectors              
000000e5  __aeabi_memcpy                
000000e5  __aeabi_memcpy4               
000000e5  __aeabi_memcpy8               
000000e5  memcpy                        
00000181  SystemInit                    
000001f9  __TI_decompress_lzss          
00000200  __STACK_SIZE                  
00000261  __TI_auto_init_nobinit_nopinit
000002a5  _c_int00_noargs               
000002d9  TA1_0_IRQHandler              
000002d9  TA1_0_IRQHandler              
000002fd  main                          
0000030d  __TI_decompress_none          
0000031b  Reset_Handler                 
00000327  _system_pre_init              
0000032b  C$$EXIT                       
0000032b  abort                         
0000032f  ADC14_IRQHandler              
0000032f  AES256_IRQHandler             
0000032f  BusFault_Handler              
0000032f  COMP_E0_IRQHandler            
0000032f  COMP_E1_IRQHandler            
0000032f  CS_IRQHandler                 
0000032f  DMA_ERR_IRQHandler            
0000032f  DMA_INT0_IRQHandler           
0000032f  DMA_INT1_IRQHandler           
0000032f  DMA_INT2_IRQHandler           
0000032f  DMA_INT3_IRQHandler           
0000032f  DebugMon_Handler              
0000032f  Default_Handler               
0000032f  EUSCIA0_IRQHandler            
0000032f  EUSCIA1_IRQHandler            
0000032f  EUSCIA2_IRQHandler            
0000032f  EUSCIA3_IRQHandler            
0000032f  EUSCIB0_IRQHandler            
0000032f  EUSCIB1_IRQHandler            
0000032f  EUSCIB2_IRQHandler            
0000032f  EUSCIB3_IRQHandler            
0000032f  FLCTL_IRQHandler              
0000032f  FPU_IRQHandler                
0000032f  HardFault_Handler             
0000032f  MemManage_Handler             
0000032f  NMI_Handler                   
0000032f  PCM_IRQHandler                
0000032f  PORT1_IRQHandler              
0000032f  PORT2_IRQHandler              
0000032f  PORT3_IRQHandler              
0000032f  PORT4_IRQHandler              
0000032f  PORT5_IRQHandler              
0000032f  PORT6_IRQHandler              
0000032f  PSS_IRQHandler                
0000032f  PendSV_Handler                
0000032f  RTC_C_IRQHandler              
0000032f  SVC_Handler                   
0000032f  SysTick_Handler               
0000032f  T32_INT1_IRQHandler           
0000032f  T32_INT2_IRQHandler           
0000032f  T32_INTC_IRQHandler           
0000032f  TA0_0_IRQHandler              
0000032f  TA0_N_IRQHandler              
0000032f  TA1_N_IRQHandler              
0000032f  TA2_0_IRQHandler              
0000032f  TA2_N_IRQHandler              
0000032f  TA3_0_IRQHandler              
0000032f  TA3_N_IRQHandler              
0000032f  UsageFault_Handler            
0000032f  WDT_A_IRQHandler              
00000330  __TI_Handler_Table_Base       
00000338  __TI_Handler_Table_Limit      
00000340  __TI_CINIT_Base               
00000348  __TI_CINIT_Limit              
20000000  TimerInteruptFlag             
2000fe00  __stack                       
20010000  __STACK_END                   
4000480c  WDTCTL_SYM                    
ffffffff  __TI_pprof_out_hndl           
ffffffff  __TI_prof_data_size           
ffffffff  __TI_prof_data_start          
ffffffff  __binit__                     
ffffffff  __c_args__                    
ffffffff  binit                         
UNDEFED   __mpu_init                    
UNDEFED   _system_post_cinit            

[85 symbols]
