******************************************************************************
                  TI ARM Linker Unix v18.12.5                  
******************************************************************************
>> Linked Wed Mar 11 11:40:20 2020

OUTPUT FILE NAME:   <Meesters.out>
ENTRY POINT SYMBOL: "_c_int00_noargs"  address: 00003475


MEMORY CONFIGURATION

         name            origin    length      used     unused   attr    fill
----------------------  --------  ---------  --------  --------  ----  --------
  MAIN                  00000000   00040000  00003c44  0003c3bc  R  X
  INFO                  00200000   00004000  00000000  00004000  R  X
  SRAM_CODE             01000000   00010000  000003e9  0000fc17  RW X
  SRAM_DATA             20000000   00010000  000003e9  0000fc17  RW  


SEGMENT ALLOCATION MAP

run origin  load origin   length   init length attrs members
----------  ----------- ---------- ----------- ----- -------
00000000    00000000    00003c48   00003c48    r-x
  00000000    00000000    000000e4   000000e4    r-- .intvecs
  000000e4    000000e4    0000394c   0000394c    r-x .text
  00003a30    00003a30    000001cc   000001cc    r-- .const
  00003c00    00003c00    00000048   00000048    r-- .cinit
20000000    20000000    000001e9   00000000    rw-
  20000000    20000000    000001c8   00000000    rw- .bss
  200001c8    200001c8    00000021   00000000    rw- .data
2000fe00    2000fe00    00000200   00000000    rw-
  2000fe00    2000fe00    00000200   00000000    rw- .stack


SECTION ALLOCATION MAP

 output                                  attributes/
section   page    origin      length       input sections
--------  ----  ----------  ----------   ----------------
.intvecs   0    00000000    000000e4     
                  00000000    000000e4     startup_msp432p401r_ccs.obj (.intvecs:retain)

.text      0    000000e4    0000394c     
                  000000e4    000003c0     my_RFM9x.obj (.text:SX1276SetRxConfig)
                  000004a4    00000398     my_RFM9x.obj (.text:SX1276GetTimeOnAir)
                  0000083c    000002f4     my_RFM9x.obj (.text:SX1276SetTxConfig)
                  00000b30    00000294     my_RFM9x.obj (.text:SX1276SetRx)
                  00000dc4    0000028a     msp432p4xx_driverlib.lib : pcm.o (.text:__PCM_setPowerStateAdvanced)
                  0000104e    00000002     startup_msp432p401r_ccs.obj (.text:Default_Handler)
                  00001050    000001c4     gpio-board.obj (.text:GpioMcuInit)
                  00001214    000001b6     rtsv7M4_T_le_v4SPD16_eabi.lib : fd_add_t2.asm.obj (.text)
                  000013ca    00000002     sx1276-board.obj (.text:SX1276IoDbgInit)
                  000013cc    0000015c     msp432p4xx_driverlib.lib : pcm.o (.text:__PCM_setPowerModeAdvanced)
                  00001528    00000154     sx1276-board.obj (.text:SX1276SetRfTxPower)
                  0000167c    00000138     my_RFM9x.obj (.text:SX1276Send)
                  000017b4    00000136     rtsv7M4_T_le_v4SPD16_eabi.lib : fd_div_t2.asm.obj (.text)
                  000018ea    00000002     sx1276-board.obj (.text:SX1276IoTcxoInit)
                  000018ec    00000134     gpio-board.obj (.text:GpioMcuSetInterrupt)
                  00001a20    00000130     main.obj (.text:main)
                  00001b50    00000108     msp432p4xx_driverlib.lib : pcm.o (.text:__PCM_setCoreVoltageLevelAdvanced)
                  00001c58    000000fc     rtsv7M4_T_le_v4SPD16_eabi.lib : fd_mul_t2.asm.obj (.text)
                  00001d54    000000f8                                   : s_ceil.c.obj (.text:ceil)
                  00001e4c    000000f8                                   : s_floor.c.obj (.text:floor)
                  00001f44    000000e0     msp432p4xx_driverlib.lib : cs.o (.text:CS_startLFXTWithTimeout)
                  00002024    000000c8     board.obj (.text:BoardUnusedIoInit)
                  000020ec    000000c0     rtsv7M4_T_le_v4SPD16_eabi.lib : s_round.c.obj (.text:round)
                  000021ac    000000b8     board.obj (.text:BoardInitMcu)
                  00002264    000000b0     msp432p4xx_driverlib.lib : spi.o (.text:SPI_initMaster)
                  00002314    000000b0     sx1276-board.obj (.text:SX1276IoInit)
                  000023c4    000000a8     my_RFM9x.obj (.text:RxChainCalibration)
                  0000246c    000000a8     my_RFM9x.obj (.text:SX1276SetTx)
                  00002514    000000a0     my_RFM9x.obj (.text:SX1276SetModem)
                  000025b4    0000009c     rtsv7M4_T_le_v4SPD16_eabi.lib : memcpy_t2.asm.obj (.text)
                  00002650    00000094     msp432p4xx_driverlib.lib : rtc_c.o (.text:RTC_C_getEnabledInterruptStatus)
                  000026e4    00000090     my_RFM9x.obj (.text:SX1276Init)
                  00002774    0000008c     my_RFM9x.obj (.text:SX1276SetTxContinuousWave)
                  00002800    00000086     rtsv7M4_T_le_v4SPD16_eabi.lib : fd_cmp_t2.asm.obj (.text:__aeabi_cdcmple)
                  00002886    00000086                                   : fd_cmp_t2.asm.obj (.text:__aeabi_cdrcmple)
                  0000290c    00000084     msp432p4xx_driverlib.lib : pcm.o (.text:PCM_gotoLPM3)
                  00002990    0000007c                              : rtc_c.o (.text:RTC_C_getCalendarTime)
                  00002a0c    00000078     my_rtc.obj (.text:RtcInit)
                  00002a84    00000078     system_msp432p401r.obj (.text:SystemInit)
                  00002afc    00000074     sx1276-board.obj (.text:SX1276IoIrqInit)
                  00002b70    0000006c     my_RFM9x.obj (.text:SX1276ReadRssi)
                  00002bdc    00000068     rtsv7M4_T_le_v4SPD16_eabi.lib : copy_decompress_lzss.c.obj (.text:decompress:lzss:__TI_decompress_lzss)
                  00002c44    00000064     my_RFM9x.obj (.text:GetFskBandwidthRegValue)
                  00002ca8    00000064     msp432p4xx_driverlib.lib : rtc_c.o (.text:RTC_C_enableInterrupt)
                  00002d0c    00000060     my_RFM9x.obj (.text:SX1276ReadBuffer)
                  00002d6c    00000060     my_RFM9x.obj (.text:SX1276WriteBuffer)
                  00002dcc    0000005e     msp432p4xx_driverlib.lib : pcm.o (.text:PCM_getCoreVoltageLevel)
                  00002e2a    0000005e     my_RFM9x.obj (.text:SX1276Random)
                  00002e88    0000005c     main.obj (.text:OnRxDone)
                  00002ee4    0000005c     msp432p4xx_driverlib.lib : rtc_c.o (.text:RTC_C_getInterruptStatus)
                  00002f40    0000005a                              : pcm.o (.text:PCM_getPowerMode)
                  00002f9a    00000002     my_systick.obj (.text:SysTick_Handler)
                  00002f9c    00000058     my_timer.obj (.text:Delayms)
                  00002ff4    00000054     msp432p4xx_driverlib.lib : pcm.o (.text:PCM_shutdownDevice)
                  00003048    00000054     my_timer.obj (.text:TimerAInteruptInit)
                  0000309c    00000048     my_RFM9x.obj (.text:SX1276SetChannel)
                  000030e4    00000048     my_RFM9x.obj (.text:SX1276SetMaxPayloadLength)
                  0000312c    00000048     rtsv7M4_T_le_v4SPD16_eabi.lib : fd_toi_t2.asm.obj (.text)
                  00003174    00000048     my_spi.obj (.text:spiRead_RFM)
                  000031bc    00000044     gpio-board.obj (.text:GpioMcuWrite)
                  00003200    00000044     my_RFM9x.obj (.text:SX1276StartCad)
                  00003244    00000044     rtsv7M4_T_le_v4SPD16_eabi.lib : autoinit.c.obj (.text:__TI_auto_init_nobinit_nopinit:__TI_auto_init_nobinit_nopinit)
                  00003288    00000044                                   : fd_tou_t2.asm.obj (.text)
                  000032cc    00000044     my_spi.obj (.text:spiWrite_RFM)
                  00003310    00000040     msp432p4xx_driverlib.lib : gpio.o (.text:GPIO_setAsOutputPin)
                  00003350    00000040                              : spi.o (.text:is_A_Module)
                  00003390    00000040     my_spi.obj (.text:spi_open)
                  000033d0    00000038     my_spi.obj (.text:RFM_spi_read_write)
                  00003408    00000038     my_RFM9x.obj (.text:SX1276IsChannelFree)
                  00003440    00000034     my_RFM9x.obj (.text:SX1276SetPublicNetwork)
                  00003474    00000034     rtsv7M4_T_le_v4SPD16_eabi.lib : boot_cortex_m.c.obj (.text:_c_int00_noargs:_c_int00_noargs)
                  000034a8    00000030     my_gpio.obj (.text:GpioInit)
                  000034d8    00000030     my_rtc.obj (.text:RTC_C_IRQHandler)
                  00003508    0000002e     rtsv7M4_T_le_v4SPD16_eabi.lib : i_tofd_t2.asm.obj (.text)
                  00003536    00000002     --HOLE-- [fill = 0]
                  00003538    0000002c     main.obj (.text:PORT2_IRQHandler)
                  00003564    0000002c     msp432p4xx_driverlib.lib : rtc_c.o (.text:RTC_C_holdClock)
                  00003590    00000028                              : gpio.o (.text:GPIO_setOutputHighOnPin)
                  000035b8    00000028                              : gpio.o (.text:GPIO_setOutputLowOnPin)
                  000035e0    00000028                              : pcm.o (.text:PCM_gotoLPM0)
                  00003608    00000028                              : spi.o (.text:SPI_getInterruptStatus)
                  00003630    00000026                              : spi.o (.text:SPI_transmitData)
                  00003656    00000002     --HOLE-- [fill = 0]
                  00003658    00000024     sx1276-board.obj (.text:SX1276Reset)
                  0000367c    00000024     my_timer.obj (.text:TA1_0_IRQHandler)
                  000036a0    00000024     msp432p4xx_driverlib.lib : wdt_a.o (.text:WDT_A_holdTimer)
                  000036c4    00000020                              : cs.o (.text:CS_setExternalClockSourceFrequency)
                  000036e4    00000020     my_gpio.obj (.text:GpioSetInterrupt)
                  00003704    00000020     my_RFM9x.obj (.text:SX1276SetOpMode)
                  00003724    00000020     rtsv7M4_T_le_v4SPD16_eabi.lib : u_tofd_t2.asm.obj (.text)
                  00003744    0000001c     msp432p4xx_driverlib.lib : spi.o (.text:SPI_enableModule)
                  00003760    0000001c                              : spi.o (.text:SPI_receiveData)
                  0000377c    0000001c     rtsv7M4_T_le_v4SPD16_eabi.lib : copy_zero_init.c.obj (.text:decompress:ZI:__TI_zero_init_nomemset:__TI_zero_init_nomemset)
                  00003798    00000018     msp432p4xx_driverlib.lib : spi.o (.text:EUSCI_A_SPI_getInterruptStatus)
                  000037b0    00000018                              : spi.o (.text:EUSCI_B_SPI_getInterruptStatus)
                  000037c8    00000018     main.obj (.text:OnRxError)
                  000037e0    00000018     main.obj (.text:OnRxTimeout)
                  000037f8    00000018     main.obj (.text:OnTxDone)
                  00003810    00000018     main.obj (.text:OnTxTimeout)
                  00003828    00000018     msp432p4xx_driverlib.lib : sysctl_a.o (.text:SysCtl_A_disableNMISource)
                  00003840    00000018                              : sysctl_a.o (.text:SysCtl_A_enableNMISource)
                  00003858    00000016                              : spi.o (.text:EUSCI_A_SPI_enable)
                  0000386e    00000016                              : spi.o (.text:EUSCI_A_SPI_transmitData)
                  00003884    00000016                              : spi.o (.text:EUSCI_B_SPI_enable)
                  0000389a    00000016                              : spi.o (.text:EUSCI_B_SPI_transmitData)
                  000038b0    00000016     my_RFM9x.obj (.text:SX1276WriteFifo)
                  000038c6    00000002     --HOLE-- [fill = 0]
                  000038c8    00000014     board.obj (.text:GetBoardPowerSource)
                  000038dc    00000014     msp432p4xx_driverlib.lib : pcm.o (.text:PCM_getPowerState)
                  000038f0    00000014     my_RFM9x.obj (.text:SX1276SetStby)
                  00003904    00000012     my_RFM9x.obj (.text:SX1276SetSleep)
                  00003916    00000010     msp432p4xx_driverlib.lib : spi.o (.text:EUSCI_A_SPI_receiveData)
                  00003926    00000010                              : spi.o (.text:EUSCI_B_SPI_receiveData)
                  00003936    00000010     my_gpio.obj (.text:GpioWrite)
                  00003946    00000010     msp432p4xx_driverlib.lib : pcm.o (.text:PCM_gotoLPM4)
                  00003956    00000010                              : pcm.o (.text:PCM_setPowerMode)
                  00003966    00000010                              : pcm.o (.text:PCM_setPowerState)
                  00003976    00000002     --HOLE-- [fill = 0]
                  00003978    00000010     my_RFM9x.obj (.text:SX1276OnDio0Irq)
                  00003988    00000010     msp432p4xx_driverlib.lib : sysctl_a.o (.text:SysCtl_A_getNMISourceStatus)
                  00003998    0000000e                              : cs.o (.text:CS_startLFXT)
                  000039a6    0000000e     rtsv7M4_T_le_v4SPD16_eabi.lib : copy_decompress_none.c.obj (.text:decompress:none:__TI_decompress_none)
                  000039b4    0000000c     startup_msp432p401r_ccs.obj (.text:Reset_Handler)
                  000039c0    0000000c     sx1276-board.obj (.text:SX1276CheckRfFrequency)
                  000039cc    0000000c     sx1276-board.obj (.text:SX1276GetPaSelect)
                  000039d8    0000000c     my_RFM9x.obj (.text:SX1276GetStatus)
                  000039e4    0000000a     my_RFM9x.obj (.text:SX1276GetWakeupTime)
                  000039ee    0000000a     my_RFM9x.obj (.text:SX1276OnDio1Irq)
                  000039f8    0000000a     my_RFM9x.obj (.text:SX1276OnDio2Irq)
                  00003a02    0000000a     my_RFM9x.obj (.text:SX1276OnDio3Irq)
                  00003a0c    0000000a     my_RFM9x.obj (.text:SX1276OnDio4Irq)
                  00003a16    0000000a     board.obj (.text:SystemClockReConfig)
                  00003a20    00000004     msp432p4xx_driverlib.lib : cpu.o (.text:CPU_wfi)
                  00003a24    00000004     sx1276-board.obj (.text:SX1276GetBoardTcxoWakeupTime)
                  00003a28    00000004     rtsv7M4_T_le_v4SPD16_eabi.lib : pre_init.c.obj (.text:_system_pre_init)
                  00003a2c    00000004                                   : exit.c.obj (.text:abort:abort)

.const     0    00003a30    000001cc     
                  00003a30    000000b0     my_RFM9x.obj (.const:FskBandwidths)
                  00003ae0    0000006c     sx1276-board.obj (.const:Radio)
                  00003b4c    00000030     msp432p4xx_driverlib.lib : gpio.o (.const:GPIO_PORT_TO_BASE)
                  00003b7c    00000030     my_RFM9x.obj (.const:RadioRegsInit)
                  00003bac    0000001c     my_rtc.obj (.const:currentTime)
                  00003bc8    0000001c     my_spi.obj (.const:spiMasterConfig)
                  00003be4    00000018     my_timer.obj (.const:upConfig)

.cinit     0    00003c00    00000048     
                  00003c00    0000001d     (.cinit..data.load) [load image, compression = lzss]
                  00003c1d    00000003     --HOLE-- [fill = 0]
                  00003c20    0000000c     (__TI_handler_table)
                  00003c2c    00000004     --HOLE-- [fill = 0]
                  00003c30    00000008     (.cinit..bss.load) [load image, compression = zero_init]
                  00003c38    00000010     (__TI_cinit_table)

.init_array 
*          0    00000000    00000000     UNINITIALIZED

.binit     0    00000000    00000000     

.bss       0    20000000    000001c8     UNINITIALIZED
                  20000000    00000104     (.common:SX1276)
                  20000104    00000040     (.common:Buffer)
                  20000144    0000001c     main.obj (.bss:RadioEvents)
                  20000160    0000001c     my_rtc.obj (.bss:newTime)
                  2000017c    00000014     (.common:Led1)
                  20000190    00000014     (.common:Led2)
                  200001a4    00000014     (.common:Led3)
                  200001b8    00000008     msp432p4xx_driverlib.lib : cs.o (.bss)
                  200001c0    00000004     my_RFM9x.obj (.bss)
                  200001c4    00000004     (.common:status)

.data      0    200001c8    00000021     UNINITIALIZED
                  200001c8    00000018     my_RFM9x.obj (.data:DioIrq)
                  200001e0    00000006     main.obj (.data)
                  200001e6    00000002     board.obj (.data)
                  200001e8    00000001     my_timer.obj (.data)

.stack     0    2000fe00    00000200     UNINITIALIZED
                  2000fe00    00000004     rtsv7M4_T_le_v4SPD16_eabi.lib : boot_cortex_m.c.obj (.stack)
                  2000fe04    000001fc     --HOLE--

MODULE SUMMARY

       Module                        code    ro data   rw data
       ------                        ----    -------   -------
    ./
       my_RFM9x.obj                  5372    224       576    
       gpio-board.obj                828     0         0      
       sx1276-board.obj              700     108       0      
       main.obj                      536     0         204    
       board.obj                     414     0         124    
       my_spi.obj                    260     28        0      
       my_rtc.obj                    168     28        56     
       my_timer.obj                  208     24        2      
       system_msp432p401r.obj        120     0         0      
       my_gpio.obj                   96      0         0      
       my_systick.obj                2       0         0      
    +--+-----------------------------+-------+---------+---------+
       Total:                        8704    412       962    
                                                              
    ./ccs/
       startup_msp432p401r_ccs.obj   14      228       0      
    +--+-----------------------------+-------+---------+---------+
       Total:                        14      228       0      
                                                              
    /home/nicholas/ti/ccs930/ccs/tools/compiler/ti-cgt-arm_18.12.5.LTS/lib/rtsv7M4_T_le_v4SPD16_eabi.lib
       fd_add_t2.asm.obj             438     0         0      
       fd_div_t2.asm.obj             310     0         0      
       fd_cmp_t2.asm.obj             268     0         0      
       fd_mul_t2.asm.obj             252     0         0      
       s_ceil.c.obj                  248     0         0      
       s_floor.c.obj                 248     0         0      
       s_round.c.obj                 192     0         0      
       memcpy_t2.asm.obj             156     0         0      
       copy_decompress_lzss.c.obj    104     0         0      
       fd_toi_t2.asm.obj             72      0         0      
       autoinit.c.obj                68      0         0      
       fd_tou_t2.asm.obj             68      0         0      
       boot_cortex_m.c.obj           52      0         0      
       i_tofd_t2.asm.obj             46      0         0      
       u_tofd_t2.asm.obj             32      0         0      
       copy_zero_init.c.obj          28      0         0      
       copy_decompress_none.c.obj    14      0         0      
       exit.c.obj                    4       0         0      
       pre_init.c.obj                4       0         0      
    +--+-----------------------------+-------+---------+---------+
       Total:                        2604    0         0      
                                                              
    /home/nicholas/ti/ti/simplelink_msp432p4_sdk_3_40_01_02/source/ti/devices/msp432p4xx/driverlib/ccs/msp432p4xx_driverlib.lib
       pcm.o                         1770    0         0      
       spi.o                         542     0         0      
       rtc_c.o                       508     0         0      
       cs.o                          270     0         16     
       gpio.o                        144     48        0      
       sysctl_a.o                    64      0         0      
       wdt_a.o                       36      0         0      
       cpu.o                         4       0         0      
    +--+-----------------------------+-------+---------+---------+
       Total:                        3338    48        16     
                                                              
       Stack:                        0       0         1024   
       Linker Generated:             0       65        0      
    +--+-----------------------------+-------+---------+---------+
       Grand Total:                  14660   753       2002   


LINKER GENERATED COPY TABLES

__TI_cinit_table @ 00003c38 records: 2, size/record: 8, table size: 16
	.data: load addr=00003c00, load size=0000001d bytes, run addr=200001c8, run size=00000021 bytes, compression=lzss
	.bss: load addr=00003c30, load size=00000008 bytes, run addr=20000000, run size=000001c8 bytes, compression=zero_init


LINKER GENERATED HANDLER TABLE

__TI_handler_table @ 00003c20 records: 3, size/record: 4, table size: 12
	index: 0, handler: __TI_decompress_lzss
	index: 1, handler: __TI_decompress_none
	index: 2, handler: __TI_zero_init


GLOBAL SYMBOLS: SORTED ALPHABETICALLY BY Name 

address   name                              
-------   ----                              
0000104f  ADC14_IRQHandler                  
0000104f  AES256_IRQHandler                 
000021ad  BoardInitMcu                      
20000104  Buffer                            
200001e2  BufferSize                        
0000104f  BusFault_Handler                  
00003a2d  C$$EXIT                           
0000104f  COMP_E0_IRQHandler                
0000104f  COMP_E1_IRQHandler                
00003a21  CPU_wfi                           
0000104f  CS_IRQHandler                     
000036c5  CS_setExternalClockSourceFrequency
00003999  CS_startLFXT                      
00001f45  CS_startLFXTWithTimeout           
0000104f  DMA_ERR_IRQHandler                
0000104f  DMA_INT0_IRQHandler               
0000104f  DMA_INT1_IRQHandler               
0000104f  DMA_INT2_IRQHandler               
0000104f  DMA_INT3_IRQHandler               
0000104f  DebugMon_Handler                  
0000104f  Default_Handler                   
00002f9d  Delayms                           
200001c8  DioIrq                            
0000104f  EUSCIA0_IRQHandler                
0000104f  EUSCIA1_IRQHandler                
0000104f  EUSCIA2_IRQHandler                
0000104f  EUSCIA3_IRQHandler                
0000104f  EUSCIB0_IRQHandler                
0000104f  EUSCIB1_IRQHandler                
0000104f  EUSCIB2_IRQHandler                
0000104f  EUSCIB3_IRQHandler                
00003859  EUSCI_A_SPI_enable                
00003799  EUSCI_A_SPI_getInterruptStatus    
00003917  EUSCI_A_SPI_receiveData           
0000386f  EUSCI_A_SPI_transmitData          
00003885  EUSCI_B_SPI_enable                
000037b1  EUSCI_B_SPI_getInterruptStatus    
00003927  EUSCI_B_SPI_receiveData           
0000389b  EUSCI_B_SPI_transmitData          
0000104f  FLCTL_IRQHandler                  
0000104f  FPU_IRQHandler                    
00003a30  FskBandwidths                     
00003311  GPIO_setAsOutputPin               
00003591  GPIO_setOutputHighOnPin           
000035b9  GPIO_setOutputLowOnPin            
000038c9  GetBoardPowerSource               
00002c45  GetFskBandwidthRegValue           
000034a9  GpioInit                          
00001051  GpioMcuInit                       
000018ed  GpioMcuSetInterrupt               
000031bd  GpioMcuWrite                      
000036e5  GpioSetInterrupt                  
00003937  GpioWrite                         
0000104f  HardFault_Handler                 
2000017c  Led1                              
20000190  Led2                              
200001a4  Led3                              
0000104f  MemManage_Handler                 
0000104f  NMI_Handler                       
00002e89  OnRxDone                          
000037c9  OnRxError                         
000037e1  OnRxTimeout                       
000037f9  OnTxDone                          
00003811  OnTxTimeout                       
0000104f  PCM_IRQHandler                    
00002dcd  PCM_getCoreVoltageLevel           
00002f41  PCM_getPowerMode                  
000038dd  PCM_getPowerState                 
000035e1  PCM_gotoLPM0                      
0000290d  PCM_gotoLPM3                      
00003947  PCM_gotoLPM4                      
00003957  PCM_setPowerMode                  
00003967  PCM_setPowerState                 
00002ff5  PCM_shutdownDevice                
0000104f  PORT1_IRQHandler                  
00003539  PORT2_IRQHandler                  
00003539  PORT2_IRQHandler                  
0000104f  PORT3_IRQHandler                  
0000104f  PORT4_IRQHandler                  
0000104f  PORT5_IRQHandler                  
0000104f  PORT6_IRQHandler                  
0000104f  PSS_IRQHandler                    
0000104f  PendSV_Handler                    
000033d1  RFM_spi_read_write                
000034d9  RTC_C_IRQHandler                  
000034d9  RTC_C_IRQHandler                  
00002ca9  RTC_C_enableInterrupt             
00002991  RTC_C_getCalendarTime             
00002651  RTC_C_getEnabledInterruptStatus   
00002ee5  RTC_C_getInterruptStatus          
00003565  RTC_C_holdClock                   
00003ae0  Radio                             
00003b7c  RadioRegsInit                     
000039b5  Reset_Handler                     
200001e4  RssiValue                         
00002a0d  RtcInit                           
000023c5  RxChainCalibration                
00003745  SPI_enableModule                  
00003609  SPI_getInterruptStatus            
00002265  SPI_initMaster                    
00003761  SPI_receiveData                   
00003631  SPI_transmitData                  
0000104f  SVC_Handler                       
20000000  SX1276                            
000039c1  SX1276CheckRfFrequency            
00003a25  SX1276GetBoardTcxoWakeupTime      
000039d9  SX1276GetStatus                   
000004a5  SX1276GetTimeOnAir                
000039e5  SX1276GetWakeupTime               
000026e5  SX1276Init                        
000013cb  SX1276IoDbgInit                   
00002315  SX1276IoInit                      
00002afd  SX1276IoIrqInit                   
000018eb  SX1276IoTcxoInit                  
00003409  SX1276IsChannelFree               
00003979  SX1276OnDio0Irq                   
000039ef  SX1276OnDio1Irq                   
000039f9  SX1276OnDio2Irq                   
00003a03  SX1276OnDio3Irq                   
00003a0d  SX1276OnDio4Irq                   
00002e2b  SX1276Random                      
00002d0d  SX1276ReadBuffer                  
00002b71  SX1276ReadRssi                    
00003659  SX1276Reset                       
0000167d  SX1276Send                        
0000309d  SX1276SetChannel                  
000030e5  SX1276SetMaxPayloadLength         
00002515  SX1276SetModem                    
00003705  SX1276SetOpMode                   
00003441  SX1276SetPublicNetwork            
00001529  SX1276SetRfTxPower                
00000b31  SX1276SetRx                       
000000e5  SX1276SetRxConfig                 
00003905  SX1276SetSleep                    
000038f1  SX1276SetStby                     
0000246d  SX1276SetTx                       
0000083d  SX1276SetTxConfig                 
00002775  SX1276SetTxContinuousWave         
00003201  SX1276StartCad                    
00002d6d  SX1276WriteBuffer                 
000038b1  SX1276WriteFifo                   
200001e5  SnrValue                          
200001e0  State                             
00003829  SysCtl_A_disableNMISource         
00003841  SysCtl_A_enableNMISource          
00003989  SysCtl_A_getNMISourceStatus       
00002f9b  SysTick_Handler                   
00002f9b  SysTick_Handler                   
00002a85  SystemInit                        
0000104f  T32_INT1_IRQHandler               
0000104f  T32_INT2_IRQHandler               
0000104f  T32_INTC_IRQHandler               
0000104f  TA0_0_IRQHandler                  
0000104f  TA0_N_IRQHandler                  
0000367d  TA1_0_IRQHandler                  
0000367d  TA1_0_IRQHandler                  
0000104f  TA1_N_IRQHandler                  
0000104f  TA2_0_IRQHandler                  
0000104f  TA2_N_IRQHandler                  
0000104f  TA3_0_IRQHandler                  
0000104f  TA3_N_IRQHandler                  
00003049  TimerAInteruptInit                
200001e8  TimerInteruptFlag                 
0000104f  UsageFault_Handler                
4000480c  WDTCTL_SYM                        
0000104f  WDT_A_IRQHandler                  
000036a1  WDT_A_holdTimer                   
20010000  __STACK_END                       
00000200  __STACK_SIZE                      
00003c38  __TI_CINIT_Base                   
00003c48  __TI_CINIT_Limit                  
00003c20  __TI_Handler_Table_Base           
00003c2c  __TI_Handler_Table_Limit          
00003245  __TI_auto_init_nobinit_nopinit    
00002bdd  __TI_decompress_lzss              
000039a7  __TI_decompress_none              
ffffffff  __TI_pprof_out_hndl               
ffffffff  __TI_prof_data_size               
ffffffff  __TI_prof_data_start              
00000000  __TI_static_base__                
0000377d  __TI_zero_init_nomemset           
00002801  __aeabi_cdcmpeq                   
00002801  __aeabi_cdcmple                   
00002887  __aeabi_cdrcmple                  
0000312d  __aeabi_d2iz                      
00003289  __aeabi_d2uiz                     
0000121f  __aeabi_dadd                      
000017b5  __aeabi_ddiv                      
00001c59  __aeabi_dmul                      
00001215  __aeabi_dsub                      
00003509  __aeabi_i2d                       
000025b5  __aeabi_memcpy                    
000025b5  __aeabi_memcpy4                   
000025b5  __aeabi_memcpy8                   
00003725  __aeabi_ui2d                      
ffffffff  __binit__                         
ffffffff  __c_args__                        
UNDEFED   __mpu_init                        
2000fe00  __stack                           
00003475  _c_int00_noargs                   
UNDEFED   _system_post_cinit                
00003a29  _system_pre_init                  
00003a2d  abort                             
ffffffff  binit                             
00001d55  ceil                              
00001d55  ceill                             
00003bac  currentTime                       
00001e4d  floor                             
00001e4d  floorl                            
00000000  interruptVectors                  
00001a21  main                              
000025b5  memcpy                            
000020ed  round                             
000020ed  roundl                            
00003bc8  spiMasterConfig                   
00003175  spiRead_RFM                       
000032cd  spiWrite_RFM                      
00003391  spi_open                          
200001c4  status                            
00003be4  upConfig                          


GLOBAL SYMBOLS: SORTED BY Symbol Address 

address   name                              
-------   ----                              
00000000  __TI_static_base__                
00000000  interruptVectors                  
000000e5  SX1276SetRxConfig                 
00000200  __STACK_SIZE                      
000004a5  SX1276GetTimeOnAir                
0000083d  SX1276SetTxConfig                 
00000b31  SX1276SetRx                       
0000104f  ADC14_IRQHandler                  
0000104f  AES256_IRQHandler                 
0000104f  BusFault_Handler                  
0000104f  COMP_E0_IRQHandler                
0000104f  COMP_E1_IRQHandler                
0000104f  CS_IRQHandler                     
0000104f  DMA_ERR_IRQHandler                
0000104f  DMA_INT0_IRQHandler               
0000104f  DMA_INT1_IRQHandler               
0000104f  DMA_INT2_IRQHandler               
0000104f  DMA_INT3_IRQHandler               
0000104f  DebugMon_Handler                  
0000104f  Default_Handler                   
0000104f  EUSCIA0_IRQHandler                
0000104f  EUSCIA1_IRQHandler                
0000104f  EUSCIA2_IRQHandler                
0000104f  EUSCIA3_IRQHandler                
0000104f  EUSCIB0_IRQHandler                
0000104f  EUSCIB1_IRQHandler                
0000104f  EUSCIB2_IRQHandler                
0000104f  EUSCIB3_IRQHandler                
0000104f  FLCTL_IRQHandler                  
0000104f  FPU_IRQHandler                    
0000104f  HardFault_Handler                 
0000104f  MemManage_Handler                 
0000104f  NMI_Handler                       
0000104f  PCM_IRQHandler                    
0000104f  PORT1_IRQHandler                  
0000104f  PORT3_IRQHandler                  
0000104f  PORT4_IRQHandler                  
0000104f  PORT5_IRQHandler                  
0000104f  PORT6_IRQHandler                  
0000104f  PSS_IRQHandler                    
0000104f  PendSV_Handler                    
0000104f  SVC_Handler                       
0000104f  T32_INT1_IRQHandler               
0000104f  T32_INT2_IRQHandler               
0000104f  T32_INTC_IRQHandler               
0000104f  TA0_0_IRQHandler                  
0000104f  TA0_N_IRQHandler                  
0000104f  TA1_N_IRQHandler                  
0000104f  TA2_0_IRQHandler                  
0000104f  TA2_N_IRQHandler                  
0000104f  TA3_0_IRQHandler                  
0000104f  TA3_N_IRQHandler                  
0000104f  UsageFault_Handler                
0000104f  WDT_A_IRQHandler                  
00001051  GpioMcuInit                       
00001215  __aeabi_dsub                      
0000121f  __aeabi_dadd                      
000013cb  SX1276IoDbgInit                   
00001529  SX1276SetRfTxPower                
0000167d  SX1276Send                        
000017b5  __aeabi_ddiv                      
000018eb  SX1276IoTcxoInit                  
000018ed  GpioMcuSetInterrupt               
00001a21  main                              
00001c59  __aeabi_dmul                      
00001d55  ceil                              
00001d55  ceill                             
00001e4d  floor                             
00001e4d  floorl                            
00001f45  CS_startLFXTWithTimeout           
000020ed  round                             
000020ed  roundl                            
000021ad  BoardInitMcu                      
00002265  SPI_initMaster                    
00002315  SX1276IoInit                      
000023c5  RxChainCalibration                
0000246d  SX1276SetTx                       
00002515  SX1276SetModem                    
000025b5  __aeabi_memcpy                    
000025b5  __aeabi_memcpy4                   
000025b5  __aeabi_memcpy8                   
000025b5  memcpy                            
00002651  RTC_C_getEnabledInterruptStatus   
000026e5  SX1276Init                        
00002775  SX1276SetTxContinuousWave         
00002801  __aeabi_cdcmpeq                   
00002801  __aeabi_cdcmple                   
00002887  __aeabi_cdrcmple                  
0000290d  PCM_gotoLPM3                      
00002991  RTC_C_getCalendarTime             
00002a0d  RtcInit                           
00002a85  SystemInit                        
00002afd  SX1276IoIrqInit                   
00002b71  SX1276ReadRssi                    
00002bdd  __TI_decompress_lzss              
00002c45  GetFskBandwidthRegValue           
00002ca9  RTC_C_enableInterrupt             
00002d0d  SX1276ReadBuffer                  
00002d6d  SX1276WriteBuffer                 
00002dcd  PCM_getCoreVoltageLevel           
00002e2b  SX1276Random                      
00002e89  OnRxDone                          
00002ee5  RTC_C_getInterruptStatus          
00002f41  PCM_getPowerMode                  
00002f9b  SysTick_Handler                   
00002f9b  SysTick_Handler                   
00002f9d  Delayms                           
00002ff5  PCM_shutdownDevice                
00003049  TimerAInteruptInit                
0000309d  SX1276SetChannel                  
000030e5  SX1276SetMaxPayloadLength         
0000312d  __aeabi_d2iz                      
00003175  spiRead_RFM                       
000031bd  GpioMcuWrite                      
00003201  SX1276StartCad                    
00003245  __TI_auto_init_nobinit_nopinit    
00003289  __aeabi_d2uiz                     
000032cd  spiWrite_RFM                      
00003311  GPIO_setAsOutputPin               
00003391  spi_open                          
000033d1  RFM_spi_read_write                
00003409  SX1276IsChannelFree               
00003441  SX1276SetPublicNetwork            
00003475  _c_int00_noargs                   
000034a9  GpioInit                          
000034d9  RTC_C_IRQHandler                  
000034d9  RTC_C_IRQHandler                  
00003509  __aeabi_i2d                       
00003539  PORT2_IRQHandler                  
00003539  PORT2_IRQHandler                  
00003565  RTC_C_holdClock                   
00003591  GPIO_setOutputHighOnPin           
000035b9  GPIO_setOutputLowOnPin            
000035e1  PCM_gotoLPM0                      
00003609  SPI_getInterruptStatus            
00003631  SPI_transmitData                  
00003659  SX1276Reset                       
0000367d  TA1_0_IRQHandler                  
0000367d  TA1_0_IRQHandler                  
000036a1  WDT_A_holdTimer                   
000036c5  CS_setExternalClockSourceFrequency
000036e5  GpioSetInterrupt                  
00003705  SX1276SetOpMode                   
00003725  __aeabi_ui2d                      
00003745  SPI_enableModule                  
00003761  SPI_receiveData                   
0000377d  __TI_zero_init_nomemset           
00003799  EUSCI_A_SPI_getInterruptStatus    
000037b1  EUSCI_B_SPI_getInterruptStatus    
000037c9  OnRxError                         
000037e1  OnRxTimeout                       
000037f9  OnTxDone                          
00003811  OnTxTimeout                       
00003829  SysCtl_A_disableNMISource         
00003841  SysCtl_A_enableNMISource          
00003859  EUSCI_A_SPI_enable                
0000386f  EUSCI_A_SPI_transmitData          
00003885  EUSCI_B_SPI_enable                
0000389b  EUSCI_B_SPI_transmitData          
000038b1  SX1276WriteFifo                   
000038c9  GetBoardPowerSource               
000038dd  PCM_getPowerState                 
000038f1  SX1276SetStby                     
00003905  SX1276SetSleep                    
00003917  EUSCI_A_SPI_receiveData           
00003927  EUSCI_B_SPI_receiveData           
00003937  GpioWrite                         
00003947  PCM_gotoLPM4                      
00003957  PCM_setPowerMode                  
00003967  PCM_setPowerState                 
00003979  SX1276OnDio0Irq                   
00003989  SysCtl_A_getNMISourceStatus       
00003999  CS_startLFXT                      
000039a7  __TI_decompress_none              
000039b5  Reset_Handler                     
000039c1  SX1276CheckRfFrequency            
000039d9  SX1276GetStatus                   
000039e5  SX1276GetWakeupTime               
000039ef  SX1276OnDio1Irq                   
000039f9  SX1276OnDio2Irq                   
00003a03  SX1276OnDio3Irq                   
00003a0d  SX1276OnDio4Irq                   
00003a21  CPU_wfi                           
00003a25  SX1276GetBoardTcxoWakeupTime      
00003a29  _system_pre_init                  
00003a2d  C$$EXIT                           
00003a2d  abort                             
00003a30  FskBandwidths                     
00003ae0  Radio                             
00003b7c  RadioRegsInit                     
00003bac  currentTime                       
00003bc8  spiMasterConfig                   
00003be4  upConfig                          
00003c20  __TI_Handler_Table_Base           
00003c2c  __TI_Handler_Table_Limit          
00003c38  __TI_CINIT_Base                   
00003c48  __TI_CINIT_Limit                  
20000000  SX1276                            
20000104  Buffer                            
2000017c  Led1                              
20000190  Led2                              
200001a4  Led3                              
200001c4  status                            
200001c8  DioIrq                            
200001e0  State                             
200001e2  BufferSize                        
200001e4  RssiValue                         
200001e5  SnrValue                          
200001e8  TimerInteruptFlag                 
2000fe00  __stack                           
20010000  __STACK_END                       
4000480c  WDTCTL_SYM                        
ffffffff  __TI_pprof_out_hndl               
ffffffff  __TI_prof_data_size               
ffffffff  __TI_prof_data_start              
ffffffff  __binit__                         
ffffffff  __c_args__                        
ffffffff  binit                             
UNDEFED   __mpu_init                        
UNDEFED   _system_post_cinit                

[220 symbols]
