******************************************************************************
                  TI ARM Linker PC v18.12.5                    
******************************************************************************
>> Linked Thu Apr  2 13:26:56 2020

OUTPUT FILE NAME:   <Meesters.out>
ENTRY POINT SYMBOL: "_c_int00_noargs"  address: 000036bd


MEMORY CONFIGURATION

         name            origin    length      used     unused   attr    fill
----------------------  --------  ---------  --------  --------  ----  --------
  MAIN                  00000000   00040000  00003e12  0003c1ee  R  X
  INFO                  00200000   00004000  00000000  00004000  R  X
  SRAM_CODE             01000000   00010000  000004b1  0000fb4f  RW X
  SRAM_DATA             20000000   00010000  000004b1  0000fb4f  RW  


SEGMENT ALLOCATION MAP

run origin  load origin   length   init length attrs members
----------  ----------- ---------- ----------- ----- -------
00000000    00000000    00003e18   00003e18    r-x
  00000000    00000000    000000e4   000000e4    r-- .intvecs
  000000e4    000000e4    00003b36   00003b36    r-x .text
  00003c1c    00003c1c    000001c0   000001c0    r-- .const
  00003de0    00003de0    00000038   00000038    r-- .cinit
20000000    20000000    000002b1   00000000    rw-
  20000000    20000000    00000260   00000000    rw- .bss
  20000260    20000260    00000051   00000000    rw- .data
2000fe00    2000fe00    00000200   00000000    rw-
  2000fe00    2000fe00    00000200   00000000    rw- .stack


SECTION ALLOCATION MAP

 output                                  attributes/
section   page    origin      length       input sections
--------  ----  ----------  ----------   ----------------
.intvecs   0    00000000    000000e4     
                  00000000    000000e4     startup_msp432p401r_ccs.obj (.intvecs:retain)

.text      0    000000e4    00003b36     
                  000000e4    000003b8     my_RFM9x.obj (.text:SX1276SetRxConfig)
                  0000049c    00000398     my_RFM9x.obj (.text:SX1276GetTimeOnAir)
                  00000834    000002f0     my_RFM9x.obj (.text:SX1276OnDio0Irq)
                  00000b24    000002ec     my_RFM9x.obj (.text:SX1276SetTxConfig)
                  00000e10    0000024c     my_RFM9x.obj (.text:SX1276SetRx)
                  0000105c    00000208     board.obj (.text:BoardUnusedIoInit)
                  00001264    000001c4     gpio-board.obj (.text:GpioMcuInit)
                  00001428    000001b6     rtsv7M4_T_le_v4SPD16_eabi.lib : fd_add_t2.asm.obj (.text)
                  000015de    00000002     startup_msp432p401r_ccs.obj (.text:Default_Handler)
                  000015e0    000001ac     main.obj (.text:main)
                  0000178c    00000164     my_RFM9x.obj (.text:SX1276OnDio1Irq)
                  000018f0    00000154     sx1276-board.obj (.text:SX1276SetRfTxPower)
                  00001a44    0000014c     my_RFM9x.obj (.text:SX1276Send)
                  00001b90    00000144     msp432p4xx_driverlib.lib : timer_a.o (.text:privateTimer_AProcessClockSourceDivider)
                  00001cd4    00000136     rtsv7M4_T_le_v4SPD16_eabi.lib : fd_div_t2.asm.obj (.text)
                  00001e0a    00000002     my_systick.obj (.text:SysTick_Handler)
                  00001e0c    00000134     my_RFM9x.obj (.text:SX1276OnDio2Irq)
                  00001f40    00000118     gpio-board.obj (.text:GpioMcuSetInterrupt)
                  00002058    000000fc     rtsv7M4_T_le_v4SPD16_eabi.lib : fd_mul_t2.asm.obj (.text)
                  00002154    000000f8                                   : s_ceil.c.obj (.text:ceil)
                  0000224c    000000f8                                   : s_floor.c.obj (.text:floor)
                  00002344    000000c0                                   : s_round.c.obj (.text:round)
                  00002404    000000b0     msp432p4xx_driverlib.lib : spi.o (.text:SPI_initMaster)
                  000024b4    000000b0     sx1276-board.obj (.text:SX1276IoInit)
                  00002564    000000a8     my_RFM9x.obj (.text:RxChainCalibration)
                  0000260c    000000a8     my_RFM9x.obj (.text:SX1276SetTx)
                  000026b4    000000a4     my_RFM9x.obj (.text:SX1276IsChannelFree)
                  00002758    000000a0     my_RFM9x.obj (.text:SX1276SetModem)
                  000027f8    0000009c     rtsv7M4_T_le_v4SPD16_eabi.lib : memcpy_t2.asm.obj (.text)
                  00002894    00000094     msp432p4xx_driverlib.lib : rtc_c.o (.text:RTC_C_getEnabledInterruptStatus)
                  00002928    0000008c     my_RFM9x.obj (.text:SX1276Init)
                  000029b4    0000008c     my_RFM9x.obj (.text:SX1276SetTxContinuousWave)
                  00002a40    00000088     board.obj (.text:BoardInitMcu)
                  00002ac8    00000086     rtsv7M4_T_le_v4SPD16_eabi.lib : fd_cmp_t2.asm.obj (.text:__aeabi_cdcmple)
                  00002b4e    00000086                                   : fd_cmp_t2.asm.obj (.text:__aeabi_cdrcmple)
                  00002bd4    00000080     main.obj (.text:PORT2_IRQHandler)
                  00002c54    0000007a     rtsv7M4_T_le_v4SPD16_eabi.lib : memset_t2.asm.obj (.text)
                  00002cce    00000002     --HOLE-- [fill = 0]
                  00002cd0    00000078     system_msp432p401r.obj (.text:SystemInit)
                  00002d48    0000006e     rtsv7M4_T_le_v4SPD16_eabi.lib : fd_tos_t2.asm.obj (.text)
                  00002db6    00000002     --HOLE-- [fill = 0]
                  00002db8    0000006c     my_RFM9x.obj (.text:SX1276ReadRssi)
                  00002e24    00000068     main.obj (.text:OnRxDone)
                  00002e8c    00000068     rtsv7M4_T_le_v4SPD16_eabi.lib : copy_decompress_lzss.c.obj (.text:decompress:lzss:__TI_decompress_lzss)
                  00002ef4    00000064     my_RFM9x.obj (.text:GetFskBandwidthRegValue)
                  00002f58    00000060     my_RFM9x.obj (.text:SX1276ReadBuffer)
                  00002fb8    00000060     my_RFM9x.obj (.text:SX1276WriteBuffer)
                  00003018    0000005e     my_RFM9x.obj (.text:SX1276Random)
                  00003076    00000002     --HOLE-- [fill = 0]
                  00003078    0000005c     msp432p4xx_driverlib.lib : rtc_c.o (.text:RTC_C_getInterruptStatus)
                  000030d4    00000058     my_timer.obj (.text:Delayms)
                  0000312c    00000058     sx1276-board.obj (.text:SX1276IoIrqInit)
                  00003184    00000058     my_timer.obj (.text:stopTiming)
                  000031dc    00000050     my_RFM9x.obj (.text:SX1276SetChannel)
                  0000322c    0000004c     msp432p4xx_driverlib.lib : timer_a.o (.text:Timer_A_getCounterValue)
                  00003278    00000048     my_RFM9x.obj (.text:SX1276SetMaxPayloadLength)
                  000032c0    00000048     rtsv7M4_T_le_v4SPD16_eabi.lib : fd_toi_t2.asm.obj (.text)
                  00003308    00000048     my_spi.obj (.text:spiRead_RFM)
                  00003350    00000044     gpio-board.obj (.text:GpioMcuWrite)
                  00003394    00000044     my_RFM9x.obj (.text:SX1276StartCad)
                  000033d8    00000044     rtsv7M4_T_le_v4SPD16_eabi.lib : autoinit.c.obj (.text:__TI_auto_init_nobinit_nopinit:__TI_auto_init_nobinit_nopinit)
                  0000341c    00000044                                   : fd_tou_t2.asm.obj (.text)
                  00003460    00000044     my_spi.obj (.text:spiWrite_RFM)
                  000034a4    00000040     msp432p4xx_driverlib.lib : gpio.o (.text:GPIO_setAsOutputPin)
                  000034e4    00000040     my_timer.obj (.text:getTiming)
                  00003524    00000040     msp432p4xx_driverlib.lib : spi.o (.text:is_A_Module)
                  00003564    00000040     my_spi.obj (.text:spi_open)
                  000035a4    0000003c     my_RFM9x.obj (.text:SX1276SetPublicNetwork)
                  000035e0    00000038     my_spi.obj (.text:RFM_spi_read_write)
                  00003618    00000038     my_RFM9x.obj (.text:SX1276OnDio4Irq)
                  00003650    00000038     my_timer.obj (.text:TimerAInteruptInit)
                  00003688    00000034     msp432p4xx_driverlib.lib : timer_a.o (.text:Timer_A_configureContinuousMode)
                  000036bc    00000034     rtsv7M4_T_le_v4SPD16_eabi.lib : boot_cortex_m.c.obj (.text:_c_int00_noargs:_c_int00_noargs)
                  000036f0    00000030     my_gpio.obj (.text:GpioInit)
                  00003720    0000002e     rtsv7M4_T_le_v4SPD16_eabi.lib : i_tofd_t2.asm.obj (.text)
                  0000374e    00000002     --HOLE-- [fill = 0]
                  00003750    0000002c     msp432p4xx_driverlib.lib : timer_a.o (.text:Timer_A_clearCaptureCompareInterrupt)
                  0000377c    00000028                              : gpio.o (.text:GPIO_enableInterrupt)
                  000037a4    00000028                              : gpio.o (.text:GPIO_setOutputHighOnPin)
                  000037cc    00000028                              : gpio.o (.text:GPIO_setOutputLowOnPin)
                  000037f4    00000028                              : spi.o (.text:SPI_getInterruptStatus)
                  0000381c    00000028     my_timer.obj (.text:TimerATimerInit)
                  00003844    00000026     msp432p4xx_driverlib.lib : spi.o (.text:SPI_transmitData)
                  0000386a    00000002     --HOLE-- [fill = 0]
                  0000386c    00000024     main.obj (.text:OnTxDone)
                  00003890    00000024     sx1276-board.obj (.text:SX1276Reset)
                  000038b4    00000022     my_gpio.obj (.text:GpioFlashLED)
                  000038d6    00000020     my_RFM9x.obj (.text:SX1276SetOpMode)
                  000038f6    00000002     --HOLE-- [fill = 0]
                  000038f8    00000020     my_timer.obj (.text:TA1_0_IRQHandler)
                  00003918    00000020     rtsv7M4_T_le_v4SPD16_eabi.lib : u_tofd_t2.asm.obj (.text)
                  00003938    0000001e     my_timer.obj (.text:startTiming)
                  00003956    0000001c     my_gpio.obj (.text:GpioSetInterrupt)
                  00003972    00000002     --HOLE-- [fill = 0]
                  00003974    0000001c     rtc-board.obj (.text:RTC_C_IRQHandler)
                  00003990    0000001c     msp432p4xx_driverlib.lib : spi.o (.text:SPI_enableModule)
                  000039ac    0000001c                              : spi.o (.text:SPI_receiveData)
                  000039c8    0000001c     my_RFM9x.obj (.text:SX1276SetSleep)
                  000039e4    0000001c     rtsv7M4_T_le_v4SPD16_eabi.lib : copy_zero_init.c.obj (.text:decompress:ZI:__TI_zero_init_nomemset:__TI_zero_init_nomemset)
                  00003a00    00000018     msp432p4xx_driverlib.lib : spi.o (.text:EUSCI_A_SPI_getInterruptStatus)
                  00003a18    00000018                              : spi.o (.text:EUSCI_B_SPI_getInterruptStatus)
                  00003a30    00000018     my_MAC.obj (.text:MACSend)
                  00003a48    00000018     main.obj (.text:OnRxError)
                  00003a60    00000018     main.obj (.text:OnRxTimeout)
                  00003a78    00000018     main.obj (.text:OnTxTimeout)
                  00003a90    00000018     msp432p4xx_driverlib.lib : timer_a.o (.text:Timer_A_clearTimer)
                  00003aa8    00000016                              : spi.o (.text:EUSCI_A_SPI_enable)
                  00003abe    00000016                              : spi.o (.text:EUSCI_A_SPI_transmitData)
                  00003ad4    00000016                              : spi.o (.text:EUSCI_B_SPI_enable)
                  00003aea    00000016                              : spi.o (.text:EUSCI_B_SPI_transmitData)
                  00003b00    00000016     my_RFM9x.obj (.text:SX1276ReadFifo)
                  00003b16    00000016     my_RFM9x.obj (.text:SX1276WriteFifo)
                  00003b2c    00000016     msp432p4xx_driverlib.lib : timer_a.o (.text:Timer_A_clearInterruptFlag)
                  00003b42    00000016                              : timer_a.o (.text:Timer_A_startCounter)
                  00003b58    00000014     board.obj (.text:GetBoardPowerSource)
                  00003b6c    00000014     my_RFM9x.obj (.text:SX1276SetStby)
                  00003b80    00000014     msp432p4xx_driverlib.lib : timer_a.o (.text:Timer_A_stopTimer)
                  00003b94    00000010                              : spi.o (.text:EUSCI_A_SPI_receiveData)
                  00003ba4    00000010                              : spi.o (.text:EUSCI_B_SPI_receiveData)
                  00003bb4    00000010     my_gpio.obj (.text:GpioWrite)
                  00003bc4    0000000e     rtsv7M4_T_le_v4SPD16_eabi.lib : copy_decompress_none.c.obj (.text:decompress:none:__TI_decompress_none)
                  00003bd2    0000000c     startup_msp432p401r_ccs.obj (.text:Reset_Handler)
                  00003bde    0000000c     sx1276-board.obj (.text:SX1276CheckRfFrequency)
                  00003bea    0000000c     sx1276-board.obj (.text:SX1276GetPaSelect)
                  00003bf6    00000002     --HOLE-- [fill = 0]
                  00003bf8    0000000c     my_RFM9x.obj (.text:SX1276GetStatus)
                  00003c04    0000000a     my_RFM9x.obj (.text:SX1276GetWakeupTime)
                  00003c0e    00000004     sx1276-board.obj (.text:SX1276GetBoardTcxoWakeupTime)
                  00003c12    00000004     rtsv7M4_T_le_v4SPD16_eabi.lib : pre_init.c.obj (.text:_system_pre_init)
                  00003c16    00000004                                   : exit.c.obj (.text:abort:abort)

.const     0    00003c1c    000001c0     
                  00003c1c    000000b0     my_RFM9x.obj (.const:FskBandwidths)
                  00003ccc    0000006c     sx1276-board.obj (.const:Radio)
                  00003d38    00000030     msp432p4xx_driverlib.lib : gpio.o (.const:GPIO_PORT_TO_BASE)
                  00003d68    00000030     my_RFM9x.obj (.const:RadioRegsInit)
                  00003d98    0000001c     my_spi.obj (.const:spiMasterConfig)
                  00003db4    00000018     my_timer.obj (.const:upConfig)
                  00003dcc    00000010     my_timer.obj (.const:contConfig0)

.cinit     0    00003de0    00000038     
                  00003de0    00000013     (.cinit..data.load) [load image, compression = lzss]
                  00003df3    00000001     --HOLE-- [fill = 0]
                  00003df4    0000000c     (__TI_handler_table)
                  00003e00    00000008     (.cinit..bss.load) [load image, compression = zero_init]
                  00003e08    00000010     (__TI_cinit_table)

.init_array 
*          0    00000000    00000000     UNINITIALIZED

.binit     0    00000000    00000000     

.bss       0    20000000    00000260     UNINITIALIZED
                  20000000    00000104     (.common:SX1276)
                  20000104    00000100     my_RFM9x.obj (.bss:RxTxBuffer)
                  20000204    0000001c     main.obj (.bss:RadioEvents)
                  20000220    00000014     (.common:Led1)
                  20000234    00000014     (.common:Led2)
                  20000248    00000014     (.common:Led3)
                  2000025c    00000004     my_RFM9x.obj (.bss)

.data      0    20000260    00000051     UNINITIALIZED
                  20000260    00000040     main.obj (.data:Buffer)
                  200002a0    0000000a     main.obj (.data)
                  200002aa    00000005     main.obj (.data:buffer)
                  200002af    00000001     board.obj (.data)
                  200002b0    00000001     my_timer.obj (.data)

.stack     0    2000fe00    00000200     UNINITIALIZED
                  2000fe00    00000004     rtsv7M4_T_le_v4SPD16_eabi.lib : boot_cortex_m.c.obj (.stack)
                  2000fe04    000001fc     --HOLE--

MODULE SUMMARY

       Module                        code    ro data   rw data
       ------                        ----    -------   -------
    .\
       my_RFM9x.obj                  6872    224       1040   
       main.obj                      768     0         214    
       gpio-board.obj                800     0         0      
       board.obj                     676     0         122    
       sx1276-board.obj              668     108       0      
       my_timer.obj                  398     40        2      
       my_spi.obj                    260     28        0      
       my_gpio.obj                   126     0         0      
       system_msp432p401r.obj        120     0         0      
       rtc-board.obj                 28      0         0      
       my_MAC.obj                    24      0         0      
       my_systick.obj                2       0         0      
    +--+-----------------------------+-------+---------+---------+
       Total:                        10742   400       1378   
                                                              
    .\ccs\
       startup_msp432p401r_ccs.obj   14      228       0      
    +--+-----------------------------+-------+---------+---------+
       Total:                        14      228       0      
                                                              
    C:/ti/simplelink_msp432p4_sdk_3_40_01_02/source/ti/devices/msp432p4xx/driverlib/ccs/msp432p4xx_driverlib.lib
       timer_a.o                     584     0         0      
       spi.o                         542     0         0      
       rtc_c.o                       240     0         0      
       gpio.o                        184     48        0      
    +--+-----------------------------+-------+---------+---------+
       Total:                        1550    48        0      
                                                              
    C:\ti\ccs930\ccs\tools\compiler\ti-cgt-arm_18.12.5.LTS\lib\rtsv7M4_T_le_v4SPD16_eabi.lib
       fd_add_t2.asm.obj             438     0         0      
       fd_div_t2.asm.obj             310     0         0      
       fd_cmp_t2.asm.obj             268     0         0      
       fd_mul_t2.asm.obj             252     0         0      
       s_ceil.c.obj                  248     0         0      
       s_floor.c.obj                 248     0         0      
       s_round.c.obj                 192     0         0      
       memcpy_t2.asm.obj             156     0         0      
       memset_t2.asm.obj             122     0         0      
       fd_tos_t2.asm.obj             110     0         0      
       copy_decompress_lzss.c.obj    104     0         0      
       fd_toi_t2.asm.obj             72      0         0      
       autoinit.c.obj                68      0         0      
       fd_tou_t2.asm.obj             68      0         0      
       boot_cortex_m.c.obj           52      0         0      
       i_tofd_t2.asm.obj             46      0         0      
       u_tofd_t2.asm.obj             32      0         0      
       copy_zero_init.c.obj          28      0         0      
       copy_decompress_none.c.obj    14      0         0      
       exit.c.obj                    4       0         0      
       pre_init.c.obj                4       0         0      
    +--+-----------------------------+-------+---------+---------+
       Total:                        2836    0         0      
                                                              
       Stack:                        0       0         1024   
       Linker Generated:             0       55        0      
    +--+-----------------------------+-------+---------+---------+
       Grand Total:                  15142   731       2402   


LINKER GENERATED COPY TABLES

__TI_cinit_table @ 00003e08 records: 2, size/record: 8, table size: 16
	.data: load addr=00003de0, load size=00000013 bytes, run addr=20000260, run size=00000051 bytes, compression=lzss
	.bss: load addr=00003e00, load size=00000008 bytes, run addr=20000000, run size=00000260 bytes, compression=zero_init


LINKER GENERATED HANDLER TABLE

__TI_handler_table @ 00003df4 records: 3, size/record: 4, table size: 12
	index: 0, handler: __TI_decompress_lzss
	index: 1, handler: __TI_decompress_none
	index: 2, handler: __TI_zero_init


GLOBAL SYMBOLS: SORTED ALPHABETICALLY BY Name 

address   name                                
-------   ----                                
000015df  ADC14_IRQHandler                    
000015df  AES256_IRQHandler                   
00002a41  BoardInitMcu                        
20000260  Buffer                              
200002a6  BufferSize                          
000015df  BusFault_Handler                    
00003c17  C$$EXIT                             
000015df  COMP_E0_IRQHandler                  
000015df  COMP_E1_IRQHandler                  
000015df  CS_IRQHandler                       
200002a0  DIO0Flag                            
200002a1  DIO1Flag                            
200002a2  DIO2Flag                            
200002a3  DIO3Flag                            
200002a4  DIO4Flag                            
000015df  DMA_ERR_IRQHandler                  
000015df  DMA_INT0_IRQHandler                 
000015df  DMA_INT1_IRQHandler                 
000015df  DMA_INT2_IRQHandler                 
000015df  DMA_INT3_IRQHandler                 
000015df  DebugMon_Handler                    
000015df  Default_Handler                     
000030d5  Delayms                             
000015df  EUSCIA0_IRQHandler                  
000015df  EUSCIA1_IRQHandler                  
000015df  EUSCIA2_IRQHandler                  
000015df  EUSCIA3_IRQHandler                  
000015df  EUSCIB0_IRQHandler                  
000015df  EUSCIB1_IRQHandler                  
000015df  EUSCIB2_IRQHandler                  
000015df  EUSCIB3_IRQHandler                  
00003aa9  EUSCI_A_SPI_enable                  
00003a01  EUSCI_A_SPI_getInterruptStatus      
00003b95  EUSCI_A_SPI_receiveData             
00003abf  EUSCI_A_SPI_transmitData            
00003ad5  EUSCI_B_SPI_enable                  
00003a19  EUSCI_B_SPI_getInterruptStatus      
00003ba5  EUSCI_B_SPI_receiveData             
00003aeb  EUSCI_B_SPI_transmitData            
000015df  FLCTL_IRQHandler                    
000015df  FPU_IRQHandler                      
00003c1c  FskBandwidths                       
0000377d  GPIO_enableInterrupt                
000034a5  GPIO_setAsOutputPin                 
000037a5  GPIO_setOutputHighOnPin             
000037cd  GPIO_setOutputLowOnPin              
00003b59  GetBoardPowerSource                 
00002ef5  GetFskBandwidthRegValue             
000038b5  GpioFlashLED                        
000036f1  GpioInit                            
00001265  GpioMcuInit                         
00001f41  GpioMcuSetInterrupt                 
00003351  GpioMcuWrite                        
00003957  GpioSetInterrupt                    
00003bb5  GpioWrite                           
000015df  HardFault_Handler                   
20000220  Led1                                
20000234  Led2                                
20000248  Led3                                
00003a31  MACSend                             
000015df  MemManage_Handler                   
000015df  NMI_Handler                         
00002e25  OnRxDone                            
00003a49  OnRxError                           
00003a61  OnRxTimeout                         
0000386d  OnTxDone                            
00003a79  OnTxTimeout                         
000015df  PCM_IRQHandler                      
000015df  PORT1_IRQHandler                    
00002bd5  PORT2_IRQHandler                    
00002bd5  PORT2_IRQHandler                    
000015df  PORT3_IRQHandler                    
000015df  PORT4_IRQHandler                    
000015df  PORT5_IRQHandler                    
000015df  PORT6_IRQHandler                    
000015df  PSS_IRQHandler                      
000015df  PendSV_Handler                      
000035e1  RFM_spi_read_write                  
00003975  RTC_C_IRQHandler                    
00003975  RTC_C_IRQHandler                    
00002895  RTC_C_getEnabledInterruptStatus     
00003079  RTC_C_getInterruptStatus            
00003ccc  Radio                               
00003d68  RadioRegsInit                       
00003bd3  Reset_Handler                       
200002a8  RssiValue                           
00002565  RxChainCalibration                  
00003991  SPI_enableModule                    
000037f5  SPI_getInterruptStatus              
00002405  SPI_initMaster                      
000039ad  SPI_receiveData                     
00003845  SPI_transmitData                    
000015df  SVC_Handler                         
20000000  SX1276                              
00003bdf  SX1276CheckRfFrequency              
00003c0f  SX1276GetBoardTcxoWakeupTime        
00003bf9  SX1276GetStatus                     
0000049d  SX1276GetTimeOnAir                  
00003c05  SX1276GetWakeupTime                 
00002929  SX1276Init                          
000024b5  SX1276IoInit                        
0000312d  SX1276IoIrqInit                     
000026b5  SX1276IsChannelFree                 
00000835  SX1276OnDio0Irq                     
0000178d  SX1276OnDio1Irq                     
00001e0d  SX1276OnDio2Irq                     
00003619  SX1276OnDio4Irq                     
00003019  SX1276Random                        
00002f59  SX1276ReadBuffer                    
00003b01  SX1276ReadFifo                      
00002db9  SX1276ReadRssi                      
00003891  SX1276Reset                         
00001a45  SX1276Send                          
000031dd  SX1276SetChannel                    
00003279  SX1276SetMaxPayloadLength           
00002759  SX1276SetModem                      
000038d7  SX1276SetOpMode                     
000035a5  SX1276SetPublicNetwork              
000018f1  SX1276SetRfTxPower                  
00000e11  SX1276SetRx                         
000000e5  SX1276SetRxConfig                   
000039c9  SX1276SetSleep                      
00003b6d  SX1276SetStby                       
0000260d  SX1276SetTx                         
00000b25  SX1276SetTxConfig                   
000029b5  SX1276SetTxContinuousWave           
00003395  SX1276StartCad                      
00002fb9  SX1276WriteBuffer                   
00003b17  SX1276WriteFifo                     
200002a9  SnrValue                            
200002a5  State                               
00001e0b  SysTick_Handler                     
00001e0b  SysTick_Handler                     
00002cd1  SystemInit                          
000015df  T32_INT1_IRQHandler                 
000015df  T32_INT2_IRQHandler                 
000015df  T32_INTC_IRQHandler                 
000015df  TA0_0_IRQHandler                    
000015df  TA0_N_IRQHandler                    
000038f9  TA1_0_IRQHandler                    
000038f9  TA1_0_IRQHandler                    
000015df  TA1_N_IRQHandler                    
000015df  TA2_0_IRQHandler                    
000015df  TA2_N_IRQHandler                    
000015df  TA3_0_IRQHandler                    
000015df  TA3_N_IRQHandler                    
00003651  TimerAInteruptInit                  
0000381d  TimerATimerInit                     
200002b0  TimerInteruptFlag                   
00003751  Timer_A_clearCaptureCompareInterrupt
00003b2d  Timer_A_clearInterruptFlag          
00003a91  Timer_A_clearTimer                  
00003689  Timer_A_configureContinuousMode     
0000322d  Timer_A_getCounterValue             
00003b43  Timer_A_startCounter                
00003b81  Timer_A_stopTimer                   
000015df  UsageFault_Handler                  
4000480c  WDTCTL_SYM                          
000015df  WDT_A_IRQHandler                    
20010000  __STACK_END                         
00000200  __STACK_SIZE                        
00003e08  __TI_CINIT_Base                     
00003e18  __TI_CINIT_Limit                    
00003df4  __TI_Handler_Table_Base             
00003e00  __TI_Handler_Table_Limit            
000033d9  __TI_auto_init_nobinit_nopinit      
00002e8d  __TI_decompress_lzss                
00003bc5  __TI_decompress_none                
ffffffff  __TI_pprof_out_hndl                 
ffffffff  __TI_prof_data_size                 
ffffffff  __TI_prof_data_start                
00000000  __TI_static_base__                  
000039e5  __TI_zero_init_nomemset             
00002ac9  __aeabi_cdcmpeq                     
00002ac9  __aeabi_cdcmple                     
00002b4f  __aeabi_cdrcmple                    
00002d49  __aeabi_d2f                         
000032c1  __aeabi_d2iz                        
0000341d  __aeabi_d2uiz                       
00001433  __aeabi_dadd                        
00001cd5  __aeabi_ddiv                        
00002059  __aeabi_dmul                        
00001429  __aeabi_dsub                        
00003721  __aeabi_i2d                         
00002c55  __aeabi_memclr                      
00002c55  __aeabi_memclr4                     
00002c55  __aeabi_memclr8                     
000027f9  __aeabi_memcpy                      
000027f9  __aeabi_memcpy4                     
000027f9  __aeabi_memcpy8                     
00002c57  __aeabi_memset                      
00002c57  __aeabi_memset4                     
00002c57  __aeabi_memset8                     
00003919  __aeabi_ui2d                        
ffffffff  __binit__                           
ffffffff  __c_args__                          
UNDEFED   __mpu_init                          
2000fe00  __stack                             
000036bd  _c_int00_noargs                     
UNDEFED   _system_post_cinit                  
00003c13  _system_pre_init                    
00003c17  abort                               
ffffffff  binit                               
200002aa  buffer                              
00002155  ceil                                
00002155  ceill                               
00003dcc  contConfig0                         
0000224d  floor                               
0000224d  floorl                              
000034e5  getTiming                           
00000000  interruptVectors                    
000015e1  main                                
000027f9  memcpy                              
00002c5d  memset                              
00002345  round                               
00002345  roundl                              
00003d98  spiMasterConfig                     
00003309  spiRead_RFM                         
00003461  spiWrite_RFM                        
00003565  spi_open                            
00003939  startTiming                         
00003185  stopTiming                          
00003db4  upConfig                            


GLOBAL SYMBOLS: SORTED BY Symbol Address 

address   name                                
-------   ----                                
00000000  __TI_static_base__                  
00000000  interruptVectors                    
000000e5  SX1276SetRxConfig                   
00000200  __STACK_SIZE                        
0000049d  SX1276GetTimeOnAir                  
00000835  SX1276OnDio0Irq                     
00000b25  SX1276SetTxConfig                   
00000e11  SX1276SetRx                         
00001265  GpioMcuInit                         
00001429  __aeabi_dsub                        
00001433  __aeabi_dadd                        
000015df  ADC14_IRQHandler                    
000015df  AES256_IRQHandler                   
000015df  BusFault_Handler                    
000015df  COMP_E0_IRQHandler                  
000015df  COMP_E1_IRQHandler                  
000015df  CS_IRQHandler                       
000015df  DMA_ERR_IRQHandler                  
000015df  DMA_INT0_IRQHandler                 
000015df  DMA_INT1_IRQHandler                 
000015df  DMA_INT2_IRQHandler                 
000015df  DMA_INT3_IRQHandler                 
000015df  DebugMon_Handler                    
000015df  Default_Handler                     
000015df  EUSCIA0_IRQHandler                  
000015df  EUSCIA1_IRQHandler                  
000015df  EUSCIA2_IRQHandler                  
000015df  EUSCIA3_IRQHandler                  
000015df  EUSCIB0_IRQHandler                  
000015df  EUSCIB1_IRQHandler                  
000015df  EUSCIB2_IRQHandler                  
000015df  EUSCIB3_IRQHandler                  
000015df  FLCTL_IRQHandler                    
000015df  FPU_IRQHandler                      
000015df  HardFault_Handler                   
000015df  MemManage_Handler                   
000015df  NMI_Handler                         
000015df  PCM_IRQHandler                      
000015df  PORT1_IRQHandler                    
000015df  PORT3_IRQHandler                    
000015df  PORT4_IRQHandler                    
000015df  PORT5_IRQHandler                    
000015df  PORT6_IRQHandler                    
000015df  PSS_IRQHandler                      
000015df  PendSV_Handler                      
000015df  SVC_Handler                         
000015df  T32_INT1_IRQHandler                 
000015df  T32_INT2_IRQHandler                 
000015df  T32_INTC_IRQHandler                 
000015df  TA0_0_IRQHandler                    
000015df  TA0_N_IRQHandler                    
000015df  TA1_N_IRQHandler                    
000015df  TA2_0_IRQHandler                    
000015df  TA2_N_IRQHandler                    
000015df  TA3_0_IRQHandler                    
000015df  TA3_N_IRQHandler                    
000015df  UsageFault_Handler                  
000015df  WDT_A_IRQHandler                    
000015e1  main                                
0000178d  SX1276OnDio1Irq                     
000018f1  SX1276SetRfTxPower                  
00001a45  SX1276Send                          
00001cd5  __aeabi_ddiv                        
00001e0b  SysTick_Handler                     
00001e0b  SysTick_Handler                     
00001e0d  SX1276OnDio2Irq                     
00001f41  GpioMcuSetInterrupt                 
00002059  __aeabi_dmul                        
00002155  ceil                                
00002155  ceill                               
0000224d  floor                               
0000224d  floorl                              
00002345  round                               
00002345  roundl                              
00002405  SPI_initMaster                      
000024b5  SX1276IoInit                        
00002565  RxChainCalibration                  
0000260d  SX1276SetTx                         
000026b5  SX1276IsChannelFree                 
00002759  SX1276SetModem                      
000027f9  __aeabi_memcpy                      
000027f9  __aeabi_memcpy4                     
000027f9  __aeabi_memcpy8                     
000027f9  memcpy                              
00002895  RTC_C_getEnabledInterruptStatus     
00002929  SX1276Init                          
000029b5  SX1276SetTxContinuousWave           
00002a41  BoardInitMcu                        
00002ac9  __aeabi_cdcmpeq                     
00002ac9  __aeabi_cdcmple                     
00002b4f  __aeabi_cdrcmple                    
00002bd5  PORT2_IRQHandler                    
00002bd5  PORT2_IRQHandler                    
00002c55  __aeabi_memclr                      
00002c55  __aeabi_memclr4                     
00002c55  __aeabi_memclr8                     
00002c57  __aeabi_memset                      
00002c57  __aeabi_memset4                     
00002c57  __aeabi_memset8                     
00002c5d  memset                              
00002cd1  SystemInit                          
00002d49  __aeabi_d2f                         
00002db9  SX1276ReadRssi                      
00002e25  OnRxDone                            
00002e8d  __TI_decompress_lzss                
00002ef5  GetFskBandwidthRegValue             
00002f59  SX1276ReadBuffer                    
00002fb9  SX1276WriteBuffer                   
00003019  SX1276Random                        
00003079  RTC_C_getInterruptStatus            
000030d5  Delayms                             
0000312d  SX1276IoIrqInit                     
00003185  stopTiming                          
000031dd  SX1276SetChannel                    
0000322d  Timer_A_getCounterValue             
00003279  SX1276SetMaxPayloadLength           
000032c1  __aeabi_d2iz                        
00003309  spiRead_RFM                         
00003351  GpioMcuWrite                        
00003395  SX1276StartCad                      
000033d9  __TI_auto_init_nobinit_nopinit      
0000341d  __aeabi_d2uiz                       
00003461  spiWrite_RFM                        
000034a5  GPIO_setAsOutputPin                 
000034e5  getTiming                           
00003565  spi_open                            
000035a5  SX1276SetPublicNetwork              
000035e1  RFM_spi_read_write                  
00003619  SX1276OnDio4Irq                     
00003651  TimerAInteruptInit                  
00003689  Timer_A_configureContinuousMode     
000036bd  _c_int00_noargs                     
000036f1  GpioInit                            
00003721  __aeabi_i2d                         
00003751  Timer_A_clearCaptureCompareInterrupt
0000377d  GPIO_enableInterrupt                
000037a5  GPIO_setOutputHighOnPin             
000037cd  GPIO_setOutputLowOnPin              
000037f5  SPI_getInterruptStatus              
0000381d  TimerATimerInit                     
00003845  SPI_transmitData                    
0000386d  OnTxDone                            
00003891  SX1276Reset                         
000038b5  GpioFlashLED                        
000038d7  SX1276SetOpMode                     
000038f9  TA1_0_IRQHandler                    
000038f9  TA1_0_IRQHandler                    
00003919  __aeabi_ui2d                        
00003939  startTiming                         
00003957  GpioSetInterrupt                    
00003975  RTC_C_IRQHandler                    
00003975  RTC_C_IRQHandler                    
00003991  SPI_enableModule                    
000039ad  SPI_receiveData                     
000039c9  SX1276SetSleep                      
000039e5  __TI_zero_init_nomemset             
00003a01  EUSCI_A_SPI_getInterruptStatus      
00003a19  EUSCI_B_SPI_getInterruptStatus      
00003a31  MACSend                             
00003a49  OnRxError                           
00003a61  OnRxTimeout                         
00003a79  OnTxTimeout                         
00003a91  Timer_A_clearTimer                  
00003aa9  EUSCI_A_SPI_enable                  
00003abf  EUSCI_A_SPI_transmitData            
00003ad5  EUSCI_B_SPI_enable                  
00003aeb  EUSCI_B_SPI_transmitData            
00003b01  SX1276ReadFifo                      
00003b17  SX1276WriteFifo                     
00003b2d  Timer_A_clearInterruptFlag          
00003b43  Timer_A_startCounter                
00003b59  GetBoardPowerSource                 
00003b6d  SX1276SetStby                       
00003b81  Timer_A_stopTimer                   
00003b95  EUSCI_A_SPI_receiveData             
00003ba5  EUSCI_B_SPI_receiveData             
00003bb5  GpioWrite                           
00003bc5  __TI_decompress_none                
00003bd3  Reset_Handler                       
00003bdf  SX1276CheckRfFrequency              
00003bf9  SX1276GetStatus                     
00003c05  SX1276GetWakeupTime                 
00003c0f  SX1276GetBoardTcxoWakeupTime        
00003c13  _system_pre_init                    
00003c17  C$$EXIT                             
00003c17  abort                               
00003c1c  FskBandwidths                       
00003ccc  Radio                               
00003d68  RadioRegsInit                       
00003d98  spiMasterConfig                     
00003db4  upConfig                            
00003dcc  contConfig0                         
00003df4  __TI_Handler_Table_Base             
00003e00  __TI_Handler_Table_Limit            
00003e08  __TI_CINIT_Base                     
00003e18  __TI_CINIT_Limit                    
20000000  SX1276                              
20000220  Led1                                
20000234  Led2                                
20000248  Led3                                
20000260  Buffer                              
200002a0  DIO0Flag                            
200002a1  DIO1Flag                            
200002a2  DIO2Flag                            
200002a3  DIO3Flag                            
200002a4  DIO4Flag                            
200002a5  State                               
200002a6  BufferSize                          
200002a8  RssiValue                           
200002a9  SnrValue                            
200002aa  buffer                              
200002b0  TimerInteruptFlag                   
2000fe00  __stack                             
20010000  __STACK_END                         
4000480c  WDTCTL_SYM                          
ffffffff  __TI_pprof_out_hndl                 
ffffffff  __TI_prof_data_size                 
ffffffff  __TI_prof_data_start                
ffffffff  __binit__                           
ffffffff  __c_args__                          
ffffffff  binit                               
UNDEFED   __mpu_init                          
UNDEFED   _system_post_cinit                  

[223 symbols]
