******************************************************************************
                  TI ARM Linker PC v20.2.0                     
******************************************************************************
>> Linked Mon Jul 13 16:02:10 2020

OUTPUT FILE NAME:   <Meesters.out>
ENTRY POINT SYMBOL: "_c_int00_noargs"  address: 00004a61


MEMORY CONFIGURATION

         name            origin    length      used     unused   attr    fill
----------------------  --------  ---------  --------  --------  ----  --------
  MAIN                  00000000   00040000  000053da  0003ac26  R  X
  INFO                  00200000   00004000  00000000  00004000  R  X
  SRAM_CODE             01000000   00010000  000005d3  0000fa2d  RW X
  SRAM_DATA             20000000   00010000  000005d3  0000fa2d  RW  


SEGMENT ALLOCATION MAP

run origin  load origin   length   init length attrs members
----------  ----------- ---------- ----------- ----- -------
00000000    00000000    000053e0   000053e0    r-x
  00000000    00000000    000000e4   000000e4    r-- .intvecs
  000000e8    000000e8    000050ea   000050ea    r-x .text
  000051d4    000051d4    000001d4   000001d4    r-- .const
  000053a8    000053a8    00000038   00000038    r-- .cinit
20000000    20000000    000003d3   00000000    rw-
  20000000    20000000    000002c0   00000000    rw- .bss
  200002c0    200002c0    00000113   00000000    rw- .data
2000fe00    2000fe00    00000200   00000000    rw-
  2000fe00    2000fe00    00000200   00000000    rw- .stack


SECTION ALLOCATION MAP

 output                                  attributes/
section   page    origin      length       input sections
--------  ----  ----------  ----------   ----------------
.intvecs   0    00000000    000000e4     
                  00000000    000000e4     startup_msp432p401r_ccs.obj (.intvecs:retain)

.text      0    000000e8    000050ea     
                  000000e8    000004e8     my_RFM9x.obj (.text:SX1276OnDio0Irq)
                  000005d0    00000420     my_RFM9x.obj (.text:SX1276SetRxConfig)
                  000009f0    00000400     my_RFM9x.obj (.text:SX1276GetTimeOnAir)
                  00000df0    00000330     my_RFM9x.obj (.text:SX1276SetTxConfig)
                  00001120    00000312     my_RFM9x.obj (.text:SX1276SetRx)
                  00001432    00000004     rtsv7M4_T_le_v4SPD16_eabi.lib : pre_init.c.obj (.text:_system_pre_init)
                  00001436    00000002     --HOLE-- [fill = 0]
                  00001438    00000284     board.obj (.text:BoardUnusedIoInit)
                  000016bc    00000004     rtsv7M4_T_le_v4SPD16_eabi.lib : exit.c.obj (.text:abort:abort)
                  000016c0    00000260     my_RFM9x.obj (.text:SX1276OnDio1Irq)
                  00001920    000001fa     gpio-board.obj (.text:GpioMcuInit)
                  00001b1a    000001b6     rtsv7M4_T_le_v4SPD16_eabi.lib : fd_add_t2.asm.obj (.text)
                  00001cd0    00000198     my_RFM9x.obj (.text:SX1276OnDio2Irq)
                  00001e68    00000192     my_RFM9x.obj (.text:SX1276Send)
                  00001ffa    00000006     --HOLE-- [fill = 0]
                  00002000    0000018e     my_RFM9x.obj (.text:SX1276OnTimeoutIrq)
                  0000218e    00000002     --HOLE-- [fill = 0]
                  00002190    0000016e     timer.obj (.text:TimerIrqHandler)
                  000022fe    00000002     --HOLE-- [fill = 0]
                  00002300    00000166     main.obj (.text:RadioInit)
                  00002466    00000002     --HOLE-- [fill = 0]
                  00002468    0000015c     sx1276-board.obj (.text:SX1276SetRfTxPower)
                  000025c4    00000004     --HOLE-- [fill = 0]
                  000025c8    00000158     gpio-board.obj (.text:GpioMcuSetInterrupt)
                  00002720    00000144     msp432p4xx_driverlib.lib : timer_a.o (.text:privateTimer_AProcessClockSourceDivider)
                  00002864    00000004     --HOLE-- [fill = 0]
                  00002868    0000013c     timer.obj (.text:TimerStop)
                  000029a4    00000136     rtsv7M4_T_le_v4SPD16_eabi.lib : fd_div_t2.asm.obj (.text)
                  00002ada    00000006     --HOLE-- [fill = 0]
                  00002ae0    00000102     my_RFM9x.obj (.text:SX1276SetTx)
                  00002be2    000000fc     rtsv7M4_T_le_v4SPD16_eabi.lib : fd_mul_t2.asm.obj (.text)
                  00002cde    00000002     --HOLE-- [fill = 0]
                  00002ce0    000000f8                                   : s_ceil.c.obj (.text:ceil)
                  00002dd8    000000f8                                   : s_floor.c.obj (.text:floor)
                  00002ed0    000000e0     msp432p4xx_driverlib.lib : cs.o (.text:CS_startLFXTWithTimeout)
                  00002fb0    000000d6     my_RFM9x.obj (.text:SX1276Init)
                  00003086    00000002     --HOLE-- [fill = 0]
                  00003088    000000d2     board.obj (.text:BoardInitMcu)
                  0000315a    00000006     --HOLE-- [fill = 0]
                  00003160    000000c8     my_RFM9x.obj (.text:RxChainCalibration)
                  00003228    000000c8     main.obj (.text:main)
                  000032f0    000000c4     sx1276-board.obj (.text:SX1276IoInit)
                  000033b4    00000004     --HOLE-- [fill = 0]
                  000033b8    000000c4     my_RFM9x.obj (.text:SX1276SetModem)
                  0000347c    000000c0     rtsv7M4_T_le_v4SPD16_eabi.lib : s_round.c.obj (.text:round)
                  0000353c    00000004     --HOLE-- [fill = 0]
                  00003540    000000b0     my_rtc.obj (.text:RtcInit)
                  000035f0    000000b0     msp432p4xx_driverlib.lib : spi.o (.text:SPI_initMaster)
                  000036a0    000000a6     my_RFM9x.obj (.text:SX1276SetTxContinuousWave)
                  00003746    00000002     --HOLE-- [fill = 0]
                  00003748    0000009e     system_msp432p401r.obj (.text:SystemInit)
                  000037e6    0000009c     rtsv7M4_T_le_v4SPD16_eabi.lib : memcpy_t2.asm.obj (.text)
                  00003882    00000006     --HOLE-- [fill = 0]
                  00003888    00000098     timer.obj (.text:TimerStart)
                  00003920    00000094     msp432p4xx_driverlib.lib : rtc_c.o (.text:RTC_C_getEnabledInterruptStatus)
                  000039b4    00000004     --HOLE-- [fill = 0]
                  000039b8    00000090     my_RFM9x.obj (.text:SX1276IsChannelFree)
                  00003a48    00000086     rtsv7M4_T_le_v4SPD16_eabi.lib : fd_cmp_t2.asm.obj (.text:__aeabi_cdcmple)
                  00003ace    00000086                                   : fd_cmp_t2.asm.obj (.text:__aeabi_cdrcmple)
                  00003b54    00000004     --HOLE-- [fill = 0]
                  00003b58    00000084     main.obj (.text:PORT2_IRQHandler)
                  00003bdc    00000004     --HOLE-- [fill = 0]
                  00003be0    00000080     main.obj (.text:OnRxDone)
                  00003c60    0000007e     my_spi.obj (.text:spi_read_write)
                  00003cde    0000007a     rtsv7M4_T_le_v4SPD16_eabi.lib : memset_t2.asm.obj (.text)
                  00003d58    00000078     my_RFM9x.obj (.text:GetFskBandwidthRegValue)
                  00003dd0    00000078     my_RFM9x.obj (.text:SX1276ReadBuffer)
                  00003e48    00000076     my_RFM9x.obj (.text:SX1276ReadRssi)
                  00003ebe    00000002     --HOLE-- [fill = 0]
                  00003ec0    00000076     my_RFM9x.obj (.text:SX1276WriteBuffer)
                  00003f36    00000002     --HOLE-- [fill = 0]
                  00003f38    00000070     my_RFM9x.obj (.text:SX1276SetChannel)
                  00003fa8    00000068     my_RFM9x.obj (.text:SX1276Random)
                  00004010    00000068     my_timer.obj (.text:TimerACounterInit)
                  00004078    00000068     timer.obj (.text:TimerInsertTimer)
                  000040e0    00000068     rtsv7M4_T_le_v4SPD16_eabi.lib : copy_decompress_lzss.c.obj (.text:decompress:lzss:__TI_decompress_lzss)
                  00004148    00000064     msp432p4xx_driverlib.lib : rtc_c.o (.text:RTC_C_enableInterrupt)
                  000041ac    00000004     --HOLE-- [fill = 0]
                  000041b0    00000064     sx1276-board.obj (.text:SX1276IoIrqInit)
                  00004214    0000005c     msp432p4xx_driverlib.lib : rtc_c.o (.text:RTC_C_getInterruptStatus)
                  00004270    00000058     gpio-board.obj (.text:GpioMcuWrite)
                  000042c8    00000054     my_timer.obj (.text:Delayms)
                  0000431c    00000004     --HOLE-- [fill = 0]
                  00004320    00000054     my_rtc.obj (.text:RTC_C_IRQHandler)
                  00004374    00000004     --HOLE-- [fill = 0]
                  00004378    0000004e     my_timer.obj (.text:SetAlarm)
                  000043c6    0000004e     msp432p4xx_driverlib.lib : timer_a.o (.text:Timer_A_initCompare)
                  00004414    00000004     --HOLE-- [fill = 0]
                  00004418    0000004e     my_spi.obj (.text:spiRead_RFM)
                  00004466    00000002     --HOLE-- [fill = 0]
                  00004468    0000004c     my_RFM9x.obj (.text:SX1276SetMaxPayloadLength)
                  000044b4    0000004c     msp432p4xx_driverlib.lib : timer_a.o (.text:Timer_A_getCounterValue)
                  00004500    0000004c     my_timer.obj (.text:getTimerAcounterValue)
                  0000454c    00000004     --HOLE-- [fill = 0]
                  00004550    0000004c     my_spi.obj (.text:spiWrite_RFM)
                  0000459c    00000048     rtsv7M4_T_le_v4SPD16_eabi.lib : fd_toi_t2.asm.obj (.text)
                  000045e4    00000004     --HOLE-- [fill = 0]
                  000045e8    00000048     my_spi.obj (.text:spi_open)
                  00004630    00000046     my_RFM9x.obj (.text:SX1276StartCad)
                  00004676    00000002     --HOLE-- [fill = 0]
                  00004678    00000044     rtsv7M4_T_le_v4SPD16_eabi.lib : autoinit.c.obj (.text:__TI_auto_init_nobinit_nopinit:__TI_auto_init_nobinit_nopinit)
                  000046bc    00000044                                   : fd_tou_t2.asm.obj (.text)
                  00004700    00000042     timer.obj (.text:TimerInsertNewHeadTimer)
                  00004742    00000002     --HOLE-- [fill = 0]
                  00004744    00000040     msp432p4xx_driverlib.lib : gpio.o (.text:GPIO_setAsOutputPin)
                  00004784    00000004     --HOLE-- [fill = 0]
                  00004788    00000040     my_RFM9x.obj (.text:SX1276SetSleep)
                  000047c8    00000040     msp432p4xx_driverlib.lib : spi.o (.text:is_A_Module)
                  00004808    00000040     my_timer.obj (.text:stopLoRaTimer)
                  00004848    0000003c     my_RFM9x.obj (.text:SX1276SetPublicNetwork)
                  00004884    00000004     --HOLE-- [fill = 0]
                  00004888    0000003c     timer.obj (.text:TimerSetTimeout)
                  000048c4    00000004     --HOLE-- [fill = 0]
                  000048c8    0000003c     timer.obj (.text:TimerSetValue)
                  00004904    00000004     --HOLE-- [fill = 0]
                  00004908    0000003a     my_RFM9x.obj (.text:SX1276SetStby)
                  00004942    00000006     --HOLE-- [fill = 0]
                  00004948    0000003a     timer.obj (.text:TimerExists)
                  00004982    00000006     --HOLE-- [fill = 0]
                  00004988    00000036     timer.obj (.text:TimerInit)
                  000049be    00000002     --HOLE-- [fill = 0]
                  000049c0    00000034     my_gpio.obj (.text:GpioInit)
                  000049f4    00000004     --HOLE-- [fill = 0]
                  000049f8    00000034     my_timer.obj (.text:TA2_0_IRQHandler)
                  00004a2c    00000034     msp432p4xx_driverlib.lib : timer_a.o (.text:Timer_A_configureContinuousMode)
                  00004a60    00000034     rtsv7M4_T_le_v4SPD16_eabi.lib : boot_cortex_m.c.obj (.text:_c_int00_noargs:_c_int00_noargs)
                  00004a94    0000002e                                   : i_tofd_t2.asm.obj (.text)
                  00004ac2    00000006     --HOLE-- [fill = 0]
                  00004ac8    0000002c     sx1276-board.obj (.text:SX1276Reset)
                  00004af4    00000004     --HOLE-- [fill = 0]
                  00004af8    0000002c     my_timer.obj (.text:TA3_0_IRQHandler)
                  00004b24    00000004     --HOLE-- [fill = 0]
                  00004b28    0000002c     timer.obj (.text:TimerGetElapsedTime)
                  00004b54    0000002c     msp432p4xx_driverlib.lib : timer_a.o (.text:Timer_A_clearCaptureCompareInterrupt)
                  00004b80    0000002c                              : timer_a.o (.text:Timer_A_enableCaptureCompareInterrupt)
                  00004bac    00000004     --HOLE-- [fill = 0]
                  00004bb0    0000002a     main.obj (.text:OnRxTimeout)
                  00004bda    00000006     --HOLE-- [fill = 0]
                  00004be0    0000002a     my_timer.obj (.text:StopAlarm)
                  00004c0a    00000006     --HOLE-- [fill = 0]
                  00004c10    0000002a     my_timer.obj (.text:startTimerAcounter)
                  00004c3a    00000002     --HOLE-- [fill = 0]
                  00004c3c    00000028     msp432p4xx_driverlib.lib : gpio.o (.text:GPIO_enableInterrupt)
                  00004c64    00000028                              : gpio.o (.text:GPIO_setOutputHighOnPin)
                  00004c8c    00000028                              : gpio.o (.text:GPIO_setOutputLowOnPin)
                  00004cb4    00000004     --HOLE-- [fill = 0]
                  00004cb8    00000028     my_gpio.obj (.text:GpioFlashLED)
                  00004ce0    00000028     msp432p4xx_driverlib.lib : spi.o (.text:SPI_getInterruptStatus)
                  00004d08    00000028                              : timer_a.o (.text:Timer_A_setCompareValue)
                  00004d30    00000026                              : spi.o (.text:SPI_transmitData)
                  00004d56    00000002     --HOLE-- [fill = 0]
                  00004d58    00000024     my_timer.obj (.text:SetTimerContext)
                  00004d7c    00000004     --HOLE-- [fill = 0]
                  00004d80    00000024     my_timer.obj (.text:TA0_0_IRQHandler)
                  00004da4    00000004     --HOLE-- [fill = 0]
                  00004da8    00000022     my_gpio.obj (.text:GpioSetInterrupt)
                  00004dca    00000006     --HOLE-- [fill = 0]
                  00004dd0    00000020     my_timer.obj (.text:GetTimerElapsedTime)
                  00004df0    00000020     my_RFM9x.obj (.text:SX1276SetOpMode)
                  00004e10    00000020     rtsv7M4_T_le_v4SPD16_eabi.lib : u_tofd_t2.asm.obj (.text)
                  00004e30    0000001c     main.obj (.text:OnRxError)
                  00004e4c    00000004     --HOLE-- [fill = 0]
                  00004e50    0000001c     main.obj (.text:OnTxDone)
                  00004e6c    00000004     --HOLE-- [fill = 0]
                  00004e70    0000001c     main.obj (.text:OnTxTimeout)
                  00004e8c    0000001c     msp432p4xx_driverlib.lib : spi.o (.text:SPI_enableModule)
                  00004ea8    0000001c                              : spi.o (.text:SPI_receiveData)
                  00004ec4    00000004     --HOLE-- [fill = 0]
                  00004ec8    0000001c     my_RFM9x.obj (.text:SX1276ReadFifo)
                  00004ee4    00000004     --HOLE-- [fill = 0]
                  00004ee8    0000001c     my_RFM9x.obj (.text:SX1276WriteFifo)
                  00004f04    0000001c     rtsv7M4_T_le_v4SPD16_eabi.lib : copy_zero_init.c.obj (.text:decompress:ZI:__TI_zero_init_nomemset:__TI_zero_init_nomemset)
                  00004f20    00000018     msp432p4xx_driverlib.lib : spi.o (.text:EUSCI_A_SPI_getInterruptStatus)
                  00004f38    00000018                              : spi.o (.text:EUSCI_B_SPI_getInterruptStatus)
                  00004f50    00000018                              : sysctl_a.o (.text:SysCtl_A_disableNMISource)
                  00004f68    00000018                              : sysctl_a.o (.text:SysCtl_A_enableNMISource)
                  00004f80    00000018                              : timer_a.o (.text:Timer_A_clearTimer)
                  00004f98    00000018                              : timer_a.o (.text:Timer_A_disableInterrupt)
                  00004fb0    00000018                              : timer_a.o (.text:Timer_A_enableInterrupt)
                  00004fc8    00000016                              : spi.o (.text:EUSCI_A_SPI_enable)
                  00004fde    00000016                              : spi.o (.text:EUSCI_A_SPI_transmitData)
                  00004ff4    00000016                              : spi.o (.text:EUSCI_B_SPI_enable)
                  0000500a    00000016                              : spi.o (.text:EUSCI_B_SPI_transmitData)
                  00005020    00000016     my_gpio.obj (.text:GpioWrite)
                  00005036    00000016     msp432p4xx_driverlib.lib : timer_a.o (.text:Timer_A_clearInterruptFlag)
                  0000504c    00000016                              : timer_a.o (.text:Timer_A_startCounter)
                  00005062    00000006     --HOLE-- [fill = 0]
                  00005068    00000014     board.obj (.text:BoardCriticalSectionBegin)
                  0000507c    00000004     --HOLE-- [fill = 0]
                  00005080    00000014     board.obj (.text:GetBoardPowerSource)
                  00005094    00000004     --HOLE-- [fill = 0]
                  00005098    00000014     my_timer.obj (.text:GetTimerValue)
                  000050ac    00000014     msp432p4xx_driverlib.lib : timer_a.o (.text:Timer_A_stopTimer)
                  000050c0    00000012     board.obj (.text:BoardCriticalSectionEnd)
                  000050d2    00000010     msp432p4xx_driverlib.lib : spi.o (.text:EUSCI_A_SPI_receiveData)
                  000050e2    00000010                              : spi.o (.text:EUSCI_B_SPI_receiveData)
                  000050f2    00000002     --HOLE-- [fill = 0]
                  000050f4    00000010                              : sysctl_a.o (.text:SysCtl_A_getNMISourceStatus)
                  00005104    00000004     --HOLE-- [fill = 0]
                  00005108    00000010     timer.obj (.text:TimerGetCurrentTime)
                  00005118    0000000e     msp432p4xx_driverlib.lib : cs.o (.text:CS_startLFXT)
                  00005126    0000000e     rtsv7M4_T_le_v4SPD16_eabi.lib : copy_decompress_none.c.obj (.text:decompress:none:__TI_decompress_none)
                  00005134    00000004     --HOLE-- [fill = 0]
                  00005138    0000000c     my_timer.obj (.text:GetTimerContext)
                  00005144    00000004     --HOLE-- [fill = 0]
                  00005148    0000000c     startup_msp432p401r_ccs.obj (.text:Reset_Handler)
                  00005154    00000004     --HOLE-- [fill = 0]
                  00005158    0000000c     sx1276-board.obj (.text:SX1276CheckRfFrequency)
                  00005164    00000004     --HOLE-- [fill = 0]
                  00005168    0000000c     sx1276-board.obj (.text:SX1276GetPaSelect)
                  00005174    00000004     --HOLE-- [fill = 0]
                  00005178    0000000c     my_RFM9x.obj (.text:SX1276GetStatus)
                  00005184    00000004     --HOLE-- [fill = 0]
                  00005188    0000000c     my_timer.obj (.text:Tick2Ms)
                  00005194    00000004     --HOLE-- [fill = 0]
                  00005198    0000000c     my_timer.obj (.text:TimerMs2Tick)
                  000051a4    00000004     --HOLE-- [fill = 0]
                  000051a8    0000000a     my_RFM9x.obj (.text:SX1276GetWakeupTime)
                  000051b2    00000006     --HOLE-- [fill = 0]
                  000051b8    00000004     my_timer.obj (.text:GetMinimumTimeout)
                  000051bc    00000004     --HOLE-- [fill = 0]
                  000051c0    00000004     sx1276-board.obj (.text:SX1276GetBoardTcxoWakeupTime)
                  000051c4    00000004     --HOLE-- [fill = 0]
                  000051c8    00000002     startup_msp432p401r_ccs.obj (.text:Default_Handler)
                  000051ca    00000006     --HOLE-- [fill = 0]
                  000051d0    00000002     my_systick.obj (.text:SysTick_Handler)

.const     0    000051d4    000001d4     
                  000051d4    000000b0     my_RFM9x.obj (.const:FskBandwidths)
                  00005284    0000006c     sx1276-board.obj (.const:Radio)
                  000052f0    00000030     msp432p4xx_driverlib.lib : gpio.o (.const:GPIO_PORT_TO_BASE)
                  00005320    00000030     my_RFM9x.obj (.const:RadioRegsInit)
                  00005350    0000001c     my_rtc.obj (.const:currentTime)
                  0000536c    0000001c     my_spi.obj (.const:spiMasterConfig)
                  00005388    00000010     my_timer.obj (.const:$P$T1$2)
                  00005398    00000010     my_timer.obj (.const:contConfig0)

.cinit     0    000053a8    00000038     
                  000053a8    0000000e     (.cinit..data.load) [load image, compression = lzss]
                  000053b6    00000002     --HOLE-- [fill = 0]
                  000053b8    0000000c     (__TI_handler_table)
                  000053c4    00000004     --HOLE-- [fill = 0]
                  000053c8    00000008     (.cinit..bss.load) [load image, compression = zero_init]
                  000053d0    00000010     (__TI_cinit_table)

.init_array 
*          0    00000000    00000000     UNINITIALIZED

.binit     0    00000000    00000000     

.bss       0    20000000    000002c0     UNINITIALIZED
                  20000000    00000104     (.common:SX1276)
                  20000104    00000100     my_RFM9x.obj (.bss:RxTxBuffer)
                  20000204    0000001c     main.obj (.bss:RadioEvents)
                  20000220    00000018     (.common:RxTimeoutSyncWord)
                  20000238    00000018     (.common:RxTimeoutTimer)
                  20000250    00000018     (.common:TxTimeoutTimer)
                  20000268    00000014     (.common:Led_rgb_blue)
                  2000027c    00000014     (.common:Led_rgb_green)
                  20000290    00000014     (.common:Led_rgb_red)
                  200002a4    00000014     (.common:Led_user_red)
                  200002b8    00000004     my_timer.obj (.bss:TimerContext)
                  200002bc    00000004     my_RFM9x.obj (.bss)

.data      0    200002c0    00000113     UNINITIALIZED
                  200002c0    00000100     main.obj (.data:Buffer)
                  200003c0    0000000a     main.obj (.data)
                  200003ca    00000002     my_rtc.obj (.data)
                  200003cc    00000004     timer.obj (.data)
                  200003d0    00000002     my_timer.obj (.data)
                  200003d2    00000001     board.obj (.data)

.stack     0    2000fe00    00000200     UNINITIALIZED
                  2000fe00    00000004     rtsv7M4_T_le_v4SPD16_eabi.lib : boot_cortex_m.c.obj (.stack)
                  2000fe04    000001fc     --HOLE--

__llvm_prf_cnts 
*          0    20000000    00000000     UNINITIALIZED

MODULE SUMMARY

       Module                        code    ro data   rw data
       ------                        ----    -------   -------
    .\
       my_RFM9x.obj                  9062    224       1184   
       main.obj                      944     0         588    
       timer.obj                     1296    0         8      
       board.obj                     912     0         162    
       gpio-board.obj                938     0         0      
       sx1276-board.obj              716     108       0      
       my_timer.obj                  750     32        12     
       my_spi.obj                    352     28        0      
       my_rtc.obj                    260     28        4      
       system_msp432p401r.obj        158     0         0      
       my_gpio.obj                   148     0         0      
       my_systick.obj                2       0         0      
    +--+-----------------------------+-------+---------+---------+
       Total:                        15538   420       1958   
                                                              
    .\ccs\
       startup_msp432p401r_ccs.obj   14      228       0      
    +--+-----------------------------+-------+---------+---------+
       Total:                        14      228       0      
                                                              
    C:/ti/simplelink_msp432p4_sdk_3_40_01_02/source/ti/devices/msp432p4xx/driverlib/ccs/msp432p4xx_driverlib.lib
       timer_a.o                     794     0         0      
       spi.o                         542     0         0      
       rtc_c.o                       340     0         0      
       cs.o                          238     0         0      
       gpio.o                        184     48        0      
       sysctl_a.o                    64      0         0      
    +--+-----------------------------+-------+---------+---------+
       Total:                        2162    48        0      
                                                              
    C:\ti\ccs1000\ccs\tools\compiler\ti-cgt-arm_20.2.0.LTS\lib\rtsv7M4_T_le_v4SPD16_eabi.lib
       fd_add_t2.asm.obj             438     0         0      
       fd_div_t2.asm.obj             310     0         0      
       fd_cmp_t2.asm.obj             268     0         0      
       fd_mul_t2.asm.obj             252     0         0      
       s_ceil.c.obj                  248     0         0      
       s_floor.c.obj                 248     0         0      
       s_round.c.obj                 192     0         0      
       memcpy_t2.asm.obj             156     0         0      
       memset_t2.asm.obj             122     0         0      
       copy_decompress_lzss.c.obj    104     0         0      
       fd_toi_t2.asm.obj             72      0         0      
       autoinit.c.obj                68      0         0      
       fd_tou_t2.asm.obj             68      0         0      
       boot_cortex_m.c.obj           52      0         0      
       i_tofd_t2.asm.obj             46      0         0      
       u_tofd_t2.asm.obj             32      0         0      
       copy_zero_init.c.obj          28      0         0      
       copy_decompress_none.c.obj    14      0         0      
       exit.c.obj                    4       0         0      
       pre_init.c.obj                4       0         0      
    +--+-----------------------------+-------+---------+---------+
       Total:                        2726    0         0      
                                                              
       Stack:                        0       0         1024   
       Linker Generated:             0       50        0      
    +--+-----------------------------+-------+---------+---------+
       Grand Total:                  20440   746       2982   


LINKER GENERATED COPY TABLES

__TI_cinit_table @ 000053d0 records: 2, size/record: 8, table size: 16
	.data: load addr=000053a8, load size=0000000e bytes, run addr=200002c0, run size=00000113 bytes, compression=lzss
	.bss: load addr=000053c8, load size=00000008 bytes, run addr=20000000, run size=000002c0 bytes, compression=zero_init


LINKER GENERATED HANDLER TABLE

__TI_handler_table @ 000053b8 records: 3, size/record: 4, table size: 12
	index: 0, handler: __TI_decompress_lzss
	index: 1, handler: __TI_decompress_none
	index: 2, handler: __TI_zero_init


GLOBAL SYMBOLS: SORTED ALPHABETICALLY BY Name 

address   name                                 
-------   ----                                 
000051c9  ADC14_IRQHandler                     
000051c9  AES256_IRQHandler                    
00005069  BoardCriticalSectionBegin            
000050c1  BoardCriticalSectionEnd              
00003089  BoardInitMcu                         
200002c0  Buffer                               
200003c6  BufferSize                           
000051c9  BusFault_Handler                     
000016bd  C$$EXIT                              
000051c9  COMP_E0_IRQHandler                   
000051c9  COMP_E1_IRQHandler                   
000051c9  CS_IRQHandler                        
00005119  CS_startLFXT                         
00002ed1  CS_startLFXTWithTimeout              
200003c0  DIO0Flag                             
200003c1  DIO1Flag                             
200003c2  DIO2Flag                             
200003c3  DIO3Flag                             
200003c4  DIO4Flag                             
000051c9  DMA_ERR_IRQHandler                   
000051c9  DMA_INT0_IRQHandler                  
000051c9  DMA_INT1_IRQHandler                  
000051c9  DMA_INT2_IRQHandler                  
000051c9  DMA_INT3_IRQHandler                  
000051c9  DebugMon_Handler                     
000051c9  Default_Handler                      
000042c9  Delayms                              
000051c9  EUSCIA0_IRQHandler                   
000051c9  EUSCIA1_IRQHandler                   
000051c9  EUSCIA2_IRQHandler                   
000051c9  EUSCIA3_IRQHandler                   
000051c9  EUSCIB0_IRQHandler                   
000051c9  EUSCIB1_IRQHandler                   
000051c9  EUSCIB2_IRQHandler                   
000051c9  EUSCIB3_IRQHandler                   
00004fc9  EUSCI_A_SPI_enable                   
00004f21  EUSCI_A_SPI_getInterruptStatus       
000050d3  EUSCI_A_SPI_receiveData              
00004fdf  EUSCI_A_SPI_transmitData             
00004ff5  EUSCI_B_SPI_enable                   
00004f39  EUSCI_B_SPI_getInterruptStatus       
000050e3  EUSCI_B_SPI_receiveData              
0000500b  EUSCI_B_SPI_transmitData             
000051c9  FLCTL_IRQHandler                     
000051c9  FPU_IRQHandler                       
000051d4  FskBandwidths                        
00004c3d  GPIO_enableInterrupt                 
00004745  GPIO_setAsOutputPin                  
00004c65  GPIO_setOutputHighOnPin              
00004c8d  GPIO_setOutputLowOnPin               
00005081  GetBoardPowerSource                  
00003d59  GetFskBandwidthRegValue              
000051b9  GetMinimumTimeout                    
00005139  GetTimerContext                      
00004dd1  GetTimerElapsedTime                  
00005099  GetTimerValue                        
00004cb9  GpioFlashLED                         
000049c1  GpioInit                             
00001921  GpioMcuInit                          
000025c9  GpioMcuSetInterrupt                  
00004271  GpioMcuWrite                         
00004da9  GpioSetInterrupt                     
00005021  GpioWrite                            
000051c9  HardFault_Handler                    
20000268  Led_rgb_blue                         
2000027c  Led_rgb_green                        
20000290  Led_rgb_red                          
200002a4  Led_user_red                         
000051c9  MemManage_Handler                    
000051c9  NMI_Handler                          
00003be1  OnRxDone                             
00004e31  OnRxError                            
00004bb1  OnRxTimeout                          
00004e51  OnTxDone                             
00004e71  OnTxTimeout                          
000051c9  PCM_IRQHandler                       
000051c9  PORT1_IRQHandler                     
00003b59  PORT2_IRQHandler                     
00003b59  PORT2_IRQHandler                     
000051c9  PORT3_IRQHandler                     
000051c9  PORT4_IRQHandler                     
000051c9  PORT5_IRQHandler                     
000051c9  PORT6_IRQHandler                     
000051c9  PSS_IRQHandler                       
000051c9  PendSV_Handler                       
00004321  RTC_C_IRQHandler                     
00004321  RTC_C_IRQHandler                     
00004149  RTC_C_enableInterrupt                
00003921  RTC_C_getEnabledInterruptStatus      
00004215  RTC_C_getInterruptStatus             
00005284  Radio                                
00002301  RadioInit                            
00005320  RadioRegsInit                        
00005149  Reset_Handler                        
200003c8  RssiValue                            
00003541  RtcInit                              
00003161  RxChainCalibration                   
20000220  RxTimeoutSyncWord                    
20000238  RxTimeoutTimer                       
00004e8d  SPI_enableModule                     
00004ce1  SPI_getInterruptStatus               
000035f1  SPI_initMaster                       
00004ea9  SPI_receiveData                      
00004d31  SPI_transmitData                     
000051c9  SVC_Handler                          
20000000  SX1276                               
00005159  SX1276CheckRfFrequency               
000051c1  SX1276GetBoardTcxoWakeupTime         
00005179  SX1276GetStatus                      
000009f1  SX1276GetTimeOnAir                   
000051a9  SX1276GetWakeupTime                  
00002fb1  SX1276Init                           
000032f1  SX1276IoInit                         
000041b1  SX1276IoIrqInit                      
000039b9  SX1276IsChannelFree                  
000000e9  SX1276OnDio0Irq                      
000016c1  SX1276OnDio1Irq                      
00001cd1  SX1276OnDio2Irq                      
00002001  SX1276OnTimeoutIrq                   
00003fa9  SX1276Random                         
00003dd1  SX1276ReadBuffer                     
00004ec9  SX1276ReadFifo                       
00003e49  SX1276ReadRssi                       
00004ac9  SX1276Reset                          
00001e69  SX1276Send                           
00003f39  SX1276SetChannel                     
00004469  SX1276SetMaxPayloadLength            
000033b9  SX1276SetModem                       
00004df1  SX1276SetOpMode                      
00004849  SX1276SetPublicNetwork               
00002469  SX1276SetRfTxPower                   
00001121  SX1276SetRx                          
000005d1  SX1276SetRxConfig                    
00004789  SX1276SetSleep                       
00004909  SX1276SetStby                        
00002ae1  SX1276SetTx                          
00000df1  SX1276SetTxConfig                    
000036a1  SX1276SetTxContinuousWave            
00004631  SX1276StartCad                       
00003ec1  SX1276WriteBuffer                    
00004ee9  SX1276WriteFifo                      
00004379  SetAlarm                             
00004d59  SetTimerContext                      
200003c9  SnrValue                             
200003c5  State                                
00004be1  StopAlarm                            
00004f51  SysCtl_A_disableNMISource            
00004f69  SysCtl_A_enableNMISource             
000050f5  SysCtl_A_getNMISourceStatus          
000051d1  SysTick_Handler                      
000051d1  SysTick_Handler                      
00003749  SystemInit                           
000051c9  T32_INT1_IRQHandler                  
000051c9  T32_INT2_IRQHandler                  
000051c9  T32_INTC_IRQHandler                  
00004d81  TA0_0_IRQHandler                     
00004d81  TA0_0_IRQHandler                     
000051c9  TA0_N_IRQHandler                     
000051c9  TA1_0_IRQHandler                     
000051c9  TA1_N_IRQHandler                     
000049f9  TA2_0_IRQHandler                     
000049f9  TA2_0_IRQHandler                     
000051c9  TA2_N_IRQHandler                     
00004af9  TA3_0_IRQHandler                     
00004af9  TA3_0_IRQHandler                     
000051c9  TA3_N_IRQHandler                     
00005189  Tick2Ms                              
00004011  TimerACounterInit                    
00005109  TimerGetCurrentTime                  
00004b29  TimerGetElapsedTime                  
00004989  TimerInit                            
00002191  TimerIrqHandler                      
00005199  TimerMs2Tick                         
000048c9  TimerSetValue                        
00003889  TimerStart                           
00002869  TimerStop                            
00004b55  Timer_A_clearCaptureCompareInterrupt 
00005037  Timer_A_clearInterruptFlag           
00004f81  Timer_A_clearTimer                   
00004a2d  Timer_A_configureContinuousMode      
00004f99  Timer_A_disableInterrupt             
00004b81  Timer_A_enableCaptureCompareInterrupt
00004fb1  Timer_A_enableInterrupt              
000044b5  Timer_A_getCounterValue              
000043c7  Timer_A_initCompare                  
00004d09  Timer_A_setCompareValue              
0000504d  Timer_A_startCounter                 
000050ad  Timer_A_stopTimer                    
200003cb  TxFlag                               
20000250  TxTimeoutTimer                       
000051c9  UsageFault_Handler                   
4000480c  WDTCTL_SYM                           
000051c9  WDT_A_IRQHandler                     
20010000  __STACK_END                          
00000200  __STACK_SIZE                         
000053d0  __TI_CINIT_Base                      
000053e0  __TI_CINIT_Limit                     
000053b8  __TI_Handler_Table_Base              
000053c4  __TI_Handler_Table_Limit             
00004679  __TI_auto_init_nobinit_nopinit       
000040e1  __TI_decompress_lzss                 
00005127  __TI_decompress_none                 
ffffffff  __TI_pprof_out_hndl                  
ffffffff  __TI_prof_data_size                  
ffffffff  __TI_prof_data_start                 
00000000  __TI_static_base__                   
00004f05  __TI_zero_init_nomemset              
00003a49  __aeabi_cdcmpeq                      
00003a49  __aeabi_cdcmple                      
00003acf  __aeabi_cdrcmple                     
0000459d  __aeabi_d2iz                         
000046bd  __aeabi_d2uiz                        
00001b25  __aeabi_dadd                         
000029a5  __aeabi_ddiv                         
00002be3  __aeabi_dmul                         
00001b1b  __aeabi_dsub                         
00004a95  __aeabi_i2d                          
00003cdf  __aeabi_memclr                       
00003cdf  __aeabi_memclr4                      
00003cdf  __aeabi_memclr8                      
000037e7  __aeabi_memcpy                       
000037e7  __aeabi_memcpy4                      
000037e7  __aeabi_memcpy8                      
00003ce1  __aeabi_memset                       
00003ce1  __aeabi_memset4                      
00003ce1  __aeabi_memset8                      
00004e11  __aeabi_ui2d                         
ffffffff  __binit__                            
ffffffff  __c_args__                           
UNDEFED   __mpu_init                           
2000fe00  __stack                              
20000000  __start___llvm_prf_cnts              
20000000  __stop___llvm_prf_cnts               
00004a61  _c_int00_noargs                      
UNDEFED   _system_post_cinit                   
00001433  _system_pre_init                     
000016bd  abort                                
ffffffff  binit                                
00002ce1  ceil                                 
00002ce1  ceill                                
00005398  contConfig0                          
00005350  currentTime                          
00002dd9  floor                                
00002dd9  floorl                               
00004501  getTimerAcounterValue                
00000000  interruptVectors                     
200003d1  isTimerAcounterRunning               
00003229  main                                 
000037e7  memcpy                               
00003ce7  memset                               
200003ca  minutes                              
0000347d  round                                
0000347d  roundl                               
0000536c  spiMasterConfig                      
00004419  spiRead_RFM                          
00004551  spiWrite_RFM                         
000045e9  spi_open                             
00003c61  spi_read_write                       
00004c11  startTimerAcounter                   
00004809  stopLoRaTimer                        
200003d0  timerTick_ms                         


GLOBAL SYMBOLS: SORTED BY Symbol Address 

address   name                                 
-------   ----                                 
00000000  __TI_static_base__                   
00000000  interruptVectors                     
000000e9  SX1276OnDio0Irq                      
00000200  __STACK_SIZE                         
000005d1  SX1276SetRxConfig                    
000009f1  SX1276GetTimeOnAir                   
00000df1  SX1276SetTxConfig                    
00001121  SX1276SetRx                          
00001433  _system_pre_init                     
000016bd  C$$EXIT                              
000016bd  abort                                
000016c1  SX1276OnDio1Irq                      
00001921  GpioMcuInit                          
00001b1b  __aeabi_dsub                         
00001b25  __aeabi_dadd                         
00001cd1  SX1276OnDio2Irq                      
00001e69  SX1276Send                           
00002001  SX1276OnTimeoutIrq                   
00002191  TimerIrqHandler                      
00002301  RadioInit                            
00002469  SX1276SetRfTxPower                   
000025c9  GpioMcuSetInterrupt                  
00002869  TimerStop                            
000029a5  __aeabi_ddiv                         
00002ae1  SX1276SetTx                          
00002be3  __aeabi_dmul                         
00002ce1  ceil                                 
00002ce1  ceill                                
00002dd9  floor                                
00002dd9  floorl                               
00002ed1  CS_startLFXTWithTimeout              
00002fb1  SX1276Init                           
00003089  BoardInitMcu                         
00003161  RxChainCalibration                   
00003229  main                                 
000032f1  SX1276IoInit                         
000033b9  SX1276SetModem                       
0000347d  round                                
0000347d  roundl                               
00003541  RtcInit                              
000035f1  SPI_initMaster                       
000036a1  SX1276SetTxContinuousWave            
00003749  SystemInit                           
000037e7  __aeabi_memcpy                       
000037e7  __aeabi_memcpy4                      
000037e7  __aeabi_memcpy8                      
000037e7  memcpy                               
00003889  TimerStart                           
00003921  RTC_C_getEnabledInterruptStatus      
000039b9  SX1276IsChannelFree                  
00003a49  __aeabi_cdcmpeq                      
00003a49  __aeabi_cdcmple                      
00003acf  __aeabi_cdrcmple                     
00003b59  PORT2_IRQHandler                     
00003b59  PORT2_IRQHandler                     
00003be1  OnRxDone                             
00003c61  spi_read_write                       
00003cdf  __aeabi_memclr                       
00003cdf  __aeabi_memclr4                      
00003cdf  __aeabi_memclr8                      
00003ce1  __aeabi_memset                       
00003ce1  __aeabi_memset4                      
00003ce1  __aeabi_memset8                      
00003ce7  memset                               
00003d59  GetFskBandwidthRegValue              
00003dd1  SX1276ReadBuffer                     
00003e49  SX1276ReadRssi                       
00003ec1  SX1276WriteBuffer                    
00003f39  SX1276SetChannel                     
00003fa9  SX1276Random                         
00004011  TimerACounterInit                    
000040e1  __TI_decompress_lzss                 
00004149  RTC_C_enableInterrupt                
000041b1  SX1276IoIrqInit                      
00004215  RTC_C_getInterruptStatus             
00004271  GpioMcuWrite                         
000042c9  Delayms                              
00004321  RTC_C_IRQHandler                     
00004321  RTC_C_IRQHandler                     
00004379  SetAlarm                             
000043c7  Timer_A_initCompare                  
00004419  spiRead_RFM                          
00004469  SX1276SetMaxPayloadLength            
000044b5  Timer_A_getCounterValue              
00004501  getTimerAcounterValue                
00004551  spiWrite_RFM                         
0000459d  __aeabi_d2iz                         
000045e9  spi_open                             
00004631  SX1276StartCad                       
00004679  __TI_auto_init_nobinit_nopinit       
000046bd  __aeabi_d2uiz                        
00004745  GPIO_setAsOutputPin                  
00004789  SX1276SetSleep                       
00004809  stopLoRaTimer                        
00004849  SX1276SetPublicNetwork               
000048c9  TimerSetValue                        
00004909  SX1276SetStby                        
00004989  TimerInit                            
000049c1  GpioInit                             
000049f9  TA2_0_IRQHandler                     
000049f9  TA2_0_IRQHandler                     
00004a2d  Timer_A_configureContinuousMode      
00004a61  _c_int00_noargs                      
00004a95  __aeabi_i2d                          
00004ac9  SX1276Reset                          
00004af9  TA3_0_IRQHandler                     
00004af9  TA3_0_IRQHandler                     
00004b29  TimerGetElapsedTime                  
00004b55  Timer_A_clearCaptureCompareInterrupt 
00004b81  Timer_A_enableCaptureCompareInterrupt
00004bb1  OnRxTimeout                          
00004be1  StopAlarm                            
00004c11  startTimerAcounter                   
00004c3d  GPIO_enableInterrupt                 
00004c65  GPIO_setOutputHighOnPin              
00004c8d  GPIO_setOutputLowOnPin               
00004cb9  GpioFlashLED                         
00004ce1  SPI_getInterruptStatus               
00004d09  Timer_A_setCompareValue              
00004d31  SPI_transmitData                     
00004d59  SetTimerContext                      
00004d81  TA0_0_IRQHandler                     
00004d81  TA0_0_IRQHandler                     
00004da9  GpioSetInterrupt                     
00004dd1  GetTimerElapsedTime                  
00004df1  SX1276SetOpMode                      
00004e11  __aeabi_ui2d                         
00004e31  OnRxError                            
00004e51  OnTxDone                             
00004e71  OnTxTimeout                          
00004e8d  SPI_enableModule                     
00004ea9  SPI_receiveData                      
00004ec9  SX1276ReadFifo                       
00004ee9  SX1276WriteFifo                      
00004f05  __TI_zero_init_nomemset              
00004f21  EUSCI_A_SPI_getInterruptStatus       
00004f39  EUSCI_B_SPI_getInterruptStatus       
00004f51  SysCtl_A_disableNMISource            
00004f69  SysCtl_A_enableNMISource             
00004f81  Timer_A_clearTimer                   
00004f99  Timer_A_disableInterrupt             
00004fb1  Timer_A_enableInterrupt              
00004fc9  EUSCI_A_SPI_enable                   
00004fdf  EUSCI_A_SPI_transmitData             
00004ff5  EUSCI_B_SPI_enable                   
0000500b  EUSCI_B_SPI_transmitData             
00005021  GpioWrite                            
00005037  Timer_A_clearInterruptFlag           
0000504d  Timer_A_startCounter                 
00005069  BoardCriticalSectionBegin            
00005081  GetBoardPowerSource                  
00005099  GetTimerValue                        
000050ad  Timer_A_stopTimer                    
000050c1  BoardCriticalSectionEnd              
000050d3  EUSCI_A_SPI_receiveData              
000050e3  EUSCI_B_SPI_receiveData              
000050f5  SysCtl_A_getNMISourceStatus          
00005109  TimerGetCurrentTime                  
00005119  CS_startLFXT                         
00005127  __TI_decompress_none                 
00005139  GetTimerContext                      
00005149  Reset_Handler                        
00005159  SX1276CheckRfFrequency               
00005179  SX1276GetStatus                      
00005189  Tick2Ms                              
00005199  TimerMs2Tick                         
000051a9  SX1276GetWakeupTime                  
000051b9  GetMinimumTimeout                    
000051c1  SX1276GetBoardTcxoWakeupTime         
000051c9  ADC14_IRQHandler                     
000051c9  AES256_IRQHandler                    
000051c9  BusFault_Handler                     
000051c9  COMP_E0_IRQHandler                   
000051c9  COMP_E1_IRQHandler                   
000051c9  CS_IRQHandler                        
000051c9  DMA_ERR_IRQHandler                   
000051c9  DMA_INT0_IRQHandler                  
000051c9  DMA_INT1_IRQHandler                  
000051c9  DMA_INT2_IRQHandler                  
000051c9  DMA_INT3_IRQHandler                  
000051c9  DebugMon_Handler                     
000051c9  Default_Handler                      
000051c9  EUSCIA0_IRQHandler                   
000051c9  EUSCIA1_IRQHandler                   
000051c9  EUSCIA2_IRQHandler                   
000051c9  EUSCIA3_IRQHandler                   
000051c9  EUSCIB0_IRQHandler                   
000051c9  EUSCIB1_IRQHandler                   
000051c9  EUSCIB2_IRQHandler                   
000051c9  EUSCIB3_IRQHandler                   
000051c9  FLCTL_IRQHandler                     
000051c9  FPU_IRQHandler                       
000051c9  HardFault_Handler                    
000051c9  MemManage_Handler                    
000051c9  NMI_Handler                          
000051c9  PCM_IRQHandler                       
000051c9  PORT1_IRQHandler                     
000051c9  PORT3_IRQHandler                     
000051c9  PORT4_IRQHandler                     
000051c9  PORT5_IRQHandler                     
000051c9  PORT6_IRQHandler                     
000051c9  PSS_IRQHandler                       
000051c9  PendSV_Handler                       
000051c9  SVC_Handler                          
000051c9  T32_INT1_IRQHandler                  
000051c9  T32_INT2_IRQHandler                  
000051c9  T32_INTC_IRQHandler                  
000051c9  TA0_N_IRQHandler                     
000051c9  TA1_0_IRQHandler                     
000051c9  TA1_N_IRQHandler                     
000051c9  TA2_N_IRQHandler                     
000051c9  TA3_N_IRQHandler                     
000051c9  UsageFault_Handler                   
000051c9  WDT_A_IRQHandler                     
000051d1  SysTick_Handler                      
000051d1  SysTick_Handler                      
000051d4  FskBandwidths                        
00005284  Radio                                
00005320  RadioRegsInit                        
00005350  currentTime                          
0000536c  spiMasterConfig                      
00005398  contConfig0                          
000053b8  __TI_Handler_Table_Base              
000053c4  __TI_Handler_Table_Limit             
000053d0  __TI_CINIT_Base                      
000053e0  __TI_CINIT_Limit                     
20000000  SX1276                               
20000000  __start___llvm_prf_cnts              
20000000  __stop___llvm_prf_cnts               
20000220  RxTimeoutSyncWord                    
20000238  RxTimeoutTimer                       
20000250  TxTimeoutTimer                       
20000268  Led_rgb_blue                         
2000027c  Led_rgb_green                        
20000290  Led_rgb_red                          
200002a4  Led_user_red                         
200002c0  Buffer                               
200003c0  DIO0Flag                             
200003c1  DIO1Flag                             
200003c2  DIO2Flag                             
200003c3  DIO3Flag                             
200003c4  DIO4Flag                             
200003c5  State                                
200003c6  BufferSize                           
200003c8  RssiValue                            
200003c9  SnrValue                             
200003ca  minutes                              
200003cb  TxFlag                               
200003d0  timerTick_ms                         
200003d1  isTimerAcounterRunning               
2000fe00  __stack                              
20010000  __STACK_END                          
4000480c  WDTCTL_SYM                           
ffffffff  __TI_pprof_out_hndl                  
ffffffff  __TI_prof_data_size                  
ffffffff  __TI_prof_data_start                 
ffffffff  __binit__                            
ffffffff  __c_args__                           
ffffffff  binit                                
UNDEFED   __mpu_init                           
UNDEFED   _system_post_cinit                   

[261 symbols]
