******************************************************************************
                  TI ARM Linker PC v18.12.5                    
******************************************************************************
>> Linked Fri Mar 27 16:23:16 2020

OUTPUT FILE NAME:   <Meesters.out>
ENTRY POINT SYMBOL: "_c_int00_noargs"  address: 00003685


MEMORY CONFIGURATION

         name            origin    length      used     unused   attr    fill
----------------------  --------  ---------  --------  --------  ----  --------
  MAIN                  00000000   00040000  00003dd6  0003c22a  R  X
  INFO                  00200000   00004000  00000000  00004000  R  X
  SRAM_CODE             01000000   00010000  000004ac  0000fb54  RW X
  SRAM_DATA             20000000   00010000  000004ac  0000fb54  RW  


SEGMENT ALLOCATION MAP

run origin  load origin   length   init length attrs members
----------  ----------- ---------- ----------- ----- -------
00000000    00000000    00003dd8   00003dd8    r-x
  00000000    00000000    000000e4   000000e4    r-- .intvecs
  000000e4    000000e4    00003b02   00003b02    r-x .text
  00003be8    00003be8    000001c0   000001c0    r-- .const
  00003da8    00003da8    00000030   00000030    r-- .cinit
20000000    20000000    000002ac   00000000    rw-
  20000000    20000000    00000260   00000000    rw- .bss
  20000260    20000260    0000004c   00000000    rw- .data
2000fe00    2000fe00    00000200   00000000    rw-
  2000fe00    2000fe00    00000200   00000000    rw- .stack


SECTION ALLOCATION MAP

 output                                  attributes/
section   page    origin      length       input sections
--------  ----  ----------  ----------   ----------------
.intvecs   0    00000000    000000e4     
                  00000000    000000e4     startup_msp432p401r_ccs.obj (.intvecs:retain)

.text      0    000000e4    00003b02     
                  000000e4    000003c0     my_RFM9x.obj (.text:SX1276SetRxConfig)
                  000004a4    00000398     my_RFM9x.obj (.text:SX1276GetTimeOnAir)
                  0000083c    000002f4     my_RFM9x.obj (.text:SX1276SetTxConfig)
                  00000b30    000002f0     my_RFM9x.obj (.text:SX1276OnDio0Irq)
                  00000e20    000002a4     my_RFM9x.obj (.text:SX1276SetRx)
                  000010c4    00000208     board.obj (.text:BoardUnusedIoInit)
                  000012cc    000001c4     gpio-board.obj (.text:GpioMcuInit)
                  00001490    000001b6     rtsv7M4_T_le_v4SPD16_eabi.lib : fd_add_t2.asm.obj (.text)
                  00001646    00000002     startup_msp432p401r_ccs.obj (.text:Default_Handler)
                  00001648    00000164     my_RFM9x.obj (.text:SX1276OnDio1Irq)
                  000017ac    00000164     main.obj (.text:main)
                  00001910    00000154     sx1276-board.obj (.text:SX1276SetRfTxPower)
                  00001a64    0000014c     my_RFM9x.obj (.text:SX1276Send)
                  00001bb0    00000144     msp432p4xx_driverlib.lib : timer_a.o (.text:privateTimer_AProcessClockSourceDivider)
                  00001cf4    00000136     rtsv7M4_T_le_v4SPD16_eabi.lib : fd_div_t2.asm.obj (.text)
                  00001e2a    00000002     my_systick.obj (.text:SysTick_Handler)
                  00001e2c    00000134     my_RFM9x.obj (.text:SX1276OnDio2Irq)
                  00001f60    00000118     gpio-board.obj (.text:GpioMcuSetInterrupt)
                  00002078    000000fc     rtsv7M4_T_le_v4SPD16_eabi.lib : fd_mul_t2.asm.obj (.text)
                  00002174    000000f8                                   : s_ceil.c.obj (.text:ceil)
                  0000226c    000000f8                                   : s_floor.c.obj (.text:floor)
                  00002364    000000c0                                   : s_round.c.obj (.text:round)
                  00002424    000000b0     msp432p4xx_driverlib.lib : spi.o (.text:SPI_initMaster)
                  000024d4    000000b0     sx1276-board.obj (.text:SX1276IoInit)
                  00002584    000000a8     my_RFM9x.obj (.text:RxChainCalibration)
                  0000262c    000000a8     my_RFM9x.obj (.text:SX1276SetTx)
                  000026d4    000000a4     my_RFM9x.obj (.text:SX1276IsChannelFree)
                  00002778    000000a0     my_RFM9x.obj (.text:SX1276SetModem)
                  00002818    0000009c     rtsv7M4_T_le_v4SPD16_eabi.lib : memcpy_t2.asm.obj (.text)
                  000028b4    00000094     msp432p4xx_driverlib.lib : rtc_c.o (.text:RTC_C_getEnabledInterruptStatus)
                  00002948    0000008c     my_RFM9x.obj (.text:SX1276Init)
                  000029d4    0000008c     my_RFM9x.obj (.text:SX1276SetTxContinuousWave)
                  00002a60    00000088     board.obj (.text:BoardInitMcu)
                  00002ae8    00000086     rtsv7M4_T_le_v4SPD16_eabi.lib : fd_cmp_t2.asm.obj (.text:__aeabi_cdcmple)
                  00002b6e    00000086                                   : fd_cmp_t2.asm.obj (.text:__aeabi_cdrcmple)
                  00002bf4    0000007a                                   : memset_t2.asm.obj (.text)
                  00002c6e    00000002     --HOLE-- [fill = 0]
                  00002c70    00000078     system_msp432p401r.obj (.text:SystemInit)
                  00002ce8    0000006e     rtsv7M4_T_le_v4SPD16_eabi.lib : fd_tos_t2.asm.obj (.text)
                  00002d56    00000002     --HOLE-- [fill = 0]
                  00002d58    0000006c     main.obj (.text:PORT2_IRQHandler)
                  00002dc4    0000006c     my_RFM9x.obj (.text:SX1276ReadRssi)
                  00002e30    00000068     rtsv7M4_T_le_v4SPD16_eabi.lib : copy_decompress_lzss.c.obj (.text:decompress:lzss:__TI_decompress_lzss)
                  00002e98    00000064     my_RFM9x.obj (.text:GetFskBandwidthRegValue)
                  00002efc    00000060     my_RFM9x.obj (.text:SX1276ReadBuffer)
                  00002f5c    00000060     my_RFM9x.obj (.text:SX1276WriteBuffer)
                  00002fbc    0000005e     my_RFM9x.obj (.text:SX1276Random)
                  0000301a    00000002     --HOLE-- [fill = 0]
                  0000301c    0000005c     main.obj (.text:OnRxDone)
                  00003078    0000005c     msp432p4xx_driverlib.lib : rtc_c.o (.text:RTC_C_getInterruptStatus)
                  000030d4    00000058     my_timer.obj (.text:Delayms)
                  0000312c    00000058     sx1276-board.obj (.text:SX1276IoIrqInit)
                  00003184    00000058     my_timer.obj (.text:stopTiming)
                  000031dc    00000050     my_RFM9x.obj (.text:SX1276SetChannel)
                  0000322c    0000004c     msp432p4xx_driverlib.lib : timer_a.o (.text:Timer_A_getCounterValue)
                  00003278    00000048     my_RFM9x.obj (.text:SX1276SetMaxPayloadLength)
                  000032c0    00000048     rtsv7M4_T_le_v4SPD16_eabi.lib : fd_toi_t2.asm.obj (.text)
                  00003308    00000048     my_spi.obj (.text:spiRead_RFM)
                  00003350    00000044     gpio-board.obj (.text:GpioMcuWrite)
                  00003394    00000044     my_RFM9x.obj (.text:SX1276StartCad)
                  000033d8    00000044     rtsv7M4_T_le_v4SPD16_eabi.lib : autoinit.c.obj (.text:__TI_auto_init_nobinit_nopinit:__TI_auto_init_nobinit_nopinit)
                  0000341c    00000044                                   : fd_tou_t2.asm.obj (.text)
                  00003460    00000044     my_spi.obj (.text:spiWrite_RFM)
                  000034a4    00000040     msp432p4xx_driverlib.lib : gpio.o (.text:GPIO_setAsOutputPin)
                  000034e4    00000040     my_timer.obj (.text:getTiming)
                  00003524    00000040     msp432p4xx_driverlib.lib : spi.o (.text:is_A_Module)
                  00003564    00000040     my_spi.obj (.text:spi_open)
                  000035a4    0000003c     my_RFM9x.obj (.text:SX1276SetPublicNetwork)
                  000035e0    00000038     my_spi.obj (.text:RFM_spi_read_write)
                  00003618    00000038     my_timer.obj (.text:TimerAInteruptInit)
                  00003650    00000034     msp432p4xx_driverlib.lib : timer_a.o (.text:Timer_A_configureContinuousMode)
                  00003684    00000034     rtsv7M4_T_le_v4SPD16_eabi.lib : boot_cortex_m.c.obj (.text:_c_int00_noargs:_c_int00_noargs)
                  000036b8    00000030     my_gpio.obj (.text:GpioInit)
                  000036e8    0000002e     rtsv7M4_T_le_v4SPD16_eabi.lib : i_tofd_t2.asm.obj (.text)
                  00003716    00000002     --HOLE-- [fill = 0]
                  00003718    0000002c     msp432p4xx_driverlib.lib : timer_a.o (.text:Timer_A_clearCaptureCompareInterrupt)
                  00003744    00000028                              : gpio.o (.text:GPIO_enableInterrupt)
                  0000376c    00000028                              : gpio.o (.text:GPIO_setOutputHighOnPin)
                  00003794    00000028                              : gpio.o (.text:GPIO_setOutputLowOnPin)
                  000037bc    00000028                              : spi.o (.text:SPI_getInterruptStatus)
                  000037e4    00000028     my_RFM9x.obj (.text:SX1276OnDio4Irq)
                  0000380c    00000028     my_timer.obj (.text:TimerATimerInit)
                  00003834    00000026     msp432p4xx_driverlib.lib : spi.o (.text:SPI_transmitData)
                  0000385a    00000002     --HOLE-- [fill = 0]
                  0000385c    00000024     sx1276-board.obj (.text:SX1276Reset)
                  00003880    00000022     my_gpio.obj (.text:GpioFlashLED)
                  000038a2    00000020     my_RFM9x.obj (.text:SX1276SetOpMode)
                  000038c2    00000002     --HOLE-- [fill = 0]
                  000038c4    00000020     my_timer.obj (.text:TA1_0_IRQHandler)
                  000038e4    00000020     rtsv7M4_T_le_v4SPD16_eabi.lib : u_tofd_t2.asm.obj (.text)
                  00003904    0000001e     my_timer.obj (.text:startTiming)
                  00003922    0000001c     my_gpio.obj (.text:GpioSetInterrupt)
                  0000393e    00000002     --HOLE-- [fill = 0]
                  00003940    0000001c     rtc-board.obj (.text:RTC_C_IRQHandler)
                  0000395c    0000001c     msp432p4xx_driverlib.lib : spi.o (.text:SPI_enableModule)
                  00003978    0000001c                              : spi.o (.text:SPI_receiveData)
                  00003994    0000001c     my_RFM9x.obj (.text:SX1276SetSleep)
                  000039b0    0000001c     rtsv7M4_T_le_v4SPD16_eabi.lib : copy_zero_init.c.obj (.text:decompress:ZI:__TI_zero_init_nomemset:__TI_zero_init_nomemset)
                  000039cc    00000018     msp432p4xx_driverlib.lib : spi.o (.text:EUSCI_A_SPI_getInterruptStatus)
                  000039e4    00000018                              : spi.o (.text:EUSCI_B_SPI_getInterruptStatus)
                  000039fc    00000018     main.obj (.text:OnRxError)
                  00003a14    00000018     main.obj (.text:OnRxTimeout)
                  00003a2c    00000018     main.obj (.text:OnTxDone)
                  00003a44    00000018     main.obj (.text:OnTxTimeout)
                  00003a5c    00000018     msp432p4xx_driverlib.lib : timer_a.o (.text:Timer_A_clearTimer)
                  00003a74    00000016                              : spi.o (.text:EUSCI_A_SPI_enable)
                  00003a8a    00000016                              : spi.o (.text:EUSCI_A_SPI_transmitData)
                  00003aa0    00000016                              : spi.o (.text:EUSCI_B_SPI_enable)
                  00003ab6    00000016                              : spi.o (.text:EUSCI_B_SPI_transmitData)
                  00003acc    00000016     my_RFM9x.obj (.text:SX1276ReadFifo)
                  00003ae2    00000016     my_RFM9x.obj (.text:SX1276WriteFifo)
                  00003af8    00000016     msp432p4xx_driverlib.lib : timer_a.o (.text:Timer_A_clearInterruptFlag)
                  00003b0e    00000016                              : timer_a.o (.text:Timer_A_startCounter)
                  00003b24    00000014     board.obj (.text:GetBoardPowerSource)
                  00003b38    00000014     my_RFM9x.obj (.text:SX1276SetStby)
                  00003b4c    00000014     msp432p4xx_driverlib.lib : timer_a.o (.text:Timer_A_stopTimer)
                  00003b60    00000010                              : spi.o (.text:EUSCI_A_SPI_receiveData)
                  00003b70    00000010                              : spi.o (.text:EUSCI_B_SPI_receiveData)
                  00003b80    00000010     my_gpio.obj (.text:GpioWrite)
                  00003b90    0000000e     rtsv7M4_T_le_v4SPD16_eabi.lib : copy_decompress_none.c.obj (.text:decompress:none:__TI_decompress_none)
                  00003b9e    0000000c     startup_msp432p401r_ccs.obj (.text:Reset_Handler)
                  00003baa    0000000c     sx1276-board.obj (.text:SX1276CheckRfFrequency)
                  00003bb6    0000000c     sx1276-board.obj (.text:SX1276GetPaSelect)
                  00003bc2    00000002     --HOLE-- [fill = 0]
                  00003bc4    0000000c     my_RFM9x.obj (.text:SX1276GetStatus)
                  00003bd0    0000000a     my_RFM9x.obj (.text:SX1276GetWakeupTime)
                  00003bda    00000004     sx1276-board.obj (.text:SX1276GetBoardTcxoWakeupTime)
                  00003bde    00000004     rtsv7M4_T_le_v4SPD16_eabi.lib : pre_init.c.obj (.text:_system_pre_init)
                  00003be2    00000004                                   : exit.c.obj (.text:abort:abort)

.const     0    00003be8    000001c0     
                  00003be8    000000b0     my_RFM9x.obj (.const:FskBandwidths)
                  00003c98    0000006c     sx1276-board.obj (.const:Radio)
                  00003d04    00000030     msp432p4xx_driverlib.lib : gpio.o (.const:GPIO_PORT_TO_BASE)
                  00003d34    00000030     my_RFM9x.obj (.const:RadioRegsInit)
                  00003d64    0000001c     my_spi.obj (.const:spiMasterConfig)
                  00003d80    00000018     my_timer.obj (.const:upConfig)
                  00003d98    00000010     my_timer.obj (.const:contConfig0)

.cinit     0    00003da8    00000030     
                  00003da8    0000000c     (__TI_handler_table)
                  00003db4    0000000b     (.cinit..data.load) [load image, compression = lzss]
                  00003dbf    00000001     --HOLE-- [fill = 0]
                  00003dc0    00000008     (.cinit..bss.load) [load image, compression = zero_init]
                  00003dc8    00000010     (__TI_cinit_table)

.init_array 
*          0    00000000    00000000     UNINITIALIZED

.binit     0    00000000    00000000     

.bss       0    20000000    00000260     UNINITIALIZED
                  20000000    00000104     (.common:SX1276)
                  20000104    00000100     my_RFM9x.obj (.bss:RxTxBuffer)
                  20000204    0000001c     main.obj (.bss:RadioEvents)
                  20000220    00000014     (.common:Led1)
                  20000234    00000014     (.common:Led2)
                  20000248    00000014     (.common:Led3)
                  2000025c    00000004     my_RFM9x.obj (.bss)

.data      0    20000260    0000004c     UNINITIALIZED
                  20000260    00000040     main.obj (.data:Buffer)
                  200002a0    0000000a     main.obj (.data)
                  200002aa    00000001     board.obj (.data)
                  200002ab    00000001     my_timer.obj (.data)

.stack     0    2000fe00    00000200     UNINITIALIZED
                  2000fe00    00000004     rtsv7M4_T_le_v4SPD16_eabi.lib : boot_cortex_m.c.obj (.stack)
                  2000fe04    000001fc     --HOLE--

MODULE SUMMARY

       Module                        code    ro data   rw data
       ------                        ----    -------   -------
    .\
       my_RFM9x.obj                  6960    224       1040   
       main.obj                      652     0         204    
       gpio-board.obj                800     0         0      
       board.obj                     676     0         122    
       sx1276-board.obj              668     108       0      
       my_timer.obj                  398     40        2      
       my_spi.obj                    260     28        0      
       my_gpio.obj                   126     0         0      
       system_msp432p401r.obj        120     0         0      
       rtc-board.obj                 28      0         0      
       my_systick.obj                2       0         0      
    +--+-----------------------------+-------+---------+---------+
       Total:                        10690   400       1368   
                                                              
    .\ccs\
       startup_msp432p401r_ccs.obj   14      228       0      
    +--+-----------------------------+-------+---------+---------+
       Total:                        14      228       0      
                                                              
    C:/ti/simplelink_msp432p4_sdk_3_40_01_02/source/ti/devices/msp432p4xx/driverlib/ccs/msp432p4xx_driverlib.lib
       timer_a.o                     584     0         0      
       spi.o                         542     0         0      
       rtc_c.o                       240     0         0      
       gpio.o                        184     48        0      
    +--+-----------------------------+-------+---------+---------+
       Total:                        1550    48        0      
                                                              
    C:\ti\ccs930\ccs\tools\compiler\ti-cgt-arm_18.12.5.LTS\lib\rtsv7M4_T_le_v4SPD16_eabi.lib
       fd_add_t2.asm.obj             438     0         0      
       fd_div_t2.asm.obj             310     0         0      
       fd_cmp_t2.asm.obj             268     0         0      
       fd_mul_t2.asm.obj             252     0         0      
       s_ceil.c.obj                  248     0         0      
       s_floor.c.obj                 248     0         0      
       s_round.c.obj                 192     0         0      
       memcpy_t2.asm.obj             156     0         0      
       memset_t2.asm.obj             122     0         0      
       fd_tos_t2.asm.obj             110     0         0      
       copy_decompress_lzss.c.obj    104     0         0      
       fd_toi_t2.asm.obj             72      0         0      
       autoinit.c.obj                68      0         0      
       fd_tou_t2.asm.obj             68      0         0      
       boot_cortex_m.c.obj           52      0         0      
       i_tofd_t2.asm.obj             46      0         0      
       u_tofd_t2.asm.obj             32      0         0      
       copy_zero_init.c.obj          28      0         0      
       copy_decompress_none.c.obj    14      0         0      
       exit.c.obj                    4       0         0      
       pre_init.c.obj                4       0         0      
    +--+-----------------------------+-------+---------+---------+
       Total:                        2836    0         0      
                                                              
       Stack:                        0       0         1024   
       Linker Generated:             0       47        0      
    +--+-----------------------------+-------+---------+---------+
       Grand Total:                  15090   723       2392   


LINKER GENERATED COPY TABLES

__TI_cinit_table @ 00003dc8 records: 2, size/record: 8, table size: 16
	.data: load addr=00003db4, load size=0000000b bytes, run addr=20000260, run size=0000004c bytes, compression=lzss
	.bss: load addr=00003dc0, load size=00000008 bytes, run addr=20000000, run size=00000260 bytes, compression=zero_init


LINKER GENERATED HANDLER TABLE

__TI_handler_table @ 00003da8 records: 3, size/record: 4, table size: 12
	index: 0, handler: __TI_decompress_lzss
	index: 1, handler: __TI_decompress_none
	index: 2, handler: __TI_zero_init


GLOBAL SYMBOLS: SORTED ALPHABETICALLY BY Name 

address   name                                
-------   ----                                
00001647  ADC14_IRQHandler                    
00001647  AES256_IRQHandler                   
00002a61  BoardInitMcu                        
20000260  Buffer                              
200002a6  BufferSize                          
00001647  BusFault_Handler                    
00003be3  C$$EXIT                             
00001647  COMP_E0_IRQHandler                  
00001647  COMP_E1_IRQHandler                  
00001647  CS_IRQHandler                       
200002a0  DIO0Flag                            
200002a1  DIO1Flag                            
200002a2  DIO2Flag                            
200002a3  DIO3Flag                            
200002a4  DIO4Flag                            
00001647  DMA_ERR_IRQHandler                  
00001647  DMA_INT0_IRQHandler                 
00001647  DMA_INT1_IRQHandler                 
00001647  DMA_INT2_IRQHandler                 
00001647  DMA_INT3_IRQHandler                 
00001647  DebugMon_Handler                    
00001647  Default_Handler                     
000030d5  Delayms                             
00001647  EUSCIA0_IRQHandler                  
00001647  EUSCIA1_IRQHandler                  
00001647  EUSCIA2_IRQHandler                  
00001647  EUSCIA3_IRQHandler                  
00001647  EUSCIB0_IRQHandler                  
00001647  EUSCIB1_IRQHandler                  
00001647  EUSCIB2_IRQHandler                  
00001647  EUSCIB3_IRQHandler                  
00003a75  EUSCI_A_SPI_enable                  
000039cd  EUSCI_A_SPI_getInterruptStatus      
00003b61  EUSCI_A_SPI_receiveData             
00003a8b  EUSCI_A_SPI_transmitData            
00003aa1  EUSCI_B_SPI_enable                  
000039e5  EUSCI_B_SPI_getInterruptStatus      
00003b71  EUSCI_B_SPI_receiveData             
00003ab7  EUSCI_B_SPI_transmitData            
00001647  FLCTL_IRQHandler                    
00001647  FPU_IRQHandler                      
00003be8  FskBandwidths                       
00003745  GPIO_enableInterrupt                
000034a5  GPIO_setAsOutputPin                 
0000376d  GPIO_setOutputHighOnPin             
00003795  GPIO_setOutputLowOnPin              
00003b25  GetBoardPowerSource                 
00002e99  GetFskBandwidthRegValue             
00003881  GpioFlashLED                        
000036b9  GpioInit                            
000012cd  GpioMcuInit                         
00001f61  GpioMcuSetInterrupt                 
00003351  GpioMcuWrite                        
00003923  GpioSetInterrupt                    
00003b81  GpioWrite                           
00001647  HardFault_Handler                   
20000220  Led1                                
20000234  Led2                                
20000248  Led3                                
00001647  MemManage_Handler                   
00001647  NMI_Handler                         
0000301d  OnRxDone                            
000039fd  OnRxError                           
00003a15  OnRxTimeout                         
00003a2d  OnTxDone                            
00003a45  OnTxTimeout                         
00001647  PCM_IRQHandler                      
00001647  PORT1_IRQHandler                    
00002d59  PORT2_IRQHandler                    
00002d59  PORT2_IRQHandler                    
00001647  PORT3_IRQHandler                    
00001647  PORT4_IRQHandler                    
00001647  PORT5_IRQHandler                    
00001647  PORT6_IRQHandler                    
00001647  PSS_IRQHandler                      
00001647  PendSV_Handler                      
000035e1  RFM_spi_read_write                  
00003941  RTC_C_IRQHandler                    
00003941  RTC_C_IRQHandler                    
000028b5  RTC_C_getEnabledInterruptStatus     
00003079  RTC_C_getInterruptStatus            
00003c98  Radio                               
00003d34  RadioRegsInit                       
00003b9f  Reset_Handler                       
200002a8  RssiValue                           
00002585  RxChainCalibration                  
0000395d  SPI_enableModule                    
000037bd  SPI_getInterruptStatus              
00002425  SPI_initMaster                      
00003979  SPI_receiveData                     
00003835  SPI_transmitData                    
00001647  SVC_Handler                         
20000000  SX1276                              
00003bab  SX1276CheckRfFrequency              
00003bdb  SX1276GetBoardTcxoWakeupTime        
00003bc5  SX1276GetStatus                     
000004a5  SX1276GetTimeOnAir                  
00003bd1  SX1276GetWakeupTime                 
00002949  SX1276Init                          
000024d5  SX1276IoInit                        
0000312d  SX1276IoIrqInit                     
000026d5  SX1276IsChannelFree                 
00000b31  SX1276OnDio0Irq                     
00001649  SX1276OnDio1Irq                     
00001e2d  SX1276OnDio2Irq                     
000037e5  SX1276OnDio4Irq                     
00002fbd  SX1276Random                        
00002efd  SX1276ReadBuffer                    
00003acd  SX1276ReadFifo                      
00002dc5  SX1276ReadRssi                      
0000385d  SX1276Reset                         
00001a65  SX1276Send                          
000031dd  SX1276SetChannel                    
00003279  SX1276SetMaxPayloadLength           
00002779  SX1276SetModem                      
000038a3  SX1276SetOpMode                     
000035a5  SX1276SetPublicNetwork              
00001911  SX1276SetRfTxPower                  
00000e21  SX1276SetRx                         
000000e5  SX1276SetRxConfig                   
00003995  SX1276SetSleep                      
00003b39  SX1276SetStby                       
0000262d  SX1276SetTx                         
0000083d  SX1276SetTxConfig                   
000029d5  SX1276SetTxContinuousWave           
00003395  SX1276StartCad                      
00002f5d  SX1276WriteBuffer                   
00003ae3  SX1276WriteFifo                     
200002a9  SnrValue                            
200002a5  State                               
00001e2b  SysTick_Handler                     
00001e2b  SysTick_Handler                     
00002c71  SystemInit                          
00001647  T32_INT1_IRQHandler                 
00001647  T32_INT2_IRQHandler                 
00001647  T32_INTC_IRQHandler                 
00001647  TA0_0_IRQHandler                    
00001647  TA0_N_IRQHandler                    
000038c5  TA1_0_IRQHandler                    
000038c5  TA1_0_IRQHandler                    
00001647  TA1_N_IRQHandler                    
00001647  TA2_0_IRQHandler                    
00001647  TA2_N_IRQHandler                    
00001647  TA3_0_IRQHandler                    
00001647  TA3_N_IRQHandler                    
00003619  TimerAInteruptInit                  
0000380d  TimerATimerInit                     
200002ab  TimerInteruptFlag                   
00003719  Timer_A_clearCaptureCompareInterrupt
00003af9  Timer_A_clearInterruptFlag          
00003a5d  Timer_A_clearTimer                  
00003651  Timer_A_configureContinuousMode     
0000322d  Timer_A_getCounterValue             
00003b0f  Timer_A_startCounter                
00003b4d  Timer_A_stopTimer                   
00001647  UsageFault_Handler                  
4000480c  WDTCTL_SYM                          
00001647  WDT_A_IRQHandler                    
20010000  __STACK_END                         
00000200  __STACK_SIZE                        
00003dc8  __TI_CINIT_Base                     
00003dd8  __TI_CINIT_Limit                    
00003da8  __TI_Handler_Table_Base             
00003db4  __TI_Handler_Table_Limit            
000033d9  __TI_auto_init_nobinit_nopinit      
00002e31  __TI_decompress_lzss                
00003b91  __TI_decompress_none                
ffffffff  __TI_pprof_out_hndl                 
ffffffff  __TI_prof_data_size                 
ffffffff  __TI_prof_data_start                
00000000  __TI_static_base__                  
000039b1  __TI_zero_init_nomemset             
00002ae9  __aeabi_cdcmpeq                     
00002ae9  __aeabi_cdcmple                     
00002b6f  __aeabi_cdrcmple                    
00002ce9  __aeabi_d2f                         
000032c1  __aeabi_d2iz                        
0000341d  __aeabi_d2uiz                       
0000149b  __aeabi_dadd                        
00001cf5  __aeabi_ddiv                        
00002079  __aeabi_dmul                        
00001491  __aeabi_dsub                        
000036e9  __aeabi_i2d                         
00002bf5  __aeabi_memclr                      
00002bf5  __aeabi_memclr4                     
00002bf5  __aeabi_memclr8                     
00002819  __aeabi_memcpy                      
00002819  __aeabi_memcpy4                     
00002819  __aeabi_memcpy8                     
00002bf7  __aeabi_memset                      
00002bf7  __aeabi_memset4                     
00002bf7  __aeabi_memset8                     
000038e5  __aeabi_ui2d                        
ffffffff  __binit__                           
ffffffff  __c_args__                          
UNDEFED   __mpu_init                          
2000fe00  __stack                             
00003685  _c_int00_noargs                     
UNDEFED   _system_post_cinit                  
00003bdf  _system_pre_init                    
00003be3  abort                               
ffffffff  binit                               
00002175  ceil                                
00002175  ceill                               
00003d98  contConfig0                         
0000226d  floor                               
0000226d  floorl                              
000034e5  getTiming                           
00000000  interruptVectors                    
000017ad  main                                
00002819  memcpy                              
00002bfd  memset                              
00002365  round                               
00002365  roundl                              
00003d64  spiMasterConfig                     
00003309  spiRead_RFM                         
00003461  spiWrite_RFM                        
00003565  spi_open                            
00003905  startTiming                         
00003185  stopTiming                          
00003d80  upConfig                            


GLOBAL SYMBOLS: SORTED BY Symbol Address 

address   name                                
-------   ----                                
00000000  __TI_static_base__                  
00000000  interruptVectors                    
000000e5  SX1276SetRxConfig                   
00000200  __STACK_SIZE                        
000004a5  SX1276GetTimeOnAir                  
0000083d  SX1276SetTxConfig                   
00000b31  SX1276OnDio0Irq                     
00000e21  SX1276SetRx                         
000012cd  GpioMcuInit                         
00001491  __aeabi_dsub                        
0000149b  __aeabi_dadd                        
00001647  ADC14_IRQHandler                    
00001647  AES256_IRQHandler                   
00001647  BusFault_Handler                    
00001647  COMP_E0_IRQHandler                  
00001647  COMP_E1_IRQHandler                  
00001647  CS_IRQHandler                       
00001647  DMA_ERR_IRQHandler                  
00001647  DMA_INT0_IRQHandler                 
00001647  DMA_INT1_IRQHandler                 
00001647  DMA_INT2_IRQHandler                 
00001647  DMA_INT3_IRQHandler                 
00001647  DebugMon_Handler                    
00001647  Default_Handler                     
00001647  EUSCIA0_IRQHandler                  
00001647  EUSCIA1_IRQHandler                  
00001647  EUSCIA2_IRQHandler                  
00001647  EUSCIA3_IRQHandler                  
00001647  EUSCIB0_IRQHandler                  
00001647  EUSCIB1_IRQHandler                  
00001647  EUSCIB2_IRQHandler                  
00001647  EUSCIB3_IRQHandler                  
00001647  FLCTL_IRQHandler                    
00001647  FPU_IRQHandler                      
00001647  HardFault_Handler                   
00001647  MemManage_Handler                   
00001647  NMI_Handler                         
00001647  PCM_IRQHandler                      
00001647  PORT1_IRQHandler                    
00001647  PORT3_IRQHandler                    
00001647  PORT4_IRQHandler                    
00001647  PORT5_IRQHandler                    
00001647  PORT6_IRQHandler                    
00001647  PSS_IRQHandler                      
00001647  PendSV_Handler                      
00001647  SVC_Handler                         
00001647  T32_INT1_IRQHandler                 
00001647  T32_INT2_IRQHandler                 
00001647  T32_INTC_IRQHandler                 
00001647  TA0_0_IRQHandler                    
00001647  TA0_N_IRQHandler                    
00001647  TA1_N_IRQHandler                    
00001647  TA2_0_IRQHandler                    
00001647  TA2_N_IRQHandler                    
00001647  TA3_0_IRQHandler                    
00001647  TA3_N_IRQHandler                    
00001647  UsageFault_Handler                  
00001647  WDT_A_IRQHandler                    
00001649  SX1276OnDio1Irq                     
000017ad  main                                
00001911  SX1276SetRfTxPower                  
00001a65  SX1276Send                          
00001cf5  __aeabi_ddiv                        
00001e2b  SysTick_Handler                     
00001e2b  SysTick_Handler                     
00001e2d  SX1276OnDio2Irq                     
00001f61  GpioMcuSetInterrupt                 
00002079  __aeabi_dmul                        
00002175  ceil                                
00002175  ceill                               
0000226d  floor                               
0000226d  floorl                              
00002365  round                               
00002365  roundl                              
00002425  SPI_initMaster                      
000024d5  SX1276IoInit                        
00002585  RxChainCalibration                  
0000262d  SX1276SetTx                         
000026d5  SX1276IsChannelFree                 
00002779  SX1276SetModem                      
00002819  __aeabi_memcpy                      
00002819  __aeabi_memcpy4                     
00002819  __aeabi_memcpy8                     
00002819  memcpy                              
000028b5  RTC_C_getEnabledInterruptStatus     
00002949  SX1276Init                          
000029d5  SX1276SetTxContinuousWave           
00002a61  BoardInitMcu                        
00002ae9  __aeabi_cdcmpeq                     
00002ae9  __aeabi_cdcmple                     
00002b6f  __aeabi_cdrcmple                    
00002bf5  __aeabi_memclr                      
00002bf5  __aeabi_memclr4                     
00002bf5  __aeabi_memclr8                     
00002bf7  __aeabi_memset                      
00002bf7  __aeabi_memset4                     
00002bf7  __aeabi_memset8                     
00002bfd  memset                              
00002c71  SystemInit                          
00002ce9  __aeabi_d2f                         
00002d59  PORT2_IRQHandler                    
00002d59  PORT2_IRQHandler                    
00002dc5  SX1276ReadRssi                      
00002e31  __TI_decompress_lzss                
00002e99  GetFskBandwidthRegValue             
00002efd  SX1276ReadBuffer                    
00002f5d  SX1276WriteBuffer                   
00002fbd  SX1276Random                        
0000301d  OnRxDone                            
00003079  RTC_C_getInterruptStatus            
000030d5  Delayms                             
0000312d  SX1276IoIrqInit                     
00003185  stopTiming                          
000031dd  SX1276SetChannel                    
0000322d  Timer_A_getCounterValue             
00003279  SX1276SetMaxPayloadLength           
000032c1  __aeabi_d2iz                        
00003309  spiRead_RFM                         
00003351  GpioMcuWrite                        
00003395  SX1276StartCad                      
000033d9  __TI_auto_init_nobinit_nopinit      
0000341d  __aeabi_d2uiz                       
00003461  spiWrite_RFM                        
000034a5  GPIO_setAsOutputPin                 
000034e5  getTiming                           
00003565  spi_open                            
000035a5  SX1276SetPublicNetwork              
000035e1  RFM_spi_read_write                  
00003619  TimerAInteruptInit                  
00003651  Timer_A_configureContinuousMode     
00003685  _c_int00_noargs                     
000036b9  GpioInit                            
000036e9  __aeabi_i2d                         
00003719  Timer_A_clearCaptureCompareInterrupt
00003745  GPIO_enableInterrupt                
0000376d  GPIO_setOutputHighOnPin             
00003795  GPIO_setOutputLowOnPin              
000037bd  SPI_getInterruptStatus              
000037e5  SX1276OnDio4Irq                     
0000380d  TimerATimerInit                     
00003835  SPI_transmitData                    
0000385d  SX1276Reset                         
00003881  GpioFlashLED                        
000038a3  SX1276SetOpMode                     
000038c5  TA1_0_IRQHandler                    
000038c5  TA1_0_IRQHandler                    
000038e5  __aeabi_ui2d                        
00003905  startTiming                         
00003923  GpioSetInterrupt                    
00003941  RTC_C_IRQHandler                    
00003941  RTC_C_IRQHandler                    
0000395d  SPI_enableModule                    
00003979  SPI_receiveData                     
00003995  SX1276SetSleep                      
000039b1  __TI_zero_init_nomemset             
000039cd  EUSCI_A_SPI_getInterruptStatus      
000039e5  EUSCI_B_SPI_getInterruptStatus      
000039fd  OnRxError                           
00003a15  OnRxTimeout                         
00003a2d  OnTxDone                            
00003a45  OnTxTimeout                         
00003a5d  Timer_A_clearTimer                  
00003a75  EUSCI_A_SPI_enable                  
00003a8b  EUSCI_A_SPI_transmitData            
00003aa1  EUSCI_B_SPI_enable                  
00003ab7  EUSCI_B_SPI_transmitData            
00003acd  SX1276ReadFifo                      
00003ae3  SX1276WriteFifo                     
00003af9  Timer_A_clearInterruptFlag          
00003b0f  Timer_A_startCounter                
00003b25  GetBoardPowerSource                 
00003b39  SX1276SetStby                       
00003b4d  Timer_A_stopTimer                   
00003b61  EUSCI_A_SPI_receiveData             
00003b71  EUSCI_B_SPI_receiveData             
00003b81  GpioWrite                           
00003b91  __TI_decompress_none                
00003b9f  Reset_Handler                       
00003bab  SX1276CheckRfFrequency              
00003bc5  SX1276GetStatus                     
00003bd1  SX1276GetWakeupTime                 
00003bdb  SX1276GetBoardTcxoWakeupTime        
00003bdf  _system_pre_init                    
00003be3  C$$EXIT                             
00003be3  abort                               
00003be8  FskBandwidths                       
00003c98  Radio                               
00003d34  RadioRegsInit                       
00003d64  spiMasterConfig                     
00003d80  upConfig                            
00003d98  contConfig0                         
00003da8  __TI_Handler_Table_Base             
00003db4  __TI_Handler_Table_Limit            
00003dc8  __TI_CINIT_Base                     
00003dd8  __TI_CINIT_Limit                    
20000000  SX1276                              
20000220  Led1                                
20000234  Led2                                
20000248  Led3                                
20000260  Buffer                              
200002a0  DIO0Flag                            
200002a1  DIO1Flag                            
200002a2  DIO2Flag                            
200002a3  DIO3Flag                            
200002a4  DIO4Flag                            
200002a5  State                               
200002a6  BufferSize                          
200002a8  RssiValue                           
200002a9  SnrValue                            
200002ab  TimerInteruptFlag                   
2000fe00  __stack                             
20010000  __STACK_END                         
4000480c  WDTCTL_SYM                          
ffffffff  __TI_pprof_out_hndl                 
ffffffff  __TI_prof_data_size                 
ffffffff  __TI_prof_data_start                
ffffffff  __binit__                           
ffffffff  __c_args__                          
ffffffff  binit                               
UNDEFED   __mpu_init                          
UNDEFED   _system_post_cinit                  

[221 symbols]
