******************************************************************************
                  TI ARM Linker Unix v18.12.5                  
******************************************************************************
>> Linked Mon Mar  9 12:36:56 2020

OUTPUT FILE NAME:   <Meesters.out>
ENTRY POINT SYMBOL: "_c_int00_noargs"  address: 000024d9


MEMORY CONFIGURATION

         name            origin    length      used     unused   attr    fill
----------------------  --------  ---------  --------  --------  ----  --------
  MAIN                  00000000   00040000  00002aba  0003d546  R  X
  INFO                  00200000   00004000  00000000  00004000  R  X
  SRAM_CODE             01000000   00010000  00000375  0000fc8b  RW X
  SRAM_DATA             20000000   00010000  00000375  0000fc8b  RW  


SEGMENT ALLOCATION MAP

run origin  load origin   length   init length attrs members
----------  ----------- ---------- ----------- ----- -------
00000000    00000000    00002ac0   00002ac0    r-x
  00000000    00000000    000000e4   000000e4    r-- .intvecs
  000000e4    000000e4    00002876   00002876    r-x .text
  0000295c    0000295c    00000130   00000130    r-- .const
  00002a90    00002a90    00000030   00000030    r-- .cinit
20000000    20000000    00000175   00000000    rw-
  20000000    20000000    0000016c   00000000    rw- .bss
  2000016c    2000016c    00000009   00000000    rw- .data
2000fe00    2000fe00    00000200   00000000    rw-
  2000fe00    2000fe00    00000200   00000000    rw- .stack


SECTION ALLOCATION MAP

 output                                  attributes/
section   page    origin      length       input sections
--------  ----  ----------  ----------   ----------------
.intvecs   0    00000000    000000e4     
                  00000000    000000e4     startup_msp432p401r_ccs.obj (.intvecs:retain)

.text      0    000000e4    00002876     
                  000000e4    000003c0     my_RFM9x.obj (.text:SX1276SetRxConfig)
                  000004a4    000002f4     my_RFM9x.obj (.text:SX1276SetTxConfig)
                  00000798    0000028a     msp432p4xx_driverlib.lib : pcm.o (.text:__PCM_setPowerStateAdvanced)
                  00000a22    000001b6     rtsv7M4_T_le_v4SPD16_eabi.lib : fd_add_t2.asm.obj (.text)
                  00000bd8    000001b0     gpio-board.obj (.text:GpioMcuInit)
                  00000d88    0000015c     msp432p4xx_driverlib.lib : pcm.o (.text:__PCM_setPowerModeAdvanced)
                  00000ee4    00000154     sx1276-board.obj (.text:SX1276SetRfTxPower)
                  00001038    00000136     rtsv7M4_T_le_v4SPD16_eabi.lib : fd_div_t2.asm.obj (.text)
                  0000116e    00000002     startup_msp432p401r_ccs.obj (.text:Default_Handler)
                  00001170    00000108     msp432p4xx_driverlib.lib : pcm.o (.text:__PCM_setCoreVoltageLevelAdvanced)
                  00001278    000000fc     rtsv7M4_T_le_v4SPD16_eabi.lib : fd_mul_t2.asm.obj (.text)
                  00001374    000000f8                                   : s_floor.c.obj (.text:floor)
                  0000146c    000000f0     main.obj (.text:main)
                  0000155c    000000e0     msp432p4xx_driverlib.lib : cs.o (.text:CS_startLFXTWithTimeout)
                  0000163c    000000d0     board.obj (.text:BoardInitMcu)
                  0000170c    000000c8     board.obj (.text:BoardUnusedIoInit)
                  000017d4    000000b0     msp432p4xx_driverlib.lib : spi.o (.text:SPI_initMaster)
                  00001884    000000a0     my_RFM9x.obj (.text:SX1276SetModem)
                  00001924    0000009c     rtsv7M4_T_le_v4SPD16_eabi.lib : memcpy_t2.asm.obj (.text)
                  000019c0    00000094     msp432p4xx_driverlib.lib : rtc_c.o (.text:RTC_C_getEnabledInterruptStatus)
                  00001a54    00000086     rtsv7M4_T_le_v4SPD16_eabi.lib : fd_cmp_t2.asm.obj (.text:__aeabi_cdrcmple)
                  00001ada    00000002     main.obj (.text:OnRxError)
                  00001adc    00000084     msp432p4xx_driverlib.lib : pcm.o (.text:PCM_gotoLPM3)
                  00001b60    00000080     sx1276-board.obj (.text:SX1276IoInit)
                  00001be0    0000007c     msp432p4xx_driverlib.lib : rtc_c.o (.text:RTC_C_getCalendarTime)
                  00001c5c    00000078     my_rtc.obj (.text:RtcInit)
                  00001cd4    00000078     system_msp432p401r.obj (.text:SystemInit)
                  00001d4c    00000068     rtsv7M4_T_le_v4SPD16_eabi.lib : copy_decompress_lzss.c.obj (.text:decompress:lzss:__TI_decompress_lzss)
                  00001db4    00000064     my_RFM9x.obj (.text:GetFskBandwidthRegValue)
                  00001e18    00000064     msp432p4xx_driverlib.lib : rtc_c.o (.text:RTC_C_enableInterrupt)
                  00001e7c    0000005e                              : pcm.o (.text:PCM_getCoreVoltageLevel)
                  00001eda    00000002     main.obj (.text:OnRxTimeout)
                  00001edc    0000005c     msp432p4xx_driverlib.lib : rtc_c.o (.text:RTC_C_getInterruptStatus)
                  00001f38    0000005a                              : pcm.o (.text:PCM_getPowerMode)
                  00001f92    00000002     main.obj (.text:OnTxTimeout)
                  00001f94    00000058     my_timer.obj (.text:Delayms)
                  00001fec    00000058     msp432p4xx_driverlib.lib : gpio.o (.text:GPIO_setAsInputPinWithPullDownResistor)
                  00002044    00000058                              : gpio.o (.text:GPIO_setAsInputPinWithPullUpResistor)
                  0000209c    00000054                              : pcm.o (.text:PCM_shutdownDevice)
                  000020f0    0000004c                              : gpio.o (.text:GPIO_setAsInputPin)
                  0000213c    00000048     my_RFM9x.obj (.text:SX1276SetChannel)
                  00002184    00000048     rtsv7M4_T_le_v4SPD16_eabi.lib : fd_toi_t2.asm.obj (.text)
                  000021cc    00000048     my_spi.obj (.text:spiRead_RFM)
                  00002214    00000044     gpio-board.obj (.text:GpioMcuWrite)
                  00002258    00000044     my_rtc.obj (.text:RTC_C_IRQHandler)
                  0000229c    00000044     my_timer.obj (.text:TimerAInteruptInit)
                  000022e0    00000044     rtsv7M4_T_le_v4SPD16_eabi.lib : autoinit.c.obj (.text:__TI_auto_init_nobinit_nopinit:__TI_auto_init_nobinit_nopinit)
                  00002324    00000044                                   : fd_tou_t2.asm.obj (.text)
                  00002368    00000044     my_spi.obj (.text:spiWrite_RFM)
                  000023ac    00000040     msp432p4xx_driverlib.lib : gpio.o (.text:GPIO_setAsOutputPin)
                  000023ec    00000040                              : spi.o (.text:is_A_Module)
                  0000242c    00000040     my_spi.obj (.text:spi_open)
                  0000246c    00000038     my_spi.obj (.text:RFM_spi_read_write)
                  000024a4    00000034     my_RFM9x.obj (.text:SX1276SetPublicNetwork)
                  000024d8    00000034     rtsv7M4_T_le_v4SPD16_eabi.lib : boot_cortex_m.c.obj (.text:_c_int00_noargs:_c_int00_noargs)
                  0000250c    00000030     my_gpio.obj (.text:GpioInit)
                  0000253c    0000002e     rtsv7M4_T_le_v4SPD16_eabi.lib : i_tofd_t2.asm.obj (.text)
                  0000256a    00000002     sx1276-board.obj (.text:SX1276IoDbgInit)
                  0000256c    0000002c     msp432p4xx_driverlib.lib : rtc_c.o (.text:RTC_C_holdClock)
                  00002598    00000028                              : gpio.o (.text:GPIO_setOutputHighOnPin)
                  000025c0    00000028                              : gpio.o (.text:GPIO_setOutputLowOnPin)
                  000025e8    00000028                              : pcm.o (.text:PCM_gotoLPM0)
                  00002610    00000028                              : spi.o (.text:SPI_getInterruptStatus)
                  00002638    00000026                              : spi.o (.text:SPI_transmitData)
                  0000265e    00000002     sx1276-board.obj (.text:SX1276IoTcxoInit)
                  00002660    00000024     main.obj (.text:PORT2_IRQHandler)
                  00002684    00000024     my_timer.obj (.text:TA1_0_IRQHandler)
                  000026a8    00000024     msp432p4xx_driverlib.lib : wdt_a.o (.text:WDT_A_holdTimer)
                  000026cc    00000020                              : cs.o (.text:CS_setExternalClockSourceFrequency)
                  000026ec    00000020     my_RFM9x.obj (.text:SX1276SetOpMode)
                  0000270c    00000020     rtsv7M4_T_le_v4SPD16_eabi.lib : u_tofd_t2.asm.obj (.text)
                  0000272c    0000001c     msp432p4xx_driverlib.lib : spi.o (.text:SPI_enableModule)
                  00002748    0000001c                              : spi.o (.text:SPI_receiveData)
                  00002764    0000001c     rtsv7M4_T_le_v4SPD16_eabi.lib : copy_zero_init.c.obj (.text:decompress:ZI:__TI_zero_init_nomemset:__TI_zero_init_nomemset)
                  00002780    00000018     msp432p4xx_driverlib.lib : spi.o (.text:EUSCI_A_SPI_getInterruptStatus)
                  00002798    00000018                              : spi.o (.text:EUSCI_B_SPI_getInterruptStatus)
                  000027b0    00000018                              : sysctl_a.o (.text:SysCtl_A_disableNMISource)
                  000027c8    00000018                              : sysctl_a.o (.text:SysCtl_A_enableNMISource)
                  000027e0    00000016                              : spi.o (.text:EUSCI_A_SPI_enable)
                  000027f6    00000016                              : spi.o (.text:EUSCI_A_SPI_transmitData)
                  0000280c    00000016                              : spi.o (.text:EUSCI_B_SPI_enable)
                  00002822    00000016                              : spi.o (.text:EUSCI_B_SPI_transmitData)
                  00002838    00000016     main.obj (.text:OnRxDone)
                  0000284e    00000002     my_systick.obj (.text:SysTick_Handler)
                  00002850    00000014     board.obj (.text:GetBoardPowerSource)
                  00002864    00000014     main.obj (.text:OnTxDone)
                  00002878    00000014     msp432p4xx_driverlib.lib : pcm.o (.text:PCM_getPowerState)
                  0000288c    00000012     my_RFM9x.obj (.text:SX1276SetSleep)
                  0000289e    00000010     msp432p4xx_driverlib.lib : spi.o (.text:EUSCI_A_SPI_receiveData)
                  000028ae    00000010                              : spi.o (.text:EUSCI_B_SPI_receiveData)
                  000028be    00000010     my_gpio.obj (.text:GpioWrite)
                  000028ce    00000010     msp432p4xx_driverlib.lib : pcm.o (.text:PCM_gotoLPM4)
                  000028de    00000010                              : pcm.o (.text:PCM_setPowerMode)
                  000028ee    00000010                              : pcm.o (.text:PCM_setPowerState)
                  000028fe    00000002     --HOLE-- [fill = 0]
                  00002900    00000010                              : sysctl_a.o (.text:SysCtl_A_getNMISourceStatus)
                  00002910    0000000e                              : cs.o (.text:CS_startLFXT)
                  0000291e    0000000e     rtsv7M4_T_le_v4SPD16_eabi.lib : copy_decompress_none.c.obj (.text:decompress:none:__TI_decompress_none)
                  0000292c    0000000c     startup_msp432p401r_ccs.obj (.text:Reset_Handler)
                  00002938    0000000c     sx1276-board.obj (.text:SX1276GetPaSelect)
                  00002944    0000000a     board.obj (.text:SystemClockReConfig)
                  0000294e    00000004     msp432p4xx_driverlib.lib : cpu.o (.text:CPU_wfi)
                  00002952    00000004     rtsv7M4_T_le_v4SPD16_eabi.lib : pre_init.c.obj (.text:_system_pre_init)
                  00002956    00000004                                   : exit.c.obj (.text:abort:abort)

.const     0    0000295c    00000130     
                  0000295c    000000b0     my_RFM9x.obj (.const:FskBandwidths)
                  00002a0c    00000030     msp432p4xx_driverlib.lib : gpio.o (.const:GPIO_PORT_TO_BASE)
                  00002a3c    0000001c     my_rtc.obj (.const:currentTime)
                  00002a58    0000001c     my_spi.obj (.const:spiMasterConfig)
                  00002a74    00000018     my_timer.obj (.const:upConfig)

.cinit     0    00002a90    00000030     
                  00002a90    0000000c     (__TI_handler_table)
                  00002a9c    0000000a     (.cinit..data.load) [load image, compression = lzss]
                  00002aa6    00000002     --HOLE-- [fill = 0]
                  00002aa8    00000008     (.cinit..bss.load) [load image, compression = zero_init]
                  00002ab0    00000010     (__TI_cinit_table)

.init_array 
*          0    00000000    00000000     UNINITIALIZED

.binit     0    00000000    00000000     

.bss       0    20000000    0000016c     UNINITIALIZED
                  20000000    000000f0     (.common:SX1276)
                  200000f0    0000001c     main.obj (.bss:RadioEvents)
                  2000010c    0000001c     my_rtc.obj (.bss:newTime)
                  20000128    00000014     (.common:Led1)
                  2000013c    00000014     (.common:Led2)
                  20000150    00000014     (.common:Led3)
                  20000164    00000008     msp432p4xx_driverlib.lib : cs.o (.bss)

.data      0    2000016c    00000009     UNINITIALIZED
                  2000016c    00000006     main.obj (.data)
                  20000172    00000002     board.obj (.data)
                  20000174    00000001     my_timer.obj (.data)

.stack     0    2000fe00    00000200     UNINITIALIZED
                  2000fe00    00000004     rtsv7M4_T_le_v4SPD16_eabi.lib : boot_cortex_m.c.obj (.stack)
                  2000fe04    000001fc     --HOLE--

MODULE SUMMARY

       Module                        code    ro data   rw data
       ------                        ----    -------   -------
    ./
       my_RFM9x.obj                  2150    176       480    
       board.obj                     438     0         124    
       gpio-board.obj                500     0         0      
       sx1276-board.obj              484     0         0      
       main.obj                      324     0         68     
       my_spi.obj                    260     28        0      
       my_rtc.obj                    188     28        56     
       my_timer.obj                  192     24        2      
       system_msp432p401r.obj        120     0         0      
       my_gpio.obj                   64      0         0      
       my_systick.obj                2       0         0      
    +--+-----------------------------+-------+---------+---------+
       Total:                        4722    256       730    
                                                              
    ./ccs/
       startup_msp432p401r_ccs.obj   14      228       0      
    +--+-----------------------------+-------+---------+---------+
       Total:                        14      228       0      
                                                              
    /home/nicholas/ti/ccs930/ccs/tools/compiler/ti-cgt-arm_18.12.5.LTS/lib/rtsv7M4_T_le_v4SPD16_eabi.lib
       fd_add_t2.asm.obj             438     0         0      
       fd_div_t2.asm.obj             310     0         0      
       fd_mul_t2.asm.obj             252     0         0      
       s_floor.c.obj                 248     0         0      
       memcpy_t2.asm.obj             156     0         0      
       fd_cmp_t2.asm.obj             134     0         0      
       copy_decompress_lzss.c.obj    104     0         0      
       fd_toi_t2.asm.obj             72      0         0      
       autoinit.c.obj                68      0         0      
       fd_tou_t2.asm.obj             68      0         0      
       boot_cortex_m.c.obj           52      0         0      
       i_tofd_t2.asm.obj             46      0         0      
       u_tofd_t2.asm.obj             32      0         0      
       copy_zero_init.c.obj          28      0         0      
       copy_decompress_none.c.obj    14      0         0      
       exit.c.obj                    4       0         0      
       pre_init.c.obj                4       0         0      
    +--+-----------------------------+-------+---------+---------+
       Total:                        2030    0         0      
                                                              
    /home/nicholas/ti/ti/simplelink_msp432p4_sdk_3_40_01_02/source/ti/devices/msp432p4xx/driverlib/ccs/msp432p4xx_driverlib.lib
       pcm.o                         1770    0         0      
       spi.o                         542     0         0      
       rtc_c.o                       508     0         0      
       gpio.o                        396     48        0      
       cs.o                          270     0         16     
       sysctl_a.o                    64      0         0      
       wdt_a.o                       36      0         0      
       cpu.o                         4       0         0      
    +--+-----------------------------+-------+---------+---------+
       Total:                        3590    48        16     
                                                              
       Stack:                        0       0         1024   
       Linker Generated:             0       46        0      
    +--+-----------------------------+-------+---------+---------+
       Grand Total:                  10356   578       1770   


LINKER GENERATED COPY TABLES

__TI_cinit_table @ 00002ab0 records: 2, size/record: 8, table size: 16
	.data: load addr=00002a9c, load size=0000000a bytes, run addr=2000016c, run size=00000009 bytes, compression=lzss
	.bss: load addr=00002aa8, load size=00000008 bytes, run addr=20000000, run size=0000016c bytes, compression=zero_init


LINKER GENERATED HANDLER TABLE

__TI_handler_table @ 00002a90 records: 3, size/record: 4, table size: 12
	index: 0, handler: __TI_decompress_lzss
	index: 1, handler: __TI_decompress_none
	index: 2, handler: __TI_zero_init


GLOBAL SYMBOLS: SORTED ALPHABETICALLY BY Name 

address   name                                  
-------   ----                                  
0000116f  ADC14_IRQHandler                      
0000116f  AES256_IRQHandler                     
0000163d  BoardInitMcu                          
2000016e  BufferSize                            
0000116f  BusFault_Handler                      
00002957  C$$EXIT                               
0000116f  COMP_E0_IRQHandler                    
0000116f  COMP_E1_IRQHandler                    
0000294f  CPU_wfi                               
0000116f  CS_IRQHandler                         
000026cd  CS_setExternalClockSourceFrequency    
00002911  CS_startLFXT                          
0000155d  CS_startLFXTWithTimeout               
0000116f  DMA_ERR_IRQHandler                    
0000116f  DMA_INT0_IRQHandler                   
0000116f  DMA_INT1_IRQHandler                   
0000116f  DMA_INT2_IRQHandler                   
0000116f  DMA_INT3_IRQHandler                   
0000116f  DebugMon_Handler                      
0000116f  Default_Handler                       
00001f95  Delayms                               
0000116f  EUSCIA0_IRQHandler                    
0000116f  EUSCIA1_IRQHandler                    
0000116f  EUSCIA2_IRQHandler                    
0000116f  EUSCIA3_IRQHandler                    
0000116f  EUSCIB0_IRQHandler                    
0000116f  EUSCIB1_IRQHandler                    
0000116f  EUSCIB2_IRQHandler                    
0000116f  EUSCIB3_IRQHandler                    
000027e1  EUSCI_A_SPI_enable                    
00002781  EUSCI_A_SPI_getInterruptStatus        
0000289f  EUSCI_A_SPI_receiveData               
000027f7  EUSCI_A_SPI_transmitData              
0000280d  EUSCI_B_SPI_enable                    
00002799  EUSCI_B_SPI_getInterruptStatus        
000028af  EUSCI_B_SPI_receiveData               
00002823  EUSCI_B_SPI_transmitData              
0000116f  FLCTL_IRQHandler                      
0000116f  FPU_IRQHandler                        
0000295c  FskBandwidths                         
000020f1  GPIO_setAsInputPin                    
00001fed  GPIO_setAsInputPinWithPullDownResistor
00002045  GPIO_setAsInputPinWithPullUpResistor  
000023ad  GPIO_setAsOutputPin                   
00002599  GPIO_setOutputHighOnPin               
000025c1  GPIO_setOutputLowOnPin                
00002851  GetBoardPowerSource                   
00001db5  GetFskBandwidthRegValue               
0000250d  GpioInit                              
00000bd9  GpioMcuInit                           
00002215  GpioMcuWrite                          
000028bf  GpioWrite                             
0000116f  HardFault_Handler                     
20000128  Led1                                  
2000013c  Led2                                  
20000150  Led3                                  
0000116f  MemManage_Handler                     
0000116f  NMI_Handler                           
00002839  OnRxDone                              
00001adb  OnRxError                             
00001edb  OnRxTimeout                           
00002865  OnTxDone                              
00001f93  OnTxTimeout                           
0000116f  PCM_IRQHandler                        
00001e7d  PCM_getCoreVoltageLevel               
00001f39  PCM_getPowerMode                      
00002879  PCM_getPowerState                     
000025e9  PCM_gotoLPM0                          
00001add  PCM_gotoLPM3                          
000028cf  PCM_gotoLPM4                          
000028df  PCM_setPowerMode                      
000028ef  PCM_setPowerState                     
0000209d  PCM_shutdownDevice                    
0000116f  PORT1_IRQHandler                      
00002661  PORT2_IRQHandler                      
00002661  PORT2_IRQHandler                      
0000116f  PORT3_IRQHandler                      
0000116f  PORT4_IRQHandler                      
0000116f  PORT5_IRQHandler                      
0000116f  PORT6_IRQHandler                      
0000116f  PSS_IRQHandler                        
0000116f  PendSV_Handler                        
0000246d  RFM_spi_read_write                    
00002259  RTC_C_IRQHandler                      
00002259  RTC_C_IRQHandler                      
00001e19  RTC_C_enableInterrupt                 
00001be1  RTC_C_getCalendarTime                 
000019c1  RTC_C_getEnabledInterruptStatus       
00001edd  RTC_C_getInterruptStatus              
0000256d  RTC_C_holdClock                       
0000292d  Reset_Handler                         
20000170  RssiValue                             
00001c5d  RtcInit                               
0000272d  SPI_enableModule                      
00002611  SPI_getInterruptStatus                
000017d5  SPI_initMaster                        
00002749  SPI_receiveData                       
00002639  SPI_transmitData                      
0000116f  SVC_Handler                           
20000000  SX1276                                
0000256b  SX1276IoDbgInit                       
00001b61  SX1276IoInit                          
0000265f  SX1276IoTcxoInit                      
0000213d  SX1276SetChannel                      
00001885  SX1276SetModem                        
000026ed  SX1276SetOpMode                       
000024a5  SX1276SetPublicNetwork                
00000ee5  SX1276SetRfTxPower                    
000000e5  SX1276SetRxConfig                     
0000288d  SX1276SetSleep                        
000004a5  SX1276SetTxConfig                     
20000171  SnrValue                              
2000016c  State                                 
000027b1  SysCtl_A_disableNMISource             
000027c9  SysCtl_A_enableNMISource              
00002901  SysCtl_A_getNMISourceStatus           
0000284f  SysTick_Handler                       
0000284f  SysTick_Handler                       
00001cd5  SystemInit                            
0000116f  T32_INT1_IRQHandler                   
0000116f  T32_INT2_IRQHandler                   
0000116f  T32_INTC_IRQHandler                   
0000116f  TA0_0_IRQHandler                      
0000116f  TA0_N_IRQHandler                      
00002685  TA1_0_IRQHandler                      
00002685  TA1_0_IRQHandler                      
0000116f  TA1_N_IRQHandler                      
0000116f  TA2_0_IRQHandler                      
0000116f  TA2_N_IRQHandler                      
0000116f  TA3_0_IRQHandler                      
0000116f  TA3_N_IRQHandler                      
0000229d  TimerAInteruptInit                    
20000174  TimerInteruptFlag                     
0000116f  UsageFault_Handler                    
4000480c  WDTCTL_SYM                            
0000116f  WDT_A_IRQHandler                      
000026a9  WDT_A_holdTimer                       
20010000  __STACK_END                           
00000200  __STACK_SIZE                          
00002ab0  __TI_CINIT_Base                       
00002ac0  __TI_CINIT_Limit                      
00002a90  __TI_Handler_Table_Base               
00002a9c  __TI_Handler_Table_Limit              
000022e1  __TI_auto_init_nobinit_nopinit        
00001d4d  __TI_decompress_lzss                  
0000291f  __TI_decompress_none                  
ffffffff  __TI_pprof_out_hndl                   
ffffffff  __TI_prof_data_size                   
ffffffff  __TI_prof_data_start                  
00000000  __TI_static_base__                    
00002765  __TI_zero_init_nomemset               
00001a55  __aeabi_cdrcmple                      
00002185  __aeabi_d2iz                          
00002325  __aeabi_d2uiz                         
00000a2d  __aeabi_dadd                          
00001039  __aeabi_ddiv                          
00001279  __aeabi_dmul                          
00000a23  __aeabi_dsub                          
0000253d  __aeabi_i2d                           
00001925  __aeabi_memcpy                        
00001925  __aeabi_memcpy4                       
00001925  __aeabi_memcpy8                       
0000270d  __aeabi_ui2d                          
ffffffff  __binit__                             
ffffffff  __c_args__                            
UNDEFED   __mpu_init                            
2000fe00  __stack                               
000024d9  _c_int00_noargs                       
UNDEFED   _system_post_cinit                    
00002953  _system_pre_init                      
00002957  abort                                 
ffffffff  binit                                 
00002a3c  currentTime                           
00001375  floor                                 
00001375  floorl                                
00000000  interruptVectors                      
0000146d  main                                  
00001925  memcpy                                
00002a58  spiMasterConfig                       
000021cd  spiRead_RFM                           
00002369  spiWrite_RFM                          
0000242d  spi_open                              
00002a74  upConfig                              


GLOBAL SYMBOLS: SORTED BY Symbol Address 

address   name                                  
-------   ----                                  
00000000  __TI_static_base__                    
00000000  interruptVectors                      
000000e5  SX1276SetRxConfig                     
00000200  __STACK_SIZE                          
000004a5  SX1276SetTxConfig                     
00000a23  __aeabi_dsub                          
00000a2d  __aeabi_dadd                          
00000bd9  GpioMcuInit                           
00000ee5  SX1276SetRfTxPower                    
00001039  __aeabi_ddiv                          
0000116f  ADC14_IRQHandler                      
0000116f  AES256_IRQHandler                     
0000116f  BusFault_Handler                      
0000116f  COMP_E0_IRQHandler                    
0000116f  COMP_E1_IRQHandler                    
0000116f  CS_IRQHandler                         
0000116f  DMA_ERR_IRQHandler                    
0000116f  DMA_INT0_IRQHandler                   
0000116f  DMA_INT1_IRQHandler                   
0000116f  DMA_INT2_IRQHandler                   
0000116f  DMA_INT3_IRQHandler                   
0000116f  DebugMon_Handler                      
0000116f  Default_Handler                       
0000116f  EUSCIA0_IRQHandler                    
0000116f  EUSCIA1_IRQHandler                    
0000116f  EUSCIA2_IRQHandler                    
0000116f  EUSCIA3_IRQHandler                    
0000116f  EUSCIB0_IRQHandler                    
0000116f  EUSCIB1_IRQHandler                    
0000116f  EUSCIB2_IRQHandler                    
0000116f  EUSCIB3_IRQHandler                    
0000116f  FLCTL_IRQHandler                      
0000116f  FPU_IRQHandler                        
0000116f  HardFault_Handler                     
0000116f  MemManage_Handler                     
0000116f  NMI_Handler                           
0000116f  PCM_IRQHandler                        
0000116f  PORT1_IRQHandler                      
0000116f  PORT3_IRQHandler                      
0000116f  PORT4_IRQHandler                      
0000116f  PORT5_IRQHandler                      
0000116f  PORT6_IRQHandler                      
0000116f  PSS_IRQHandler                        
0000116f  PendSV_Handler                        
0000116f  SVC_Handler                           
0000116f  T32_INT1_IRQHandler                   
0000116f  T32_INT2_IRQHandler                   
0000116f  T32_INTC_IRQHandler                   
0000116f  TA0_0_IRQHandler                      
0000116f  TA0_N_IRQHandler                      
0000116f  TA1_N_IRQHandler                      
0000116f  TA2_0_IRQHandler                      
0000116f  TA2_N_IRQHandler                      
0000116f  TA3_0_IRQHandler                      
0000116f  TA3_N_IRQHandler                      
0000116f  UsageFault_Handler                    
0000116f  WDT_A_IRQHandler                      
00001279  __aeabi_dmul                          
00001375  floor                                 
00001375  floorl                                
0000146d  main                                  
0000155d  CS_startLFXTWithTimeout               
0000163d  BoardInitMcu                          
000017d5  SPI_initMaster                        
00001885  SX1276SetModem                        
00001925  __aeabi_memcpy                        
00001925  __aeabi_memcpy4                       
00001925  __aeabi_memcpy8                       
00001925  memcpy                                
000019c1  RTC_C_getEnabledInterruptStatus       
00001a55  __aeabi_cdrcmple                      
00001adb  OnRxError                             
00001add  PCM_gotoLPM3                          
00001b61  SX1276IoInit                          
00001be1  RTC_C_getCalendarTime                 
00001c5d  RtcInit                               
00001cd5  SystemInit                            
00001d4d  __TI_decompress_lzss                  
00001db5  GetFskBandwidthRegValue               
00001e19  RTC_C_enableInterrupt                 
00001e7d  PCM_getCoreVoltageLevel               
00001edb  OnRxTimeout                           
00001edd  RTC_C_getInterruptStatus              
00001f39  PCM_getPowerMode                      
00001f93  OnTxTimeout                           
00001f95  Delayms                               
00001fed  GPIO_setAsInputPinWithPullDownResistor
00002045  GPIO_setAsInputPinWithPullUpResistor  
0000209d  PCM_shutdownDevice                    
000020f1  GPIO_setAsInputPin                    
0000213d  SX1276SetChannel                      
00002185  __aeabi_d2iz                          
000021cd  spiRead_RFM                           
00002215  GpioMcuWrite                          
00002259  RTC_C_IRQHandler                      
00002259  RTC_C_IRQHandler                      
0000229d  TimerAInteruptInit                    
000022e1  __TI_auto_init_nobinit_nopinit        
00002325  __aeabi_d2uiz                         
00002369  spiWrite_RFM                          
000023ad  GPIO_setAsOutputPin                   
0000242d  spi_open                              
0000246d  RFM_spi_read_write                    
000024a5  SX1276SetPublicNetwork                
000024d9  _c_int00_noargs                       
0000250d  GpioInit                              
0000253d  __aeabi_i2d                           
0000256b  SX1276IoDbgInit                       
0000256d  RTC_C_holdClock                       
00002599  GPIO_setOutputHighOnPin               
000025c1  GPIO_setOutputLowOnPin                
000025e9  PCM_gotoLPM0                          
00002611  SPI_getInterruptStatus                
00002639  SPI_transmitData                      
0000265f  SX1276IoTcxoInit                      
00002661  PORT2_IRQHandler                      
00002661  PORT2_IRQHandler                      
00002685  TA1_0_IRQHandler                      
00002685  TA1_0_IRQHandler                      
000026a9  WDT_A_holdTimer                       
000026cd  CS_setExternalClockSourceFrequency    
000026ed  SX1276SetOpMode                       
0000270d  __aeabi_ui2d                          
0000272d  SPI_enableModule                      
00002749  SPI_receiveData                       
00002765  __TI_zero_init_nomemset               
00002781  EUSCI_A_SPI_getInterruptStatus        
00002799  EUSCI_B_SPI_getInterruptStatus        
000027b1  SysCtl_A_disableNMISource             
000027c9  SysCtl_A_enableNMISource              
000027e1  EUSCI_A_SPI_enable                    
000027f7  EUSCI_A_SPI_transmitData              
0000280d  EUSCI_B_SPI_enable                    
00002823  EUSCI_B_SPI_transmitData              
00002839  OnRxDone                              
0000284f  SysTick_Handler                       
0000284f  SysTick_Handler                       
00002851  GetBoardPowerSource                   
00002865  OnTxDone                              
00002879  PCM_getPowerState                     
0000288d  SX1276SetSleep                        
0000289f  EUSCI_A_SPI_receiveData               
000028af  EUSCI_B_SPI_receiveData               
000028bf  GpioWrite                             
000028cf  PCM_gotoLPM4                          
000028df  PCM_setPowerMode                      
000028ef  PCM_setPowerState                     
00002901  SysCtl_A_getNMISourceStatus           
00002911  CS_startLFXT                          
0000291f  __TI_decompress_none                  
0000292d  Reset_Handler                         
0000294f  CPU_wfi                               
00002953  _system_pre_init                      
00002957  C$$EXIT                               
00002957  abort                                 
0000295c  FskBandwidths                         
00002a3c  currentTime                           
00002a58  spiMasterConfig                       
00002a74  upConfig                              
00002a90  __TI_Handler_Table_Base               
00002a9c  __TI_Handler_Table_Limit              
00002ab0  __TI_CINIT_Base                       
00002ac0  __TI_CINIT_Limit                      
20000000  SX1276                                
20000128  Led1                                  
2000013c  Led2                                  
20000150  Led3                                  
2000016c  State                                 
2000016e  BufferSize                            
20000170  RssiValue                             
20000171  SnrValue                              
20000174  TimerInteruptFlag                     
2000fe00  __stack                               
20010000  __STACK_END                           
4000480c  WDTCTL_SYM                            
ffffffff  __TI_pprof_out_hndl                   
ffffffff  __TI_prof_data_size                   
ffffffff  __TI_prof_data_start                  
ffffffff  __binit__                             
ffffffff  __c_args__                            
ffffffff  binit                                 
UNDEFED   __mpu_init                            
UNDEFED   _system_post_cinit                    

[183 symbols]
