******************************************************************************
                  TI ARM Linker PC v18.12.5                    
******************************************************************************
>> Linked Sun Apr  5 12:02:15 2020

OUTPUT FILE NAME:   <Meesters.out>
ENTRY POINT SYMBOL: "_c_int00_noargs"  address: 000038c5


MEMORY CONFIGURATION

         name            origin    length      used     unused   attr    fill
----------------------  --------  ---------  --------  --------  ----  --------
  MAIN                  00000000   00040000  000040b2  0003bf4e  R  X
  INFO                  00200000   00004000  00000000  00004000  R  X
  SRAM_CODE             01000000   00010000  000004cf  0000fb31  RW X
  SRAM_DATA             20000000   00010000  000004cf  0000fb31  RW  


SEGMENT ALLOCATION MAP

run origin  load origin   length   init length attrs members
----------  ----------- ---------- ----------- ----- -------
00000000    00000000    000040b8   000040b8    r-x
  00000000    00000000    000000e4   000000e4    r-- .intvecs
  000000e4    000000e4    00003dae   00003dae    r-x .text
  00003e94    00003e94    000001e0   000001e0    r-- .const
  00004078    00004078    00000040   00000040    r-- .cinit
20000000    20000000    000002cf   00000000    rw-
  20000000    20000000    0000027c   00000000    rw- .bss
  2000027c    2000027c    00000053   00000000    rw- .data
2000fe00    2000fe00    00000200   00000000    rw-
  2000fe00    2000fe00    00000200   00000000    rw- .stack


SECTION ALLOCATION MAP

 output                                  attributes/
section   page    origin      length       input sections
--------  ----  ----------  ----------   ----------------
.intvecs   0    00000000    000000e4     
                  00000000    000000e4     startup_msp432p401r_ccs.obj (.intvecs:retain)

.text      0    000000e4    00003dae     
                  000000e4    000003b8     my_RFM9x.obj (.text:SX1276SetRxConfig)
                  0000049c    00000398     my_RFM9x.obj (.text:SX1276GetTimeOnAir)
                  00000834    000002f0     my_RFM9x.obj (.text:SX1276OnDio0Irq)
                  00000b24    000002ec     my_RFM9x.obj (.text:SX1276SetTxConfig)
                  00000e10    00000254     my_RFM9x.obj (.text:SX1276SetRx)
                  00001064    00000208     board.obj (.text:BoardUnusedIoInit)
                  0000126c    000001c4     gpio-board.obj (.text:GpioMcuInit)
                  00001430    000001b6     rtsv7M4_T_le_v4SPD16_eabi.lib : fd_add_t2.asm.obj (.text)
                  000015e6    00000002     startup_msp432p401r_ccs.obj (.text:Default_Handler)
                  000015e8    000001a4     main.obj (.text:main)
                  0000178c    00000168     my_RFM9x.obj (.text:SX1276OnDio1Irq)
                  000018f4    00000154     sx1276-board.obj (.text:SX1276SetRfTxPower)
                  00001a48    0000014c     my_RFM9x.obj (.text:SX1276Send)
                  00001b94    00000144     msp432p4xx_driverlib.lib : timer_a.o (.text:privateTimer_AProcessClockSourceDivider)
                  00001cd8    00000138     my_RFM9x.obj (.text:SX1276OnDio2Irq)
                  00001e10    00000136     rtsv7M4_T_le_v4SPD16_eabi.lib : fd_div_t2.asm.obj (.text)
                  00001f46    00000002     my_systick.obj (.text:SysTick_Handler)
                  00001f48    00000118     gpio-board.obj (.text:GpioMcuSetInterrupt)
                  00002060    000000fc     rtsv7M4_T_le_v4SPD16_eabi.lib : fd_mul_t2.asm.obj (.text)
                  0000215c    000000f8                                   : s_ceil.c.obj (.text:ceil)
                  00002254    000000f8                                   : s_floor.c.obj (.text:floor)
                  0000234c    000000c0                                   : s_round.c.obj (.text:round)
                  0000240c    000000b4     my_RFM9x.obj (.text:SX1276SetTx)
                  000024c0    000000b0     msp432p4xx_driverlib.lib : spi.o (.text:SPI_initMaster)
                  00002570    000000b0     sx1276-board.obj (.text:SX1276IoInit)
                  00002620    000000a8     my_RFM9x.obj (.text:RxChainCalibration)
                  000026c8    000000a4     my_RFM9x.obj (.text:SX1276IsChannelFree)
                  0000276c    000000a0     my_RFM9x.obj (.text:SX1276SetModem)
                  0000280c    0000009c     rtsv7M4_T_le_v4SPD16_eabi.lib : memcpy_t2.asm.obj (.text)
                  000028a8    00000094     msp432p4xx_driverlib.lib : rtc_c.o (.text:RTC_C_getEnabledInterruptStatus)
                  0000293c    00000090     my_timer.obj (.text:startLoRaTimer)
                  000029cc    0000008c     my_RFM9x.obj (.text:SX1276Init)
                  00002a58    0000008c     my_RFM9x.obj (.text:SX1276SetTxContinuousWave)
                  00002ae4    00000088     board.obj (.text:BoardInitMcu)
                  00002b6c    00000086     rtsv7M4_T_le_v4SPD16_eabi.lib : fd_cmp_t2.asm.obj (.text:__aeabi_cdcmple)
                  00002bf2    00000086                                   : fd_cmp_t2.asm.obj (.text:__aeabi_cdrcmple)
                  00002c78    00000080     msp432p4xx_driverlib.lib : interrupt.o (.text:Interrupt_enableInterrupt)
                  00002cf8    0000007c                              : rtc_c.o (.text:RTC_C_getCalendarTime)
                  00002d74    0000007a     rtsv7M4_T_le_v4SPD16_eabi.lib : memset_t2.asm.obj (.text)
                  00002dee    00000002     --HOLE-- [fill = 0]
                  00002df0    00000078     main.obj (.text:PORT2_IRQHandler)
                  00002e68    00000078     system_msp432p401r.obj (.text:SystemInit)
                  00002ee0    0000006e     rtsv7M4_T_le_v4SPD16_eabi.lib : fd_tos_t2.asm.obj (.text)
                  00002f4e    00000002     --HOLE-- [fill = 0]
                  00002f50    0000006c     my_RFM9x.obj (.text:SX1276ReadRssi)
                  00002fbc    00000068     main.obj (.text:OnRxDone)
                  00003024    00000068     msp432p4xx_driverlib.lib : timer_a.o (.text:Timer_A_configureUpMode)
                  0000308c    00000068     rtsv7M4_T_le_v4SPD16_eabi.lib : copy_decompress_lzss.c.obj (.text:decompress:lzss:__TI_decompress_lzss)
                  000030f4    00000064     my_RFM9x.obj (.text:GetFskBandwidthRegValue)
                  00003158    00000060     my_RFM9x.obj (.text:SX1276ReadBuffer)
                  000031b8    00000060     my_RFM9x.obj (.text:SX1276WriteBuffer)
                  00003218    0000005e     my_RFM9x.obj (.text:SX1276Random)
                  00003276    00000002     --HOLE-- [fill = 0]
                  00003278    0000005c     msp432p4xx_driverlib.lib : rtc_c.o (.text:RTC_C_getInterruptStatus)
                  000032d4    00000058     my_timer.obj (.text:Delayms)
                  0000332c    00000058     sx1276-board.obj (.text:SX1276IoIrqInit)
                  00003384    00000058     my_timer.obj (.text:stopTiming)
                  000033dc    00000050     my_RFM9x.obj (.text:SX1276SetChannel)
                  0000342c    0000004c     msp432p4xx_driverlib.lib : timer_a.o (.text:Timer_A_getCounterValue)
                  00003478    00000048     my_RFM9x.obj (.text:SX1276SetMaxPayloadLength)
                  000034c0    00000048     rtsv7M4_T_le_v4SPD16_eabi.lib : fd_toi_t2.asm.obj (.text)
                  00003508    00000048     my_spi.obj (.text:spiRead_RFM)
                  00003550    00000044     gpio-board.obj (.text:GpioMcuWrite)
                  00003594    00000044     my_RFM9x.obj (.text:SX1276StartCad)
                  000035d8    00000044     rtsv7M4_T_le_v4SPD16_eabi.lib : autoinit.c.obj (.text:__TI_auto_init_nobinit_nopinit:__TI_auto_init_nobinit_nopinit)
                  0000361c    00000044                                   : fd_tou_t2.asm.obj (.text)
                  00003660    00000044     my_spi.obj (.text:spiWrite_RFM)
                  000036a4    00000040     msp432p4xx_driverlib.lib : gpio.o (.text:GPIO_setAsOutputPin)
                  000036e4    00000040     my_timer.obj (.text:getTiming)
                  00003724    00000040     msp432p4xx_driverlib.lib : spi.o (.text:is_A_Module)
                  00003764    00000040     my_spi.obj (.text:spi_open)
                  000037a4    0000003c     my_RFM9x.obj (.text:SX1276OnDio4Irq)
                  000037e0    0000003c     my_RFM9x.obj (.text:SX1276SetPublicNetwork)
                  0000381c    0000003c     my_timer.obj (.text:TimerAInteruptInit)
                  00003858    00000038     my_spi.obj (.text:RFM_spi_read_write)
                  00003890    00000034     msp432p4xx_driverlib.lib : timer_a.o (.text:Timer_A_configureContinuousMode)
                  000038c4    00000034     rtsv7M4_T_le_v4SPD16_eabi.lib : boot_cortex_m.c.obj (.text:_c_int00_noargs:_c_int00_noargs)
                  000038f8    00000030     my_gpio.obj (.text:GpioInit)
                  00003928    00000030     my_rtc.obj (.text:RTC_C_IRQHandler)
                  00003958    00000030     my_timer.obj (.text:TA2_0_IRQHandler)
                  00003988    0000002e     rtsv7M4_T_le_v4SPD16_eabi.lib : i_tofd_t2.asm.obj (.text)
                  000039b6    00000002     --HOLE-- [fill = 0]
                  000039b8    0000002c     msp432p4xx_driverlib.lib : timer_a.o (.text:Timer_A_clearCaptureCompareInterrupt)
                  000039e4    0000002c     my_timer.obj (.text:stopLoRaTimer)
                  00003a10    00000028     msp432p4xx_driverlib.lib : gpio.o (.text:GPIO_enableInterrupt)
                  00003a38    00000028                              : gpio.o (.text:GPIO_setOutputHighOnPin)
                  00003a60    00000028                              : gpio.o (.text:GPIO_setOutputLowOnPin)
                  00003a88    00000028                              : spi.o (.text:SPI_getInterruptStatus)
                  00003ab0    00000028     my_timer.obj (.text:TimerATimerInit)
                  00003ad8    00000026     msp432p4xx_driverlib.lib : spi.o (.text:SPI_transmitData)
                  00003afe    00000002     --HOLE-- [fill = 0]
                  00003b00    00000024     main.obj (.text:OnTxDone)
                  00003b24    00000024     sx1276-board.obj (.text:SX1276Reset)
                  00003b48    00000022     my_gpio.obj (.text:GpioFlashLED)
                  00003b6a    00000020     my_RFM9x.obj (.text:SX1276SetOpMode)
                  00003b8a    00000002     --HOLE-- [fill = 0]
                  00003b8c    00000020     my_timer.obj (.text:TA1_0_IRQHandler)
                  00003bac    00000020     rtsv7M4_T_le_v4SPD16_eabi.lib : u_tofd_t2.asm.obj (.text)
                  00003bcc    0000001e     my_timer.obj (.text:startTiming)
                  00003bea    0000001c     my_gpio.obj (.text:GpioSetInterrupt)
                  00003c06    0000001c     msp432p4xx_driverlib.lib : spi.o (.text:SPI_enableModule)
                  00003c22    0000001c                              : spi.o (.text:SPI_receiveData)
                  00003c3e    00000002     --HOLE-- [fill = 0]
                  00003c40    0000001c     my_RFM9x.obj (.text:SX1276SetSleep)
                  00003c5c    0000001c     rtsv7M4_T_le_v4SPD16_eabi.lib : copy_zero_init.c.obj (.text:decompress:ZI:__TI_zero_init_nomemset:__TI_zero_init_nomemset)
                  00003c78    00000018     msp432p4xx_driverlib.lib : spi.o (.text:EUSCI_A_SPI_getInterruptStatus)
                  00003c90    00000018                              : spi.o (.text:EUSCI_B_SPI_getInterruptStatus)
                  00003ca8    00000018     main.obj (.text:OnRxError)
                  00003cc0    00000018     main.obj (.text:OnRxTimeout)
                  00003cd8    00000018     main.obj (.text:OnTxTimeout)
                  00003cf0    00000018     msp432p4xx_driverlib.lib : timer_a.o (.text:Timer_A_clearTimer)
                  00003d08    00000018                              : timer_a.o (.text:Timer_A_enableInterrupt)
                  00003d20    00000016                              : spi.o (.text:EUSCI_A_SPI_enable)
                  00003d36    00000016                              : spi.o (.text:EUSCI_A_SPI_transmitData)
                  00003d4c    00000016                              : spi.o (.text:EUSCI_B_SPI_enable)
                  00003d62    00000016                              : spi.o (.text:EUSCI_B_SPI_transmitData)
                  00003d78    00000016     my_RFM9x.obj (.text:SX1276ReadFifo)
                  00003d8e    00000016     my_RFM9x.obj (.text:SX1276WriteFifo)
                  00003da4    00000016     msp432p4xx_driverlib.lib : timer_a.o (.text:Timer_A_clearInterruptFlag)
                  00003dba    00000016                              : timer_a.o (.text:Timer_A_startCounter)
                  00003dd0    00000014     board.obj (.text:GetBoardPowerSource)
                  00003de4    00000014     my_RFM9x.obj (.text:SX1276SetStby)
                  00003df8    00000014     msp432p4xx_driverlib.lib : timer_a.o (.text:Timer_A_stopTimer)
                  00003e0c    00000010                              : spi.o (.text:EUSCI_A_SPI_receiveData)
                  00003e1c    00000010                              : spi.o (.text:EUSCI_B_SPI_receiveData)
                  00003e2c    00000010     my_gpio.obj (.text:GpioWrite)
                  00003e3c    0000000e     rtsv7M4_T_le_v4SPD16_eabi.lib : copy_decompress_none.c.obj (.text:decompress:none:__TI_decompress_none)
                  00003e4a    0000000c     startup_msp432p401r_ccs.obj (.text:Reset_Handler)
                  00003e56    0000000c     sx1276-board.obj (.text:SX1276CheckRfFrequency)
                  00003e62    0000000c     sx1276-board.obj (.text:SX1276GetPaSelect)
                  00003e6e    00000002     --HOLE-- [fill = 0]
                  00003e70    0000000c     my_RFM9x.obj (.text:SX1276GetStatus)
                  00003e7c    0000000a     my_RFM9x.obj (.text:SX1276GetWakeupTime)
                  00003e86    00000004     sx1276-board.obj (.text:SX1276GetBoardTcxoWakeupTime)
                  00003e8a    00000004     rtsv7M4_T_le_v4SPD16_eabi.lib : pre_init.c.obj (.text:_system_pre_init)
                  00003e8e    00000004                                   : exit.c.obj (.text:abort:abort)

.const     0    00003e94    000001e0     
                  00003e94    000000b0     my_RFM9x.obj (.const:FskBandwidths)
                  00003f44    0000006c     sx1276-board.obj (.const:Radio)
                  00003fb0    00000030     msp432p4xx_driverlib.lib : gpio.o (.const:GPIO_PORT_TO_BASE)
                  00003fe0    00000030     my_RFM9x.obj (.const:RadioRegsInit)
                  00004010    0000001c     my_spi.obj (.const:spiMasterConfig)
                  0000402c    00000018     my_timer.obj (.const:$P$T0$1)
                  00004044    00000018     my_timer.obj (.const:upConfig)
                  0000405c    00000010     my_timer.obj (.const:contConfig0)
                  0000406c    00000008     msp432p4xx_driverlib.lib : interrupt.o (.const:g_pulEnRegs)

.cinit     0    00004078    00000040     
                  00004078    00000017     (.cinit..data.load) [load image, compression = lzss]
                  0000408f    00000001     --HOLE-- [fill = 0]
                  00004090    0000000c     (__TI_handler_table)
                  0000409c    00000004     --HOLE-- [fill = 0]
                  000040a0    00000008     (.cinit..bss.load) [load image, compression = zero_init]
                  000040a8    00000010     (__TI_cinit_table)

.init_array 
*          0    00000000    00000000     UNINITIALIZED

.binit     0    00000000    00000000     

.bss       0    20000000    0000027c     UNINITIALIZED
                  20000000    00000104     (.common:SX1276)
                  20000104    00000100     my_RFM9x.obj (.bss:RxTxBuffer)
                  20000204    0000001c     main.obj (.bss:RadioEvents)
                  20000220    0000001c     my_rtc.obj (.bss:newTime)
                  2000023c    00000014     (.common:Led1)
                  20000250    00000014     (.common:Led2)
                  20000264    00000014     (.common:Led3)
                  20000278    00000004     my_RFM9x.obj (.bss)

.data      0    2000027c    00000053     UNINITIALIZED
                  2000027c    00000040     main.obj (.data:Buffer)
                  200002bc    0000000c     main.obj (.data)
                  200002c8    00000005     main.obj (.data:buffer)
                  200002cd    00000001     board.obj (.data)
                  200002ce    00000001     my_timer.obj (.data)

.stack     0    2000fe00    00000200     UNINITIALIZED
                  2000fe00    00000004     rtsv7M4_T_le_v4SPD16_eabi.lib : boot_cortex_m.c.obj (.stack)
                  2000fe04    000001fc     --HOLE--

MODULE SUMMARY

       Module                        code    ro data   rw data
       ------                        ----    -------   -------
    .\
       my_RFM9x.obj                  6904    224       1040   
       main.obj                      752     0         218    
       gpio-board.obj                800     0         0      
       board.obj                     676     0         122    
       sx1276-board.obj              668     108       0      
       my_timer.obj                  638     64        2      
       my_spi.obj                    260     28        0      
       my_gpio.obj                   126     0         0      
       system_msp432p401r.obj        120     0         0      
       my_rtc.obj                    48      0         56     
       my_systick.obj                2       0         0      
    +--+-----------------------------+-------+---------+---------+
       Total:                        10994   424       1438   
                                                              
    .\ccs\
       startup_msp432p401r_ccs.obj   14      228       0      
    +--+-----------------------------+-------+---------+---------+
       Total:                        14      228       0      
                                                              
    C:/ti/simplelink_msp432p4_sdk_3_40_01_02/source/ti/devices/msp432p4xx/driverlib/ccs/msp432p4xx_driverlib.lib
       timer_a.o                     712     0         0      
       spi.o                         542     0         0      
       rtc_c.o                       364     0         0      
       gpio.o                        184     48        0      
       interrupt.o                   128     8         0      
    +--+-----------------------------+-------+---------+---------+
       Total:                        1930    56        0      
                                                              
    C:\ti\ccs930\ccs\tools\compiler\ti-cgt-arm_18.12.5.LTS\lib\rtsv7M4_T_le_v4SPD16_eabi.lib
       fd_add_t2.asm.obj             438     0         0      
       fd_div_t2.asm.obj             310     0         0      
       fd_cmp_t2.asm.obj             268     0         0      
       fd_mul_t2.asm.obj             252     0         0      
       s_ceil.c.obj                  248     0         0      
       s_floor.c.obj                 248     0         0      
       s_round.c.obj                 192     0         0      
       memcpy_t2.asm.obj             156     0         0      
       memset_t2.asm.obj             122     0         0      
       fd_tos_t2.asm.obj             110     0         0      
       copy_decompress_lzss.c.obj    104     0         0      
       fd_toi_t2.asm.obj             72      0         0      
       autoinit.c.obj                68      0         0      
       fd_tou_t2.asm.obj             68      0         0      
       boot_cortex_m.c.obj           52      0         0      
       i_tofd_t2.asm.obj             46      0         0      
       u_tofd_t2.asm.obj             32      0         0      
       copy_zero_init.c.obj          28      0         0      
       copy_decompress_none.c.obj    14      0         0      
       exit.c.obj                    4       0         0      
       pre_init.c.obj                4       0         0      
    +--+-----------------------------+-------+---------+---------+
       Total:                        2836    0         0      
                                                              
       Stack:                        0       0         1024   
       Linker Generated:             0       59        0      
    +--+-----------------------------+-------+---------+---------+
       Grand Total:                  15774   767       2462   


LINKER GENERATED COPY TABLES

__TI_cinit_table @ 000040a8 records: 2, size/record: 8, table size: 16
	.data: load addr=00004078, load size=00000017 bytes, run addr=2000027c, run size=00000053 bytes, compression=lzss
	.bss: load addr=000040a0, load size=00000008 bytes, run addr=20000000, run size=0000027c bytes, compression=zero_init


LINKER GENERATED HANDLER TABLE

__TI_handler_table @ 00004090 records: 3, size/record: 4, table size: 12
	index: 0, handler: __TI_decompress_lzss
	index: 1, handler: __TI_decompress_none
	index: 2, handler: __TI_zero_init


GLOBAL SYMBOLS: SORTED ALPHABETICALLY BY Name 

address   name                                
-------   ----                                
000015e7  ADC14_IRQHandler                    
000015e7  AES256_IRQHandler                   
00002ae5  BoardInitMcu                        
2000027c  Buffer                              
200002c4  BufferSize                          
000015e7  BusFault_Handler                    
00003e8f  C$$EXIT                             
000015e7  COMP_E0_IRQHandler                  
000015e7  COMP_E1_IRQHandler                  
000015e7  CS_IRQHandler                       
200002bc  DIO0Flag                            
200002bd  DIO1Flag                            
200002be  DIO2Flag                            
200002bf  DIO3Flag                            
200002c0  DIO4Flag                            
000015e7  DMA_ERR_IRQHandler                  
000015e7  DMA_INT0_IRQHandler                 
000015e7  DMA_INT1_IRQHandler                 
000015e7  DMA_INT2_IRQHandler                 
000015e7  DMA_INT3_IRQHandler                 
000015e7  DebugMon_Handler                    
000015e7  Default_Handler                     
000032d5  Delayms                             
000015e7  EUSCIA0_IRQHandler                  
000015e7  EUSCIA1_IRQHandler                  
000015e7  EUSCIA2_IRQHandler                  
000015e7  EUSCIA3_IRQHandler                  
000015e7  EUSCIB0_IRQHandler                  
000015e7  EUSCIB1_IRQHandler                  
000015e7  EUSCIB2_IRQHandler                  
000015e7  EUSCIB3_IRQHandler                  
00003d21  EUSCI_A_SPI_enable                  
00003c79  EUSCI_A_SPI_getInterruptStatus      
00003e0d  EUSCI_A_SPI_receiveData             
00003d37  EUSCI_A_SPI_transmitData            
00003d4d  EUSCI_B_SPI_enable                  
00003c91  EUSCI_B_SPI_getInterruptStatus      
00003e1d  EUSCI_B_SPI_receiveData             
00003d63  EUSCI_B_SPI_transmitData            
000015e7  FLCTL_IRQHandler                    
000015e7  FPU_IRQHandler                      
00003e94  FskBandwidths                       
00003a11  GPIO_enableInterrupt                
000036a5  GPIO_setAsOutputPin                 
00003a39  GPIO_setOutputHighOnPin             
00003a61  GPIO_setOutputLowOnPin              
00003dd1  GetBoardPowerSource                 
000030f5  GetFskBandwidthRegValue             
00003b49  GpioFlashLED                        
000038f9  GpioInit                            
0000126d  GpioMcuInit                         
00001f49  GpioMcuSetInterrupt                 
00003551  GpioMcuWrite                        
00003beb  GpioSetInterrupt                    
00003e2d  GpioWrite                           
000015e7  HardFault_Handler                   
00002c79  Interrupt_enableInterrupt           
2000023c  Led1                                
20000250  Led2                                
20000264  Led3                                
000015e7  MemManage_Handler                   
000015e7  NMI_Handler                         
00002fbd  OnRxDone                            
00003ca9  OnRxError                           
00003cc1  OnRxTimeout                         
00003b01  OnTxDone                            
00003cd9  OnTxTimeout                         
000015e7  PCM_IRQHandler                      
000015e7  PORT1_IRQHandler                    
00002df1  PORT2_IRQHandler                    
00002df1  PORT2_IRQHandler                    
000015e7  PORT3_IRQHandler                    
000015e7  PORT4_IRQHandler                    
000015e7  PORT5_IRQHandler                    
000015e7  PORT6_IRQHandler                    
000015e7  PSS_IRQHandler                      
000015e7  PendSV_Handler                      
00003859  RFM_spi_read_write                  
00003929  RTC_C_IRQHandler                    
00003929  RTC_C_IRQHandler                    
00002cf9  RTC_C_getCalendarTime               
000028a9  RTC_C_getEnabledInterruptStatus     
00003279  RTC_C_getInterruptStatus            
00003f44  Radio                               
00003fe0  RadioRegsInit                       
200002c1  RadioTimeoutFlag                    
00003e4b  Reset_Handler                       
200002c6  RssiValue                           
00002621  RxChainCalibration                  
00003c07  SPI_enableModule                    
00003a89  SPI_getInterruptStatus              
000024c1  SPI_initMaster                      
00003c23  SPI_receiveData                     
00003ad9  SPI_transmitData                    
000015e7  SVC_Handler                         
20000000  SX1276                              
00003e57  SX1276CheckRfFrequency              
00003e87  SX1276GetBoardTcxoWakeupTime        
00003e71  SX1276GetStatus                     
0000049d  SX1276GetTimeOnAir                  
00003e7d  SX1276GetWakeupTime                 
000029cd  SX1276Init                          
00002571  SX1276IoInit                        
0000332d  SX1276IoIrqInit                     
000026c9  SX1276IsChannelFree                 
00000835  SX1276OnDio0Irq                     
0000178d  SX1276OnDio1Irq                     
00001cd9  SX1276OnDio2Irq                     
000037a5  SX1276OnDio4Irq                     
00003219  SX1276Random                        
00003159  SX1276ReadBuffer                    
00003d79  SX1276ReadFifo                      
00002f51  SX1276ReadRssi                      
00003b25  SX1276Reset                         
00001a49  SX1276Send                          
000033dd  SX1276SetChannel                    
00003479  SX1276SetMaxPayloadLength           
0000276d  SX1276SetModem                      
00003b6b  SX1276SetOpMode                     
000037e1  SX1276SetPublicNetwork              
000018f5  SX1276SetRfTxPower                  
00000e11  SX1276SetRx                         
000000e5  SX1276SetRxConfig                   
00003c41  SX1276SetSleep                      
00003de5  SX1276SetStby                       
0000240d  SX1276SetTx                         
00000b25  SX1276SetTxConfig                   
00002a59  SX1276SetTxContinuousWave           
00003595  SX1276StartCad                      
000031b9  SX1276WriteBuffer                   
00003d8f  SX1276WriteFifo                     
200002c7  SnrValue                            
200002c2  State                               
00001f47  SysTick_Handler                     
00001f47  SysTick_Handler                     
00002e69  SystemInit                          
000015e7  T32_INT1_IRQHandler                 
000015e7  T32_INT2_IRQHandler                 
000015e7  T32_INTC_IRQHandler                 
000015e7  TA0_0_IRQHandler                    
000015e7  TA0_N_IRQHandler                    
00003b8d  TA1_0_IRQHandler                    
00003b8d  TA1_0_IRQHandler                    
000015e7  TA1_N_IRQHandler                    
00003959  TA2_0_IRQHandler                    
00003959  TA2_0_IRQHandler                    
000015e7  TA2_N_IRQHandler                    
000015e7  TA3_0_IRQHandler                    
000015e7  TA3_N_IRQHandler                    
0000381d  TimerAInteruptInit                  
00003ab1  TimerATimerInit                     
200002ce  TimerInteruptFlag                   
000039b9  Timer_A_clearCaptureCompareInterrupt
00003da5  Timer_A_clearInterruptFlag          
00003cf1  Timer_A_clearTimer                  
00003891  Timer_A_configureContinuousMode     
00003025  Timer_A_configureUpMode             
00003d09  Timer_A_enableInterrupt             
0000342d  Timer_A_getCounterValue             
00003dbb  Timer_A_startCounter                
00003df9  Timer_A_stopTimer                   
000015e7  UsageFault_Handler                  
4000480c  WDTCTL_SYM                          
000015e7  WDT_A_IRQHandler                    
20010000  __STACK_END                         
00000200  __STACK_SIZE                        
000040a8  __TI_CINIT_Base                     
000040b8  __TI_CINIT_Limit                    
00004090  __TI_Handler_Table_Base             
0000409c  __TI_Handler_Table_Limit            
000035d9  __TI_auto_init_nobinit_nopinit      
0000308d  __TI_decompress_lzss                
00003e3d  __TI_decompress_none                
ffffffff  __TI_pprof_out_hndl                 
ffffffff  __TI_prof_data_size                 
ffffffff  __TI_prof_data_start                
00000000  __TI_static_base__                  
00003c5d  __TI_zero_init_nomemset             
00002b6d  __aeabi_cdcmpeq                     
00002b6d  __aeabi_cdcmple                     
00002bf3  __aeabi_cdrcmple                    
00002ee1  __aeabi_d2f                         
000034c1  __aeabi_d2iz                        
0000361d  __aeabi_d2uiz                       
0000143b  __aeabi_dadd                        
00001e11  __aeabi_ddiv                        
00002061  __aeabi_dmul                        
00001431  __aeabi_dsub                        
00003989  __aeabi_i2d                         
00002d75  __aeabi_memclr                      
00002d75  __aeabi_memclr4                     
00002d75  __aeabi_memclr8                     
0000280d  __aeabi_memcpy                      
0000280d  __aeabi_memcpy4                     
0000280d  __aeabi_memcpy8                     
00002d77  __aeabi_memset                      
00002d77  __aeabi_memset4                     
00002d77  __aeabi_memset8                     
00003bad  __aeabi_ui2d                        
ffffffff  __binit__                           
ffffffff  __c_args__                          
UNDEFED   __mpu_init                          
2000fe00  __stack                             
000038c5  _c_int00_noargs                     
UNDEFED   _system_post_cinit                  
00003e8b  _system_pre_init                    
00003e8f  abort                               
ffffffff  binit                               
200002c8  buffer                              
0000215d  ceil                                
0000215d  ceill                               
0000405c  contConfig0                         
00002255  floor                               
00002255  floorl                              
000036e5  getTiming                           
00000000  interruptVectors                    
000015e9  main                                
0000280d  memcpy                              
00002d7d  memset                              
0000234d  round                               
0000234d  roundl                              
00004010  spiMasterConfig                     
00003509  spiRead_RFM                         
00003661  spiWrite_RFM                        
00003765  spi_open                            
0000293d  startLoRaTimer                      
00003bcd  startTiming                         
000039e5  stopLoRaTimer                       
00003385  stopTiming                          
00004044  upConfig                            


GLOBAL SYMBOLS: SORTED BY Symbol Address 

address   name                                
-------   ----                                
00000000  __TI_static_base__                  
00000000  interruptVectors                    
000000e5  SX1276SetRxConfig                   
00000200  __STACK_SIZE                        
0000049d  SX1276GetTimeOnAir                  
00000835  SX1276OnDio0Irq                     
00000b25  SX1276SetTxConfig                   
00000e11  SX1276SetRx                         
0000126d  GpioMcuInit                         
00001431  __aeabi_dsub                        
0000143b  __aeabi_dadd                        
000015e7  ADC14_IRQHandler                    
000015e7  AES256_IRQHandler                   
000015e7  BusFault_Handler                    
000015e7  COMP_E0_IRQHandler                  
000015e7  COMP_E1_IRQHandler                  
000015e7  CS_IRQHandler                       
000015e7  DMA_ERR_IRQHandler                  
000015e7  DMA_INT0_IRQHandler                 
000015e7  DMA_INT1_IRQHandler                 
000015e7  DMA_INT2_IRQHandler                 
000015e7  DMA_INT3_IRQHandler                 
000015e7  DebugMon_Handler                    
000015e7  Default_Handler                     
000015e7  EUSCIA0_IRQHandler                  
000015e7  EUSCIA1_IRQHandler                  
000015e7  EUSCIA2_IRQHandler                  
000015e7  EUSCIA3_IRQHandler                  
000015e7  EUSCIB0_IRQHandler                  
000015e7  EUSCIB1_IRQHandler                  
000015e7  EUSCIB2_IRQHandler                  
000015e7  EUSCIB3_IRQHandler                  
000015e7  FLCTL_IRQHandler                    
000015e7  FPU_IRQHandler                      
000015e7  HardFault_Handler                   
000015e7  MemManage_Handler                   
000015e7  NMI_Handler                         
000015e7  PCM_IRQHandler                      
000015e7  PORT1_IRQHandler                    
000015e7  PORT3_IRQHandler                    
000015e7  PORT4_IRQHandler                    
000015e7  PORT5_IRQHandler                    
000015e7  PORT6_IRQHandler                    
000015e7  PSS_IRQHandler                      
000015e7  PendSV_Handler                      
000015e7  SVC_Handler                         
000015e7  T32_INT1_IRQHandler                 
000015e7  T32_INT2_IRQHandler                 
000015e7  T32_INTC_IRQHandler                 
000015e7  TA0_0_IRQHandler                    
000015e7  TA0_N_IRQHandler                    
000015e7  TA1_N_IRQHandler                    
000015e7  TA2_N_IRQHandler                    
000015e7  TA3_0_IRQHandler                    
000015e7  TA3_N_IRQHandler                    
000015e7  UsageFault_Handler                  
000015e7  WDT_A_IRQHandler                    
000015e9  main                                
0000178d  SX1276OnDio1Irq                     
000018f5  SX1276SetRfTxPower                  
00001a49  SX1276Send                          
00001cd9  SX1276OnDio2Irq                     
00001e11  __aeabi_ddiv                        
00001f47  SysTick_Handler                     
00001f47  SysTick_Handler                     
00001f49  GpioMcuSetInterrupt                 
00002061  __aeabi_dmul                        
0000215d  ceil                                
0000215d  ceill                               
00002255  floor                               
00002255  floorl                              
0000234d  round                               
0000234d  roundl                              
0000240d  SX1276SetTx                         
000024c1  SPI_initMaster                      
00002571  SX1276IoInit                        
00002621  RxChainCalibration                  
000026c9  SX1276IsChannelFree                 
0000276d  SX1276SetModem                      
0000280d  __aeabi_memcpy                      
0000280d  __aeabi_memcpy4                     
0000280d  __aeabi_memcpy8                     
0000280d  memcpy                              
000028a9  RTC_C_getEnabledInterruptStatus     
0000293d  startLoRaTimer                      
000029cd  SX1276Init                          
00002a59  SX1276SetTxContinuousWave           
00002ae5  BoardInitMcu                        
00002b6d  __aeabi_cdcmpeq                     
00002b6d  __aeabi_cdcmple                     
00002bf3  __aeabi_cdrcmple                    
00002c79  Interrupt_enableInterrupt           
00002cf9  RTC_C_getCalendarTime               
00002d75  __aeabi_memclr                      
00002d75  __aeabi_memclr4                     
00002d75  __aeabi_memclr8                     
00002d77  __aeabi_memset                      
00002d77  __aeabi_memset4                     
00002d77  __aeabi_memset8                     
00002d7d  memset                              
00002df1  PORT2_IRQHandler                    
00002df1  PORT2_IRQHandler                    
00002e69  SystemInit                          
00002ee1  __aeabi_d2f                         
00002f51  SX1276ReadRssi                      
00002fbd  OnRxDone                            
00003025  Timer_A_configureUpMode             
0000308d  __TI_decompress_lzss                
000030f5  GetFskBandwidthRegValue             
00003159  SX1276ReadBuffer                    
000031b9  SX1276WriteBuffer                   
00003219  SX1276Random                        
00003279  RTC_C_getInterruptStatus            
000032d5  Delayms                             
0000332d  SX1276IoIrqInit                     
00003385  stopTiming                          
000033dd  SX1276SetChannel                    
0000342d  Timer_A_getCounterValue             
00003479  SX1276SetMaxPayloadLength           
000034c1  __aeabi_d2iz                        
00003509  spiRead_RFM                         
00003551  GpioMcuWrite                        
00003595  SX1276StartCad                      
000035d9  __TI_auto_init_nobinit_nopinit      
0000361d  __aeabi_d2uiz                       
00003661  spiWrite_RFM                        
000036a5  GPIO_setAsOutputPin                 
000036e5  getTiming                           
00003765  spi_open                            
000037a5  SX1276OnDio4Irq                     
000037e1  SX1276SetPublicNetwork              
0000381d  TimerAInteruptInit                  
00003859  RFM_spi_read_write                  
00003891  Timer_A_configureContinuousMode     
000038c5  _c_int00_noargs                     
000038f9  GpioInit                            
00003929  RTC_C_IRQHandler                    
00003929  RTC_C_IRQHandler                    
00003959  TA2_0_IRQHandler                    
00003959  TA2_0_IRQHandler                    
00003989  __aeabi_i2d                         
000039b9  Timer_A_clearCaptureCompareInterrupt
000039e5  stopLoRaTimer                       
00003a11  GPIO_enableInterrupt                
00003a39  GPIO_setOutputHighOnPin             
00003a61  GPIO_setOutputLowOnPin              
00003a89  SPI_getInterruptStatus              
00003ab1  TimerATimerInit                     
00003ad9  SPI_transmitData                    
00003b01  OnTxDone                            
00003b25  SX1276Reset                         
00003b49  GpioFlashLED                        
00003b6b  SX1276SetOpMode                     
00003b8d  TA1_0_IRQHandler                    
00003b8d  TA1_0_IRQHandler                    
00003bad  __aeabi_ui2d                        
00003bcd  startTiming                         
00003beb  GpioSetInterrupt                    
00003c07  SPI_enableModule                    
00003c23  SPI_receiveData                     
00003c41  SX1276SetSleep                      
00003c5d  __TI_zero_init_nomemset             
00003c79  EUSCI_A_SPI_getInterruptStatus      
00003c91  EUSCI_B_SPI_getInterruptStatus      
00003ca9  OnRxError                           
00003cc1  OnRxTimeout                         
00003cd9  OnTxTimeout                         
00003cf1  Timer_A_clearTimer                  
00003d09  Timer_A_enableInterrupt             
00003d21  EUSCI_A_SPI_enable                  
00003d37  EUSCI_A_SPI_transmitData            
00003d4d  EUSCI_B_SPI_enable                  
00003d63  EUSCI_B_SPI_transmitData            
00003d79  SX1276ReadFifo                      
00003d8f  SX1276WriteFifo                     
00003da5  Timer_A_clearInterruptFlag          
00003dbb  Timer_A_startCounter                
00003dd1  GetBoardPowerSource                 
00003de5  SX1276SetStby                       
00003df9  Timer_A_stopTimer                   
00003e0d  EUSCI_A_SPI_receiveData             
00003e1d  EUSCI_B_SPI_receiveData             
00003e2d  GpioWrite                           
00003e3d  __TI_decompress_none                
00003e4b  Reset_Handler                       
00003e57  SX1276CheckRfFrequency              
00003e71  SX1276GetStatus                     
00003e7d  SX1276GetWakeupTime                 
00003e87  SX1276GetBoardTcxoWakeupTime        
00003e8b  _system_pre_init                    
00003e8f  C$$EXIT                             
00003e8f  abort                               
00003e94  FskBandwidths                       
00003f44  Radio                               
00003fe0  RadioRegsInit                       
00004010  spiMasterConfig                     
00004044  upConfig                            
0000405c  contConfig0                         
00004090  __TI_Handler_Table_Base             
0000409c  __TI_Handler_Table_Limit            
000040a8  __TI_CINIT_Base                     
000040b8  __TI_CINIT_Limit                    
20000000  SX1276                              
2000023c  Led1                                
20000250  Led2                                
20000264  Led3                                
2000027c  Buffer                              
200002bc  DIO0Flag                            
200002bd  DIO1Flag                            
200002be  DIO2Flag                            
200002bf  DIO3Flag                            
200002c0  DIO4Flag                            
200002c1  RadioTimeoutFlag                    
200002c2  State                               
200002c4  BufferSize                          
200002c6  RssiValue                           
200002c7  SnrValue                            
200002c8  buffer                              
200002ce  TimerInteruptFlag                   
2000fe00  __stack                             
20010000  __STACK_END                         
4000480c  WDTCTL_SYM                          
ffffffff  __TI_pprof_out_hndl                 
ffffffff  __TI_prof_data_size                 
ffffffff  __TI_prof_data_start                
ffffffff  __binit__                           
ffffffff  __c_args__                          
ffffffff  binit                               
UNDEFED   __mpu_init                          
UNDEFED   _system_post_cinit                  

[230 symbols]
