******************************************************************************
                  TI ARM Linker Unix v20.2.1                   
******************************************************************************
>> Linked Thu Aug  6 10:02:27 2020

OUTPUT FILE NAME:   <Meesters.out>
ENTRY POINT SYMBOL: "_c_int00_noargs"  address: 00006ef5


MEMORY CONFIGURATION

         name            origin    length      used     unused   attr    fill
----------------------  --------  ---------  --------  --------  ----  --------
  MAIN                  00000000   00040000  00007bc6  0003843a  R  X
  INFO                  00200000   00004000  00000000  00004000  R  X
  SRAM_CODE             01000000   00010000  00001094  0000ef6c  RW X
  SRAM_DATA             20000000   00010000  00001094  0000ef6c  RW  


SEGMENT ALLOCATION MAP

run origin  load origin   length   init length attrs members
----------  ----------- ---------- ----------- ----- -------
00000000    00000000    00007bd0   00007bd0    r-x
  00000000    00000000    000000e4   000000e4    r-- .intvecs
  000000e8    000000e8    00007772   00007772    r-x .text
  0000785c    0000785c    000002d8   000002d8    r-- .const
  00007b38    00007b38    00000098   00000098    r-- .cinit
20000000    20000000    00000e94   00000000    rw-
  20000000    20000000    00000800   00000000    rw- .sysmem
  20000800    20000800    00000490   00000000    rw- .bss
  20000c90    20000c90    00000204   00000000    rw- .data
2000fe00    2000fe00    00000200   00000000    rw-
  2000fe00    2000fe00    00000200   00000000    rw- .stack


SECTION ALLOCATION MAP

 output                                  attributes/
section   page    origin      length       input sections
--------  ----  ----------  ----------   ----------------
.intvecs   0    00000000    000000e4     
                  00000000    000000e4     startup_msp432p401r_ccs.obj (.intvecs:retain)

.text      0    000000e8    00007772     
                  000000e8    00000a4e     rtsv7M4_T_le_v4SPD16_eabi.lib : _printfi.c.obj (.text:__TI_printfi)
                  00000b36    00000002                                   : _lock.c.obj (.text:_nop)
                  00000b38    000004e8     my_RFM9x.obj (.text:SX1276OnDio0Irq)
                  00001020    0000041e     my_RFM9x.obj (.text:SX1276SetRxConfig)
                  0000143e    00000002     rtsv7M4_T_le_v4SPD16_eabi.lib : div0.asm.obj (.text)
                  00001440    00000400     my_RFM9x.obj (.text:SX1276GetTimeOnAir)
                  00001840    00000336     my_RFM9x.obj (.text:SX1276SetTxConfig)
                  00001b76    00000002     --HOLE-- [fill = 0]
                  00001b78    00000312     my_RFM9x.obj (.text:SX1276SetRx)
                  00001e8a    00000004     rtsv7M4_T_le_v4SPD16_eabi.lib : printf.c.obj (.text:_outc)
                  00001e8e    00000002     --HOLE-- [fill = 0]
                  00001e90    00000284     board.obj (.text:BoardUnusedIoInit)
                  00002114    00000270     rtsv7M4_T_le_v4SPD16_eabi.lib : _printfi.c.obj (.text:_pconv_a)
                  00002384    00000004                                   : printf.c.obj (.text:_outs)
                  00002388    00000260     my_RFM9x.obj (.text:SX1276OnDio1Irq)
                  000025e8    000001fa     gpio-board.obj (.text:GpioMcuInit)
                  000027e2    00000004     rtsv7M4_T_le_v4SPD16_eabi.lib : pre_init.c.obj (.text:_system_pre_init)
                  000027e6    00000002     --HOLE-- [fill = 0]
                  000027e8    000001eb     main.obj (.text:main)
                  000029d3    00000001     --HOLE-- [fill = 0]
                  000029d4    000001d0     rtsv7M4_T_le_v4SPD16_eabi.lib : _printfi.c.obj (.text:_pconv_g)
                  00002ba4    000001b6                                   : fd_add_t2.asm.obj (.text)
                  00002d5a    00000004                                   : exit.c.obj (.text:abort:abort)
                  00002d5e    00000002     --HOLE-- [fill = 0]
                  00002d60    000001b4     main.obj (.text:RadioInit)
                  00002f14    00000004     --HOLE-- [fill = 0]
                  00002f18    00000198     my_RFM9x.obj (.text:SX1276OnDio2Irq)
                  000030b0    00000198     my_RFM9x.obj (.text:SX1276Send)
                  00003248    0000018e     my_RFM9x.obj (.text:SX1276OnTimeoutIrq)
                  000033d6    00000002     --HOLE-- [fill = 0]
                  000033d8    0000016e     timer.obj (.text:TimerIrqHandler)
                  00003546    00000002     --HOLE-- [fill = 0]
                  00003548    0000015c     sx1276-board.obj (.text:SX1276SetRfTxPower)
                  000036a4    00000004     --HOLE-- [fill = 0]
                  000036a8    00000158     gpio-board.obj (.text:GpioMcuSetInterrupt)
                  00003800    0000013c     timer.obj (.text:TimerStop)
                  0000393c    0000013c     rtsv7M4_T_le_v4SPD16_eabi.lib : _printfi.c.obj (.text:_pconv_e)
                  00003a78    00000136                                   : fd_div_t2.asm.obj (.text)
                  00003bae    00000002     --HOLE-- [fill = 0]
                  00003bb0    00000124                                   : _printfi.c.obj (.text:fcvt)
                  00003cd4    00000114                                   : fputs.c.obj (.text:fputs)
                  00003de8    00000110                                   : s_scalbn.c.obj (.text:scalbn)
                  00003ef8    00000108                                   : memory.c.obj (.text:aligned_alloc)
                  00004000    00000104     msp432p4xx_driverlib.lib : cs.o (.text:_CSComputeCLKFrequency)
                  00004104    000000fc     rtsv7M4_T_le_v4SPD16_eabi.lib : fd_mul_t2.asm.obj (.text)
                  00004200    000000f8     msp432p4xx_driverlib.lib : cs.o (.text:CS_getDCOFrequency)
                  000042f8    000000f8     rtsv7M4_T_le_v4SPD16_eabi.lib : s_ceil.c.obj (.text:ceil)
                  000043f0    000000f8                                   : s_floor.c.obj (.text:floor)
                  000044e8    000000ec     my_RFM9x.obj (.text:SX1276SetTx)
                  000045d4    000000e4     rtsv7M4_T_le_v4SPD16_eabi.lib : memory.c.obj (.text:free)
                  000046b8    000000e0     msp432p4xx_driverlib.lib : cs.o (.text:CS_startLFXTWithTimeout)
                  00004798    000000dc     rtsv7M4_T_le_v4SPD16_eabi.lib : setvbuf.c.obj (.text:setvbuf)
                  00004874    00000004     --HOLE-- [fill = 0]
                  00004878    000000d6     board.obj (.text:BoardInitMcu)
                  0000494e    00000002     --HOLE-- [fill = 0]
                  00004950    000000d6     my_RFM9x.obj (.text:SX1276Init)
                  00004a26    00000002     --HOLE-- [fill = 0]
                  00004a28    000000c8     my_RFM9x.obj (.text:RxChainCalibration)
                  00004af0    000000c4     sx1276-board.obj (.text:SX1276IoInit)
                  00004bb4    00000004     --HOLE-- [fill = 0]
                  00004bb8    000000c4     my_RFM9x.obj (.text:SX1276SetModem)
                  00004c7c    000000c0     rtsv7M4_T_le_v4SPD16_eabi.lib : s_round.c.obj (.text:round)
                  00004d3c    00000004     --HOLE-- [fill = 0]
                  00004d40    000000b2     board.obj (.text:SystemClockConfig)
                  00004df2    00000002     --HOLE-- [fill = 0]
                  00004df4    000000b1     rtsv7M4_T_le_v4SPD16_eabi.lib : _printfi.c.obj (.text:_ltostr)
                  00004ea5    00000001     --HOLE-- [fill = 0]
                  00004ea6    000000b0     msp432p4xx_driverlib.lib : spi.o (.text:SPI_initMaster)
                  00004f56    00000002     --HOLE-- [fill = 0]
                  00004f58    0000009e     system_msp432p401r.obj (.text:SystemInit)
                  00004ff6    00000002     --HOLE-- [fill = 0]
                  00004ff8    0000009d     main.obj (.text:PORT2_IRQHandler)
                  00005095    00000001     --HOLE-- [fill = 0]
                  00005096    0000009c     rtsv7M4_T_le_v4SPD16_eabi.lib : memcpy_t2.asm.obj (.text)
                  00005132    00000006     --HOLE-- [fill = 0]
                  00005138    0000009a     my_rtc.obj (.text:RtcInit)
                  000051d2    00000006     --HOLE-- [fill = 0]
                  000051d8    00000098     timer.obj (.text:TimerStart)
                  00005270    00000096     rtsv7M4_T_le_v4SPD16_eabi.lib : ull_div_t2.asm.obj (.text)
                  00005306    00000002     --HOLE-- [fill = 0]
                  00005308    00000094     msp432p4xx_driverlib.lib : rtc_c.o (.text:RTC_C_getEnabledInterruptStatus)
                  0000539c    00000094                              : sysctl_a.o (.text:SysCtl_A_getTLVInfo)
                  00005430    00000090     my_RFM9x.obj (.text:SX1276IsChannelFree)
                  000054c0    0000008f     main.obj (.text:OnRxDone)
                  0000554f    00000001     --HOLE-- [fill = 0]
                  00005550    0000008c     rtsv7M4_T_le_v4SPD16_eabi.lib : fputc.c.obj (.text:fputc)
                  000055dc    00000086                                   : fd_cmp_t2.asm.obj (.text:__aeabi_cdcmple)
                  00005662    00000086                                   : fd_cmp_t2.asm.obj (.text:__aeabi_cdrcmple)
                  000056e8    0000007e     my_spi.obj (.text:spi_read_write)
                  00005766    00000002     --HOLE-- [fill = 0]
                  00005768    0000007c     msp432p4xx_driverlib.lib : cs.o (.text:_CSGetDOCFrequency)
                  000057e4    0000007a     rtsv7M4_T_le_v4SPD16_eabi.lib : memset_t2.asm.obj (.text)
                  0000585e    00000002     --HOLE-- [fill = 0]
                  00005860    00000078     my_RFM9x.obj (.text:GetFskBandwidthRegValue)
                  000058d8    00000078     my_RFM9x.obj (.text:SX1276ReadBuffer)
                  00005950    00000076     my_RFM9x.obj (.text:SX1276ReadRssi)
                  000059c6    00000002     --HOLE-- [fill = 0]
                  000059c8    00000076     my_RFM9x.obj (.text:SX1276WriteBuffer)
                  00005a3e    00000002     --HOLE-- [fill = 0]
                  00005a40    00000074     rtsv7M4_T_le_v4SPD16_eabi.lib : fclose.c.obj (.text:__TI_closefile)
                  00005ab4    00000004     --HOLE-- [fill = 0]
                  00005ab8    00000072     my_spi.obj (.text:spi_open)
                  00005b2a    00000006     --HOLE-- [fill = 0]
                  00005b30    00000070     my_RFM9x.obj (.text:SX1276SetChannel)
                  00005ba0    00000070     rtsv7M4_T_le_v4SPD16_eabi.lib : memory.c.obj (.text:split)
                  00005c10    0000006e                                   : _printfi.c.obj (.text:_mcpy)
                  00005c7e    00000002     --HOLE-- [fill = 0]
                  00005c80    0000006c                                   : hostrename.c.obj (.text:HOSTrename)
                  00005cec    00000068                                   : hostlseek.c.obj (.text:HOSTlseek)
                  00005d54    00000004     --HOLE-- [fill = 0]
                  00005d58    00000068     my_RFM9x.obj (.text:SX1276Random)
                  00005dc0    00000068     timer.obj (.text:TimerInsertTimer)
                  00005e28    00000068     rtsv7M4_T_le_v4SPD16_eabi.lib : copy_decompress_lzss.c.obj (.text:decompress:lzss:__TI_decompress_lzss)
                  00005e90    00000068                                   : printf.c.obj (.text:printf)
                  00005ef8    00000064     msp432p4xx_driverlib.lib : rtc_c.o (.text:RTC_C_enableInterrupt)
                  00005f5c    00000004     --HOLE-- [fill = 0]
                  00005f60    00000064     sx1276-board.obj (.text:SX1276IoIrqInit)
                  00005fc4    00000064     rtsv7M4_T_le_v4SPD16_eabi.lib : s_frexp.c.obj (.text:frexp)
                  00006028    00000064                                   : fseek.c.obj (.text:fseek)
                  0000608c    00000062     msp432p4xx_driverlib.lib : cs.o (.text:_CSGetDividerValue)
                  000060ee    00000062     rtsv7M4_T_le_v4SPD16_eabi.lib : _io_perm.c.obj (.text:__TI_wrt_ok)
                  00006150    00000060                                   : hostopen.c.obj (.text:HOSTopen)
                  000061b0    00000060     my_timer.obj (.text:TimerACounterInit)
                  00006210    0000005c     msp432p4xx_driverlib.lib : rtc_c.o (.text:RTC_C_getInterruptStatus)
                  0000626c    0000005c     rtsv7M4_T_le_v4SPD16_eabi.lib : close.c.obj (.text:close)
                  000062c8    00000058     gpio-board.obj (.text:GpioMcuWrite)
                  00006320    00000058     rtsv7M4_T_le_v4SPD16_eabi.lib : hostread.c.obj (.text:HOSTread)
                  00006378    00000058                                   : hostwrite.c.obj (.text:HOSTwrite)
                  000063d0    00000056                                   : _printfi.c.obj (.text:_pconv_f)
                  00006426    00000002     --HOLE-- [fill = 0]
                  00006428    00000054     my_timer.obj (.text:Delayms)
                  0000647c    00000004     --HOLE-- [fill = 0]
                  00006480    00000054     my_rtc.obj (.text:RTC_C_IRQHandler)
                  000064d4    00000054     rtsv7M4_T_le_v4SPD16_eabi.lib : _ltoa.c.obj (.text:__TI_ltoa)
                  00006528    00000052                                   : _printfi.c.obj (.text:_ecpy)
                  0000657a    00000006     --HOLE-- [fill = 0]
                  00006580    0000004e     my_timer.obj (.text:SetAlarm)
                  000065ce    0000004e     msp432p4xx_driverlib.lib : timer_a.o (.text:Timer_A_initCompare)
                  0000661c    00000004     --HOLE-- [fill = 0]
                  00006620    0000004e     my_spi.obj (.text:spiRead_RFM)
                  0000666e    00000002     --HOLE-- [fill = 0]
                  00006670    0000004c     my_RFM9x.obj (.text:SX1276SetMaxPayloadLength)
                  000066bc    0000004c     msp432p4xx_driverlib.lib : timer_a.o (.text:Timer_A_getCounterValue)
                  00006708    0000004c     rtsv7M4_T_le_v4SPD16_eabi.lib : fflush.c.obj (.text:__TI_doflush)
                  00006754    0000004c                                   : atoi.c.obj (.text:atoi)
                  000067a0    0000004c     my_timer.obj (.text:getTimerAcounterValue)
                  000067ec    00000004     --HOLE-- [fill = 0]
                  000067f0    0000004c     my_spi.obj (.text:spiWrite_RFM)
                  0000683c    00000048     rtsv7M4_T_le_v4SPD16_eabi.lib : exit.c.obj (.text:exit)
                  00006884    00000048                                   : fd_toi_t2.asm.obj (.text)
                  000068cc    00000004     --HOLE-- [fill = 0]
                  000068d0    00000046     my_RFM9x.obj (.text:SX1276StartCad)
                  00006916    00000002     --HOLE-- [fill = 0]
                  00006918    00000044     rtsv7M4_T_le_v4SPD16_eabi.lib : hostclose.c.obj (.text:HOSTclose)
                  0000695c    00000044                                   : hostunlink.c.obj (.text:HOSTunlink)
                  000069a0    00000044                                   : autoinit.c.obj (.text:__TI_auto_init_nobinit_nopinit:__TI_auto_init_nobinit_nopinit)
                  000069e4    00000044                                   : getdevice.c.obj (.text:getdevice)
                  00006a28    00000044                                   : fd_tou_t2.asm.obj (.text)
                  00006a6c    00000004     --HOLE-- [fill = 0]
                  00006a70    00000042     timer.obj (.text:TimerInsertNewHeadTimer)
                  00006ab2    00000002     --HOLE-- [fill = 0]
                  00006ab4    00000040     msp432p4xx_driverlib.lib : gpio.o (.text:GPIO_setAsOutputPin)
                  00006af4    00000004     --HOLE-- [fill = 0]
                  00006af8    00000040     my_RFM9x.obj (.text:SX1276SetSleep)
                  00006b38    00000040     msp432p4xx_driverlib.lib : spi.o (.text:is_A_Module)
                  00006b78    00000040     my_timer.obj (.text:stopLoRaTimer)
                  00006bb8    0000003e     rtsv7M4_T_le_v4SPD16_eabi.lib : _printfi.c.obj (.text:_fcpy)
                  00006bf6    00000002     --HOLE-- [fill = 0]
                  00006bf8    0000003c     my_RFM9x.obj (.text:SX1276SetPublicNetwork)
                  00006c34    00000004     --HOLE-- [fill = 0]
                  00006c38    0000003c     timer.obj (.text:TimerSetTimeout)
                  00006c74    00000004     --HOLE-- [fill = 0]
                  00006c78    0000003c     timer.obj (.text:TimerSetValue)
                  00006cb4    00000004     --HOLE-- [fill = 0]
                  00006cb8    0000003a     main.obj (.text:OnRxTimeout)
                  00006cf2    00000006     --HOLE-- [fill = 0]
                  00006cf8    0000003a     my_RFM9x.obj (.text:SX1276SetStby)
                  00006d32    00000006     --HOLE-- [fill = 0]
                  00006d38    0000003a     timer.obj (.text:TimerExists)
                  00006d72    00000002     --HOLE-- [fill = 0]
                  00006d74    00000038     rtsv7M4_T_le_v4SPD16_eabi.lib : trgmsg.c.obj (.text:__TI_writemsg)
                  00006dac    00000004     --HOLE-- [fill = 0]
                  00006db0    00000036     timer.obj (.text:TimerInit)
                  00006de6    00000036     rtsv7M4_T_le_v4SPD16_eabi.lib : strncpy.c.obj (.text:strncpy)
                  00006e1c    00000004     --HOLE-- [fill = 0]
                  00006e20    00000034     my_gpio.obj (.text:GpioInit)
                  00006e54    00000004     --HOLE-- [fill = 0]
                  00006e58    00000034     my_timer.obj (.text:TA2_0_IRQHandler)
                  00006e8c    00000034     rtsv7M4_T_le_v4SPD16_eabi.lib : fopen.c.obj (.text:__TI_cleanup)
                  00006ec0    00000034                                   : trgmsg.c.obj (.text:__TI_readmsg)
                  00006ef4    00000034                                   : boot_cortex_m.c.obj (.text:_c_int00_noargs:_c_int00_noargs)
                  00006f28    00000030     msp432p4xx_driverlib.lib : cs.o (.text:CS_clearInterruptFlag)
                  00006f58    00000030     rtsv7M4_T_le_v4SPD16_eabi.lib : getdevice.c.obj (.text:finddevice)
                  00006f88    0000002e     main.obj (.text:OnTxTimeout)
                  00006fb6    0000002e     rtsv7M4_T_le_v4SPD16_eabi.lib : i_tofd_t2.asm.obj (.text)
                  00006fe4    00000004     --HOLE-- [fill = 0]
                  00006fe8    0000002c     main.obj (.text:OnRxError)
                  00007014    00000004     --HOLE-- [fill = 0]
                  00007018    0000002c     sx1276-board.obj (.text:SX1276Reset)
                  00007044    00000004     --HOLE-- [fill = 0]
                  00007048    0000002c     my_timer.obj (.text:TA3_0_IRQHandler)
                  00007074    00000004     --HOLE-- [fill = 0]
                  00007078    0000002c     timer.obj (.text:TimerGetElapsedTime)
                  000070a4    0000002c     msp432p4xx_driverlib.lib : timer_a.o (.text:Timer_A_clearCaptureCompareInterrupt)
                  000070d0    0000002c     rtsv7M4_T_le_v4SPD16_eabi.lib : unlink.c.obj (.text:unlink)
                  000070fc    00000004     --HOLE-- [fill = 0]
                  00007100    0000002b     main.obj (.text:OnTxDone)
                  0000712b    00000005     --HOLE-- [fill = 0]
                  00007130    0000002a     my_timer.obj (.text:StopAlarm)
                  0000715a    00000006     --HOLE-- [fill = 0]
                  00007160    0000002a     my_timer.obj (.text:startTimerAcounter)
                  0000718a    00000002     --HOLE-- [fill = 0]
                  0000718c    00000028     msp432p4xx_driverlib.lib : cs.o (.text:CS_getSMCLK)
                  000071b4    00000028                              : gpio.o (.text:GPIO_enableInterrupt)
                  000071dc    00000028                              : gpio.o (.text:GPIO_setOutputHighOnPin)
                  00007204    00000028                              : gpio.o (.text:GPIO_setOutputLowOnPin)
                  0000722c    00000004     --HOLE-- [fill = 0]
                  00007230    00000028     my_gpio.obj (.text:GpioFlashLED)
                  00007258    00000028     msp432p4xx_driverlib.lib : spi.o (.text:SPI_getInterruptStatus)
                  00007280    00000028                              : timer_a.o (.text:Timer_A_setCompareValue)
                  000072a8    00000028     rtsv7M4_T_le_v4SPD16_eabi.lib : memory.c.obj (.text:free_list_insert)
                  000072d0    00000028                                   : lseek.c.obj (.text:lseek)
                  000072f8    00000028                                   : write.c.obj (.text:write)
                  00007320    00000026     msp432p4xx_driverlib.lib : spi.o (.text:SPI_transmitData)
                  00007346    00000002     --HOLE-- [fill = 0]
                  00007348    00000024     my_timer.obj (.text:SetTimerContext)
                  0000736c    00000004     --HOLE-- [fill = 0]
                  00007370    00000024     my_timer.obj (.text:TA0_0_IRQHandler)
                  00007394    00000004     --HOLE-- [fill = 0]
                  00007398    00000022     my_gpio.obj (.text:GpioSetInterrupt)
                  000073ba    00000002     --HOLE-- [fill = 0]
                  000073bc    00000020     msp432p4xx_driverlib.lib : cs.o (.text:CS_setExternalClockSourceFrequency)
                  000073dc    00000004     --HOLE-- [fill = 0]
                  000073e0    00000020     my_timer.obj (.text:GetTimerElapsedTime)
                  00007400    00000020     my_RFM9x.obj (.text:SX1276SetOpMode)
                  00007420    00000020     rtsv7M4_T_le_v4SPD16_eabi.lib : memchr.c.obj (.text:memchr)
                  00007440    00000020                                   : fputs.c.obj (.text:puts)
                  00007460    00000020                                   : u_tofd_t2.asm.obj (.text)
                  00007480    0000001c     msp432p4xx_driverlib.lib : spi.o (.text:SPI_enableModule)
                  0000749c    0000001c                              : spi.o (.text:SPI_receiveData)
                  000074b8    0000001c     my_RFM9x.obj (.text:SX1276ReadFifo)
                  000074d4    00000004     --HOLE-- [fill = 0]
                  000074d8    0000001c     my_RFM9x.obj (.text:SX1276WriteFifo)
                  000074f4    0000001c     rtsv7M4_T_le_v4SPD16_eabi.lib : memory.c.obj (.text:free_list_remove)
                  00007510    0000001c                                   : memccpy.c.obj (.text:memccpy)
                  0000752c    0000001a                                   : s_copysign.c.obj (.text:copysign)
                  00007546    00000018     msp432p4xx_driverlib.lib : spi.o (.text:EUSCI_A_SPI_getInterruptStatus)
                  0000755e    00000018                              : spi.o (.text:EUSCI_B_SPI_getInterruptStatus)
                  00007576    00000002     --HOLE-- [fill = 0]
                  00007578    00000018                              : sysctl_a.o (.text:SysCtl_A_disableNMISource)
                  00007590    00000018                              : sysctl_a.o (.text:SysCtl_A_enableNMISource)
                  000075a8    00000018                              : timer_a.o (.text:Timer_A_clearTimer)
                  000075c0    00000018                              : timer_a.o (.text:Timer_A_disableInterrupt)
                  000075d8    00000018     rtsv7M4_T_le_v4SPD16_eabi.lib : strcmp.c.obj (.text:strcmp)
                  000075f0    00000016     msp432p4xx_driverlib.lib : spi.o (.text:EUSCI_A_SPI_enable)
                  00007606    00000016                              : spi.o (.text:EUSCI_A_SPI_transmitData)
                  0000761c    00000016                              : spi.o (.text:EUSCI_B_SPI_enable)
                  00007632    00000016                              : spi.o (.text:EUSCI_B_SPI_transmitData)
                  00007648    00000016     my_gpio.obj (.text:GpioWrite)
                  0000765e    00000016     msp432p4xx_driverlib.lib : timer_a.o (.text:Timer_A_clearInterruptFlag)
                  00007674    00000016                              : timer_a.o (.text:Timer_A_startCounter)
                  0000768a    00000016     rtsv7M4_T_le_v4SPD16_eabi.lib : strchr.c.obj (.text:strchr)
                  000076a0    00000014     board.obj (.text:BoardCriticalSectionBegin)
                  000076b4    00000004     --HOLE-- [fill = 0]
                  000076b8    00000014     board.obj (.text:GetBoardPowerSource)
                  000076cc    00000004     --HOLE-- [fill = 0]
                  000076d0    00000014     my_timer.obj (.text:GetTimerValue)
                  000076e4    00000014     msp432p4xx_driverlib.lib : timer_a.o (.text:Timer_A_stopTimer)
                  000076f8    00000014     rtsv7M4_T_le_v4SPD16_eabi.lib : strcpy.c.obj (.text:strcpy)
                  0000770c    00000014                                   : strlen.c.obj (.text:strlen)
                  00007720    00000012     board.obj (.text:BoardCriticalSectionEnd)
                  00007732    00000012     rtsv7M4_T_le_v4SPD16_eabi.lib : wcslen.c.obj (.text:wcslen)
                  00007744    00000010     msp432p4xx_driverlib.lib : spi.o (.text:EUSCI_A_SPI_receiveData)
                  00007754    00000010                              : spi.o (.text:EUSCI_B_SPI_receiveData)
                  00007764    00000010                              : sysctl_a.o (.text:SysCtl_A_getNMISourceStatus)
                  00007774    00000004     --HOLE-- [fill = 0]
                  00007778    00000010     timer.obj (.text:TimerGetCurrentTime)
                  00007788    0000000e     msp432p4xx_driverlib.lib : cs.o (.text:CS_startLFXT)
                  00007796    0000000e     rtsv7M4_T_le_v4SPD16_eabi.lib : copy_decompress_none.c.obj (.text:decompress:none:__TI_decompress_none)
                  000077a4    00000004     --HOLE-- [fill = 0]
                  000077a8    0000000c     my_timer.obj (.text:GetTimerContext)
                  000077b4    00000004     --HOLE-- [fill = 0]
                  000077b8    0000000c     startup_msp432p401r_ccs.obj (.text:Reset_Handler)
                  000077c4    00000004     --HOLE-- [fill = 0]
                  000077c8    0000000c     sx1276-board.obj (.text:SX1276CheckRfFrequency)
                  000077d4    00000004     --HOLE-- [fill = 0]
                  000077d8    0000000c     sx1276-board.obj (.text:SX1276GetPaSelect)
                  000077e4    00000004     --HOLE-- [fill = 0]
                  000077e8    0000000c     my_RFM9x.obj (.text:SX1276GetStatus)
                  000077f4    00000004     --HOLE-- [fill = 0]
                  000077f8    0000000c     my_timer.obj (.text:Tick2Ms)
                  00007804    00000004     --HOLE-- [fill = 0]
                  00007808    0000000c     my_timer.obj (.text:TimerMs2Tick)
                  00007814    0000000c     rtsv7M4_T_le_v4SPD16_eabi.lib : copy_zero_init.c.obj (.text:decompress:ZI:__TI_zero_init)
                  00007820    0000000a     my_RFM9x.obj (.text:SX1276GetWakeupTime)
                  0000782a    00000002     --HOLE-- [fill = 0]
                  0000782c    00000008     rtsv7M4_T_le_v4SPD16_eabi.lib : errno.c.obj (.text:__aeabi_errno_addr)
                  00007834    00000008                                   : memory.c.obj (.text:malloc)
                  0000783c    00000004     --HOLE-- [fill = 0]
                  00007840    00000004     my_timer.obj (.text:GetMinimumTimeout)
                  00007844    00000004     --HOLE-- [fill = 0]
                  00007848    00000004     sx1276-board.obj (.text:SX1276GetBoardTcxoWakeupTime)
                  0000784c    00000004     --HOLE-- [fill = 0]
                  00007850    00000002     startup_msp432p401r_ccs.obj (.text:Default_Handler)
                  00007852    00000006     --HOLE-- [fill = 0]
                  00007858    00000002     my_systick.obj (.text:SysTick_Handler)

.const     0    0000785c    000002d8     
                  0000785c    00000101     rtsv7M4_T_le_v4SPD16_eabi.lib : ctype.c.obj (.const:.string:_ctypes_)
                  0000795d    00000003     --HOLE-- [fill = 0]
                  00007960    000000b0     my_RFM9x.obj (.const:FskBandwidths)
                  00007a10    0000006c     sx1276-board.obj (.const:Radio)
                  00007a7c    00000030     msp432p4xx_driverlib.lib : gpio.o (.const:GPIO_PORT_TO_BASE)
                  00007aac    00000030     my_RFM9x.obj (.const:RadioRegsInit)
                  00007adc    0000001c     my_spi.obj (.const:$P$T0$1)
                  00007af8    0000001c     my_rtc.obj (.const:currentTime)
                  00007b14    00000010     my_timer.obj (.const:$P$T1$2)
                  00007b24    00000010     my_timer.obj (.const:contConfig0)

.cinit     0    00007b38    00000098     
                  00007b38    00000074     (.cinit..data.load) [load image, compression = lzss]
                  00007bac    0000000c     (__TI_handler_table)
                  00007bb8    00000008     (.cinit..bss.load) [load image, compression = zero_init]
                  00007bc0    00000010     (__TI_cinit_table)

.init_array 
*          0    00000000    00000000     UNINITIALIZED

.binit     0    00000000    00000000     

.sysmem    0    20000000    00000800     UNINITIALIZED
                  20000000    00000010     rtsv7M4_T_le_v4SPD16_eabi.lib : memory.c.obj (.sysmem)
                  20000010    000007f0     --HOLE--

.bss       0    20000800    00000490     UNINITIALIZED
                  20000800    00000120     rtsv7M4_T_le_v4SPD16_eabi.lib : trgmsg.c.obj (.bss:_CIOBUF_)
                  20000920    00000104     (.common:SX1276)
                  20000a24    00000100     my_RFM9x.obj (.bss:RxTxBuffer)
                  20000b24    000000a0     (.common:__TI_tmpnams)
                  20000bc4    0000001c     main.obj (.bss:RadioEvents)
                  20000be0    00000018     (.common:RxTimeoutSyncWord)
                  20000bf8    00000018     (.common:RxTimeoutTimer)
                  20000c10    00000018     (.common:TxTimeoutTimer)
                  20000c28    00000014     (.common:Led_rgb_blue)
                  20000c3c    00000014     (.common:Led_rgb_green)
                  20000c50    00000014     (.common:Led_rgb_red)
                  20000c64    00000014     (.common:Led_user_red)
                  20000c78    00000008     msp432p4xx_driverlib.lib : cs.o (.bss)
                  20000c80    00000008     (.common:parmbuf)
                  20000c88    00000004     my_timer.obj (.bss:TimerContext)
                  20000c8c    00000004     my_RFM9x.obj (.bss)

.data      0    20000c90    00000204     UNINITIALIZED
                  20000c90    000000f0     rtsv7M4_T_le_v4SPD16_eabi.lib : defs.c.obj (.data:_ftable)
                  20000d80    00000078                                   : host_device.c.obj (.data:_device)
                  20000df8    00000050                                   : host_device.c.obj (.data:_stream)
                  20000e48    00000010                                   : defs.c.obj (.data)
                  20000e58    0000000c                                   : exit.c.obj (.data:$O1$$)
                  20000e64    0000000b     main.obj (.data)
                  20000e6f    00000001     board.obj (.data)
                  20000e70    00000008     rtsv7M4_T_le_v4SPD16_eabi.lib : _lock.c.obj (.data:$O1$$)
                  20000e78    00000008                                   : memory.c.obj (.data:$O1$$)
                  20000e80    00000004     main.obj (.data:RxBuffer)
                  20000e84    00000004     main.obj (.data:TxBuffer)
                  20000e88    00000004     rtsv7M4_T_le_v4SPD16_eabi.lib : errno.c.obj (.data)
                  20000e8c    00000004     timer.obj (.data)
                  20000e90    00000002     my_rtc.obj (.data)
                  20000e92    00000002     my_timer.obj (.data)

.stack     0    2000fe00    00000200     UNINITIALIZED
                  2000fe00    00000004     rtsv7M4_T_le_v4SPD16_eabi.lib : boot_cortex_m.c.obj (.stack)
                  2000fe04    000001fc     --HOLE--

__llvm_prf_cnts 
*          0    20000000    00000000     UNINITIALIZED

MODULE SUMMARY

       Module                        code    ro data   rw data
       ------                        ----    -------   -------
    ./
       my_RFM9x.obj                  8884    224       1184   
       main.obj                      1418    0         94     
       timer.obj                     1296    0         8      
       board.obj                     1094    0         162    
       gpio-board.obj                938     0         0      
       sx1276-board.obj              716     108       0      
       my_timer.obj                  742     32        12     
       my_spi.obj                    394     28        0      
       my_rtc.obj                    238     28        4      
       system_msp432p401r.obj        158     0         0      
       my_gpio.obj                   148     0         0      
       my_systick.obj                2       0         0      
    +--+-----------------------------+-------+---------+---------+
       Total:                        16028   420       1464   
                                                              
    ./ccs/
       startup_msp432p401r_ccs.obj   14      228       0      
    +--+-----------------------------+-------+---------+---------+
       Total:                        14      228       0      
                                                              
    /home/nicholas/ti/ccs1010/ccs/tools/compiler/ti-cgt-arm_20.2.1.LTS/lib/rtsv7M4_T_le_v4SPD16_eabi.lib
       _printfi.c.obj                4851    0         0      
       defs.c.obj                    0       0         832    
       memory.c.obj                  680     0         16     
       trgmsg.c.obj                  108     0         576    
       fd_add_t2.asm.obj             438     0         0      
       host_device.c.obj             0       0         400    
       fd_div_t2.asm.obj             310     0         0      
       fputs.c.obj                   308     0         0      
       s_scalbn.c.obj                272     0         0      
       fd_cmp_t2.asm.obj             268     0         0      
       ctype.c.obj                   0       257       0      
       fd_mul_t2.asm.obj             252     0         0      
       s_ceil.c.obj                  248     0         0      
       s_floor.c.obj                 248     0         0      
       setvbuf.c.obj                 220     0         0      
       s_round.c.obj                 192     0         0      
       memcpy_t2.asm.obj             156     0         0      
       ull_div_t2.asm.obj            150     0         0      
       fputc.c.obj                   140     0         0      
       memset_t2.asm.obj             122     0         0      
       fclose.c.obj                  116     0         0      
       getdevice.c.obj               116     0         0      
       hostopen.c.obj                96      0         16     
       printf.c.obj                  112     0         0      
       hostrename.c.obj              108     0         0      
       copy_decompress_lzss.c.obj    104     0         0      
       hostlseek.c.obj               104     0         0      
       exit.c.obj                    76      0         24     
       fseek.c.obj                   100     0         0      
       s_frexp.c.obj                 100     0         0      
       _io_perm.c.obj                98      0         0      
       close.c.obj                   92      0         0      
       hostread.c.obj                88      0         0      
       hostwrite.c.obj               88      0         0      
       _ltoa.c.obj                   84      0         0      
       atoi.c.obj                    76      0         0      
       fflush.c.obj                  76      0         0      
       fd_toi_t2.asm.obj             72      0         0      
       autoinit.c.obj                68      0         0      
       fd_tou_t2.asm.obj             68      0         0      
       hostclose.c.obj               68      0         0      
       hostunlink.c.obj              68      0         0      
       strncpy.c.obj                 54      0         0      
       boot_cortex_m.c.obj           52      0         0      
       fopen.c.obj                   52      0         0      
       i_tofd_t2.asm.obj             46      0         0      
       unlink.c.obj                  44      0         0      
       lseek.c.obj                   40      0         0      
       write.c.obj                   40      0         0      
       memchr.c.obj                  32      0         0      
       u_tofd_t2.asm.obj             32      0         0      
       memccpy.c.obj                 28      0         0      
       s_copysign.c.obj              26      0         0      
       strcmp.c.obj                  24      0         0      
       strchr.c.obj                  22      0         0      
       strcpy.c.obj                  20      0         0      
       strlen.c.obj                  20      0         0      
       _lock.c.obj                   2       0         16     
       wcslen.c.obj                  18      0         0      
       errno.c.obj                   8       0         8      
       copy_decompress_none.c.obj    14      0         0      
       copy_zero_init.c.obj          12      0         0      
       pre_init.c.obj                4       0         0      
       div0.asm.obj                  2       0         0      
    +--+-----------------------------+-------+---------+---------+
       Total:                        11533   257       1888   
                                                              
    /home/nicholas/ti/ti/simplelink_msp432p4_sdk_3_40_01_02/source/ti/devices/msp432p4xx/driverlib/ccs/msp432p4xx_driverlib.lib
       cs.o                          1088    0         16     
       spi.o                         542     0         0      
       timer_a.o                     350     0         0      
       rtc_c.o                       340     0         0      
       gpio.o                        184     48        0      
       sysctl_a.o                    212     0         0      
    +--+-----------------------------+-------+---------+---------+
       Total:                        2716    48        16     
                                                              
       Heap:                         0       0         4096   
       Stack:                        0       0         1024   
       Linker Generated:             0       152       0      
    +--+-----------------------------+-------+---------+---------+
       Grand Total:                  30291   1105      8488   


LINKER GENERATED COPY TABLES

__TI_cinit_table @ 00007bc0 records: 2, size/record: 8, table size: 16
	.data: load addr=00007b38, load size=00000074 bytes, run addr=20000c90, run size=00000204 bytes, compression=lzss
	.bss: load addr=00007bb8, load size=00000008 bytes, run addr=20000800, run size=00000490 bytes, compression=zero_init


LINKER GENERATED HANDLER TABLE

__TI_handler_table @ 00007bac records: 3, size/record: 4, table size: 12
	index: 0, handler: __TI_decompress_lzss
	index: 1, handler: __TI_decompress_none
	index: 2, handler: __TI_zero_init


GLOBAL SYMBOLS: SORTED ALPHABETICALLY BY Name 

address   name                                
-------   ----                                
00007851  ADC14_IRQHandler                    
00007851  AES256_IRQHandler                   
000076a1  BoardCriticalSectionBegin           
00007721  BoardCriticalSectionEnd             
00004879  BoardInitMcu                        
20000e64  BufferSize                          
00007851  BusFault_Handler                    
00002d5b  C$$EXIT                             
00006da3  C$$IO$$                             
00007851  COMP_E0_IRQHandler                  
00007851  COMP_E1_IRQHandler                  
00007851  CS_IRQHandler                       
00006f29  CS_clearInterruptFlag               
00004201  CS_getDCOFrequency                  
0000718d  CS_getSMCLK                         
000073bd  CS_setExternalClockSourceFrequency  
00007789  CS_startLFXT                        
000046b9  CS_startLFXTWithTimeout             
20000e67  DIO0Flag                            
20000e68  DIO1Flag                            
20000e69  DIO2Flag                            
20000e6a  DIO3Flag                            
20000e6b  DIO4Flag                            
00007851  DMA_ERR_IRQHandler                  
00007851  DMA_INT0_IRQHandler                 
00007851  DMA_INT1_IRQHandler                 
00007851  DMA_INT2_IRQHandler                 
00007851  DMA_INT3_IRQHandler                 
00007851  DebugMon_Handler                    
00007851  Default_Handler                     
00006429  Delayms                             
00007851  EUSCIA0_IRQHandler                  
00007851  EUSCIA1_IRQHandler                  
00007851  EUSCIA2_IRQHandler                  
00007851  EUSCIA3_IRQHandler                  
00007851  EUSCIB0_IRQHandler                  
00007851  EUSCIB1_IRQHandler                  
00007851  EUSCIB2_IRQHandler                  
00007851  EUSCIB3_IRQHandler                  
000075f1  EUSCI_A_SPI_enable                  
00007547  EUSCI_A_SPI_getInterruptStatus      
00007745  EUSCI_A_SPI_receiveData             
00007607  EUSCI_A_SPI_transmitData            
0000761d  EUSCI_B_SPI_enable                  
0000755f  EUSCI_B_SPI_getInterruptStatus      
00007755  EUSCI_B_SPI_receiveData             
00007633  EUSCI_B_SPI_transmitData            
00007851  FLCTL_IRQHandler                    
00007851  FPU_IRQHandler                      
00007960  FskBandwidths                       
000071b5  GPIO_enableInterrupt                
00006ab5  GPIO_setAsOutputPin                 
000071dd  GPIO_setOutputHighOnPin             
00007205  GPIO_setOutputLowOnPin              
000076b9  GetBoardPowerSource                 
00005861  GetFskBandwidthRegValue             
00007841  GetMinimumTimeout                   
000077a9  GetTimerContext                     
000073e1  GetTimerElapsedTime                 
000076d1  GetTimerValue                       
00007231  GpioFlashLED                        
00006e21  GpioInit                            
000025e9  GpioMcuInit                         
000036a9  GpioMcuSetInterrupt                 
000062c9  GpioMcuWrite                        
00007399  GpioSetInterrupt                    
00007649  GpioWrite                           
00006919  HOSTclose                           
00005ced  HOSTlseek                           
00006151  HOSTopen                            
00006321  HOSTread                            
00005c81  HOSTrename                          
0000695d  HOSTunlink                          
00006379  HOSTwrite                           
00007851  HardFault_Handler                   
20000c28  Led_rgb_blue                        
20000c3c  Led_rgb_green                       
20000c50  Led_rgb_red                         
20000c64  Led_user_red                        
00007851  MemManage_Handler                   
00007851  NMI_Handler                         
000054c1  OnRxDone                            
00006fe9  OnRxError                           
00006cb9  OnRxTimeout                         
00007101  OnTxDone                            
00006f89  OnTxTimeout                         
00007851  PCM_IRQHandler                      
00007851  PORT1_IRQHandler                    
00004ff9  PORT2_IRQHandler                    
00004ff9  PORT2_IRQHandler                    
00007851  PORT3_IRQHandler                    
00007851  PORT4_IRQHandler                    
00007851  PORT5_IRQHandler                    
00007851  PORT6_IRQHandler                    
00007851  PSS_IRQHandler                      
00007851  PendSV_Handler                      
00006481  RTC_C_IRQHandler                    
00006481  RTC_C_IRQHandler                    
00005ef9  RTC_C_enableInterrupt               
00005309  RTC_C_getEnabledInterruptStatus     
00006211  RTC_C_getInterruptStatus            
00007a10  Radio                               
00002d61  RadioInit                           
00007aac  RadioRegsInit                       
000077b9  Reset_Handler                       
20000e6d  RssiValue                           
00005139  RtcInit                             
20000e80  RxBuffer                            
00004a29  RxChainCalibration                  
20000be0  RxTimeoutSyncWord                   
20000bf8  RxTimeoutTimer                      
00007481  SPI_enableModule                    
00007259  SPI_getInterruptStatus              
00004ea7  SPI_initMaster                      
0000749d  SPI_receiveData                     
00007321  SPI_transmitData                    
00007851  SVC_Handler                         
20000920  SX1276                              
000077c9  SX1276CheckRfFrequency              
00007849  SX1276GetBoardTcxoWakeupTime        
000077e9  SX1276GetStatus                     
00001441  SX1276GetTimeOnAir                  
00007821  SX1276GetWakeupTime                 
00004951  SX1276Init                          
00004af1  SX1276IoInit                        
00005f61  SX1276IoIrqInit                     
00005431  SX1276IsChannelFree                 
00000b39  SX1276OnDio0Irq                     
00002389  SX1276OnDio1Irq                     
00002f19  SX1276OnDio2Irq                     
00003249  SX1276OnTimeoutIrq                  
00005d59  SX1276Random                        
000058d9  SX1276ReadBuffer                    
000074b9  SX1276ReadFifo                      
00005951  SX1276ReadRssi                      
00007019  SX1276Reset                         
000030b1  SX1276Send                          
00005b31  SX1276SetChannel                    
00006671  SX1276SetMaxPayloadLength           
00004bb9  SX1276SetModem                      
00007401  SX1276SetOpMode                     
00006bf9  SX1276SetPublicNetwork              
00003549  SX1276SetRfTxPower                  
00001b79  SX1276SetRx                         
00001021  SX1276SetRxConfig                   
00006af9  SX1276SetSleep                      
00006cf9  SX1276SetStby                       
000044e9  SX1276SetTx                         
00001841  SX1276SetTxConfig                   
000068d1  SX1276StartCad                      
000059c9  SX1276WriteBuffer                   
000074d9  SX1276WriteFifo                     
00006581  SetAlarm                            
00007349  SetTimerContext                     
20000e6e  SnrValue                            
20000e66  State                               
00007131  StopAlarm                           
00007579  SysCtl_A_disableNMISource           
00007591  SysCtl_A_enableNMISource            
00007765  SysCtl_A_getNMISourceStatus         
0000539d  SysCtl_A_getTLVInfo                 
00007859  SysTick_Handler                     
00007859  SysTick_Handler                     
00004d41  SystemClockConfig                   
00004f59  SystemInit                          
00007851  T32_INT1_IRQHandler                 
00007851  T32_INT2_IRQHandler                 
00007851  T32_INTC_IRQHandler                 
00007371  TA0_0_IRQHandler                    
00007371  TA0_0_IRQHandler                    
00007851  TA0_N_IRQHandler                    
00007851  TA1_0_IRQHandler                    
00007851  TA1_N_IRQHandler                    
00006e59  TA2_0_IRQHandler                    
00006e59  TA2_0_IRQHandler                    
00007851  TA2_N_IRQHandler                    
00007049  TA3_0_IRQHandler                    
00007049  TA3_0_IRQHandler                    
00007851  TA3_N_IRQHandler                    
000077f9  Tick2Ms                             
000061b1  TimerACounterInit                   
00007779  TimerGetCurrentTime                 
00007079  TimerGetElapsedTime                 
00006db1  TimerInit                           
000033d9  TimerIrqHandler                     
00007809  TimerMs2Tick                        
00006c79  TimerSetValue                       
000051d9  TimerStart                          
00003801  TimerStop                           
000070a5  Timer_A_clearCaptureCompareInterrupt
0000765f  Timer_A_clearInterruptFlag          
000075a9  Timer_A_clearTimer                  
000075c1  Timer_A_disableInterrupt            
000066bd  Timer_A_getCounterValue             
000065cf  Timer_A_initCompare                 
00007281  Timer_A_setCompareValue             
00007675  Timer_A_startCounter                
000076e5  Timer_A_stopTimer                   
20000e84  TxBuffer                            
20000e91  TxFlag                              
20000c10  TxTimeoutTimer                      
00007851  UsageFault_Handler                  
4000480c  WDTCTL_SYM                          
00007851  WDT_A_IRQHandler                    
20000800  __CIOBUF_                           
20010000  __STACK_END                         
00000200  __STACK_SIZE                        
00000800  __SYSMEM_SIZE                       
00007bc0  __TI_CINIT_Base                     
00007bd0  __TI_CINIT_Limit                    
00007bac  __TI_Handler_Table_Base             
00007bb8  __TI_Handler_Table_Limit            
000069a1  __TI_auto_init_nobinit_nopinit      
00006e8d  __TI_cleanup                        
20000e58  __TI_cleanup_ptr                    
00005a41  __TI_closefile                      
00005e29  __TI_decompress_lzss                
00007797  __TI_decompress_none                
00006709  __TI_doflush                        
20000e5c  __TI_dtors_ptr                      
20000e60  __TI_enable_exit_profile_output     
20000e48  __TI_ft_end                         
000064d5  __TI_ltoa                           
ffffffff  __TI_pprof_out_hndl                 
000000e9  __TI_printfi                        
ffffffff  __TI_prof_data_size                 
ffffffff  __TI_prof_data_start                
00006ec1  __TI_readmsg                        
00000000  __TI_static_base__                  
20000b24  __TI_tmpnams                        
00006d75  __TI_writemsg                       
000060ef  __TI_wrt_ok                         
00007815  __TI_zero_init                      
000055dd  __aeabi_cdcmpeq                     
000055dd  __aeabi_cdcmple                     
00005663  __aeabi_cdrcmple                    
00006885  __aeabi_d2iz                        
00006a29  __aeabi_d2uiz                       
00002baf  __aeabi_dadd                        
00003a79  __aeabi_ddiv                        
00004105  __aeabi_dmul                        
00002ba5  __aeabi_dsub                        
0000782d  __aeabi_errno_addr                  
00006fb7  __aeabi_i2d                         
0000143f  __aeabi_idiv0                       
0000143f  __aeabi_ldiv0                       
000057e5  __aeabi_memclr                      
000057e5  __aeabi_memclr4                     
000057e5  __aeabi_memclr8                     
00005097  __aeabi_memcpy                      
00005097  __aeabi_memcpy4                     
00005097  __aeabi_memcpy8                     
000057e7  __aeabi_memset                      
000057e7  __aeabi_memset4                     
000057e7  __aeabi_memset8                     
20000e54  __aeabi_stderr                      
20000e4c  __aeabi_stdin                       
20000e50  __aeabi_stdout                      
00007461  __aeabi_ui2d                        
00005271  __aeabi_uldivmod                    
ffffffff  __binit__                           
ffffffff  __c_args__                          
UNDEFED   __mpu_init                          
2000fe00  __stack                             
20000000  __start___llvm_prf_cnts             
20000000  __stop___llvm_prf_cnts              
00006ef5  _c_int00_noargs                     
0000785c  _ctypes_                            
20000d80  _device                             
20000c90  _ftable                             
20000e70  _lock                               
00000b37  _nop                                
20000df8  _stream                             
20000000  _sys_memory                         
UNDEFED   _system_post_cinit                  
000027e3  _system_pre_init                    
20000e74  _unlock                             
00002d5b  abort                               
00003ef9  aligned_alloc                       
00006755  atoi                                
20000e65  attempts                            
ffffffff  binit                               
000042f9  ceil                                
000042f9  ceill                               
0000626d  close                               
00007b24  contConfig0                         
0000752d  copysign                            
0000752d  copysignl                           
00007af8  currentTime                         
20000e88  errno                               
0000683d  exit                                
00006f59  finddevice                          
000043f1  floor                               
000043f1  floorl                              
00005551  fputc                               
00003cd5  fputs                               
000045d5  free                                
00005fc5  frexp                               
00005fc5  frexpl                              
00006029  fseek                               
000067a1  getTimerAcounterValue               
000069e5  getdevice                           
00000000  interruptVectors                    
20000e93  isTimerAcounterRunning              
00003de9  ldexp                               
00003de9  ldexpl                              
000072d1  lseek                               
000027e9  main                                
00007835  malloc                              
00003ef9  memalign                            
00007511  memccpy                             
00007421  memchr                              
00005097  memcpy                              
000057ed  memset                              
20000e90  minutes                             
20000c80  parmbuf                             
00005e91  printf                              
00005551  putc                                
00007441  puts                                
000070d1  remove                              
00004c7d  round                               
00004c7d  roundl                              
00003de9  scalbn                              
00003de9  scalbnl                             
00004799  setvbuf                             
00006621  spiRead_RFM                         
000067f1  spiWrite_RFM                        
00005ab9  spi_open                            
000056e9  spi_read_write                      
00007161  startTimerAcounter                  
00006b79  stopLoRaTimer                       
0000768b  strchr                              
000075d9  strcmp                              
000076f9  strcpy                              
0000770d  strlen                              
00006de7  strncpy                             
20000e92  timerTick_ms                        
000070d1  unlink                              
20000e6c  waitingForAck                       
00007733  wcslen                              
000072f9  write                               


GLOBAL SYMBOLS: SORTED BY Symbol Address 

address   name                                
-------   ----                                
00000000  __TI_static_base__                  
00000000  interruptVectors                    
000000e9  __TI_printfi                        
00000200  __STACK_SIZE                        
00000800  __SYSMEM_SIZE                       
00000b37  _nop                                
00000b39  SX1276OnDio0Irq                     
00001021  SX1276SetRxConfig                   
0000143f  __aeabi_idiv0                       
0000143f  __aeabi_ldiv0                       
00001441  SX1276GetTimeOnAir                  
00001841  SX1276SetTxConfig                   
00001b79  SX1276SetRx                         
00002389  SX1276OnDio1Irq                     
000025e9  GpioMcuInit                         
000027e3  _system_pre_init                    
000027e9  main                                
00002ba5  __aeabi_dsub                        
00002baf  __aeabi_dadd                        
00002d5b  C$$EXIT                             
00002d5b  abort                               
00002d61  RadioInit                           
00002f19  SX1276OnDio2Irq                     
000030b1  SX1276Send                          
00003249  SX1276OnTimeoutIrq                  
000033d9  TimerIrqHandler                     
00003549  SX1276SetRfTxPower                  
000036a9  GpioMcuSetInterrupt                 
00003801  TimerStop                           
00003a79  __aeabi_ddiv                        
00003cd5  fputs                               
00003de9  ldexp                               
00003de9  ldexpl                              
00003de9  scalbn                              
00003de9  scalbnl                             
00003ef9  aligned_alloc                       
00003ef9  memalign                            
00004105  __aeabi_dmul                        
00004201  CS_getDCOFrequency                  
000042f9  ceil                                
000042f9  ceill                               
000043f1  floor                               
000043f1  floorl                              
000044e9  SX1276SetTx                         
000045d5  free                                
000046b9  CS_startLFXTWithTimeout             
00004799  setvbuf                             
00004879  BoardInitMcu                        
00004951  SX1276Init                          
00004a29  RxChainCalibration                  
00004af1  SX1276IoInit                        
00004bb9  SX1276SetModem                      
00004c7d  round                               
00004c7d  roundl                              
00004d41  SystemClockConfig                   
00004ea7  SPI_initMaster                      
00004f59  SystemInit                          
00004ff9  PORT2_IRQHandler                    
00004ff9  PORT2_IRQHandler                    
00005097  __aeabi_memcpy                      
00005097  __aeabi_memcpy4                     
00005097  __aeabi_memcpy8                     
00005097  memcpy                              
00005139  RtcInit                             
000051d9  TimerStart                          
00005271  __aeabi_uldivmod                    
00005309  RTC_C_getEnabledInterruptStatus     
0000539d  SysCtl_A_getTLVInfo                 
00005431  SX1276IsChannelFree                 
000054c1  OnRxDone                            
00005551  fputc                               
00005551  putc                                
000055dd  __aeabi_cdcmpeq                     
000055dd  __aeabi_cdcmple                     
00005663  __aeabi_cdrcmple                    
000056e9  spi_read_write                      
000057e5  __aeabi_memclr                      
000057e5  __aeabi_memclr4                     
000057e5  __aeabi_memclr8                     
000057e7  __aeabi_memset                      
000057e7  __aeabi_memset4                     
000057e7  __aeabi_memset8                     
000057ed  memset                              
00005861  GetFskBandwidthRegValue             
000058d9  SX1276ReadBuffer                    
00005951  SX1276ReadRssi                      
000059c9  SX1276WriteBuffer                   
00005a41  __TI_closefile                      
00005ab9  spi_open                            
00005b31  SX1276SetChannel                    
00005c81  HOSTrename                          
00005ced  HOSTlseek                           
00005d59  SX1276Random                        
00005e29  __TI_decompress_lzss                
00005e91  printf                              
00005ef9  RTC_C_enableInterrupt               
00005f61  SX1276IoIrqInit                     
00005fc5  frexp                               
00005fc5  frexpl                              
00006029  fseek                               
000060ef  __TI_wrt_ok                         
00006151  HOSTopen                            
000061b1  TimerACounterInit                   
00006211  RTC_C_getInterruptStatus            
0000626d  close                               
000062c9  GpioMcuWrite                        
00006321  HOSTread                            
00006379  HOSTwrite                           
00006429  Delayms                             
00006481  RTC_C_IRQHandler                    
00006481  RTC_C_IRQHandler                    
000064d5  __TI_ltoa                           
00006581  SetAlarm                            
000065cf  Timer_A_initCompare                 
00006621  spiRead_RFM                         
00006671  SX1276SetMaxPayloadLength           
000066bd  Timer_A_getCounterValue             
00006709  __TI_doflush                        
00006755  atoi                                
000067a1  getTimerAcounterValue               
000067f1  spiWrite_RFM                        
0000683d  exit                                
00006885  __aeabi_d2iz                        
000068d1  SX1276StartCad                      
00006919  HOSTclose                           
0000695d  HOSTunlink                          
000069a1  __TI_auto_init_nobinit_nopinit      
000069e5  getdevice                           
00006a29  __aeabi_d2uiz                       
00006ab5  GPIO_setAsOutputPin                 
00006af9  SX1276SetSleep                      
00006b79  stopLoRaTimer                       
00006bf9  SX1276SetPublicNetwork              
00006c79  TimerSetValue                       
00006cb9  OnRxTimeout                         
00006cf9  SX1276SetStby                       
00006d75  __TI_writemsg                       
00006da3  C$$IO$$                             
00006db1  TimerInit                           
00006de7  strncpy                             
00006e21  GpioInit                            
00006e59  TA2_0_IRQHandler                    
00006e59  TA2_0_IRQHandler                    
00006e8d  __TI_cleanup                        
00006ec1  __TI_readmsg                        
00006ef5  _c_int00_noargs                     
00006f29  CS_clearInterruptFlag               
00006f59  finddevice                          
00006f89  OnTxTimeout                         
00006fb7  __aeabi_i2d                         
00006fe9  OnRxError                           
00007019  SX1276Reset                         
00007049  TA3_0_IRQHandler                    
00007049  TA3_0_IRQHandler                    
00007079  TimerGetElapsedTime                 
000070a5  Timer_A_clearCaptureCompareInterrupt
000070d1  remove                              
000070d1  unlink                              
00007101  OnTxDone                            
00007131  StopAlarm                           
00007161  startTimerAcounter                  
0000718d  CS_getSMCLK                         
000071b5  GPIO_enableInterrupt                
000071dd  GPIO_setOutputHighOnPin             
00007205  GPIO_setOutputLowOnPin              
00007231  GpioFlashLED                        
00007259  SPI_getInterruptStatus              
00007281  Timer_A_setCompareValue             
000072d1  lseek                               
000072f9  write                               
00007321  SPI_transmitData                    
00007349  SetTimerContext                     
00007371  TA0_0_IRQHandler                    
00007371  TA0_0_IRQHandler                    
00007399  GpioSetInterrupt                    
000073bd  CS_setExternalClockSourceFrequency  
000073e1  GetTimerElapsedTime                 
00007401  SX1276SetOpMode                     
00007421  memchr                              
00007441  puts                                
00007461  __aeabi_ui2d                        
00007481  SPI_enableModule                    
0000749d  SPI_receiveData                     
000074b9  SX1276ReadFifo                      
000074d9  SX1276WriteFifo                     
00007511  memccpy                             
0000752d  copysign                            
0000752d  copysignl                           
00007547  EUSCI_A_SPI_getInterruptStatus      
0000755f  EUSCI_B_SPI_getInterruptStatus      
00007579  SysCtl_A_disableNMISource           
00007591  SysCtl_A_enableNMISource            
000075a9  Timer_A_clearTimer                  
000075c1  Timer_A_disableInterrupt            
000075d9  strcmp                              
000075f1  EUSCI_A_SPI_enable                  
00007607  EUSCI_A_SPI_transmitData            
0000761d  EUSCI_B_SPI_enable                  
00007633  EUSCI_B_SPI_transmitData            
00007649  GpioWrite                           
0000765f  Timer_A_clearInterruptFlag          
00007675  Timer_A_startCounter                
0000768b  strchr                              
000076a1  BoardCriticalSectionBegin           
000076b9  GetBoardPowerSource                 
000076d1  GetTimerValue                       
000076e5  Timer_A_stopTimer                   
000076f9  strcpy                              
0000770d  strlen                              
00007721  BoardCriticalSectionEnd             
00007733  wcslen                              
00007745  EUSCI_A_SPI_receiveData             
00007755  EUSCI_B_SPI_receiveData             
00007765  SysCtl_A_getNMISourceStatus         
00007779  TimerGetCurrentTime                 
00007789  CS_startLFXT                        
00007797  __TI_decompress_none                
000077a9  GetTimerContext                     
000077b9  Reset_Handler                       
000077c9  SX1276CheckRfFrequency              
000077e9  SX1276GetStatus                     
000077f9  Tick2Ms                             
00007809  TimerMs2Tick                        
00007815  __TI_zero_init                      
00007821  SX1276GetWakeupTime                 
0000782d  __aeabi_errno_addr                  
00007835  malloc                              
00007841  GetMinimumTimeout                   
00007849  SX1276GetBoardTcxoWakeupTime        
00007851  ADC14_IRQHandler                    
00007851  AES256_IRQHandler                   
00007851  BusFault_Handler                    
00007851  COMP_E0_IRQHandler                  
00007851  COMP_E1_IRQHandler                  
00007851  CS_IRQHandler                       
00007851  DMA_ERR_IRQHandler                  
00007851  DMA_INT0_IRQHandler                 
00007851  DMA_INT1_IRQHandler                 
00007851  DMA_INT2_IRQHandler                 
00007851  DMA_INT3_IRQHandler                 
00007851  DebugMon_Handler                    
00007851  Default_Handler                     
00007851  EUSCIA0_IRQHandler                  
00007851  EUSCIA1_IRQHandler                  
00007851  EUSCIA2_IRQHandler                  
00007851  EUSCIA3_IRQHandler                  
00007851  EUSCIB0_IRQHandler                  
00007851  EUSCIB1_IRQHandler                  
00007851  EUSCIB2_IRQHandler                  
00007851  EUSCIB3_IRQHandler                  
00007851  FLCTL_IRQHandler                    
00007851  FPU_IRQHandler                      
00007851  HardFault_Handler                   
00007851  MemManage_Handler                   
00007851  NMI_Handler                         
00007851  PCM_IRQHandler                      
00007851  PORT1_IRQHandler                    
00007851  PORT3_IRQHandler                    
00007851  PORT4_IRQHandler                    
00007851  PORT5_IRQHandler                    
00007851  PORT6_IRQHandler                    
00007851  PSS_IRQHandler                      
00007851  PendSV_Handler                      
00007851  SVC_Handler                         
00007851  T32_INT1_IRQHandler                 
00007851  T32_INT2_IRQHandler                 
00007851  T32_INTC_IRQHandler                 
00007851  TA0_N_IRQHandler                    
00007851  TA1_0_IRQHandler                    
00007851  TA1_N_IRQHandler                    
00007851  TA2_N_IRQHandler                    
00007851  TA3_N_IRQHandler                    
00007851  UsageFault_Handler                  
00007851  WDT_A_IRQHandler                    
00007859  SysTick_Handler                     
00007859  SysTick_Handler                     
0000785c  _ctypes_                            
00007960  FskBandwidths                       
00007a10  Radio                               
00007aac  RadioRegsInit                       
00007af8  currentTime                         
00007b24  contConfig0                         
00007bac  __TI_Handler_Table_Base             
00007bb8  __TI_Handler_Table_Limit            
00007bc0  __TI_CINIT_Base                     
00007bd0  __TI_CINIT_Limit                    
20000000  __start___llvm_prf_cnts             
20000000  __stop___llvm_prf_cnts              
20000000  _sys_memory                         
20000800  __CIOBUF_                           
20000920  SX1276                              
20000b24  __TI_tmpnams                        
20000be0  RxTimeoutSyncWord                   
20000bf8  RxTimeoutTimer                      
20000c10  TxTimeoutTimer                      
20000c28  Led_rgb_blue                        
20000c3c  Led_rgb_green                       
20000c50  Led_rgb_red                         
20000c64  Led_user_red                        
20000c80  parmbuf                             
20000c90  _ftable                             
20000d80  _device                             
20000df8  _stream                             
20000e48  __TI_ft_end                         
20000e4c  __aeabi_stdin                       
20000e50  __aeabi_stdout                      
20000e54  __aeabi_stderr                      
20000e58  __TI_cleanup_ptr                    
20000e5c  __TI_dtors_ptr                      
20000e60  __TI_enable_exit_profile_output     
20000e64  BufferSize                          
20000e65  attempts                            
20000e66  State                               
20000e67  DIO0Flag                            
20000e68  DIO1Flag                            
20000e69  DIO2Flag                            
20000e6a  DIO3Flag                            
20000e6b  DIO4Flag                            
20000e6c  waitingForAck                       
20000e6d  RssiValue                           
20000e6e  SnrValue                            
20000e70  _lock                               
20000e74  _unlock                             
20000e80  RxBuffer                            
20000e84  TxBuffer                            
20000e88  errno                               
20000e90  minutes                             
20000e91  TxFlag                              
20000e92  timerTick_ms                        
20000e93  isTimerAcounterRunning              
2000fe00  __stack                             
20010000  __STACK_END                         
4000480c  WDTCTL_SYM                          
ffffffff  __TI_pprof_out_hndl                 
ffffffff  __TI_prof_data_size                 
ffffffff  __TI_prof_data_start                
ffffffff  __binit__                           
ffffffff  __c_args__                          
ffffffff  binit                               
UNDEFED   __mpu_init                          
UNDEFED   _system_post_cinit                  

[341 symbols]
