******************************************************************************
                  TI ARM Linker PC v18.12.5                    
******************************************************************************
>> Linked Sun Apr  5 09:27:33 2020

OUTPUT FILE NAME:   <Meesters.out>
ENTRY POINT SYMBOL: "_c_int00_noargs"  address: 00003849


MEMORY CONFIGURATION

         name            origin    length      used     unused   attr    fill
----------------------  --------  ---------  --------  --------  ----  --------
  MAIN                  00000000   00040000  00004022  0003bfde  R  X
  INFO                  00200000   00004000  00000000  00004000  R  X
  SRAM_CODE             01000000   00010000  000004b3  0000fb4d  RW X
  SRAM_DATA             20000000   00010000  000004b3  0000fb4d  RW  


SEGMENT ALLOCATION MAP

run origin  load origin   length   init length attrs members
----------  ----------- ---------- ----------- ----- -------
00000000    00000000    00004028   00004028    r-x
  00000000    00000000    000000e4   000000e4    r-- .intvecs
  000000e4    000000e4    00003d1e   00003d1e    r-x .text
  00003e04    00003e04    000001e0   000001e0    r-- .const
  00003fe8    00003fe8    00000040   00000040    r-- .cinit
20000000    20000000    000002b3   00000000    rw-
  20000000    20000000    00000260   00000000    rw- .bss
  20000260    20000260    00000053   00000000    rw- .data
2000fe00    2000fe00    00000200   00000000    rw-
  2000fe00    2000fe00    00000200   00000000    rw- .stack


SECTION ALLOCATION MAP

 output                                  attributes/
section   page    origin      length       input sections
--------  ----  ----------  ----------   ----------------
.intvecs   0    00000000    000000e4     
                  00000000    000000e4     startup_msp432p401r_ccs.obj (.intvecs:retain)

.text      0    000000e4    00003d1e     
                  000000e4    000003b8     my_RFM9x.obj (.text:SX1276SetRxConfig)
                  0000049c    00000398     my_RFM9x.obj (.text:SX1276GetTimeOnAir)
                  00000834    000002f0     my_RFM9x.obj (.text:SX1276OnDio0Irq)
                  00000b24    000002ec     my_RFM9x.obj (.text:SX1276SetTxConfig)
                  00000e10    00000254     my_RFM9x.obj (.text:SX1276SetRx)
                  00001064    00000208     board.obj (.text:BoardUnusedIoInit)
                  0000126c    000001c4     gpio-board.obj (.text:GpioMcuInit)
                  00001430    000001b6     rtsv7M4_T_le_v4SPD16_eabi.lib : fd_add_t2.asm.obj (.text)
                  000015e6    00000002     startup_msp432p401r_ccs.obj (.text:Default_Handler)
                  000015e8    000001a4     main.obj (.text:main)
                  0000178c    00000168     my_RFM9x.obj (.text:SX1276OnDio1Irq)
                  000018f4    00000154     sx1276-board.obj (.text:SX1276SetRfTxPower)
                  00001a48    0000014c     my_RFM9x.obj (.text:SX1276Send)
                  00001b94    00000144     msp432p4xx_driverlib.lib : timer_a.o (.text:privateTimer_AProcessClockSourceDivider)
                  00001cd8    00000138     my_RFM9x.obj (.text:SX1276OnDio2Irq)
                  00001e10    00000136     rtsv7M4_T_le_v4SPD16_eabi.lib : fd_div_t2.asm.obj (.text)
                  00001f46    00000002     my_systick.obj (.text:SysTick_Handler)
                  00001f48    00000118     gpio-board.obj (.text:GpioMcuSetInterrupt)
                  00002060    000000fc     rtsv7M4_T_le_v4SPD16_eabi.lib : fd_mul_t2.asm.obj (.text)
                  0000215c    000000f8                                   : s_ceil.c.obj (.text:ceil)
                  00002254    000000f8                                   : s_floor.c.obj (.text:floor)
                  0000234c    000000c0                                   : s_round.c.obj (.text:round)
                  0000240c    000000b4     my_RFM9x.obj (.text:SX1276SetTx)
                  000024c0    000000b0     msp432p4xx_driverlib.lib : spi.o (.text:SPI_initMaster)
                  00002570    000000b0     sx1276-board.obj (.text:SX1276IoInit)
                  00002620    000000a8     my_RFM9x.obj (.text:RxChainCalibration)
                  000026c8    000000a4     my_RFM9x.obj (.text:SX1276IsChannelFree)
                  0000276c    000000a0     my_RFM9x.obj (.text:SX1276SetModem)
                  0000280c    0000009c     rtsv7M4_T_le_v4SPD16_eabi.lib : memcpy_t2.asm.obj (.text)
                  000028a8    00000094     msp432p4xx_driverlib.lib : rtc_c.o (.text:RTC_C_getEnabledInterruptStatus)
                  0000293c    00000090     my_timer.obj (.text:startLoRaTimer)
                  000029cc    0000008c     my_RFM9x.obj (.text:SX1276Init)
                  00002a58    0000008c     my_RFM9x.obj (.text:SX1276SetTxContinuousWave)
                  00002ae4    00000088     board.obj (.text:BoardInitMcu)
                  00002b6c    00000086     rtsv7M4_T_le_v4SPD16_eabi.lib : fd_cmp_t2.asm.obj (.text:__aeabi_cdcmple)
                  00002bf2    00000086                                   : fd_cmp_t2.asm.obj (.text:__aeabi_cdrcmple)
                  00002c78    00000080     msp432p4xx_driverlib.lib : interrupt.o (.text:Interrupt_enableInterrupt)
                  00002cf8    0000007a     rtsv7M4_T_le_v4SPD16_eabi.lib : memset_t2.asm.obj (.text)
                  00002d72    00000002     --HOLE-- [fill = 0]
                  00002d74    00000078     main.obj (.text:PORT2_IRQHandler)
                  00002dec    00000078     system_msp432p401r.obj (.text:SystemInit)
                  00002e64    0000006e     rtsv7M4_T_le_v4SPD16_eabi.lib : fd_tos_t2.asm.obj (.text)
                  00002ed2    00000002     --HOLE-- [fill = 0]
                  00002ed4    0000006c     my_RFM9x.obj (.text:SX1276ReadRssi)
                  00002f40    00000068     main.obj (.text:OnRxDone)
                  00002fa8    00000068     msp432p4xx_driverlib.lib : timer_a.o (.text:Timer_A_configureUpMode)
                  00003010    00000068     rtsv7M4_T_le_v4SPD16_eabi.lib : copy_decompress_lzss.c.obj (.text:decompress:lzss:__TI_decompress_lzss)
                  00003078    00000064     my_RFM9x.obj (.text:GetFskBandwidthRegValue)
                  000030dc    00000060     my_RFM9x.obj (.text:SX1276ReadBuffer)
                  0000313c    00000060     my_RFM9x.obj (.text:SX1276WriteBuffer)
                  0000319c    0000005e     my_RFM9x.obj (.text:SX1276Random)
                  000031fa    00000002     --HOLE-- [fill = 0]
                  000031fc    0000005c     msp432p4xx_driverlib.lib : rtc_c.o (.text:RTC_C_getInterruptStatus)
                  00003258    00000058     my_timer.obj (.text:Delayms)
                  000032b0    00000058     sx1276-board.obj (.text:SX1276IoIrqInit)
                  00003308    00000058     my_timer.obj (.text:stopTiming)
                  00003360    00000050     my_RFM9x.obj (.text:SX1276SetChannel)
                  000033b0    0000004c     msp432p4xx_driverlib.lib : timer_a.o (.text:Timer_A_getCounterValue)
                  000033fc    00000048     my_RFM9x.obj (.text:SX1276SetMaxPayloadLength)
                  00003444    00000048     rtsv7M4_T_le_v4SPD16_eabi.lib : fd_toi_t2.asm.obj (.text)
                  0000348c    00000048     my_spi.obj (.text:spiRead_RFM)
                  000034d4    00000044     gpio-board.obj (.text:GpioMcuWrite)
                  00003518    00000044     my_RFM9x.obj (.text:SX1276StartCad)
                  0000355c    00000044     rtsv7M4_T_le_v4SPD16_eabi.lib : autoinit.c.obj (.text:__TI_auto_init_nobinit_nopinit:__TI_auto_init_nobinit_nopinit)
                  000035a0    00000044                                   : fd_tou_t2.asm.obj (.text)
                  000035e4    00000044     my_spi.obj (.text:spiWrite_RFM)
                  00003628    00000040     msp432p4xx_driverlib.lib : gpio.o (.text:GPIO_setAsOutputPin)
                  00003668    00000040     my_timer.obj (.text:getTiming)
                  000036a8    00000040     msp432p4xx_driverlib.lib : spi.o (.text:is_A_Module)
                  000036e8    00000040     my_spi.obj (.text:spi_open)
                  00003728    0000003c     my_RFM9x.obj (.text:SX1276OnDio4Irq)
                  00003764    0000003c     my_RFM9x.obj (.text:SX1276SetPublicNetwork)
                  000037a0    0000003c     my_timer.obj (.text:TimerAInteruptInit)
                  000037dc    00000038     my_spi.obj (.text:RFM_spi_read_write)
                  00003814    00000034     msp432p4xx_driverlib.lib : timer_a.o (.text:Timer_A_configureContinuousMode)
                  00003848    00000034     rtsv7M4_T_le_v4SPD16_eabi.lib : boot_cortex_m.c.obj (.text:_c_int00_noargs:_c_int00_noargs)
                  0000387c    00000030     my_gpio.obj (.text:GpioInit)
                  000038ac    00000030     my_timer.obj (.text:TA2_0_IRQHandler)
                  000038dc    0000002e     rtsv7M4_T_le_v4SPD16_eabi.lib : i_tofd_t2.asm.obj (.text)
                  0000390a    00000002     --HOLE-- [fill = 0]
                  0000390c    0000002c     msp432p4xx_driverlib.lib : timer_a.o (.text:Timer_A_clearCaptureCompareInterrupt)
                  00003938    0000002c     my_timer.obj (.text:stopLoRaTimer)
                  00003964    00000028     msp432p4xx_driverlib.lib : gpio.o (.text:GPIO_enableInterrupt)
                  0000398c    00000028                              : gpio.o (.text:GPIO_setOutputHighOnPin)
                  000039b4    00000028                              : gpio.o (.text:GPIO_setOutputLowOnPin)
                  000039dc    00000028                              : spi.o (.text:SPI_getInterruptStatus)
                  00003a04    00000028     my_timer.obj (.text:TimerATimerInit)
                  00003a2c    00000026     msp432p4xx_driverlib.lib : spi.o (.text:SPI_transmitData)
                  00003a52    00000002     --HOLE-- [fill = 0]
                  00003a54    00000024     main.obj (.text:OnTxDone)
                  00003a78    00000024     sx1276-board.obj (.text:SX1276Reset)
                  00003a9c    00000022     my_gpio.obj (.text:GpioFlashLED)
                  00003abe    00000020     my_RFM9x.obj (.text:SX1276SetOpMode)
                  00003ade    00000002     --HOLE-- [fill = 0]
                  00003ae0    00000020     my_timer.obj (.text:TA1_0_IRQHandler)
                  00003b00    00000020     rtsv7M4_T_le_v4SPD16_eabi.lib : u_tofd_t2.asm.obj (.text)
                  00003b20    0000001e     my_timer.obj (.text:startTiming)
                  00003b3e    0000001c     my_gpio.obj (.text:GpioSetInterrupt)
                  00003b5a    00000002     --HOLE-- [fill = 0]
                  00003b5c    0000001c     rtc-board.obj (.text:RTC_C_IRQHandler)
                  00003b78    0000001c     msp432p4xx_driverlib.lib : spi.o (.text:SPI_enableModule)
                  00003b94    0000001c                              : spi.o (.text:SPI_receiveData)
                  00003bb0    0000001c     my_RFM9x.obj (.text:SX1276SetSleep)
                  00003bcc    0000001c     rtsv7M4_T_le_v4SPD16_eabi.lib : copy_zero_init.c.obj (.text:decompress:ZI:__TI_zero_init_nomemset:__TI_zero_init_nomemset)
                  00003be8    00000018     msp432p4xx_driverlib.lib : spi.o (.text:EUSCI_A_SPI_getInterruptStatus)
                  00003c00    00000018                              : spi.o (.text:EUSCI_B_SPI_getInterruptStatus)
                  00003c18    00000018     main.obj (.text:OnRxError)
                  00003c30    00000018     main.obj (.text:OnRxTimeout)
                  00003c48    00000018     main.obj (.text:OnTxTimeout)
                  00003c60    00000018     msp432p4xx_driverlib.lib : timer_a.o (.text:Timer_A_clearTimer)
                  00003c78    00000018                              : timer_a.o (.text:Timer_A_enableInterrupt)
                  00003c90    00000016                              : spi.o (.text:EUSCI_A_SPI_enable)
                  00003ca6    00000016                              : spi.o (.text:EUSCI_A_SPI_transmitData)
                  00003cbc    00000016                              : spi.o (.text:EUSCI_B_SPI_enable)
                  00003cd2    00000016                              : spi.o (.text:EUSCI_B_SPI_transmitData)
                  00003ce8    00000016     my_RFM9x.obj (.text:SX1276ReadFifo)
                  00003cfe    00000016     my_RFM9x.obj (.text:SX1276WriteFifo)
                  00003d14    00000016     msp432p4xx_driverlib.lib : timer_a.o (.text:Timer_A_clearInterruptFlag)
                  00003d2a    00000016                              : timer_a.o (.text:Timer_A_startCounter)
                  00003d40    00000014     board.obj (.text:GetBoardPowerSource)
                  00003d54    00000014     my_RFM9x.obj (.text:SX1276SetStby)
                  00003d68    00000014     msp432p4xx_driverlib.lib : timer_a.o (.text:Timer_A_stopTimer)
                  00003d7c    00000010                              : spi.o (.text:EUSCI_A_SPI_receiveData)
                  00003d8c    00000010                              : spi.o (.text:EUSCI_B_SPI_receiveData)
                  00003d9c    00000010     my_gpio.obj (.text:GpioWrite)
                  00003dac    0000000e     rtsv7M4_T_le_v4SPD16_eabi.lib : copy_decompress_none.c.obj (.text:decompress:none:__TI_decompress_none)
                  00003dba    0000000c     startup_msp432p401r_ccs.obj (.text:Reset_Handler)
                  00003dc6    0000000c     sx1276-board.obj (.text:SX1276CheckRfFrequency)
                  00003dd2    0000000c     sx1276-board.obj (.text:SX1276GetPaSelect)
                  00003dde    00000002     --HOLE-- [fill = 0]
                  00003de0    0000000c     my_RFM9x.obj (.text:SX1276GetStatus)
                  00003dec    0000000a     my_RFM9x.obj (.text:SX1276GetWakeupTime)
                  00003df6    00000004     sx1276-board.obj (.text:SX1276GetBoardTcxoWakeupTime)
                  00003dfa    00000004     rtsv7M4_T_le_v4SPD16_eabi.lib : pre_init.c.obj (.text:_system_pre_init)
                  00003dfe    00000004                                   : exit.c.obj (.text:abort:abort)

.const     0    00003e04    000001e0     
                  00003e04    000000b0     my_RFM9x.obj (.const:FskBandwidths)
                  00003eb4    0000006c     sx1276-board.obj (.const:Radio)
                  00003f20    00000030     msp432p4xx_driverlib.lib : gpio.o (.const:GPIO_PORT_TO_BASE)
                  00003f50    00000030     my_RFM9x.obj (.const:RadioRegsInit)
                  00003f80    0000001c     my_spi.obj (.const:spiMasterConfig)
                  00003f9c    00000018     my_timer.obj (.const:$P$T0$1)
                  00003fb4    00000018     my_timer.obj (.const:upConfig)
                  00003fcc    00000010     my_timer.obj (.const:contConfig0)
                  00003fdc    00000008     msp432p4xx_driverlib.lib : interrupt.o (.const:g_pulEnRegs)

.cinit     0    00003fe8    00000040     
                  00003fe8    00000017     (.cinit..data.load) [load image, compression = lzss]
                  00003fff    00000001     --HOLE-- [fill = 0]
                  00004000    0000000c     (__TI_handler_table)
                  0000400c    00000004     --HOLE-- [fill = 0]
                  00004010    00000008     (.cinit..bss.load) [load image, compression = zero_init]
                  00004018    00000010     (__TI_cinit_table)

.init_array 
*          0    00000000    00000000     UNINITIALIZED

.binit     0    00000000    00000000     

.bss       0    20000000    00000260     UNINITIALIZED
                  20000000    00000104     (.common:SX1276)
                  20000104    00000100     my_RFM9x.obj (.bss:RxTxBuffer)
                  20000204    0000001c     main.obj (.bss:RadioEvents)
                  20000220    00000014     (.common:Led1)
                  20000234    00000014     (.common:Led2)
                  20000248    00000014     (.common:Led3)
                  2000025c    00000004     my_RFM9x.obj (.bss)

.data      0    20000260    00000053     UNINITIALIZED
                  20000260    00000040     main.obj (.data:Buffer)
                  200002a0    0000000c     main.obj (.data)
                  200002ac    00000005     main.obj (.data:buffer)
                  200002b1    00000001     board.obj (.data)
                  200002b2    00000001     my_timer.obj (.data)

.stack     0    2000fe00    00000200     UNINITIALIZED
                  2000fe00    00000004     rtsv7M4_T_le_v4SPD16_eabi.lib : boot_cortex_m.c.obj (.stack)
                  2000fe04    000001fc     --HOLE--

MODULE SUMMARY

       Module                        code    ro data   rw data
       ------                        ----    -------   -------
    .\
       my_RFM9x.obj                  6904    224       1040   
       main.obj                      752     0         218    
       gpio-board.obj                800     0         0      
       board.obj                     676     0         122    
       sx1276-board.obj              668     108       0      
       my_timer.obj                  638     64        2      
       my_spi.obj                    260     28        0      
       my_gpio.obj                   126     0         0      
       system_msp432p401r.obj        120     0         0      
       rtc-board.obj                 28      0         0      
       my_systick.obj                2       0         0      
    +--+-----------------------------+-------+---------+---------+
       Total:                        10974   424       1382   
                                                              
    .\ccs\
       startup_msp432p401r_ccs.obj   14      228       0      
    +--+-----------------------------+-------+---------+---------+
       Total:                        14      228       0      
                                                              
    C:/ti/simplelink_msp432p4_sdk_3_40_01_02/source/ti/devices/msp432p4xx/driverlib/ccs/msp432p4xx_driverlib.lib
       timer_a.o                     712     0         0      
       spi.o                         542     0         0      
       rtc_c.o                       240     0         0      
       gpio.o                        184     48        0      
       interrupt.o                   128     8         0      
    +--+-----------------------------+-------+---------+---------+
       Total:                        1806    56        0      
                                                              
    C:\ti\ccs930\ccs\tools\compiler\ti-cgt-arm_18.12.5.LTS\lib\rtsv7M4_T_le_v4SPD16_eabi.lib
       fd_add_t2.asm.obj             438     0         0      
       fd_div_t2.asm.obj             310     0         0      
       fd_cmp_t2.asm.obj             268     0         0      
       fd_mul_t2.asm.obj             252     0         0      
       s_ceil.c.obj                  248     0         0      
       s_floor.c.obj                 248     0         0      
       s_round.c.obj                 192     0         0      
       memcpy_t2.asm.obj             156     0         0      
       memset_t2.asm.obj             122     0         0      
       fd_tos_t2.asm.obj             110     0         0      
       copy_decompress_lzss.c.obj    104     0         0      
       fd_toi_t2.asm.obj             72      0         0      
       autoinit.c.obj                68      0         0      
       fd_tou_t2.asm.obj             68      0         0      
       boot_cortex_m.c.obj           52      0         0      
       i_tofd_t2.asm.obj             46      0         0      
       u_tofd_t2.asm.obj             32      0         0      
       copy_zero_init.c.obj          28      0         0      
       copy_decompress_none.c.obj    14      0         0      
       exit.c.obj                    4       0         0      
       pre_init.c.obj                4       0         0      
    +--+-----------------------------+-------+---------+---------+
       Total:                        2836    0         0      
                                                              
       Stack:                        0       0         1024   
       Linker Generated:             0       59        0      
    +--+-----------------------------+-------+---------+---------+
       Grand Total:                  15630   767       2406   


LINKER GENERATED COPY TABLES

__TI_cinit_table @ 00004018 records: 2, size/record: 8, table size: 16
	.data: load addr=00003fe8, load size=00000017 bytes, run addr=20000260, run size=00000053 bytes, compression=lzss
	.bss: load addr=00004010, load size=00000008 bytes, run addr=20000000, run size=00000260 bytes, compression=zero_init


LINKER GENERATED HANDLER TABLE

__TI_handler_table @ 00004000 records: 3, size/record: 4, table size: 12
	index: 0, handler: __TI_decompress_lzss
	index: 1, handler: __TI_decompress_none
	index: 2, handler: __TI_zero_init


GLOBAL SYMBOLS: SORTED ALPHABETICALLY BY Name 

address   name                                
-------   ----                                
000015e7  ADC14_IRQHandler                    
000015e7  AES256_IRQHandler                   
00002ae5  BoardInitMcu                        
20000260  Buffer                              
200002a8  BufferSize                          
000015e7  BusFault_Handler                    
00003dff  C$$EXIT                             
000015e7  COMP_E0_IRQHandler                  
000015e7  COMP_E1_IRQHandler                  
000015e7  CS_IRQHandler                       
200002a0  DIO0Flag                            
200002a1  DIO1Flag                            
200002a2  DIO2Flag                            
200002a3  DIO3Flag                            
200002a4  DIO4Flag                            
000015e7  DMA_ERR_IRQHandler                  
000015e7  DMA_INT0_IRQHandler                 
000015e7  DMA_INT1_IRQHandler                 
000015e7  DMA_INT2_IRQHandler                 
000015e7  DMA_INT3_IRQHandler                 
000015e7  DebugMon_Handler                    
000015e7  Default_Handler                     
00003259  Delayms                             
000015e7  EUSCIA0_IRQHandler                  
000015e7  EUSCIA1_IRQHandler                  
000015e7  EUSCIA2_IRQHandler                  
000015e7  EUSCIA3_IRQHandler                  
000015e7  EUSCIB0_IRQHandler                  
000015e7  EUSCIB1_IRQHandler                  
000015e7  EUSCIB2_IRQHandler                  
000015e7  EUSCIB3_IRQHandler                  
00003c91  EUSCI_A_SPI_enable                  
00003be9  EUSCI_A_SPI_getInterruptStatus      
00003d7d  EUSCI_A_SPI_receiveData             
00003ca7  EUSCI_A_SPI_transmitData            
00003cbd  EUSCI_B_SPI_enable                  
00003c01  EUSCI_B_SPI_getInterruptStatus      
00003d8d  EUSCI_B_SPI_receiveData             
00003cd3  EUSCI_B_SPI_transmitData            
000015e7  FLCTL_IRQHandler                    
000015e7  FPU_IRQHandler                      
00003e04  FskBandwidths                       
00003965  GPIO_enableInterrupt                
00003629  GPIO_setAsOutputPin                 
0000398d  GPIO_setOutputHighOnPin             
000039b5  GPIO_setOutputLowOnPin              
00003d41  GetBoardPowerSource                 
00003079  GetFskBandwidthRegValue             
00003a9d  GpioFlashLED                        
0000387d  GpioInit                            
0000126d  GpioMcuInit                         
00001f49  GpioMcuSetInterrupt                 
000034d5  GpioMcuWrite                        
00003b3f  GpioSetInterrupt                    
00003d9d  GpioWrite                           
000015e7  HardFault_Handler                   
00002c79  Interrupt_enableInterrupt           
20000220  Led1                                
20000234  Led2                                
20000248  Led3                                
000015e7  MemManage_Handler                   
000015e7  NMI_Handler                         
00002f41  OnRxDone                            
00003c19  OnRxError                           
00003c31  OnRxTimeout                         
00003a55  OnTxDone                            
00003c49  OnTxTimeout                         
000015e7  PCM_IRQHandler                      
000015e7  PORT1_IRQHandler                    
00002d75  PORT2_IRQHandler                    
00002d75  PORT2_IRQHandler                    
000015e7  PORT3_IRQHandler                    
000015e7  PORT4_IRQHandler                    
000015e7  PORT5_IRQHandler                    
000015e7  PORT6_IRQHandler                    
000015e7  PSS_IRQHandler                      
000015e7  PendSV_Handler                      
000037dd  RFM_spi_read_write                  
00003b5d  RTC_C_IRQHandler                    
00003b5d  RTC_C_IRQHandler                    
000028a9  RTC_C_getEnabledInterruptStatus     
000031fd  RTC_C_getInterruptStatus            
00003eb4  Radio                               
00003f50  RadioRegsInit                       
200002a5  RadioTimeoutFlag                    
00003dbb  Reset_Handler                       
200002aa  RssiValue                           
00002621  RxChainCalibration                  
00003b79  SPI_enableModule                    
000039dd  SPI_getInterruptStatus              
000024c1  SPI_initMaster                      
00003b95  SPI_receiveData                     
00003a2d  SPI_transmitData                    
000015e7  SVC_Handler                         
20000000  SX1276                              
00003dc7  SX1276CheckRfFrequency              
00003df7  SX1276GetBoardTcxoWakeupTime        
00003de1  SX1276GetStatus                     
0000049d  SX1276GetTimeOnAir                  
00003ded  SX1276GetWakeupTime                 
000029cd  SX1276Init                          
00002571  SX1276IoInit                        
000032b1  SX1276IoIrqInit                     
000026c9  SX1276IsChannelFree                 
00000835  SX1276OnDio0Irq                     
0000178d  SX1276OnDio1Irq                     
00001cd9  SX1276OnDio2Irq                     
00003729  SX1276OnDio4Irq                     
0000319d  SX1276Random                        
000030dd  SX1276ReadBuffer                    
00003ce9  SX1276ReadFifo                      
00002ed5  SX1276ReadRssi                      
00003a79  SX1276Reset                         
00001a49  SX1276Send                          
00003361  SX1276SetChannel                    
000033fd  SX1276SetMaxPayloadLength           
0000276d  SX1276SetModem                      
00003abf  SX1276SetOpMode                     
00003765  SX1276SetPublicNetwork              
000018f5  SX1276SetRfTxPower                  
00000e11  SX1276SetRx                         
000000e5  SX1276SetRxConfig                   
00003bb1  SX1276SetSleep                      
00003d55  SX1276SetStby                       
0000240d  SX1276SetTx                         
00000b25  SX1276SetTxConfig                   
00002a59  SX1276SetTxContinuousWave           
00003519  SX1276StartCad                      
0000313d  SX1276WriteBuffer                   
00003cff  SX1276WriteFifo                     
200002ab  SnrValue                            
200002a6  State                               
00001f47  SysTick_Handler                     
00001f47  SysTick_Handler                     
00002ded  SystemInit                          
000015e7  T32_INT1_IRQHandler                 
000015e7  T32_INT2_IRQHandler                 
000015e7  T32_INTC_IRQHandler                 
000015e7  TA0_0_IRQHandler                    
000015e7  TA0_N_IRQHandler                    
00003ae1  TA1_0_IRQHandler                    
00003ae1  TA1_0_IRQHandler                    
000015e7  TA1_N_IRQHandler                    
000038ad  TA2_0_IRQHandler                    
000038ad  TA2_0_IRQHandler                    
000015e7  TA2_N_IRQHandler                    
000015e7  TA3_0_IRQHandler                    
000015e7  TA3_N_IRQHandler                    
000037a1  TimerAInteruptInit                  
00003a05  TimerATimerInit                     
200002b2  TimerInteruptFlag                   
0000390d  Timer_A_clearCaptureCompareInterrupt
00003d15  Timer_A_clearInterruptFlag          
00003c61  Timer_A_clearTimer                  
00003815  Timer_A_configureContinuousMode     
00002fa9  Timer_A_configureUpMode             
00003c79  Timer_A_enableInterrupt             
000033b1  Timer_A_getCounterValue             
00003d2b  Timer_A_startCounter                
00003d69  Timer_A_stopTimer                   
000015e7  UsageFault_Handler                  
4000480c  WDTCTL_SYM                          
000015e7  WDT_A_IRQHandler                    
20010000  __STACK_END                         
00000200  __STACK_SIZE                        
00004018  __TI_CINIT_Base                     
00004028  __TI_CINIT_Limit                    
00004000  __TI_Handler_Table_Base             
0000400c  __TI_Handler_Table_Limit            
0000355d  __TI_auto_init_nobinit_nopinit      
00003011  __TI_decompress_lzss                
00003dad  __TI_decompress_none                
ffffffff  __TI_pprof_out_hndl                 
ffffffff  __TI_prof_data_size                 
ffffffff  __TI_prof_data_start                
00000000  __TI_static_base__                  
00003bcd  __TI_zero_init_nomemset             
00002b6d  __aeabi_cdcmpeq                     
00002b6d  __aeabi_cdcmple                     
00002bf3  __aeabi_cdrcmple                    
00002e65  __aeabi_d2f                         
00003445  __aeabi_d2iz                        
000035a1  __aeabi_d2uiz                       
0000143b  __aeabi_dadd                        
00001e11  __aeabi_ddiv                        
00002061  __aeabi_dmul                        
00001431  __aeabi_dsub                        
000038dd  __aeabi_i2d                         
00002cf9  __aeabi_memclr                      
00002cf9  __aeabi_memclr4                     
00002cf9  __aeabi_memclr8                     
0000280d  __aeabi_memcpy                      
0000280d  __aeabi_memcpy4                     
0000280d  __aeabi_memcpy8                     
00002cfb  __aeabi_memset                      
00002cfb  __aeabi_memset4                     
00002cfb  __aeabi_memset8                     
00003b01  __aeabi_ui2d                        
ffffffff  __binit__                           
ffffffff  __c_args__                          
UNDEFED   __mpu_init                          
2000fe00  __stack                             
00003849  _c_int00_noargs                     
UNDEFED   _system_post_cinit                  
00003dfb  _system_pre_init                    
00003dff  abort                               
ffffffff  binit                               
200002ac  buffer                              
0000215d  ceil                                
0000215d  ceill                               
00003fcc  contConfig0                         
00002255  floor                               
00002255  floorl                              
00003669  getTiming                           
00000000  interruptVectors                    
000015e9  main                                
0000280d  memcpy                              
00002d01  memset                              
0000234d  round                               
0000234d  roundl                              
00003f80  spiMasterConfig                     
0000348d  spiRead_RFM                         
000035e5  spiWrite_RFM                        
000036e9  spi_open                            
0000293d  startLoRaTimer                      
00003b21  startTiming                         
00003939  stopLoRaTimer                       
00003309  stopTiming                          
00003fb4  upConfig                            


GLOBAL SYMBOLS: SORTED BY Symbol Address 

address   name                                
-------   ----                                
00000000  __TI_static_base__                  
00000000  interruptVectors                    
000000e5  SX1276SetRxConfig                   
00000200  __STACK_SIZE                        
0000049d  SX1276GetTimeOnAir                  
00000835  SX1276OnDio0Irq                     
00000b25  SX1276SetTxConfig                   
00000e11  SX1276SetRx                         
0000126d  GpioMcuInit                         
00001431  __aeabi_dsub                        
0000143b  __aeabi_dadd                        
000015e7  ADC14_IRQHandler                    
000015e7  AES256_IRQHandler                   
000015e7  BusFault_Handler                    
000015e7  COMP_E0_IRQHandler                  
000015e7  COMP_E1_IRQHandler                  
000015e7  CS_IRQHandler                       
000015e7  DMA_ERR_IRQHandler                  
000015e7  DMA_INT0_IRQHandler                 
000015e7  DMA_INT1_IRQHandler                 
000015e7  DMA_INT2_IRQHandler                 
000015e7  DMA_INT3_IRQHandler                 
000015e7  DebugMon_Handler                    
000015e7  Default_Handler                     
000015e7  EUSCIA0_IRQHandler                  
000015e7  EUSCIA1_IRQHandler                  
000015e7  EUSCIA2_IRQHandler                  
000015e7  EUSCIA3_IRQHandler                  
000015e7  EUSCIB0_IRQHandler                  
000015e7  EUSCIB1_IRQHandler                  
000015e7  EUSCIB2_IRQHandler                  
000015e7  EUSCIB3_IRQHandler                  
000015e7  FLCTL_IRQHandler                    
000015e7  FPU_IRQHandler                      
000015e7  HardFault_Handler                   
000015e7  MemManage_Handler                   
000015e7  NMI_Handler                         
000015e7  PCM_IRQHandler                      
000015e7  PORT1_IRQHandler                    
000015e7  PORT3_IRQHandler                    
000015e7  PORT4_IRQHandler                    
000015e7  PORT5_IRQHandler                    
000015e7  PORT6_IRQHandler                    
000015e7  PSS_IRQHandler                      
000015e7  PendSV_Handler                      
000015e7  SVC_Handler                         
000015e7  T32_INT1_IRQHandler                 
000015e7  T32_INT2_IRQHandler                 
000015e7  T32_INTC_IRQHandler                 
000015e7  TA0_0_IRQHandler                    
000015e7  TA0_N_IRQHandler                    
000015e7  TA1_N_IRQHandler                    
000015e7  TA2_N_IRQHandler                    
000015e7  TA3_0_IRQHandler                    
000015e7  TA3_N_IRQHandler                    
000015e7  UsageFault_Handler                  
000015e7  WDT_A_IRQHandler                    
000015e9  main                                
0000178d  SX1276OnDio1Irq                     
000018f5  SX1276SetRfTxPower                  
00001a49  SX1276Send                          
00001cd9  SX1276OnDio2Irq                     
00001e11  __aeabi_ddiv                        
00001f47  SysTick_Handler                     
00001f47  SysTick_Handler                     
00001f49  GpioMcuSetInterrupt                 
00002061  __aeabi_dmul                        
0000215d  ceil                                
0000215d  ceill                               
00002255  floor                               
00002255  floorl                              
0000234d  round                               
0000234d  roundl                              
0000240d  SX1276SetTx                         
000024c1  SPI_initMaster                      
00002571  SX1276IoInit                        
00002621  RxChainCalibration                  
000026c9  SX1276IsChannelFree                 
0000276d  SX1276SetModem                      
0000280d  __aeabi_memcpy                      
0000280d  __aeabi_memcpy4                     
0000280d  __aeabi_memcpy8                     
0000280d  memcpy                              
000028a9  RTC_C_getEnabledInterruptStatus     
0000293d  startLoRaTimer                      
000029cd  SX1276Init                          
00002a59  SX1276SetTxContinuousWave           
00002ae5  BoardInitMcu                        
00002b6d  __aeabi_cdcmpeq                     
00002b6d  __aeabi_cdcmple                     
00002bf3  __aeabi_cdrcmple                    
00002c79  Interrupt_enableInterrupt           
00002cf9  __aeabi_memclr                      
00002cf9  __aeabi_memclr4                     
00002cf9  __aeabi_memclr8                     
00002cfb  __aeabi_memset                      
00002cfb  __aeabi_memset4                     
00002cfb  __aeabi_memset8                     
00002d01  memset                              
00002d75  PORT2_IRQHandler                    
00002d75  PORT2_IRQHandler                    
00002ded  SystemInit                          
00002e65  __aeabi_d2f                         
00002ed5  SX1276ReadRssi                      
00002f41  OnRxDone                            
00002fa9  Timer_A_configureUpMode             
00003011  __TI_decompress_lzss                
00003079  GetFskBandwidthRegValue             
000030dd  SX1276ReadBuffer                    
0000313d  SX1276WriteBuffer                   
0000319d  SX1276Random                        
000031fd  RTC_C_getInterruptStatus            
00003259  Delayms                             
000032b1  SX1276IoIrqInit                     
00003309  stopTiming                          
00003361  SX1276SetChannel                    
000033b1  Timer_A_getCounterValue             
000033fd  SX1276SetMaxPayloadLength           
00003445  __aeabi_d2iz                        
0000348d  spiRead_RFM                         
000034d5  GpioMcuWrite                        
00003519  SX1276StartCad                      
0000355d  __TI_auto_init_nobinit_nopinit      
000035a1  __aeabi_d2uiz                       
000035e5  spiWrite_RFM                        
00003629  GPIO_setAsOutputPin                 
00003669  getTiming                           
000036e9  spi_open                            
00003729  SX1276OnDio4Irq                     
00003765  SX1276SetPublicNetwork              
000037a1  TimerAInteruptInit                  
000037dd  RFM_spi_read_write                  
00003815  Timer_A_configureContinuousMode     
00003849  _c_int00_noargs                     
0000387d  GpioInit                            
000038ad  TA2_0_IRQHandler                    
000038ad  TA2_0_IRQHandler                    
000038dd  __aeabi_i2d                         
0000390d  Timer_A_clearCaptureCompareInterrupt
00003939  stopLoRaTimer                       
00003965  GPIO_enableInterrupt                
0000398d  GPIO_setOutputHighOnPin             
000039b5  GPIO_setOutputLowOnPin              
000039dd  SPI_getInterruptStatus              
00003a05  TimerATimerInit                     
00003a2d  SPI_transmitData                    
00003a55  OnTxDone                            
00003a79  SX1276Reset                         
00003a9d  GpioFlashLED                        
00003abf  SX1276SetOpMode                     
00003ae1  TA1_0_IRQHandler                    
00003ae1  TA1_0_IRQHandler                    
00003b01  __aeabi_ui2d                        
00003b21  startTiming                         
00003b3f  GpioSetInterrupt                    
00003b5d  RTC_C_IRQHandler                    
00003b5d  RTC_C_IRQHandler                    
00003b79  SPI_enableModule                    
00003b95  SPI_receiveData                     
00003bb1  SX1276SetSleep                      
00003bcd  __TI_zero_init_nomemset             
00003be9  EUSCI_A_SPI_getInterruptStatus      
00003c01  EUSCI_B_SPI_getInterruptStatus      
00003c19  OnRxError                           
00003c31  OnRxTimeout                         
00003c49  OnTxTimeout                         
00003c61  Timer_A_clearTimer                  
00003c79  Timer_A_enableInterrupt             
00003c91  EUSCI_A_SPI_enable                  
00003ca7  EUSCI_A_SPI_transmitData            
00003cbd  EUSCI_B_SPI_enable                  
00003cd3  EUSCI_B_SPI_transmitData            
00003ce9  SX1276ReadFifo                      
00003cff  SX1276WriteFifo                     
00003d15  Timer_A_clearInterruptFlag          
00003d2b  Timer_A_startCounter                
00003d41  GetBoardPowerSource                 
00003d55  SX1276SetStby                       
00003d69  Timer_A_stopTimer                   
00003d7d  EUSCI_A_SPI_receiveData             
00003d8d  EUSCI_B_SPI_receiveData             
00003d9d  GpioWrite                           
00003dad  __TI_decompress_none                
00003dbb  Reset_Handler                       
00003dc7  SX1276CheckRfFrequency              
00003de1  SX1276GetStatus                     
00003ded  SX1276GetWakeupTime                 
00003df7  SX1276GetBoardTcxoWakeupTime        
00003dfb  _system_pre_init                    
00003dff  C$$EXIT                             
00003dff  abort                               
00003e04  FskBandwidths                       
00003eb4  Radio                               
00003f50  RadioRegsInit                       
00003f80  spiMasterConfig                     
00003fb4  upConfig                            
00003fcc  contConfig0                         
00004000  __TI_Handler_Table_Base             
0000400c  __TI_Handler_Table_Limit            
00004018  __TI_CINIT_Base                     
00004028  __TI_CINIT_Limit                    
20000000  SX1276                              
20000220  Led1                                
20000234  Led2                                
20000248  Led3                                
20000260  Buffer                              
200002a0  DIO0Flag                            
200002a1  DIO1Flag                            
200002a2  DIO2Flag                            
200002a3  DIO3Flag                            
200002a4  DIO4Flag                            
200002a5  RadioTimeoutFlag                    
200002a6  State                               
200002a8  BufferSize                          
200002aa  RssiValue                           
200002ab  SnrValue                            
200002ac  buffer                              
200002b2  TimerInteruptFlag                   
2000fe00  __stack                             
20010000  __STACK_END                         
4000480c  WDTCTL_SYM                          
ffffffff  __TI_pprof_out_hndl                 
ffffffff  __TI_prof_data_size                 
ffffffff  __TI_prof_data_start                
ffffffff  __binit__                           
ffffffff  __c_args__                          
ffffffff  binit                               
UNDEFED   __mpu_init                          
UNDEFED   _system_post_cinit                  

[229 symbols]
