******************************************************************************
                  TI ARM Linker PC v18.12.5                    
******************************************************************************
>> Linked Thu Mar 19 11:59:54 2020

OUTPUT FILE NAME:   <Meesters.out>
ENTRY POINT SYMBOL: "_c_int00_noargs"  address: 00002dd5


MEMORY CONFIGURATION

         name            origin    length      used     unused   attr    fill
----------------------  --------  ---------  --------  --------  ----  --------
  MAIN                  00000000   00040000  000034ce  0003cb32  R  X
  INFO                  00200000   00004000  00000000  00004000  R  X
  SRAM_CODE             01000000   00010000  00000356  0000fcaa  RW X
  SRAM_DATA             20000000   00010000  00000356  0000fcaa  RW  


SEGMENT ALLOCATION MAP

run origin  load origin   length   init length attrs members
----------  ----------- ---------- ----------- ----- -------
00000000    00000000    000034d0   000034d0    r-x
  00000000    00000000    000000e4   000000e4    r-- .intvecs
  000000e4    000000e4    000031f2   000031f2    r-x .text
  000032d8    000032d8    000001c0   000001c0    r-- .const
  00003498    00003498    00000038   00000038    r-- .cinit
20000000    20000000    00000156   00000000    rw-
  20000000    20000000    00000144   00000000    rw- .bss
  20000144    20000144    00000012   00000000    rw- .data
2000fe00    2000fe00    00000200   00000000    rw-
  2000fe00    2000fe00    00000200   00000000    rw- .stack


SECTION ALLOCATION MAP

 output                                  attributes/
section   page    origin      length       input sections
--------  ----  ----------  ----------   ----------------
.intvecs   0    00000000    000000e4     
                  00000000    000000e4     startup_msp432p401r_ccs.obj (.intvecs:retain)

.text      0    000000e4    000031f2     
                  000000e4    000003c0     my_RFM9x.obj (.text:SX1276SetRxConfig)
                  000004a4    00000398     my_RFM9x.obj (.text:SX1276GetTimeOnAir)
                  0000083c    000002f4     my_RFM9x.obj (.text:SX1276SetTxConfig)
                  00000b30    00000294     my_RFM9x.obj (.text:SX1276SetRx)
                  00000dc4    000001c4     gpio-board.obj (.text:GpioMcuInit)
                  00000f88    000001b6     rtsv7M4_T_le_v4SPD16_eabi.lib : fd_add_t2.asm.obj (.text)
                  0000113e    00000154     sx1276-board.obj (.text:SX1276SetRfTxPower)
                  00001292    00000002     startup_msp432p401r_ccs.obj (.text:Default_Handler)
                  00001294    00000144     msp432p4xx_driverlib.lib : timer_a.o (.text:privateTimer_AProcessClockSourceDivider)
                  000013d8    00000138     my_RFM9x.obj (.text:SX1276Send)
                  00001510    00000136     rtsv7M4_T_le_v4SPD16_eabi.lib : fd_div_t2.asm.obj (.text)
                  00001646    00000002     my_systick.obj (.text:SysTick_Handler)
                  00001648    00000118     gpio-board.obj (.text:GpioMcuSetInterrupt)
                  00001760    00000108     board.obj (.text:BoardUnusedIoInit)
                  00001868    000000fc     rtsv7M4_T_le_v4SPD16_eabi.lib : fd_mul_t2.asm.obj (.text)
                  00001964    000000f8                                   : s_ceil.c.obj (.text:ceil)
                  00001a5c    000000f8                                   : s_floor.c.obj (.text:floor)
                  00001b54    000000c0                                   : s_round.c.obj (.text:round)
                  00001c14    000000b0     board.obj (.text:BoardInitMcu)
                  00001cc4    000000b0     msp432p4xx_driverlib.lib : spi.o (.text:SPI_initMaster)
                  00001d74    000000b0     sx1276-board.obj (.text:SX1276IoInit)
                  00001e24    000000a8     my_RFM9x.obj (.text:RxChainCalibration)
                  00001ecc    000000a8     my_RFM9x.obj (.text:SX1276SetTx)
                  00001f74    000000a0     my_RFM9x.obj (.text:SX1276SetModem)
                  00002014    0000009c     rtsv7M4_T_le_v4SPD16_eabi.lib : memcpy_t2.asm.obj (.text)
                  000020b0    00000098     main.obj (.text:main)
                  00002148    00000094     msp432p4xx_driverlib.lib : rtc_c.o (.text:RTC_C_getEnabledInterruptStatus)
                  000021dc    0000008c     my_RFM9x.obj (.text:SX1276Init)
                  00002268    0000008c     my_RFM9x.obj (.text:SX1276SetTxContinuousWave)
                  000022f4    00000086     my_RFM9x.obj (.text:SX1276IsChannelFree)
                  0000237a    00000086     rtsv7M4_T_le_v4SPD16_eabi.lib : fd_cmp_t2.asm.obj (.text:__aeabi_cdcmple)
                  00002400    00000086                                   : fd_cmp_t2.asm.obj (.text:__aeabi_cdrcmple)
                  00002486    00000002     board.obj (.text:SystemClockReConfig)
                  00002488    00000078     system_msp432p401r.obj (.text:SystemInit)
                  00002500    0000006e     rtsv7M4_T_le_v4SPD16_eabi.lib : fd_tos_t2.asm.obj (.text)
                  0000256e    00000002     --HOLE-- [fill = 0]
                  00002570    0000006c     my_RFM9x.obj (.text:SX1276ReadRssi)
                  000025dc    00000068     rtsv7M4_T_le_v4SPD16_eabi.lib : copy_decompress_lzss.c.obj (.text:decompress:lzss:__TI_decompress_lzss)
                  00002644    00000064     my_RFM9x.obj (.text:GetFskBandwidthRegValue)
                  000026a8    00000060     my_RFM9x.obj (.text:SX1276ReadBuffer)
                  00002708    00000060     my_RFM9x.obj (.text:SX1276WriteBuffer)
                  00002768    0000005e     my_RFM9x.obj (.text:SX1276Random)
                  000027c6    00000002     --HOLE-- [fill = 0]
                  000027c8    0000005c     msp432p4xx_driverlib.lib : rtc_c.o (.text:RTC_C_getInterruptStatus)
                  00002824    00000058     my_timer.obj (.text:Delayms)
                  0000287c    00000058     main.obj (.text:PORT2_IRQHandler)
                  000028d4    00000058     sx1276-board.obj (.text:SX1276IoIrqInit)
                  0000292c    0000004c     msp432p4xx_driverlib.lib : timer_a.o (.text:Timer_A_getCounterValue)
                  00002978    00000048     my_RFM9x.obj (.text:SX1276SetChannel)
                  000029c0    00000048     my_RFM9x.obj (.text:SX1276SetMaxPayloadLength)
                  00002a08    00000048     rtsv7M4_T_le_v4SPD16_eabi.lib : fd_toi_t2.asm.obj (.text)
                  00002a50    00000048     my_spi.obj (.text:spiRead_RFM)
                  00002a98    00000048     my_timer.obj (.text:stopTiming)
                  00002ae0    00000044     gpio-board.obj (.text:GpioMcuWrite)
                  00002b24    00000044     my_RFM9x.obj (.text:SX1276StartCad)
                  00002b68    00000044     rtsv7M4_T_le_v4SPD16_eabi.lib : autoinit.c.obj (.text:__TI_auto_init_nobinit_nopinit:__TI_auto_init_nobinit_nopinit)
                  00002bac    00000044                                   : fd_tou_t2.asm.obj (.text)
                  00002bf0    00000044     my_spi.obj (.text:spiWrite_RFM)
                  00002c34    00000040     msp432p4xx_driverlib.lib : gpio.o (.text:GPIO_setAsOutputPin)
                  00002c74    00000040                              : spi.o (.text:is_A_Module)
                  00002cb4    00000040     my_spi.obj (.text:spi_open)
                  00002cf4    0000003c     my_RFM9x.obj (.text:SX1276SetPublicNetwork)
                  00002d30    00000038     my_spi.obj (.text:RFM_spi_read_write)
                  00002d68    00000038     my_timer.obj (.text:TimerAInteruptInit)
                  00002da0    00000034     msp432p4xx_driverlib.lib : timer_a.o (.text:Timer_A_configureContinuousMode)
                  00002dd4    00000034     rtsv7M4_T_le_v4SPD16_eabi.lib : boot_cortex_m.c.obj (.text:_c_int00_noargs:_c_int00_noargs)
                  00002e08    00000030     my_gpio.obj (.text:GpioInit)
                  00002e38    00000030     my_timer.obj (.text:getTiming)
                  00002e68    0000002e     rtsv7M4_T_le_v4SPD16_eabi.lib : i_tofd_t2.asm.obj (.text)
                  00002e96    00000002     --HOLE-- [fill = 0]
                  00002e98    0000002c     msp432p4xx_driverlib.lib : timer_a.o (.text:Timer_A_clearCaptureCompareInterrupt)
                  00002ec4    00000028                              : gpio.o (.text:GPIO_enableInterrupt)
                  00002eec    00000028                              : gpio.o (.text:GPIO_setOutputHighOnPin)
                  00002f14    00000028                              : gpio.o (.text:GPIO_setOutputLowOnPin)
                  00002f3c    00000028                              : spi.o (.text:SPI_getInterruptStatus)
                  00002f64    00000028     my_timer.obj (.text:TimerATimerInit)
                  00002f8c    00000026     msp432p4xx_driverlib.lib : spi.o (.text:SPI_transmitData)
                  00002fb2    00000002     --HOLE-- [fill = 0]
                  00002fb4    00000024     sx1276-board.obj (.text:SX1276Reset)
                  00002fd8    00000022     my_gpio.obj (.text:GpioFlashLED)
                  00002ffa    00000020     my_RFM9x.obj (.text:SX1276SetOpMode)
                  0000301a    00000002     --HOLE-- [fill = 0]
                  0000301c    00000020     my_timer.obj (.text:TA1_0_IRQHandler)
                  0000303c    00000020     rtsv7M4_T_le_v4SPD16_eabi.lib : u_tofd_t2.asm.obj (.text)
                  0000305c    0000001e     my_timer.obj (.text:startTiming)
                  0000307a    0000001c     my_gpio.obj (.text:GpioSetInterrupt)
                  00003096    00000002     --HOLE-- [fill = 0]
                  00003098    0000001c     rtc-board.obj (.text:RTC_C_IRQHandler)
                  000030b4    0000001c     msp432p4xx_driverlib.lib : spi.o (.text:SPI_enableModule)
                  000030d0    0000001c                              : spi.o (.text:SPI_receiveData)
                  000030ec    0000001c     rtsv7M4_T_le_v4SPD16_eabi.lib : copy_zero_init.c.obj (.text:decompress:ZI:__TI_zero_init_nomemset:__TI_zero_init_nomemset)
                  00003108    00000018     msp432p4xx_driverlib.lib : spi.o (.text:EUSCI_A_SPI_getInterruptStatus)
                  00003120    00000018                              : spi.o (.text:EUSCI_B_SPI_getInterruptStatus)
                  00003138    00000018     main.obj (.text:OnTxDone)
                  00003150    00000018     msp432p4xx_driverlib.lib : timer_a.o (.text:Timer_A_clearTimer)
                  00003168    00000016                              : spi.o (.text:EUSCI_A_SPI_enable)
                  0000317e    00000016                              : spi.o (.text:EUSCI_A_SPI_transmitData)
                  00003194    00000016                              : spi.o (.text:EUSCI_B_SPI_enable)
                  000031aa    00000016                              : spi.o (.text:EUSCI_B_SPI_transmitData)
                  000031c0    00000016     my_RFM9x.obj (.text:SX1276WriteFifo)
                  000031d6    00000016     msp432p4xx_driverlib.lib : timer_a.o (.text:Timer_A_clearInterruptFlag)
                  000031ec    00000016                              : timer_a.o (.text:Timer_A_startCounter)
                  00003202    00000002     --HOLE-- [fill = 0]
                  00003204    00000014     board.obj (.text:GetBoardPowerSource)
                  00003218    00000014     my_RFM9x.obj (.text:SX1276SetStby)
                  0000322c    00000014     msp432p4xx_driverlib.lib : timer_a.o (.text:Timer_A_stopTimer)
                  00003240    00000012     my_RFM9x.obj (.text:SX1276SetSleep)
                  00003252    00000010     msp432p4xx_driverlib.lib : spi.o (.text:EUSCI_A_SPI_receiveData)
                  00003262    00000010                              : spi.o (.text:EUSCI_B_SPI_receiveData)
                  00003272    00000010     my_gpio.obj (.text:GpioWrite)
                  00003282    0000000e     rtsv7M4_T_le_v4SPD16_eabi.lib : copy_decompress_none.c.obj (.text:decompress:none:__TI_decompress_none)
                  00003290    0000000c     startup_msp432p401r_ccs.obj (.text:Reset_Handler)
                  0000329c    0000000c     sx1276-board.obj (.text:SX1276CheckRfFrequency)
                  000032a8    0000000c     sx1276-board.obj (.text:SX1276GetPaSelect)
                  000032b4    0000000c     my_RFM9x.obj (.text:SX1276GetStatus)
                  000032c0    0000000a     my_RFM9x.obj (.text:SX1276GetWakeupTime)
                  000032ca    00000004     sx1276-board.obj (.text:SX1276GetBoardTcxoWakeupTime)
                  000032ce    00000004     rtsv7M4_T_le_v4SPD16_eabi.lib : pre_init.c.obj (.text:_system_pre_init)
                  000032d2    00000004                                   : exit.c.obj (.text:abort:abort)

.const     0    000032d8    000001c0     
                  000032d8    000000b0     my_RFM9x.obj (.const:FskBandwidths)
                  00003388    0000006c     sx1276-board.obj (.const:Radio)
                  000033f4    00000030     msp432p4xx_driverlib.lib : gpio.o (.const:GPIO_PORT_TO_BASE)
                  00003424    00000030     my_RFM9x.obj (.const:RadioRegsInit)
                  00003454    0000001c     my_spi.obj (.const:spiMasterConfig)
                  00003470    00000018     my_timer.obj (.const:upConfig)
                  00003488    00000010     my_timer.obj (.const:contConfig0)

.cinit     0    00003498    00000038     
                  00003498    00000012     (.cinit..data.load) [load image, compression = lzss]
                  000034aa    00000002     --HOLE-- [fill = 0]
                  000034ac    0000000c     (__TI_handler_table)
                  000034b8    00000008     (.cinit..bss.load) [load image, compression = zero_init]
                  000034c0    00000010     (__TI_cinit_table)

.init_array 
*          0    00000000    00000000     UNINITIALIZED

.binit     0    00000000    00000000     

.bss       0    20000000    00000144     UNINITIALIZED
                  20000000    00000104     (.common:SX1276)
                  20000104    00000014     (.common:Led1)
                  20000118    00000014     (.common:Led2)
                  2000012c    00000014     (.common:Led3)
                  20000140    00000004     my_RFM9x.obj (.bss)

.data      0    20000144    00000012     UNINITIALIZED
                  20000144    0000000a     main.obj (.data)
                  2000014e    00000005     main.obj (.data:buffer)
                  20000153    00000002     board.obj (.data)
                  20000155    00000001     my_timer.obj (.data)

.stack     0    2000fe00    00000200     UNINITIALIZED
                  2000fe00    00000004     rtsv7M4_T_le_v4SPD16_eabi.lib : boot_cortex_m.c.obj (.stack)
                  2000fe04    000001fc     --HOLE--

MODULE SUMMARY

       Module                        code    ro data   rw data
       ------                        ----    -------   -------
    .\
       my_RFM9x.obj                  5398    224       528    
       gpio-board.obj                800     0         0      
       sx1276-board.obj              668     108       0      
       board.obj                     462     0         124    
       my_timer.obj                  366     40        2      
       main.obj                      264     0         30     
       my_spi.obj                    260     28        0      
       my_gpio.obj                   126     0         0      
       system_msp432p401r.obj        120     0         0      
       rtc-board.obj                 28      0         0      
       my_systick.obj                2       0         0      
    +--+-----------------------------+-------+---------+---------+
       Total:                        8494    400       684    
                                                              
    .\ccs\
       startup_msp432p401r_ccs.obj   14      228       0      
    +--+-----------------------------+-------+---------+---------+
       Total:                        14      228       0      
                                                              
    C:/ti/simplelink_msp432p4_sdk_3_40_01_02/source/ti/devices/msp432p4xx/driverlib/ccs/msp432p4xx_driverlib.lib
       timer_a.o                     584     0         0      
       spi.o                         542     0         0      
       rtc_c.o                       240     0         0      
       gpio.o                        184     48        0      
    +--+-----------------------------+-------+---------+---------+
       Total:                        1550    48        0      
                                                              
    C:\ti\ccs930\ccs\tools\compiler\ti-cgt-arm_18.12.5.LTS\lib\rtsv7M4_T_le_v4SPD16_eabi.lib
       fd_add_t2.asm.obj             438     0         0      
       fd_div_t2.asm.obj             310     0         0      
       fd_cmp_t2.asm.obj             268     0         0      
       fd_mul_t2.asm.obj             252     0         0      
       s_ceil.c.obj                  248     0         0      
       s_floor.c.obj                 248     0         0      
       s_round.c.obj                 192     0         0      
       memcpy_t2.asm.obj             156     0         0      
       fd_tos_t2.asm.obj             110     0         0      
       copy_decompress_lzss.c.obj    104     0         0      
       fd_toi_t2.asm.obj             72      0         0      
       autoinit.c.obj                68      0         0      
       fd_tou_t2.asm.obj             68      0         0      
       boot_cortex_m.c.obj           52      0         0      
       i_tofd_t2.asm.obj             46      0         0      
       u_tofd_t2.asm.obj             32      0         0      
       copy_zero_init.c.obj          28      0         0      
       copy_decompress_none.c.obj    14      0         0      
       exit.c.obj                    4       0         0      
       pre_init.c.obj                4       0         0      
    +--+-----------------------------+-------+---------+---------+
       Total:                        2714    0         0      
                                                              
       Stack:                        0       0         1024   
       Linker Generated:             0       54        0      
    +--+-----------------------------+-------+---------+---------+
       Grand Total:                  12772   730       1708   


LINKER GENERATED COPY TABLES

__TI_cinit_table @ 000034c0 records: 2, size/record: 8, table size: 16
	.data: load addr=00003498, load size=00000012 bytes, run addr=20000144, run size=00000012 bytes, compression=lzss
	.bss: load addr=000034b8, load size=00000008 bytes, run addr=20000000, run size=00000144 bytes, compression=zero_init


LINKER GENERATED HANDLER TABLE

__TI_handler_table @ 000034ac records: 3, size/record: 4, table size: 12
	index: 0, handler: __TI_decompress_lzss
	index: 1, handler: __TI_decompress_none
	index: 2, handler: __TI_zero_init


GLOBAL SYMBOLS: SORTED ALPHABETICALLY BY Name 

address   name                                
-------   ----                                
00001293  ADC14_IRQHandler                    
00001293  AES256_IRQHandler                   
00001c15  BoardInitMcu                        
2000014a  BufferSize                          
00001293  BusFault_Handler                    
000032d3  C$$EXIT                             
00001293  COMP_E0_IRQHandler                  
00001293  COMP_E1_IRQHandler                  
00001293  CS_IRQHandler                       
20000144  DIO0Flag                            
20000145  DIO1Flag                            
20000146  DIO2Flag                            
20000147  DIO3Flag                            
20000148  DIO4Flag                            
00001293  DMA_ERR_IRQHandler                  
00001293  DMA_INT0_IRQHandler                 
00001293  DMA_INT1_IRQHandler                 
00001293  DMA_INT2_IRQHandler                 
00001293  DMA_INT3_IRQHandler                 
00001293  DebugMon_Handler                    
00001293  Default_Handler                     
00002825  Delayms                             
00001293  EUSCIA0_IRQHandler                  
00001293  EUSCIA1_IRQHandler                  
00001293  EUSCIA2_IRQHandler                  
00001293  EUSCIA3_IRQHandler                  
00001293  EUSCIB0_IRQHandler                  
00001293  EUSCIB1_IRQHandler                  
00001293  EUSCIB2_IRQHandler                  
00001293  EUSCIB3_IRQHandler                  
00003169  EUSCI_A_SPI_enable                  
00003109  EUSCI_A_SPI_getInterruptStatus      
00003253  EUSCI_A_SPI_receiveData             
0000317f  EUSCI_A_SPI_transmitData            
00003195  EUSCI_B_SPI_enable                  
00003121  EUSCI_B_SPI_getInterruptStatus      
00003263  EUSCI_B_SPI_receiveData             
000031ab  EUSCI_B_SPI_transmitData            
00001293  FLCTL_IRQHandler                    
00001293  FPU_IRQHandler                      
000032d8  FskBandwidths                       
00002ec5  GPIO_enableInterrupt                
00002c35  GPIO_setAsOutputPin                 
00002eed  GPIO_setOutputHighOnPin             
00002f15  GPIO_setOutputLowOnPin              
00003205  GetBoardPowerSource                 
00002645  GetFskBandwidthRegValue             
00002fd9  GpioFlashLED                        
00002e09  GpioInit                            
00000dc5  GpioMcuInit                         
00001649  GpioMcuSetInterrupt                 
00002ae1  GpioMcuWrite                        
0000307b  GpioSetInterrupt                    
00003273  GpioWrite                           
00001293  HardFault_Handler                   
20000104  Led1                                
20000118  Led2                                
2000012c  Led3                                
00001293  MemManage_Handler                   
00001293  NMI_Handler                         
00003139  OnTxDone                            
00001293  PCM_IRQHandler                      
00001293  PORT1_IRQHandler                    
0000287d  PORT2_IRQHandler                    
0000287d  PORT2_IRQHandler                    
00001293  PORT3_IRQHandler                    
00001293  PORT4_IRQHandler                    
00001293  PORT5_IRQHandler                    
00001293  PORT6_IRQHandler                    
00001293  PSS_IRQHandler                      
00001293  PendSV_Handler                      
00002d31  RFM_spi_read_write                  
00003099  RTC_C_IRQHandler                    
00003099  RTC_C_IRQHandler                    
00002149  RTC_C_getEnabledInterruptStatus     
000027c9  RTC_C_getInterruptStatus            
00003388  Radio                               
00003424  RadioRegsInit                       
00003291  Reset_Handler                       
2000014c  RssiValue                           
00001e25  RxChainCalibration                  
000030b5  SPI_enableModule                    
00002f3d  SPI_getInterruptStatus              
00001cc5  SPI_initMaster                      
000030d1  SPI_receiveData                     
00002f8d  SPI_transmitData                    
00001293  SVC_Handler                         
20000000  SX1276                              
0000329d  SX1276CheckRfFrequency              
000032cb  SX1276GetBoardTcxoWakeupTime        
000032b5  SX1276GetStatus                     
000004a5  SX1276GetTimeOnAir                  
000032c1  SX1276GetWakeupTime                 
000021dd  SX1276Init                          
00001d75  SX1276IoInit                        
000028d5  SX1276IoIrqInit                     
000022f5  SX1276IsChannelFree                 
00002769  SX1276Random                        
000026a9  SX1276ReadBuffer                    
00002571  SX1276ReadRssi                      
00002fb5  SX1276Reset                         
000013d9  SX1276Send                          
00002979  SX1276SetChannel                    
000029c1  SX1276SetMaxPayloadLength           
00001f75  SX1276SetModem                      
00002ffb  SX1276SetOpMode                     
00002cf5  SX1276SetPublicNetwork              
0000113f  SX1276SetRfTxPower                  
00000b31  SX1276SetRx                         
000000e5  SX1276SetRxConfig                   
00003241  SX1276SetSleep                      
00003219  SX1276SetStby                       
00001ecd  SX1276SetTx                         
0000083d  SX1276SetTxConfig                   
00002269  SX1276SetTxContinuousWave           
00002b25  SX1276StartCad                      
00002709  SX1276WriteBuffer                   
000031c1  SX1276WriteFifo                     
2000014d  SnrValue                            
20000149  State                               
00001647  SysTick_Handler                     
00001647  SysTick_Handler                     
00002489  SystemInit                          
00001293  T32_INT1_IRQHandler                 
00001293  T32_INT2_IRQHandler                 
00001293  T32_INTC_IRQHandler                 
00001293  TA0_0_IRQHandler                    
00001293  TA0_N_IRQHandler                    
0000301d  TA1_0_IRQHandler                    
0000301d  TA1_0_IRQHandler                    
00001293  TA1_N_IRQHandler                    
00001293  TA2_0_IRQHandler                    
00001293  TA2_N_IRQHandler                    
00001293  TA3_0_IRQHandler                    
00001293  TA3_N_IRQHandler                    
00002d69  TimerAInteruptInit                  
00002f65  TimerATimerInit                     
20000155  TimerInteruptFlag                   
00002e99  Timer_A_clearCaptureCompareInterrupt
000031d7  Timer_A_clearInterruptFlag          
00003151  Timer_A_clearTimer                  
00002da1  Timer_A_configureContinuousMode     
0000292d  Timer_A_getCounterValue             
000031ed  Timer_A_startCounter                
0000322d  Timer_A_stopTimer                   
00001293  UsageFault_Handler                  
4000480c  WDTCTL_SYM                          
00001293  WDT_A_IRQHandler                    
20010000  __STACK_END                         
00000200  __STACK_SIZE                        
000034c0  __TI_CINIT_Base                     
000034d0  __TI_CINIT_Limit                    
000034ac  __TI_Handler_Table_Base             
000034b8  __TI_Handler_Table_Limit            
00002b69  __TI_auto_init_nobinit_nopinit      
000025dd  __TI_decompress_lzss                
00003283  __TI_decompress_none                
ffffffff  __TI_pprof_out_hndl                 
ffffffff  __TI_prof_data_size                 
ffffffff  __TI_prof_data_start                
00000000  __TI_static_base__                  
000030ed  __TI_zero_init_nomemset             
0000237b  __aeabi_cdcmpeq                     
0000237b  __aeabi_cdcmple                     
00002401  __aeabi_cdrcmple                    
00002501  __aeabi_d2f                         
00002a09  __aeabi_d2iz                        
00002bad  __aeabi_d2uiz                       
00000f93  __aeabi_dadd                        
00001511  __aeabi_ddiv                        
00001869  __aeabi_dmul                        
00000f89  __aeabi_dsub                        
00002e69  __aeabi_i2d                         
00002015  __aeabi_memcpy                      
00002015  __aeabi_memcpy4                     
00002015  __aeabi_memcpy8                     
0000303d  __aeabi_ui2d                        
ffffffff  __binit__                           
ffffffff  __c_args__                          
UNDEFED   __mpu_init                          
2000fe00  __stack                             
00002dd5  _c_int00_noargs                     
UNDEFED   _system_post_cinit                  
000032cf  _system_pre_init                    
000032d3  abort                               
ffffffff  binit                               
2000014e  buffer                              
00001965  ceil                                
00001965  ceill                               
00003488  contConfig0                         
00001a5d  floor                               
00001a5d  floorl                              
00002e39  getTiming                           
00000000  interruptVectors                    
000020b1  main                                
00002015  memcpy                              
00001b55  round                               
00001b55  roundl                              
00003454  spiMasterConfig                     
00002a51  spiRead_RFM                         
00002bf1  spiWrite_RFM                        
00002cb5  spi_open                            
0000305d  startTiming                         
00002a99  stopTiming                          
00003470  upConfig                            


GLOBAL SYMBOLS: SORTED BY Symbol Address 

address   name                                
-------   ----                                
00000000  __TI_static_base__                  
00000000  interruptVectors                    
000000e5  SX1276SetRxConfig                   
00000200  __STACK_SIZE                        
000004a5  SX1276GetTimeOnAir                  
0000083d  SX1276SetTxConfig                   
00000b31  SX1276SetRx                         
00000dc5  GpioMcuInit                         
00000f89  __aeabi_dsub                        
00000f93  __aeabi_dadd                        
0000113f  SX1276SetRfTxPower                  
00001293  ADC14_IRQHandler                    
00001293  AES256_IRQHandler                   
00001293  BusFault_Handler                    
00001293  COMP_E0_IRQHandler                  
00001293  COMP_E1_IRQHandler                  
00001293  CS_IRQHandler                       
00001293  DMA_ERR_IRQHandler                  
00001293  DMA_INT0_IRQHandler                 
00001293  DMA_INT1_IRQHandler                 
00001293  DMA_INT2_IRQHandler                 
00001293  DMA_INT3_IRQHandler                 
00001293  DebugMon_Handler                    
00001293  Default_Handler                     
00001293  EUSCIA0_IRQHandler                  
00001293  EUSCIA1_IRQHandler                  
00001293  EUSCIA2_IRQHandler                  
00001293  EUSCIA3_IRQHandler                  
00001293  EUSCIB0_IRQHandler                  
00001293  EUSCIB1_IRQHandler                  
00001293  EUSCIB2_IRQHandler                  
00001293  EUSCIB3_IRQHandler                  
00001293  FLCTL_IRQHandler                    
00001293  FPU_IRQHandler                      
00001293  HardFault_Handler                   
00001293  MemManage_Handler                   
00001293  NMI_Handler                         
00001293  PCM_IRQHandler                      
00001293  PORT1_IRQHandler                    
00001293  PORT3_IRQHandler                    
00001293  PORT4_IRQHandler                    
00001293  PORT5_IRQHandler                    
00001293  PORT6_IRQHandler                    
00001293  PSS_IRQHandler                      
00001293  PendSV_Handler                      
00001293  SVC_Handler                         
00001293  T32_INT1_IRQHandler                 
00001293  T32_INT2_IRQHandler                 
00001293  T32_INTC_IRQHandler                 
00001293  TA0_0_IRQHandler                    
00001293  TA0_N_IRQHandler                    
00001293  TA1_N_IRQHandler                    
00001293  TA2_0_IRQHandler                    
00001293  TA2_N_IRQHandler                    
00001293  TA3_0_IRQHandler                    
00001293  TA3_N_IRQHandler                    
00001293  UsageFault_Handler                  
00001293  WDT_A_IRQHandler                    
000013d9  SX1276Send                          
00001511  __aeabi_ddiv                        
00001647  SysTick_Handler                     
00001647  SysTick_Handler                     
00001649  GpioMcuSetInterrupt                 
00001869  __aeabi_dmul                        
00001965  ceil                                
00001965  ceill                               
00001a5d  floor                               
00001a5d  floorl                              
00001b55  round                               
00001b55  roundl                              
00001c15  BoardInitMcu                        
00001cc5  SPI_initMaster                      
00001d75  SX1276IoInit                        
00001e25  RxChainCalibration                  
00001ecd  SX1276SetTx                         
00001f75  SX1276SetModem                      
00002015  __aeabi_memcpy                      
00002015  __aeabi_memcpy4                     
00002015  __aeabi_memcpy8                     
00002015  memcpy                              
000020b1  main                                
00002149  RTC_C_getEnabledInterruptStatus     
000021dd  SX1276Init                          
00002269  SX1276SetTxContinuousWave           
000022f5  SX1276IsChannelFree                 
0000237b  __aeabi_cdcmpeq                     
0000237b  __aeabi_cdcmple                     
00002401  __aeabi_cdrcmple                    
00002489  SystemInit                          
00002501  __aeabi_d2f                         
00002571  SX1276ReadRssi                      
000025dd  __TI_decompress_lzss                
00002645  GetFskBandwidthRegValue             
000026a9  SX1276ReadBuffer                    
00002709  SX1276WriteBuffer                   
00002769  SX1276Random                        
000027c9  RTC_C_getInterruptStatus            
00002825  Delayms                             
0000287d  PORT2_IRQHandler                    
0000287d  PORT2_IRQHandler                    
000028d5  SX1276IoIrqInit                     
0000292d  Timer_A_getCounterValue             
00002979  SX1276SetChannel                    
000029c1  SX1276SetMaxPayloadLength           
00002a09  __aeabi_d2iz                        
00002a51  spiRead_RFM                         
00002a99  stopTiming                          
00002ae1  GpioMcuWrite                        
00002b25  SX1276StartCad                      
00002b69  __TI_auto_init_nobinit_nopinit      
00002bad  __aeabi_d2uiz                       
00002bf1  spiWrite_RFM                        
00002c35  GPIO_setAsOutputPin                 
00002cb5  spi_open                            
00002cf5  SX1276SetPublicNetwork              
00002d31  RFM_spi_read_write                  
00002d69  TimerAInteruptInit                  
00002da1  Timer_A_configureContinuousMode     
00002dd5  _c_int00_noargs                     
00002e09  GpioInit                            
00002e39  getTiming                           
00002e69  __aeabi_i2d                         
00002e99  Timer_A_clearCaptureCompareInterrupt
00002ec5  GPIO_enableInterrupt                
00002eed  GPIO_setOutputHighOnPin             
00002f15  GPIO_setOutputLowOnPin              
00002f3d  SPI_getInterruptStatus              
00002f65  TimerATimerInit                     
00002f8d  SPI_transmitData                    
00002fb5  SX1276Reset                         
00002fd9  GpioFlashLED                        
00002ffb  SX1276SetOpMode                     
0000301d  TA1_0_IRQHandler                    
0000301d  TA1_0_IRQHandler                    
0000303d  __aeabi_ui2d                        
0000305d  startTiming                         
0000307b  GpioSetInterrupt                    
00003099  RTC_C_IRQHandler                    
00003099  RTC_C_IRQHandler                    
000030b5  SPI_enableModule                    
000030d1  SPI_receiveData                     
000030ed  __TI_zero_init_nomemset             
00003109  EUSCI_A_SPI_getInterruptStatus      
00003121  EUSCI_B_SPI_getInterruptStatus      
00003139  OnTxDone                            
00003151  Timer_A_clearTimer                  
00003169  EUSCI_A_SPI_enable                  
0000317f  EUSCI_A_SPI_transmitData            
00003195  EUSCI_B_SPI_enable                  
000031ab  EUSCI_B_SPI_transmitData            
000031c1  SX1276WriteFifo                     
000031d7  Timer_A_clearInterruptFlag          
000031ed  Timer_A_startCounter                
00003205  GetBoardPowerSource                 
00003219  SX1276SetStby                       
0000322d  Timer_A_stopTimer                   
00003241  SX1276SetSleep                      
00003253  EUSCI_A_SPI_receiveData             
00003263  EUSCI_B_SPI_receiveData             
00003273  GpioWrite                           
00003283  __TI_decompress_none                
00003291  Reset_Handler                       
0000329d  SX1276CheckRfFrequency              
000032b5  SX1276GetStatus                     
000032c1  SX1276GetWakeupTime                 
000032cb  SX1276GetBoardTcxoWakeupTime        
000032cf  _system_pre_init                    
000032d3  C$$EXIT                             
000032d3  abort                               
000032d8  FskBandwidths                       
00003388  Radio                               
00003424  RadioRegsInit                       
00003454  spiMasterConfig                     
00003470  upConfig                            
00003488  contConfig0                         
000034ac  __TI_Handler_Table_Base             
000034b8  __TI_Handler_Table_Limit            
000034c0  __TI_CINIT_Base                     
000034d0  __TI_CINIT_Limit                    
20000000  SX1276                              
20000104  Led1                                
20000118  Led2                                
2000012c  Led3                                
20000144  DIO0Flag                            
20000145  DIO1Flag                            
20000146  DIO2Flag                            
20000147  DIO3Flag                            
20000148  DIO4Flag                            
20000149  State                               
2000014a  BufferSize                          
2000014c  RssiValue                           
2000014d  SnrValue                            
2000014e  buffer                              
20000155  TimerInteruptFlag                   
2000fe00  __stack                             
20010000  __STACK_END                         
4000480c  WDTCTL_SYM                          
ffffffff  __TI_pprof_out_hndl                 
ffffffff  __TI_prof_data_size                 
ffffffff  __TI_prof_data_start                
ffffffff  __binit__                           
ffffffff  __c_args__                          
ffffffff  binit                               
UNDEFED   __mpu_init                          
UNDEFED   _system_post_cinit                  

[205 symbols]
