******************************************************************************
                  TI ARM Linker PC v18.12.5                    
******************************************************************************
>> Linked Thu Apr  9 13:30:56 2020

OUTPUT FILE NAME:   <Meesters.out>
ENTRY POINT SYMBOL: "_c_int00_noargs"  address: 00005b81


MEMORY CONFIGURATION

         name            origin    length      used     unused   attr    fill
----------------------  --------  ---------  --------  --------  ----  --------
  MAIN                  00000000   00040000  00006714  000398ec  R  X
  INFO                  00200000   00004000  00000000  00004000  R  X
  SRAM_CODE             01000000   00010000  00001066  0000ef9a  RW X
  SRAM_DATA             20000000   00010000  00001066  0000ef9a  RW  


SEGMENT ALLOCATION MAP

run origin  load origin   length   init length attrs members
----------  ----------- ---------- ----------- ----- -------
00000000    00000000    00006718   00006718    r-x
  00000000    00000000    000000e4   000000e4    r-- .intvecs
  000000e4    000000e4    000062a4   000062a4    r-x .text
  00006388    00006388    000002f4   000002f4    r-- .const
  00006680    00006680    00000098   00000098    r-- .cinit
20000000    20000000    00000e66   00000000    rw-
  20000000    20000000    00000800   00000000    rw- .sysmem
  20000800    20000800    0000042c   00000000    rw- .bss
  20000c2c    20000c2c    0000023a   00000000    rw- .data
2000fe00    2000fe00    00000200   00000000    rw-
  2000fe00    2000fe00    00000200   00000000    rw- .stack


SECTION ALLOCATION MAP

 output                                  attributes/
section   page    origin      length       input sections
--------  ----  ----------  ----------   ----------------
.intvecs   0    00000000    000000e4     
                  00000000    000000e4     startup_msp432p401r_ccs.obj (.intvecs:retain)

.text      0    000000e4    000062a4     
                  000000e4    00000a4e     rtsv7M4_T_le_v4SPD16_eabi.lib : _printfi.c.obj (.text:__TI_printfi)
                  00000b32    00000002     startup_msp432p401r_ccs.obj (.text:Default_Handler)
                  00000b34    000003b8     my_RFM9x.obj (.text:SX1276SetRxConfig)
                  00000eec    00000398     my_RFM9x.obj (.text:SX1276GetTimeOnAir)
                  00001284    000002f0     my_RFM9x.obj (.text:SX1276OnDio0Irq)
                  00001574    000002ec     my_RFM9x.obj (.text:SX1276SetTxConfig)
                  00001860    00000270     rtsv7M4_T_le_v4SPD16_eabi.lib : _printfi.c.obj (.text:_pconv_a)
                  00001ad0    00000254     my_RFM9x.obj (.text:SX1276SetRx)
                  00001d24    00000208     board.obj (.text:BoardUnusedIoInit)
                  00001f2c    000001d0     rtsv7M4_T_le_v4SPD16_eabi.lib : _printfi.c.obj (.text:_pconv_g)
                  000020fc    000001c4     gpio-board.obj (.text:GpioMcuInit)
                  000022c0    000001b6     rtsv7M4_T_le_v4SPD16_eabi.lib : fd_add_t2.asm.obj (.text)
                  00002476    00000002     my_systick.obj (.text:SysTick_Handler)
                  00002478    00000184     main.obj (.text:RadioInit)
                  000025fc    00000168     my_RFM9x.obj (.text:SX1276OnDio1Irq)
                  00002764    00000154     sx1276-board.obj (.text:SX1276SetRfTxPower)
                  000028b8    0000014c     my_RFM9x.obj (.text:SX1276Send)
                  00002a04    00000144     msp432p4xx_driverlib.lib : timer_a.o (.text:privateTimer_AProcessClockSourceDivider)
                  00002b48    0000013c     rtsv7M4_T_le_v4SPD16_eabi.lib : _printfi.c.obj (.text:_pconv_e)
                  00002c84    00000138     my_RFM9x.obj (.text:SX1276OnDio2Irq)
                  00002dbc    00000136     rtsv7M4_T_le_v4SPD16_eabi.lib : fd_div_t2.asm.obj (.text)
                  00002ef2    00000002                                   : _lock.c.obj (.text:_nop)
                  00002ef4    00000124                                   : _printfi.c.obj (.text:fcvt)
                  00003018    00000118     gpio-board.obj (.text:GpioMcuSetInterrupt)
                  00003130    00000118     rtsv7M4_T_le_v4SPD16_eabi.lib : memory.c.obj (.text:aligned_alloc)
                  00003248    00000114                                   : fputs.c.obj (.text:fputs)
                  0000335c    00000110                                   : s_scalbn.c.obj (.text:scalbn)
                  0000346c    000000fc                                   : fd_mul_t2.asm.obj (.text)
                  00003568    000000f8                                   : s_ceil.c.obj (.text:ceil)
                  00003660    000000f8                                   : s_floor.c.obj (.text:floor)
                  00003758    000000e8     timer.obj (.text:TimerIrqHandler)
                  00003840    000000e4     rtsv7M4_T_le_v4SPD16_eabi.lib : memory.c.obj (.text:free)
                  00003924    000000dc                                   : setvbuf.c.obj (.text:setvbuf)
                  00003a00    000000c0                                   : s_round.c.obj (.text:round)
                  00003ac0    000000b4     my_RFM9x.obj (.text:SX1276SetTx)
                  00003b74    000000b1     rtsv7M4_T_le_v4SPD16_eabi.lib : _printfi.c.obj (.text:_ltostr)
                  00003c25    00000001     --HOLE-- [fill = 0]
                  00003c26    000000b0     msp432p4xx_driverlib.lib : spi.o (.text:SPI_initMaster)
                  00003cd6    00000002     rtsv7M4_T_le_v4SPD16_eabi.lib : div0.asm.obj (.text)
                  00003cd8    000000b0     sx1276-board.obj (.text:SX1276IoInit)
                  00003d88    000000a8     my_RFM9x.obj (.text:RxChainCalibration)
                  00003e30    000000a4     my_RFM9x.obj (.text:SX1276IsChannelFree)
                  00003ed4    000000a0     my_RFM9x.obj (.text:SX1276SetModem)
                  00003f74    000000a0     main.obj (.text:main)
                  00004014    0000009c     rtsv7M4_T_le_v4SPD16_eabi.lib : memcpy_t2.asm.obj (.text)
                  000040b0    00000096                                   : ull_div_t2.asm.obj (.text)
                  00004146    00000002     --HOLE-- [fill = 0]
                  00004148    00000094     msp432p4xx_driverlib.lib : rtc_c.o (.text:RTC_C_getEnabledInterruptStatus)
                  000041dc    00000090     my_timer.obj (.text:startLoRaTimer)
                  0000426c    0000008c     my_RFM9x.obj (.text:SX1276Init)
                  000042f8    0000008c     my_RFM9x.obj (.text:SX1276SetTxContinuousWave)
                  00004384    0000008c     rtsv7M4_T_le_v4SPD16_eabi.lib : fputc.c.obj (.text:fputc)
                  00004410    00000088     board.obj (.text:BoardInitMcu)
                  00004498    00000086     rtsv7M4_T_le_v4SPD16_eabi.lib : fd_cmp_t2.asm.obj (.text:__aeabi_cdcmple)
                  0000451e    00000086                                   : fd_cmp_t2.asm.obj (.text:__aeabi_cdrcmple)
                  000045a4    00000080     msp432p4xx_driverlib.lib : interrupt.o (.text:Interrupt_enableInterrupt)
                  00004624    00000080     main.obj (.text:PORT2_IRQHandler)
                  000046a4    0000007a     rtsv7M4_T_le_v4SPD16_eabi.lib : memset_t2.asm.obj (.text)
                  0000471e    00000002     --HOLE-- [fill = 0]
                  00004720    00000078     system_msp432p401r.obj (.text:SystemInit)
                  00004798    00000074     rtsv7M4_T_le_v4SPD16_eabi.lib : fclose.c.obj (.text:__TI_closefile)
                  0000480c    00000070                                   : memory.c.obj (.text:split)
                  0000487c    0000006e                                   : _printfi.c.obj (.text:_mcpy)
                  000048ea    0000006e                                   : fd_tos_t2.asm.obj (.text)
                  00004958    0000006c                                   : hostrename.c.obj (.text:HOSTrename)
                  000049c4    0000006c     my_RFM9x.obj (.text:SX1276ReadRssi)
                  00004a30    00000068     rtsv7M4_T_le_v4SPD16_eabi.lib : hostlseek.c.obj (.text:HOSTlseek)
                  00004a98    00000068     main.obj (.text:OnRxDone)
                  00004b00    00000068     msp432p4xx_driverlib.lib : timer_a.o (.text:Timer_A_configureUpMode)
                  00004b68    00000068     rtsv7M4_T_le_v4SPD16_eabi.lib : copy_decompress_lzss.c.obj (.text:decompress:lzss:__TI_decompress_lzss)
                  00004bd0    00000068                                   : printf.c.obj (.text:printf)
                  00004c38    00000064     my_RFM9x.obj (.text:GetFskBandwidthRegValue)
                  00004c9c    00000064     rtsv7M4_T_le_v4SPD16_eabi.lib : s_frexp.c.obj (.text:frexp)
                  00004d00    00000064                                   : fseek.c.obj (.text:fseek)
                  00004d64    00000062                                   : _io_perm.c.obj (.text:__TI_wrt_ok)
                  00004dc6    00000002     --HOLE-- [fill = 0]
                  00004dc8    00000060                                   : hostopen.c.obj (.text:HOSTopen)
                  00004e28    00000060     my_RFM9x.obj (.text:SX1276ReadBuffer)
                  00004e88    00000060     my_RFM9x.obj (.text:SX1276WriteBuffer)
                  00004ee8    0000005e     my_RFM9x.obj (.text:SX1276Random)
                  00004f46    00000002     --HOLE-- [fill = 0]
                  00004f48    0000005c     msp432p4xx_driverlib.lib : rtc_c.o (.text:RTC_C_getInterruptStatus)
                  00004fa4    0000005c     rtsv7M4_T_le_v4SPD16_eabi.lib : close.c.obj (.text:close)
                  00005000    00000058     my_timer.obj (.text:Delayms)
                  00005058    00000058     rtsv7M4_T_le_v4SPD16_eabi.lib : hostread.c.obj (.text:HOSTread)
                  000050b0    00000058                                   : hostwrite.c.obj (.text:HOSTwrite)
                  00005108    00000058     sx1276-board.obj (.text:SX1276IoIrqInit)
                  00005160    00000058     my_timer.obj (.text:stopTiming)
                  000051b8    00000056     rtsv7M4_T_le_v4SPD16_eabi.lib : _printfi.c.obj (.text:_pconv_f)
                  0000520e    00000002     --HOLE-- [fill = 0]
                  00005210    00000054     my_timer.obj (.text:TimerATimerInit)
                  00005264    00000054     rtsv7M4_T_le_v4SPD16_eabi.lib : ltoa.c.obj (.text:ltoa)
                  000052b8    00000052                                   : _printfi.c.obj (.text:_ecpy)
                  0000530a    00000002     --HOLE-- [fill = 0]
                  0000530c    00000050     my_RFM9x.obj (.text:SX1276SetChannel)
                  0000535c    0000004e     msp432p4xx_driverlib.lib : timer_a.o (.text:Timer_A_initCompare)
                  000053aa    0000004c                              : timer_a.o (.text:Timer_A_getCounterValue)
                  000053f6    0000004c     rtsv7M4_T_le_v4SPD16_eabi.lib : fflush.c.obj (.text:__TI_doflush)
                  00005442    00000002     --HOLE-- [fill = 0]
                  00005444    0000004c                                   : atoi.c.obj (.text:atoi)
                  00005490    00000048     my_RFM9x.obj (.text:SX1276SetMaxPayloadLength)
                  000054d8    00000048     rtsv7M4_T_le_v4SPD16_eabi.lib : exit.c.obj (.text:exit)
                  00005520    00000048                                   : fd_toi_t2.asm.obj (.text)
                  00005568    00000048     my_spi.obj (.text:spiRead_RFM)
                  000055b0    00000044     gpio-board.obj (.text:GpioMcuWrite)
                  000055f4    00000044     rtsv7M4_T_le_v4SPD16_eabi.lib : hostclose.c.obj (.text:HOSTclose)
                  00005638    00000044                                   : hostunlink.c.obj (.text:HOSTunlink)
                  0000567c    00000044     my_RFM9x.obj (.text:SX1276StartCad)
                  000056c0    00000044     rtsv7M4_T_le_v4SPD16_eabi.lib : autoinit.c.obj (.text:__TI_auto_init_nobinit_nopinit:__TI_auto_init_nobinit_nopinit)
                  00005704    00000044     my_timer.obj (.text:getTiming)
                  00005748    00000044     rtsv7M4_T_le_v4SPD16_eabi.lib : getdevice.c.obj (.text:getdevice)
                  0000578c    00000044                                   : fd_tou_t2.asm.obj (.text)
                  000057d0    00000044     my_spi.obj (.text:spiWrite_RFM)
                  00005814    00000040     msp432p4xx_driverlib.lib : gpio.o (.text:GPIO_setAsOutputPin)
                  00005854    00000040     my_timer.obj (.text:SetAlarm)
                  00005894    00000040     msp432p4xx_driverlib.lib : spi.o (.text:is_A_Module)
                  000058d4    00000040     my_spi.obj (.text:spi_open)
                  00005914    0000003e     rtsv7M4_T_le_v4SPD16_eabi.lib : _printfi.c.obj (.text:_fcpy)
                  00005952    00000002     --HOLE-- [fill = 0]
                  00005954    0000003c     my_RFM9x.obj (.text:SX1276OnDio4Irq)
                  00005990    0000003c     my_RFM9x.obj (.text:SX1276SetPublicNetwork)
                  000059cc    0000003c     my_timer.obj (.text:TimerAInteruptInit)
                  00005a08    00000038     my_spi.obj (.text:RFM_spi_read_write)
                  00005a40    00000038     rtsv7M4_T_le_v4SPD16_eabi.lib : trgmsg.c.obj (.text:__TI_writemsg)
                  00005a78    00000036     timer.obj (.text:TimerSetTimeout)
                  00005aae    00000036     rtsv7M4_T_le_v4SPD16_eabi.lib : strncpy.c.obj (.text:strncpy)
                  00005ae4    00000034     msp432p4xx_driverlib.lib : timer_a.o (.text:Timer_A_configureContinuousMode)
                  00005b18    00000034     rtsv7M4_T_le_v4SPD16_eabi.lib : fopen.c.obj (.text:__TI_cleanup)
                  00005b4c    00000034                                   : trgmsg.c.obj (.text:__TI_readmsg)
                  00005b80    00000034                                   : boot_cortex_m.c.obj (.text:_c_int00_noargs:_c_int00_noargs)
                  00005bb4    00000030     my_gpio.obj (.text:GpioInit)
                  00005be4    00000030     my_timer.obj (.text:TA2_0_IRQHandler)
                  00005c14    00000030     rtsv7M4_T_le_v4SPD16_eabi.lib : getdevice.c.obj (.text:finddevice)
                  00005c44    0000002e                                   : i_tofd_t2.asm.obj (.text)
                  00005c72    00000002     --HOLE-- [fill = 0]
                  00005c74    0000002c     msp432p4xx_driverlib.lib : timer_a.o (.text:Timer_A_clearCaptureCompareInterrupt)
                  00005ca0    0000002c                              : timer_a.o (.text:Timer_A_enableCaptureCompareInterrupt)
                  00005ccc    0000002c     my_timer.obj (.text:stopLoRaTimer)
                  00005cf8    0000002c     rtsv7M4_T_le_v4SPD16_eabi.lib : unlink.c.obj (.text:unlink)
                  00005d24    00000028     msp432p4xx_driverlib.lib : gpio.o (.text:GPIO_enableInterrupt)
                  00005d4c    00000028                              : gpio.o (.text:GPIO_setOutputHighOnPin)
                  00005d74    00000028                              : gpio.o (.text:GPIO_setOutputLowOnPin)
                  00005d9c    00000028                              : spi.o (.text:SPI_getInterruptStatus)
                  00005dc4    00000028                              : timer_a.o (.text:Timer_A_setCompareValue)
                  00005dec    00000028     rtsv7M4_T_le_v4SPD16_eabi.lib : memory.c.obj (.text:free_list_insert)
                  00005e14    00000028                                   : lseek.c.obj (.text:lseek)
                  00005e3c    00000028                                   : write.c.obj (.text:write)
                  00005e64    00000026     msp432p4xx_driverlib.lib : spi.o (.text:SPI_transmitData)
                  00005e8a    00000002     --HOLE-- [fill = 0]
                  00005e8c    00000024     main.obj (.text:OnTxDone)
                  00005eb0    00000024     sx1276-board.obj (.text:SX1276Reset)
                  00005ed4    00000024     my_timer.obj (.text:TA3_0_IRQHandler)
                  00005ef8    00000022     my_gpio.obj (.text:GpioFlashLED)
                  00005f1a    00000002     --HOLE-- [fill = 0]
                  00005f1c    00000020     my_rtc.obj (.text:RTC_C_IRQHandler)
                  00005f3c    00000020     my_RFM9x.obj (.text:SX1276SetOpMode)
                  00005f5c    00000020     my_timer.obj (.text:TA1_0_IRQHandler)
                  00005f7c    00000020     rtsv7M4_T_le_v4SPD16_eabi.lib : memchr.c.obj (.text:memchr)
                  00005f9c    00000020                                   : u_tofd_t2.asm.obj (.text)
                  00005fbc    0000001c     my_timer.obj (.text:GetTimerElapsedTime)
                  00005fd8    0000001c     my_gpio.obj (.text:GpioSetInterrupt)
                  00005ff4    0000001c     msp432p4xx_driverlib.lib : spi.o (.text:SPI_enableModule)
                  00006010    0000001c                              : spi.o (.text:SPI_receiveData)
                  0000602c    0000001c     my_RFM9x.obj (.text:SX1276SetSleep)
                  00006048    0000001c     my_timer.obj (.text:SetTimerContext)
                  00006064    0000001c     rtsv7M4_T_le_v4SPD16_eabi.lib : memory.c.obj (.text:free_list_remove)
                  00006080    0000001c                                   : memccpy.c.obj (.text:memccpy)
                  0000609c    0000001a                                   : s_copysign.c.obj (.text:copysign)
                  000060b6    00000018     msp432p4xx_driverlib.lib : spi.o (.text:EUSCI_A_SPI_getInterruptStatus)
                  000060ce    00000018                              : spi.o (.text:EUSCI_B_SPI_getInterruptStatus)
                  000060e6    00000002     --HOLE-- [fill = 0]
                  000060e8    00000018     main.obj (.text:OnRxError)
                  00006100    00000018     main.obj (.text:OnRxTimeout)
                  00006118    00000018     main.obj (.text:OnTxTimeout)
                  00006130    00000018     msp432p4xx_driverlib.lib : timer_a.o (.text:Timer_A_clearTimer)
                  00006148    00000018                              : timer_a.o (.text:Timer_A_enableInterrupt)
                  00006160    00000018     my_timer.obj (.text:startTiming)
                  00006178    00000018     rtsv7M4_T_le_v4SPD16_eabi.lib : strcmp.c.obj (.text:strcmp)
                  00006190    00000016     msp432p4xx_driverlib.lib : spi.o (.text:EUSCI_A_SPI_enable)
                  000061a6    00000016                              : spi.o (.text:EUSCI_A_SPI_transmitData)
                  000061bc    00000016                              : spi.o (.text:EUSCI_B_SPI_enable)
                  000061d2    00000016                              : spi.o (.text:EUSCI_B_SPI_transmitData)
                  000061e8    00000016     my_RFM9x.obj (.text:SX1276ReadFifo)
                  000061fe    00000016     my_RFM9x.obj (.text:SX1276WriteFifo)
                  00006214    00000016     msp432p4xx_driverlib.lib : timer_a.o (.text:Timer_A_clearInterruptFlag)
                  0000622a    00000016                              : timer_a.o (.text:Timer_A_startCounter)
                  00006240    00000016     rtsv7M4_T_le_v4SPD16_eabi.lib : strchr.c.obj (.text:strchr)
                  00006256    00000002     --HOLE-- [fill = 0]
                  00006258    00000014     board.obj (.text:GetBoardPowerSource)
                  0000626c    00000014     my_RFM9x.obj (.text:SX1276SetStby)
                  00006280    00000014     msp432p4xx_driverlib.lib : timer_a.o (.text:Timer_A_stopTimer)
                  00006294    00000014     rtsv7M4_T_le_v4SPD16_eabi.lib : strcpy.c.obj (.text:strcpy)
                  000062a8    00000014                                   : strlen.c.obj (.text:strlen)
                  000062bc    00000012                                   : wcslen.c.obj (.text:wcslen)
                  000062ce    00000010     msp432p4xx_driverlib.lib : spi.o (.text:EUSCI_A_SPI_receiveData)
                  000062de    00000010                              : spi.o (.text:EUSCI_B_SPI_receiveData)
                  000062ee    00000010     my_gpio.obj (.text:GpioWrite)
                  000062fe    0000000e     rtsv7M4_T_le_v4SPD16_eabi.lib : copy_decompress_none.c.obj (.text:decompress:none:__TI_decompress_none)
                  0000630c    0000000c     my_timer.obj (.text:GetTimerContext)
                  00006318    0000000c     startup_msp432p401r_ccs.obj (.text:Reset_Handler)
                  00006324    0000000c     sx1276-board.obj (.text:SX1276CheckRfFrequency)
                  00006330    0000000c     sx1276-board.obj (.text:SX1276GetPaSelect)
                  0000633c    0000000c     my_RFM9x.obj (.text:SX1276GetStatus)
                  00006348    0000000c     rtsv7M4_T_le_v4SPD16_eabi.lib : copy_zero_init.c.obj (.text:decompress:ZI:__TI_zero_init)
                  00006354    0000000a     my_RFM9x.obj (.text:SX1276GetWakeupTime)
                  0000635e    00000002     --HOLE-- [fill = 0]
                  00006360    00000008     rtsv7M4_T_le_v4SPD16_eabi.lib : errno.c.obj (.text:__aeabi_errno_addr)
                  00006368    00000008                                   : memory.c.obj (.text:malloc)
                  00006370    00000004     my_timer.obj (.text:GetMinimumTimeout)
                  00006374    00000004     sx1276-board.obj (.text:SX1276GetBoardTcxoWakeupTime)
                  00006378    00000004     rtsv7M4_T_le_v4SPD16_eabi.lib : printf.c.obj (.text:_outc)
                  0000637c    00000004                                   : printf.c.obj (.text:_outs)
                  00006380    00000004                                   : pre_init.c.obj (.text:_system_pre_init)
                  00006384    00000004                                   : exit.c.obj (.text:abort:abort)

.const     0    00006388    000002f4     
                  00006388    00000101     rtsv7M4_T_le_v4SPD16_eabi.lib : ctype.c.obj (.const:.string:_ctypes_)
                  00006489    00000003     --HOLE-- [fill = 0]
                  0000648c    000000b0     my_RFM9x.obj (.const:FskBandwidths)
                  0000653c    0000006c     sx1276-board.obj (.const:Radio)
                  000065a8    00000030     msp432p4xx_driverlib.lib : gpio.o (.const:GPIO_PORT_TO_BASE)
                  000065d8    00000030     my_RFM9x.obj (.const:RadioRegsInit)
                  00006608    0000001c     my_spi.obj (.const:spiMasterConfig)
                  00006624    00000018     my_timer.obj (.const:$P$T0$1)
                  0000663c    00000018     my_timer.obj (.const:upConfig)
                  00006654    00000010     my_timer.obj (.const:$P$T1$2)
                  00006664    00000010     my_timer.obj (.const:contConfig0)
                  00006674    00000008     msp432p4xx_driverlib.lib : interrupt.o (.const:g_pulEnRegs)

.cinit     0    00006680    00000098     
                  00006680    0000006f     (.cinit..data.load) [load image, compression = lzss]
                  000066ef    00000001     --HOLE-- [fill = 0]
                  000066f0    0000000c     (__TI_handler_table)
                  000066fc    00000004     --HOLE-- [fill = 0]
                  00006700    00000008     (.cinit..bss.load) [load image, compression = zero_init]
                  00006708    00000010     (__TI_cinit_table)

.init_array 
*          0    00000000    00000000     UNINITIALIZED

.binit     0    00000000    00000000     

.sysmem    0    20000000    00000800     UNINITIALIZED
                  20000000    00000010     rtsv7M4_T_le_v4SPD16_eabi.lib : memory.c.obj (.sysmem)
                  20000010    000007f0     --HOLE--

.bss       0    20000800    0000042c     UNINITIALIZED
                  20000800    00000120     rtsv7M4_T_le_v4SPD16_eabi.lib : trgmsg.c.obj (.bss:_CIOBUF_)
                  20000920    00000104     (.common:SX1276)
                  20000a24    00000100     my_RFM9x.obj (.bss:RxTxBuffer)
                  20000b24    000000a0     (.common:__TI_tmpnams)
                  20000bc4    0000001c     main.obj (.bss:RadioEvents)
                  20000be0    00000014     (.common:Led1)
                  20000bf4    00000014     (.common:Led2)
                  20000c08    00000014     (.common:Led3)
                  20000c1c    00000008     (.common:parmbuf)
                  20000c24    00000004     my_timer.obj (.bss:TimerContext)
                  20000c28    00000004     my_RFM9x.obj (.bss)

.data      0    20000c2c    0000023a     UNINITIALIZED
                  20000c2c    000000f0     rtsv7M4_T_le_v4SPD16_eabi.lib : defs.c.obj (.data:_ftable)
                  20000d1c    00000078                                   : host_device.c.obj (.data:_device)
                  20000d94    00000050                                   : host_device.c.obj (.data:_stream)
                  20000de4    00000040     main.obj (.data:Buffer)
                  20000e24    00000010     rtsv7M4_T_le_v4SPD16_eabi.lib : defs.c.obj (.data)
                  20000e34    0000000c                                   : exit.c.obj (.data:$O1$$)
                  20000e40    0000000c     main.obj (.data)
                  20000e4c    00000008     rtsv7M4_T_le_v4SPD16_eabi.lib : _lock.c.obj (.data:$O1$$)
                  20000e54    00000008                                   : memory.c.obj (.data:$O1$$)
                  20000e5c    00000004                                   : errno.c.obj (.data)
                  20000e60    00000004     timer.obj (.data)
                  20000e64    00000001     board.obj (.data)
                  20000e65    00000001     my_timer.obj (.data)

.stack     0    2000fe00    00000200     UNINITIALIZED
                  2000fe00    00000004     rtsv7M4_T_le_v4SPD16_eabi.lib : boot_cortex_m.c.obj (.stack)
                  2000fe04    000001fc     --HOLE--

MODULE SUMMARY

       Module                        code    ro data   rw data
       ------                        ----    -------   -------
    .\
       my_RFM9x.obj                  6904    224       1040   
       main.obj                      888     0         208    
       my_timer.obj                  852     80        10     
       gpio-board.obj                800     0         0      
       board.obj                     676     0         122    
       sx1276-board.obj              668     108       0      
       timer.obj                     286     0         8      
       my_spi.obj                    260     28        0      
       my_gpio.obj                   126     0         0      
       system_msp432p401r.obj        120     0         0      
       my_rtc.obj                    32      0         0      
       my_systick.obj                2       0         0      
    +--+-----------------------------+-------+---------+---------+
       Total:                        11614   440       1388   
                                                              
    .\ccs\
       startup_msp432p401r_ccs.obj   14      228       0      
    +--+-----------------------------+-------+---------+---------+
       Total:                        14      228       0      
                                                              
    C:/ti/simplelink_msp432p4_sdk_3_40_01_02/source/ti/devices/msp432p4xx/driverlib/ccs/msp432p4xx_driverlib.lib
       timer_a.o                     874     0         0      
       spi.o                         542     0         0      
       rtc_c.o                       240     0         0      
       gpio.o                        184     48        0      
       interrupt.o                   128     8         0      
    +--+-----------------------------+-------+---------+---------+
       Total:                        1968    56        0      
                                                              
    C:\ti\ccs930\ccs\tools\compiler\ti-cgt-arm_18.12.5.LTS\lib\rtsv7M4_T_le_v4SPD16_eabi.lib
       _printfi.c.obj                4851    0         0      
       defs.c.obj                    0       0         832    
       memory.c.obj                  696     0         16     
       trgmsg.c.obj                  108     0         576    
       fd_add_t2.asm.obj             438     0         0      
       host_device.c.obj             0       0         400    
       fd_div_t2.asm.obj             310     0         0      
       fputs.c.obj                   276     0         0      
       s_scalbn.c.obj                272     0         0      
       fd_cmp_t2.asm.obj             268     0         0      
       ctype.c.obj                   0       257       0      
       fd_mul_t2.asm.obj             252     0         0      
       s_ceil.c.obj                  248     0         0      
       s_floor.c.obj                 248     0         0      
       setvbuf.c.obj                 220     0         0      
       s_round.c.obj                 192     0         0      
       memcpy_t2.asm.obj             156     0         0      
       ull_div_t2.asm.obj            150     0         0      
       fputc.c.obj                   140     0         0      
       memset_t2.asm.obj             122     0         0      
       fclose.c.obj                  116     0         0      
       getdevice.c.obj               116     0         0      
       hostopen.c.obj                96      0         16     
       printf.c.obj                  112     0         0      
       fd_tos_t2.asm.obj             110     0         0      
       hostrename.c.obj              108     0         0      
       copy_decompress_lzss.c.obj    104     0         0      
       hostlseek.c.obj               104     0         0      
       exit.c.obj                    76      0         24     
       fseek.c.obj                   100     0         0      
       s_frexp.c.obj                 100     0         0      
       _io_perm.c.obj                98      0         0      
       close.c.obj                   92      0         0      
       hostread.c.obj                88      0         0      
       hostwrite.c.obj               88      0         0      
       ltoa.c.obj                    84      0         0      
       atoi.c.obj                    76      0         0      
       fflush.c.obj                  76      0         0      
       fd_toi_t2.asm.obj             72      0         0      
       autoinit.c.obj                68      0         0      
       fd_tou_t2.asm.obj             68      0         0      
       hostclose.c.obj               68      0         0      
       hostunlink.c.obj              68      0         0      
       strncpy.c.obj                 54      0         0      
       boot_cortex_m.c.obj           52      0         0      
       fopen.c.obj                   52      0         0      
       i_tofd_t2.asm.obj             46      0         0      
       unlink.c.obj                  44      0         0      
       lseek.c.obj                   40      0         0      
       write.c.obj                   40      0         0      
       memchr.c.obj                  32      0         0      
       u_tofd_t2.asm.obj             32      0         0      
       memccpy.c.obj                 28      0         0      
       s_copysign.c.obj              26      0         0      
       strcmp.c.obj                  24      0         0      
       strchr.c.obj                  22      0         0      
       strcpy.c.obj                  20      0         0      
       strlen.c.obj                  20      0         0      
       _lock.c.obj                   2       0         16     
       wcslen.c.obj                  18      0         0      
       errno.c.obj                   8       0         8      
       copy_decompress_none.c.obj    14      0         0      
       copy_zero_init.c.obj          12      0         0      
       pre_init.c.obj                4       0         0      
       div0.asm.obj                  2       0         0      
    +--+-----------------------------+-------+---------+---------+
       Total:                        11627   257       1888   
                                                              
       Heap:                         0       0         4096   
       Stack:                        0       0         1024   
       Linker Generated:             0       147       0      
    +--+-----------------------------+-------+---------+---------+
       Grand Total:                  25223   1128      8396   


LINKER GENERATED COPY TABLES

__TI_cinit_table @ 00006708 records: 2, size/record: 8, table size: 16
	.data: load addr=00006680, load size=0000006f bytes, run addr=20000c2c, run size=0000023a bytes, compression=lzss
	.bss: load addr=00006700, load size=00000008 bytes, run addr=20000800, run size=0000042c bytes, compression=zero_init


LINKER GENERATED HANDLER TABLE

__TI_handler_table @ 000066f0 records: 3, size/record: 4, table size: 12
	index: 0, handler: __TI_decompress_lzss
	index: 1, handler: __TI_decompress_none
	index: 2, handler: __TI_zero_init


GLOBAL SYMBOLS: SORTED ALPHABETICALLY BY Name 

address   name                                 
-------   ----                                 
00000b33  ADC14_IRQHandler                     
00000b33  AES256_IRQHandler                    
00004411  BoardInitMcu                         
20000de4  Buffer                               
20000e48  BufferSize                           
00000b33  BusFault_Handler                     
00006385  C$$EXIT                              
00005a6f  C$$IO$$                              
00000b33  COMP_E0_IRQHandler                   
00000b33  COMP_E1_IRQHandler                   
00000b33  CS_IRQHandler                        
20000e40  DIO0Flag                             
20000e41  DIO1Flag                             
20000e42  DIO2Flag                             
20000e43  DIO3Flag                             
20000e44  DIO4Flag                             
00000b33  DMA_ERR_IRQHandler                   
00000b33  DMA_INT0_IRQHandler                  
00000b33  DMA_INT1_IRQHandler                  
00000b33  DMA_INT2_IRQHandler                  
00000b33  DMA_INT3_IRQHandler                  
00000b33  DebugMon_Handler                     
00000b33  Default_Handler                      
00005001  Delayms                              
00000b33  EUSCIA0_IRQHandler                   
00000b33  EUSCIA1_IRQHandler                   
00000b33  EUSCIA2_IRQHandler                   
00000b33  EUSCIA3_IRQHandler                   
00000b33  EUSCIB0_IRQHandler                   
00000b33  EUSCIB1_IRQHandler                   
00000b33  EUSCIB2_IRQHandler                   
00000b33  EUSCIB3_IRQHandler                   
00006191  EUSCI_A_SPI_enable                   
000060b7  EUSCI_A_SPI_getInterruptStatus       
000062cf  EUSCI_A_SPI_receiveData              
000061a7  EUSCI_A_SPI_transmitData             
000061bd  EUSCI_B_SPI_enable                   
000060cf  EUSCI_B_SPI_getInterruptStatus       
000062df  EUSCI_B_SPI_receiveData              
000061d3  EUSCI_B_SPI_transmitData             
00000b33  FLCTL_IRQHandler                     
00000b33  FPU_IRQHandler                       
0000648c  FskBandwidths                        
00005d25  GPIO_enableInterrupt                 
00005815  GPIO_setAsOutputPin                  
00005d4d  GPIO_setOutputHighOnPin              
00005d75  GPIO_setOutputLowOnPin               
00006259  GetBoardPowerSource                  
00004c39  GetFskBandwidthRegValue              
00006371  GetMinimumTimeout                    
0000630d  GetTimerContext                      
00005fbd  GetTimerElapsedTime                  
00005ef9  GpioFlashLED                         
00005bb5  GpioInit                             
000020fd  GpioMcuInit                          
00003019  GpioMcuSetInterrupt                  
000055b1  GpioMcuWrite                         
00005fd9  GpioSetInterrupt                     
000062ef  GpioWrite                            
000055f5  HOSTclose                            
00004a31  HOSTlseek                            
00004dc9  HOSTopen                             
00005059  HOSTread                             
00004959  HOSTrename                           
00005639  HOSTunlink                           
000050b1  HOSTwrite                            
00000b33  HardFault_Handler                    
000045a5  Interrupt_enableInterrupt            
20000be0  Led1                                 
20000bf4  Led2                                 
20000c08  Led3                                 
00000b33  MemManage_Handler                    
00000b33  NMI_Handler                          
00004a99  OnRxDone                             
000060e9  OnRxError                            
00006101  OnRxTimeout                          
00005e8d  OnTxDone                             
00006119  OnTxTimeout                          
00000b33  PCM_IRQHandler                       
00000b33  PORT1_IRQHandler                     
00004625  PORT2_IRQHandler                     
00004625  PORT2_IRQHandler                     
00000b33  PORT3_IRQHandler                     
00000b33  PORT4_IRQHandler                     
00000b33  PORT5_IRQHandler                     
00000b33  PORT6_IRQHandler                     
00000b33  PSS_IRQHandler                       
00000b33  PendSV_Handler                       
00005a09  RFM_spi_read_write                   
00005f1d  RTC_C_IRQHandler                     
00005f1d  RTC_C_IRQHandler                     
00004149  RTC_C_getEnabledInterruptStatus      
00004f49  RTC_C_getInterruptStatus             
0000653c  Radio                                
00002479  RadioInit                            
000065d8  RadioRegsInit                        
20000e45  RadioTimeoutFlag                     
00006319  Reset_Handler                        
20000e4a  RssiValue                            
00003d89  RxChainCalibration                   
00005ff5  SPI_enableModule                     
00005d9d  SPI_getInterruptStatus               
00003c27  SPI_initMaster                       
00006011  SPI_receiveData                      
00005e65  SPI_transmitData                     
00000b33  SVC_Handler                          
20000920  SX1276                               
00006325  SX1276CheckRfFrequency               
00006375  SX1276GetBoardTcxoWakeupTime         
0000633d  SX1276GetStatus                      
00000eed  SX1276GetTimeOnAir                   
00006355  SX1276GetWakeupTime                  
0000426d  SX1276Init                           
00003cd9  SX1276IoInit                         
00005109  SX1276IoIrqInit                      
00003e31  SX1276IsChannelFree                  
00001285  SX1276OnDio0Irq                      
000025fd  SX1276OnDio1Irq                      
00002c85  SX1276OnDio2Irq                      
00005955  SX1276OnDio4Irq                      
00004ee9  SX1276Random                         
00004e29  SX1276ReadBuffer                     
000061e9  SX1276ReadFifo                       
000049c5  SX1276ReadRssi                       
00005eb1  SX1276Reset                          
000028b9  SX1276Send                           
0000530d  SX1276SetChannel                     
00005491  SX1276SetMaxPayloadLength            
00003ed5  SX1276SetModem                       
00005f3d  SX1276SetOpMode                      
00005991  SX1276SetPublicNetwork               
00002765  SX1276SetRfTxPower                   
00001ad1  SX1276SetRx                          
00000b35  SX1276SetRxConfig                    
0000602d  SX1276SetSleep                       
0000626d  SX1276SetStby                        
00003ac1  SX1276SetTx                          
00001575  SX1276SetTxConfig                    
000042f9  SX1276SetTxContinuousWave            
0000567d  SX1276StartCad                       
00004e89  SX1276WriteBuffer                    
000061ff  SX1276WriteFifo                      
00005855  SetAlarm                             
00006049  SetTimerContext                      
20000e4b  SnrValue                             
20000e46  State                                
00002477  SysTick_Handler                      
00002477  SysTick_Handler                      
00004721  SystemInit                           
00000b33  T32_INT1_IRQHandler                  
00000b33  T32_INT2_IRQHandler                  
00000b33  T32_INTC_IRQHandler                  
00000b33  TA0_0_IRQHandler                     
00000b33  TA0_N_IRQHandler                     
00005f5d  TA1_0_IRQHandler                     
00005f5d  TA1_0_IRQHandler                     
00000b33  TA1_N_IRQHandler                     
00005be5  TA2_0_IRQHandler                     
00005be5  TA2_0_IRQHandler                     
00000b33  TA2_N_IRQHandler                     
00005ed5  TA3_0_IRQHandler                     
00005ed5  TA3_0_IRQHandler                     
00000b33  TA3_N_IRQHandler                     
000059cd  TimerAInteruptInit                   
00005211  TimerATimerInit                      
20000e65  TimerInteruptFlag                    
00003759  TimerIrqHandler                      
00005c75  Timer_A_clearCaptureCompareInterrupt 
00006215  Timer_A_clearInterruptFlag           
00006131  Timer_A_clearTimer                   
00005ae5  Timer_A_configureContinuousMode      
00004b01  Timer_A_configureUpMode              
00005ca1  Timer_A_enableCaptureCompareInterrupt
00006149  Timer_A_enableInterrupt              
000053ab  Timer_A_getCounterValue              
0000535d  Timer_A_initCompare                  
00005dc5  Timer_A_setCompareValue              
0000622b  Timer_A_startCounter                 
00006281  Timer_A_stopTimer                    
00000b33  UsageFault_Handler                   
4000480c  WDTCTL_SYM                           
00000b33  WDT_A_IRQHandler                     
20000800  __CIOBUF_                            
20010000  __STACK_END                          
00000200  __STACK_SIZE                         
00000800  __SYSMEM_SIZE                        
00006708  __TI_CINIT_Base                      
00006718  __TI_CINIT_Limit                     
000066f0  __TI_Handler_Table_Base              
000066fc  __TI_Handler_Table_Limit             
000056c1  __TI_auto_init_nobinit_nopinit       
00005b19  __TI_cleanup                         
20000e34  __TI_cleanup_ptr                     
00004799  __TI_closefile                       
00004b69  __TI_decompress_lzss                 
000062ff  __TI_decompress_none                 
000053f7  __TI_doflush                         
20000e38  __TI_dtors_ptr                       
20000e3c  __TI_enable_exit_profile_output      
20000e24  __TI_ft_end                          
ffffffff  __TI_pprof_out_hndl                  
000000e5  __TI_printfi                         
ffffffff  __TI_prof_data_size                  
ffffffff  __TI_prof_data_start                 
00005b4d  __TI_readmsg                         
00000000  __TI_static_base__                   
20000b24  __TI_tmpnams                         
00005a41  __TI_writemsg                        
00004d65  __TI_wrt_ok                          
00006349  __TI_zero_init                       
00004499  __aeabi_cdcmpeq                      
00004499  __aeabi_cdcmple                      
0000451f  __aeabi_cdrcmple                     
000048eb  __aeabi_d2f                          
00005521  __aeabi_d2iz                         
0000578d  __aeabi_d2uiz                        
000022cb  __aeabi_dadd                         
00002dbd  __aeabi_ddiv                         
0000346d  __aeabi_dmul                         
000022c1  __aeabi_dsub                         
00006361  __aeabi_errno_addr                   
00005c45  __aeabi_i2d                          
00003cd7  __aeabi_idiv0                        
00003cd7  __aeabi_ldiv0                        
000046a5  __aeabi_memclr                       
000046a5  __aeabi_memclr4                      
000046a5  __aeabi_memclr8                      
00004015  __aeabi_memcpy                       
00004015  __aeabi_memcpy4                      
00004015  __aeabi_memcpy8                      
000046a7  __aeabi_memset                       
000046a7  __aeabi_memset4                      
000046a7  __aeabi_memset8                      
20000e30  __aeabi_stderr                       
20000e28  __aeabi_stdin                        
20000e2c  __aeabi_stdout                       
00005f9d  __aeabi_ui2d                         
000040b1  __aeabi_uldivmod                     
ffffffff  __binit__                            
ffffffff  __c_args__                           
UNDEFED   __mpu_init                           
2000fe00  __stack                              
00005b81  _c_int00_noargs                      
00006388  _ctypes_                             
20000d1c  _device                              
20000c2c  _ftable                              
20000e4c  _lock                                
00002ef3  _nop                                 
20000d94  _stream                              
20000000  _sys_memory                          
UNDEFED   _system_post_cinit                   
00006381  _system_pre_init                     
20000e50  _unlock                              
00006385  abort                                
00003131  aligned_alloc                        
00005445  atoi                                 
ffffffff  binit                                
00003569  ceil                                 
00003569  ceill                                
00004fa5  close                                
00006664  contConfig0                          
0000609d  copysign                             
0000609d  copysignl                            
20000e5c  errno                                
000054d9  exit                                 
00005c15  finddevice                           
00003661  floor                                
00003661  floorl                               
00004385  fputc                                
00003249  fputs                                
00003841  free                                 
00004c9d  frexp                                
00004c9d  frexpl                               
00004d01  fseek                                
00005705  getTiming                            
00005749  getdevice                            
00000000  interruptVectors                     
0000335d  ldexp                                
0000335d  ldexpl                               
00005e15  lseek                                
00005265  ltoa                                 
00003f75  main                                 
00006369  malloc                               
00003131  memalign                             
00006081  memccpy                              
00005f7d  memchr                               
00004015  memcpy                               
000046ad  memset                               
20000c1c  parmbuf                              
00004bd1  printf                               
00004385  putc                                 
00005cf9  remove                               
00003a01  round                                
00003a01  roundl                               
0000335d  scalbn                               
0000335d  scalbnl                              
00003925  setvbuf                              
00006608  spiMasterConfig                      
00005569  spiRead_RFM                          
000057d1  spiWrite_RFM                         
000058d5  spi_open                             
000041dd  startLoRaTimer                       
00006161  startTiming                          
00005ccd  stopLoRaTimer                        
00005161  stopTiming                           
00006241  strchr                               
00006179  strcmp                               
00006295  strcpy                               
000062a9  strlen                               
00005aaf  strncpy                              
00005cf9  unlink                               
0000663c  upConfig                             
000062bd  wcslen                               
00005e3d  write                                


GLOBAL SYMBOLS: SORTED BY Symbol Address 

address   name                                 
-------   ----                                 
00000000  __TI_static_base__                   
00000000  interruptVectors                     
000000e5  __TI_printfi                         
00000200  __STACK_SIZE                         
00000800  __SYSMEM_SIZE                        
00000b33  ADC14_IRQHandler                     
00000b33  AES256_IRQHandler                    
00000b33  BusFault_Handler                     
00000b33  COMP_E0_IRQHandler                   
00000b33  COMP_E1_IRQHandler                   
00000b33  CS_IRQHandler                        
00000b33  DMA_ERR_IRQHandler                   
00000b33  DMA_INT0_IRQHandler                  
00000b33  DMA_INT1_IRQHandler                  
00000b33  DMA_INT2_IRQHandler                  
00000b33  DMA_INT3_IRQHandler                  
00000b33  DebugMon_Handler                     
00000b33  Default_Handler                      
00000b33  EUSCIA0_IRQHandler                   
00000b33  EUSCIA1_IRQHandler                   
00000b33  EUSCIA2_IRQHandler                   
00000b33  EUSCIA3_IRQHandler                   
00000b33  EUSCIB0_IRQHandler                   
00000b33  EUSCIB1_IRQHandler                   
00000b33  EUSCIB2_IRQHandler                   
00000b33  EUSCIB3_IRQHandler                   
00000b33  FLCTL_IRQHandler                     
00000b33  FPU_IRQHandler                       
00000b33  HardFault_Handler                    
00000b33  MemManage_Handler                    
00000b33  NMI_Handler                          
00000b33  PCM_IRQHandler                       
00000b33  PORT1_IRQHandler                     
00000b33  PORT3_IRQHandler                     
00000b33  PORT4_IRQHandler                     
00000b33  PORT5_IRQHandler                     
00000b33  PORT6_IRQHandler                     
00000b33  PSS_IRQHandler                       
00000b33  PendSV_Handler                       
00000b33  SVC_Handler                          
00000b33  T32_INT1_IRQHandler                  
00000b33  T32_INT2_IRQHandler                  
00000b33  T32_INTC_IRQHandler                  
00000b33  TA0_0_IRQHandler                     
00000b33  TA0_N_IRQHandler                     
00000b33  TA1_N_IRQHandler                     
00000b33  TA2_N_IRQHandler                     
00000b33  TA3_N_IRQHandler                     
00000b33  UsageFault_Handler                   
00000b33  WDT_A_IRQHandler                     
00000b35  SX1276SetRxConfig                    
00000eed  SX1276GetTimeOnAir                   
00001285  SX1276OnDio0Irq                      
00001575  SX1276SetTxConfig                    
00001ad1  SX1276SetRx                          
000020fd  GpioMcuInit                          
000022c1  __aeabi_dsub                         
000022cb  __aeabi_dadd                         
00002477  SysTick_Handler                      
00002477  SysTick_Handler                      
00002479  RadioInit                            
000025fd  SX1276OnDio1Irq                      
00002765  SX1276SetRfTxPower                   
000028b9  SX1276Send                           
00002c85  SX1276OnDio2Irq                      
00002dbd  __aeabi_ddiv                         
00002ef3  _nop                                 
00003019  GpioMcuSetInterrupt                  
00003131  aligned_alloc                        
00003131  memalign                             
00003249  fputs                                
0000335d  ldexp                                
0000335d  ldexpl                               
0000335d  scalbn                               
0000335d  scalbnl                              
0000346d  __aeabi_dmul                         
00003569  ceil                                 
00003569  ceill                                
00003661  floor                                
00003661  floorl                               
00003759  TimerIrqHandler                      
00003841  free                                 
00003925  setvbuf                              
00003a01  round                                
00003a01  roundl                               
00003ac1  SX1276SetTx                          
00003c27  SPI_initMaster                       
00003cd7  __aeabi_idiv0                        
00003cd7  __aeabi_ldiv0                        
00003cd9  SX1276IoInit                         
00003d89  RxChainCalibration                   
00003e31  SX1276IsChannelFree                  
00003ed5  SX1276SetModem                       
00003f75  main                                 
00004015  __aeabi_memcpy                       
00004015  __aeabi_memcpy4                      
00004015  __aeabi_memcpy8                      
00004015  memcpy                               
000040b1  __aeabi_uldivmod                     
00004149  RTC_C_getEnabledInterruptStatus      
000041dd  startLoRaTimer                       
0000426d  SX1276Init                           
000042f9  SX1276SetTxContinuousWave            
00004385  fputc                                
00004385  putc                                 
00004411  BoardInitMcu                         
00004499  __aeabi_cdcmpeq                      
00004499  __aeabi_cdcmple                      
0000451f  __aeabi_cdrcmple                     
000045a5  Interrupt_enableInterrupt            
00004625  PORT2_IRQHandler                     
00004625  PORT2_IRQHandler                     
000046a5  __aeabi_memclr                       
000046a5  __aeabi_memclr4                      
000046a5  __aeabi_memclr8                      
000046a7  __aeabi_memset                       
000046a7  __aeabi_memset4                      
000046a7  __aeabi_memset8                      
000046ad  memset                               
00004721  SystemInit                           
00004799  __TI_closefile                       
000048eb  __aeabi_d2f                          
00004959  HOSTrename                           
000049c5  SX1276ReadRssi                       
00004a31  HOSTlseek                            
00004a99  OnRxDone                             
00004b01  Timer_A_configureUpMode              
00004b69  __TI_decompress_lzss                 
00004bd1  printf                               
00004c39  GetFskBandwidthRegValue              
00004c9d  frexp                                
00004c9d  frexpl                               
00004d01  fseek                                
00004d65  __TI_wrt_ok                          
00004dc9  HOSTopen                             
00004e29  SX1276ReadBuffer                     
00004e89  SX1276WriteBuffer                    
00004ee9  SX1276Random                         
00004f49  RTC_C_getInterruptStatus             
00004fa5  close                                
00005001  Delayms                              
00005059  HOSTread                             
000050b1  HOSTwrite                            
00005109  SX1276IoIrqInit                      
00005161  stopTiming                           
00005211  TimerATimerInit                      
00005265  ltoa                                 
0000530d  SX1276SetChannel                     
0000535d  Timer_A_initCompare                  
000053ab  Timer_A_getCounterValue              
000053f7  __TI_doflush                         
00005445  atoi                                 
00005491  SX1276SetMaxPayloadLength            
000054d9  exit                                 
00005521  __aeabi_d2iz                         
00005569  spiRead_RFM                          
000055b1  GpioMcuWrite                         
000055f5  HOSTclose                            
00005639  HOSTunlink                           
0000567d  SX1276StartCad                       
000056c1  __TI_auto_init_nobinit_nopinit       
00005705  getTiming                            
00005749  getdevice                            
0000578d  __aeabi_d2uiz                        
000057d1  spiWrite_RFM                         
00005815  GPIO_setAsOutputPin                  
00005855  SetAlarm                             
000058d5  spi_open                             
00005955  SX1276OnDio4Irq                      
00005991  SX1276SetPublicNetwork               
000059cd  TimerAInteruptInit                   
00005a09  RFM_spi_read_write                   
00005a41  __TI_writemsg                        
00005a6f  C$$IO$$                              
00005aaf  strncpy                              
00005ae5  Timer_A_configureContinuousMode      
00005b19  __TI_cleanup                         
00005b4d  __TI_readmsg                         
00005b81  _c_int00_noargs                      
00005bb5  GpioInit                             
00005be5  TA2_0_IRQHandler                     
00005be5  TA2_0_IRQHandler                     
00005c15  finddevice                           
00005c45  __aeabi_i2d                          
00005c75  Timer_A_clearCaptureCompareInterrupt 
00005ca1  Timer_A_enableCaptureCompareInterrupt
00005ccd  stopLoRaTimer                        
00005cf9  remove                               
00005cf9  unlink                               
00005d25  GPIO_enableInterrupt                 
00005d4d  GPIO_setOutputHighOnPin              
00005d75  GPIO_setOutputLowOnPin               
00005d9d  SPI_getInterruptStatus               
00005dc5  Timer_A_setCompareValue              
00005e15  lseek                                
00005e3d  write                                
00005e65  SPI_transmitData                     
00005e8d  OnTxDone                             
00005eb1  SX1276Reset                          
00005ed5  TA3_0_IRQHandler                     
00005ed5  TA3_0_IRQHandler                     
00005ef9  GpioFlashLED                         
00005f1d  RTC_C_IRQHandler                     
00005f1d  RTC_C_IRQHandler                     
00005f3d  SX1276SetOpMode                      
00005f5d  TA1_0_IRQHandler                     
00005f5d  TA1_0_IRQHandler                     
00005f7d  memchr                               
00005f9d  __aeabi_ui2d                         
00005fbd  GetTimerElapsedTime                  
00005fd9  GpioSetInterrupt                     
00005ff5  SPI_enableModule                     
00006011  SPI_receiveData                      
0000602d  SX1276SetSleep                       
00006049  SetTimerContext                      
00006081  memccpy                              
0000609d  copysign                             
0000609d  copysignl                            
000060b7  EUSCI_A_SPI_getInterruptStatus       
000060cf  EUSCI_B_SPI_getInterruptStatus       
000060e9  OnRxError                            
00006101  OnRxTimeout                          
00006119  OnTxTimeout                          
00006131  Timer_A_clearTimer                   
00006149  Timer_A_enableInterrupt              
00006161  startTiming                          
00006179  strcmp                               
00006191  EUSCI_A_SPI_enable                   
000061a7  EUSCI_A_SPI_transmitData             
000061bd  EUSCI_B_SPI_enable                   
000061d3  EUSCI_B_SPI_transmitData             
000061e9  SX1276ReadFifo                       
000061ff  SX1276WriteFifo                      
00006215  Timer_A_clearInterruptFlag           
0000622b  Timer_A_startCounter                 
00006241  strchr                               
00006259  GetBoardPowerSource                  
0000626d  SX1276SetStby                        
00006281  Timer_A_stopTimer                    
00006295  strcpy                               
000062a9  strlen                               
000062bd  wcslen                               
000062cf  EUSCI_A_SPI_receiveData              
000062df  EUSCI_B_SPI_receiveData              
000062ef  GpioWrite                            
000062ff  __TI_decompress_none                 
0000630d  GetTimerContext                      
00006319  Reset_Handler                        
00006325  SX1276CheckRfFrequency               
0000633d  SX1276GetStatus                      
00006349  __TI_zero_init                       
00006355  SX1276GetWakeupTime                  
00006361  __aeabi_errno_addr                   
00006369  malloc                               
00006371  GetMinimumTimeout                    
00006375  SX1276GetBoardTcxoWakeupTime         
00006381  _system_pre_init                     
00006385  C$$EXIT                              
00006385  abort                                
00006388  _ctypes_                             
0000648c  FskBandwidths                        
0000653c  Radio                                
000065d8  RadioRegsInit                        
00006608  spiMasterConfig                      
0000663c  upConfig                             
00006664  contConfig0                          
000066f0  __TI_Handler_Table_Base              
000066fc  __TI_Handler_Table_Limit             
00006708  __TI_CINIT_Base                      
00006718  __TI_CINIT_Limit                     
20000000  _sys_memory                          
20000800  __CIOBUF_                            
20000920  SX1276                               
20000b24  __TI_tmpnams                         
20000be0  Led1                                 
20000bf4  Led2                                 
20000c08  Led3                                 
20000c1c  parmbuf                              
20000c2c  _ftable                              
20000d1c  _device                              
20000d94  _stream                              
20000de4  Buffer                               
20000e24  __TI_ft_end                          
20000e28  __aeabi_stdin                        
20000e2c  __aeabi_stdout                       
20000e30  __aeabi_stderr                       
20000e34  __TI_cleanup_ptr                     
20000e38  __TI_dtors_ptr                       
20000e3c  __TI_enable_exit_profile_output      
20000e40  DIO0Flag                             
20000e41  DIO1Flag                             
20000e42  DIO2Flag                             
20000e43  DIO3Flag                             
20000e44  DIO4Flag                             
20000e45  RadioTimeoutFlag                     
20000e46  State                                
20000e48  BufferSize                           
20000e4a  RssiValue                            
20000e4b  SnrValue                             
20000e4c  _lock                                
20000e50  _unlock                              
20000e5c  errno                                
20000e65  TimerInteruptFlag                    
2000fe00  __stack                              
20010000  __STACK_END                          
4000480c  WDTCTL_SYM                           
ffffffff  __TI_pprof_out_hndl                  
ffffffff  __TI_prof_data_size                  
ffffffff  __TI_prof_data_start                 
ffffffff  __binit__                            
ffffffff  __c_args__                           
ffffffff  binit                                
UNDEFED   __mpu_init                           
UNDEFED   _system_post_cinit                   

[314 symbols]
