******************************************************************************
                  TI ARM Linker PC v18.12.5                    
******************************************************************************
>> Linked Thu Apr  9 10:26:26 2020

OUTPUT FILE NAME:   <Meesters.out>
ENTRY POINT SYMBOL: "_c_int00_noargs"  address: 00005bd9


MEMORY CONFIGURATION

         name            origin    length      used     unused   attr    fill
----------------------  --------  ---------  --------  --------  ----  --------
  MAIN                  00000000   00040000  000066f8  00039908  R  X
  INFO                  00200000   00004000  00000000  00004000  R  X
  SRAM_CODE             01000000   00010000  0000106a  0000ef96  RW X
  SRAM_DATA             20000000   00010000  0000106a  0000ef96  RW  


SEGMENT ALLOCATION MAP

run origin  load origin   length   init length attrs members
----------  ----------- ---------- ----------- ----- -------
00000000    00000000    000066f8   000066f8    r-x
  00000000    00000000    000000e4   000000e4    r-- .intvecs
  000000e4    000000e4    00006290   00006290    r-x .text
  00006374    00006374    000002e4   000002e4    r-- .const
  00006658    00006658    000000a0   000000a0    r-- .cinit
20000000    20000000    00000e6c   00000000    rw-
  20000000    20000000    00000800   00000000    rw- .sysmem
  20000800    20000800    0000042e   00000000    rw- .bss
  20000c30    20000c30    0000023c   00000000    rw- .data
2000fe00    2000fe00    00000200   00000000    rw-
  2000fe00    2000fe00    00000200   00000000    rw- .stack


SECTION ALLOCATION MAP

 output                                  attributes/
section   page    origin      length       input sections
--------  ----  ----------  ----------   ----------------
.intvecs   0    00000000    000000e4     
                  00000000    000000e4     startup_msp432p401r_ccs.obj (.intvecs:retain)

.text      0    000000e4    00006290     
                  000000e4    00000a4e     rtsv7M4_T_le_v4SPD16_eabi.lib : _printfi.c.obj (.text:__TI_printfi)
                  00000b32    00000002     startup_msp432p401r_ccs.obj (.text:Default_Handler)
                  00000b34    000003b8     my_RFM9x.obj (.text:SX1276SetRxConfig)
                  00000eec    00000398     my_RFM9x.obj (.text:SX1276GetTimeOnAir)
                  00001284    000002f0     my_RFM9x.obj (.text:SX1276OnDio0Irq)
                  00001574    000002ec     my_RFM9x.obj (.text:SX1276SetTxConfig)
                  00001860    00000270     rtsv7M4_T_le_v4SPD16_eabi.lib : _printfi.c.obj (.text:_pconv_a)
                  00001ad0    00000254     my_RFM9x.obj (.text:SX1276SetRx)
                  00001d24    00000208     board.obj (.text:BoardUnusedIoInit)
                  00001f2c    000001d0     rtsv7M4_T_le_v4SPD16_eabi.lib : _printfi.c.obj (.text:_pconv_g)
                  000020fc    000001c4     gpio-board.obj (.text:GpioMcuInit)
                  000022c0    000001b6     rtsv7M4_T_le_v4SPD16_eabi.lib : fd_add_t2.asm.obj (.text)
                  00002476    00000002     my_systick.obj (.text:SysTick_Handler)
                  00002478    00000184     main.obj (.text:RadioInit)
                  000025fc    00000184     main.obj (.text:main)
                  00002780    00000168     my_RFM9x.obj (.text:SX1276OnDio1Irq)
                  000028e8    00000154     sx1276-board.obj (.text:SX1276SetRfTxPower)
                  00002a3c    0000014c     my_RFM9x.obj (.text:SX1276Send)
                  00002b88    00000144     msp432p4xx_driverlib.lib : timer_a.o (.text:privateTimer_AProcessClockSourceDivider)
                  00002ccc    0000013c     rtsv7M4_T_le_v4SPD16_eabi.lib : _printfi.c.obj (.text:_pconv_e)
                  00002e08    00000138     my_RFM9x.obj (.text:SX1276OnDio2Irq)
                  00002f40    00000136     rtsv7M4_T_le_v4SPD16_eabi.lib : fd_div_t2.asm.obj (.text)
                  00003076    00000002                                   : _lock.c.obj (.text:_nop)
                  00003078    00000124                                   : _printfi.c.obj (.text:fcvt)
                  0000319c    00000118     gpio-board.obj (.text:GpioMcuSetInterrupt)
                  000032b4    00000118     rtsv7M4_T_le_v4SPD16_eabi.lib : memory.c.obj (.text:aligned_alloc)
                  000033cc    00000114                                   : fputs.c.obj (.text:fputs)
                  000034e0    00000110                                   : s_scalbn.c.obj (.text:scalbn)
                  000035f0    000000fc                                   : fd_mul_t2.asm.obj (.text)
                  000036ec    000000f8                                   : s_ceil.c.obj (.text:ceil)
                  000037e4    000000f8                                   : s_floor.c.obj (.text:floor)
                  000038dc    000000e4                                   : memory.c.obj (.text:free)
                  000039c0    000000dc                                   : setvbuf.c.obj (.text:setvbuf)
                  00003a9c    000000cc     my_RFM9x.obj (.text:SX1276SetTx)
                  00003b68    000000c0     rtsv7M4_T_le_v4SPD16_eabi.lib : s_round.c.obj (.text:round)
                  00003c28    000000b1                                   : _printfi.c.obj (.text:_ltostr)
                  00003cd9    00000001     --HOLE-- [fill = 0]
                  00003cda    000000b0     msp432p4xx_driverlib.lib : spi.o (.text:SPI_initMaster)
                  00003d8a    00000002     rtsv7M4_T_le_v4SPD16_eabi.lib : div0.asm.obj (.text)
                  00003d8c    000000b0     sx1276-board.obj (.text:SX1276IoInit)
                  00003e3c    000000a8     my_RFM9x.obj (.text:RxChainCalibration)
                  00003ee4    000000a4     my_RFM9x.obj (.text:SX1276IsChannelFree)
                  00003f88    000000a0     my_RFM9x.obj (.text:SX1276SetModem)
                  00004028    0000009c     rtsv7M4_T_le_v4SPD16_eabi.lib : memcpy_t2.asm.obj (.text)
                  000040c4    00000096                                   : ull_div_t2.asm.obj (.text)
                  0000415a    00000002     --HOLE-- [fill = 0]
                  0000415c    00000094     msp432p4xx_driverlib.lib : rtc_c.o (.text:RTC_C_getEnabledInterruptStatus)
                  000041f0    00000090     my_timer.obj (.text:startLoRaTimer)
                  00004280    0000008c     my_RFM9x.obj (.text:SX1276Init)
                  0000430c    0000008c     my_RFM9x.obj (.text:SX1276SetTxContinuousWave)
                  00004398    0000008c     rtsv7M4_T_le_v4SPD16_eabi.lib : fputc.c.obj (.text:fputc)
                  00004424    00000088     board.obj (.text:BoardInitMcu)
                  000044ac    00000086     rtsv7M4_T_le_v4SPD16_eabi.lib : fd_cmp_t2.asm.obj (.text:__aeabi_cdcmple)
                  00004532    00000086                                   : fd_cmp_t2.asm.obj (.text:__aeabi_cdrcmple)
                  000045b8    00000080     msp432p4xx_driverlib.lib : interrupt.o (.text:Interrupt_enableInterrupt)
                  00004638    00000080     main.obj (.text:PORT2_IRQHandler)
                  000046b8    0000007c     main.obj (.text:OnRxDone)
                  00004734    0000007a     rtsv7M4_T_le_v4SPD16_eabi.lib : memset_t2.asm.obj (.text)
                  000047ae    00000002     --HOLE-- [fill = 0]
                  000047b0    00000078     system_msp432p401r.obj (.text:SystemInit)
                  00004828    00000074     rtsv7M4_T_le_v4SPD16_eabi.lib : fclose.c.obj (.text:__TI_closefile)
                  0000489c    00000070                                   : memory.c.obj (.text:split)
                  0000490c    0000006e                                   : _printfi.c.obj (.text:_mcpy)
                  0000497a    0000006e                                   : fd_tos_t2.asm.obj (.text)
                  000049e8    0000006c                                   : hostrename.c.obj (.text:HOSTrename)
                  00004a54    0000006c     my_RFM9x.obj (.text:SX1276ReadRssi)
                  00004ac0    00000068     rtsv7M4_T_le_v4SPD16_eabi.lib : hostlseek.c.obj (.text:HOSTlseek)
                  00004b28    00000068     msp432p4xx_driverlib.lib : timer_a.o (.text:Timer_A_configureUpMode)
                  00004b90    00000068     rtsv7M4_T_le_v4SPD16_eabi.lib : copy_decompress_lzss.c.obj (.text:decompress:lzss:__TI_decompress_lzss)
                  00004bf8    00000068                                   : printf.c.obj (.text:printf)
                  00004c60    00000066     my_ALOHA.obj (.text:crc8)
                  00004cc6    00000002     --HOLE-- [fill = 0]
                  00004cc8    00000064     my_RFM9x.obj (.text:GetFskBandwidthRegValue)
                  00004d2c    00000064     rtsv7M4_T_le_v4SPD16_eabi.lib : s_frexp.c.obj (.text:frexp)
                  00004d90    00000064                                   : fseek.c.obj (.text:fseek)
                  00004df4    00000062                                   : _io_perm.c.obj (.text:__TI_wrt_ok)
                  00004e56    00000002     --HOLE-- [fill = 0]
                  00004e58    00000060                                   : hostopen.c.obj (.text:HOSTopen)
                  00004eb8    00000060     my_RFM9x.obj (.text:SX1276ReadBuffer)
                  00004f18    00000060     my_RFM9x.obj (.text:SX1276WriteBuffer)
                  00004f78    00000060     my_ALOHA.obj (.text:sendAlohamessage)
                  00004fd8    0000005e     my_RFM9x.obj (.text:SX1276Random)
                  00005036    00000002     --HOLE-- [fill = 0]
                  00005038    0000005c     msp432p4xx_driverlib.lib : rtc_c.o (.text:RTC_C_getInterruptStatus)
                  00005094    0000005c     rtsv7M4_T_le_v4SPD16_eabi.lib : close.c.obj (.text:close)
                  000050f0    00000058     my_timer.obj (.text:Delayms)
                  00005148    00000058     rtsv7M4_T_le_v4SPD16_eabi.lib : hostread.c.obj (.text:HOSTread)
                  000051a0    00000058                                   : hostwrite.c.obj (.text:HOSTwrite)
                  000051f8    00000058     sx1276-board.obj (.text:SX1276IoIrqInit)
                  00005250    00000058     my_timer.obj (.text:stopTiming)
                  000052a8    00000056     rtsv7M4_T_le_v4SPD16_eabi.lib : _printfi.c.obj (.text:_pconv_f)
                  000052fe    00000054                                   : ltoa.c.obj (.text:ltoa)
                  00005352    00000052                                   : _printfi.c.obj (.text:_ecpy)
                  000053a4    00000050     my_RFM9x.obj (.text:SX1276SetChannel)
                  000053f4    0000004c     msp432p4xx_driverlib.lib : timer_a.o (.text:Timer_A_getCounterValue)
                  00005440    0000004c     rtsv7M4_T_le_v4SPD16_eabi.lib : fflush.c.obj (.text:__TI_doflush)
                  0000548c    0000004c                                   : atoi.c.obj (.text:atoi)
                  000054d8    0000004c     my_ALOHA.obj (.text:createAlohaPacket)
                  00005524    00000048     my_RFM9x.obj (.text:SX1276SetMaxPayloadLength)
                  0000556c    00000048     rtsv7M4_T_le_v4SPD16_eabi.lib : exit.c.obj (.text:exit)
                  000055b4    00000048                                   : fd_toi_t2.asm.obj (.text)
                  000055fc    00000048     my_spi.obj (.text:spiRead_RFM)
                  00005644    00000044     gpio-board.obj (.text:GpioMcuWrite)
                  00005688    00000044     rtsv7M4_T_le_v4SPD16_eabi.lib : hostclose.c.obj (.text:HOSTclose)
                  000056cc    00000044                                   : hostunlink.c.obj (.text:HOSTunlink)
                  00005710    00000044     my_RFM9x.obj (.text:SX1276StartCad)
                  00005754    00000044     rtsv7M4_T_le_v4SPD16_eabi.lib : autoinit.c.obj (.text:__TI_auto_init_nobinit_nopinit:__TI_auto_init_nobinit_nopinit)
                  00005798    00000044                                   : getdevice.c.obj (.text:getdevice)
                  000057dc    00000044                                   : fd_tou_t2.asm.obj (.text)
                  00005820    00000044     my_spi.obj (.text:spiWrite_RFM)
                  00005864    00000040     msp432p4xx_driverlib.lib : gpio.o (.text:GPIO_setAsOutputPin)
                  000058a4    00000040     my_timer.obj (.text:getTiming)
                  000058e4    00000040     msp432p4xx_driverlib.lib : spi.o (.text:is_A_Module)
                  00005924    00000040     my_spi.obj (.text:spi_open)
                  00005964    0000003e     rtsv7M4_T_le_v4SPD16_eabi.lib : _printfi.c.obj (.text:_fcpy)
                  000059a2    00000002     --HOLE-- [fill = 0]
                  000059a4    0000003c     main.obj (.text:OnTxDone)
                  000059e0    0000003c     my_RFM9x.obj (.text:SX1276OnDio4Irq)
                  00005a1c    0000003c     my_RFM9x.obj (.text:SX1276SetPublicNetwork)
                  00005a58    0000003c     my_timer.obj (.text:TimerAInteruptInit)
                  00005a94    00000038     my_spi.obj (.text:RFM_spi_read_write)
                  00005acc    00000038     rtsv7M4_T_le_v4SPD16_eabi.lib : trgmsg.c.obj (.text:__TI_writemsg)
                  00005b04    00000036                                   : strncpy.c.obj (.text:strncpy)
                  00005b3a    00000002     --HOLE-- [fill = 0]
                  00005b3c    00000034     msp432p4xx_driverlib.lib : timer_a.o (.text:Timer_A_configureContinuousMode)
                  00005b70    00000034     rtsv7M4_T_le_v4SPD16_eabi.lib : fopen.c.obj (.text:__TI_cleanup)
                  00005ba4    00000034                                   : trgmsg.c.obj (.text:__TI_readmsg)
                  00005bd8    00000034                                   : boot_cortex_m.c.obj (.text:_c_int00_noargs:_c_int00_noargs)
                  00005c0c    00000030     my_gpio.obj (.text:GpioInit)
                  00005c3c    00000030     main.obj (.text:OnRxError)
                  00005c6c    00000030     main.obj (.text:OnRxTimeout)
                  00005c9c    00000030     main.obj (.text:OnTxTimeout)
                  00005ccc    00000030     my_timer.obj (.text:TA2_0_IRQHandler)
                  00005cfc    00000030     rtsv7M4_T_le_v4SPD16_eabi.lib : getdevice.c.obj (.text:finddevice)
                  00005d2c    0000002e                                   : i_tofd_t2.asm.obj (.text)
                  00005d5a    00000002     --HOLE-- [fill = 0]
                  00005d5c    0000002c     msp432p4xx_driverlib.lib : timer_a.o (.text:Timer_A_clearCaptureCompareInterrupt)
                  00005d88    0000002c     my_timer.obj (.text:stopLoRaTimer)
                  00005db4    0000002c     rtsv7M4_T_le_v4SPD16_eabi.lib : unlink.c.obj (.text:unlink)
                  00005de0    00000028     msp432p4xx_driverlib.lib : gpio.o (.text:GPIO_enableInterrupt)
                  00005e08    00000028                              : gpio.o (.text:GPIO_setOutputHighOnPin)
                  00005e30    00000028                              : gpio.o (.text:GPIO_setOutputLowOnPin)
                  00005e58    00000028                              : spi.o (.text:SPI_getInterruptStatus)
                  00005e80    00000028     my_timer.obj (.text:TimerATimerInit)
                  00005ea8    00000028     rtsv7M4_T_le_v4SPD16_eabi.lib : memory.c.obj (.text:free_list_insert)
                  00005ed0    00000028                                   : lseek.c.obj (.text:lseek)
                  00005ef8    00000028                                   : write.c.obj (.text:write)
                  00005f20    00000026     msp432p4xx_driverlib.lib : spi.o (.text:SPI_transmitData)
                  00005f46    00000002     --HOLE-- [fill = 0]
                  00005f48    00000024     sx1276-board.obj (.text:SX1276Reset)
                  00005f6c    00000022     my_gpio.obj (.text:GpioFlashLED)
                  00005f8e    00000002     --HOLE-- [fill = 0]
                  00005f90    00000020     my_rtc.obj (.text:RTC_C_IRQHandler)
                  00005fb0    00000020     my_RFM9x.obj (.text:SX1276SetOpMode)
                  00005fd0    00000020     my_timer.obj (.text:TA1_0_IRQHandler)
                  00005ff0    00000020     rtsv7M4_T_le_v4SPD16_eabi.lib : memchr.c.obj (.text:memchr)
                  00006010    00000020                                   : u_tofd_t2.asm.obj (.text)
                  00006030    0000001e     my_timer.obj (.text:startTiming)
                  0000604e    0000001c     my_gpio.obj (.text:GpioSetInterrupt)
                  0000606a    0000001c     msp432p4xx_driverlib.lib : spi.o (.text:SPI_enableModule)
                  00006086    0000001c                              : spi.o (.text:SPI_receiveData)
                  000060a2    00000002     --HOLE-- [fill = 0]
                  000060a4    0000001c     my_RFM9x.obj (.text:SX1276SetSleep)
                  000060c0    0000001c     rtsv7M4_T_le_v4SPD16_eabi.lib : memory.c.obj (.text:free_list_remove)
                  000060dc    0000001c                                   : memccpy.c.obj (.text:memccpy)
                  000060f8    0000001a                                   : s_copysign.c.obj (.text:copysign)
                  00006112    00000018     msp432p4xx_driverlib.lib : spi.o (.text:EUSCI_A_SPI_getInterruptStatus)
                  0000612a    00000018                              : spi.o (.text:EUSCI_B_SPI_getInterruptStatus)
                  00006142    00000002     --HOLE-- [fill = 0]
                  00006144    00000018                              : timer_a.o (.text:Timer_A_clearTimer)
                  0000615c    00000018                              : timer_a.o (.text:Timer_A_enableInterrupt)
                  00006174    00000018     rtsv7M4_T_le_v4SPD16_eabi.lib : strcmp.c.obj (.text:strcmp)
                  0000618c    00000016     msp432p4xx_driverlib.lib : spi.o (.text:EUSCI_A_SPI_enable)
                  000061a2    00000016                              : spi.o (.text:EUSCI_A_SPI_transmitData)
                  000061b8    00000016                              : spi.o (.text:EUSCI_B_SPI_enable)
                  000061ce    00000016                              : spi.o (.text:EUSCI_B_SPI_transmitData)
                  000061e4    00000016     my_RFM9x.obj (.text:SX1276ReadFifo)
                  000061fa    00000016     my_RFM9x.obj (.text:SX1276WriteFifo)
                  00006210    00000016     msp432p4xx_driverlib.lib : timer_a.o (.text:Timer_A_clearInterruptFlag)
                  00006226    00000016                              : timer_a.o (.text:Timer_A_startCounter)
                  0000623c    00000016     rtsv7M4_T_le_v4SPD16_eabi.lib : strchr.c.obj (.text:strchr)
                  00006252    00000002     --HOLE-- [fill = 0]
                  00006254    00000014     board.obj (.text:GetBoardPowerSource)
                  00006268    00000014     my_RFM9x.obj (.text:SX1276SetStby)
                  0000627c    00000014     msp432p4xx_driverlib.lib : timer_a.o (.text:Timer_A_stopTimer)
                  00006290    00000014     rtsv7M4_T_le_v4SPD16_eabi.lib : strcpy.c.obj (.text:strcpy)
                  000062a4    00000014                                   : strlen.c.obj (.text:strlen)
                  000062b8    00000012                                   : wcslen.c.obj (.text:wcslen)
                  000062ca    00000010     msp432p4xx_driverlib.lib : spi.o (.text:EUSCI_A_SPI_receiveData)
                  000062da    00000010                              : spi.o (.text:EUSCI_B_SPI_receiveData)
                  000062ea    00000010     my_gpio.obj (.text:GpioWrite)
                  000062fa    0000000e     rtsv7M4_T_le_v4SPD16_eabi.lib : copy_decompress_none.c.obj (.text:decompress:none:__TI_decompress_none)
                  00006308    0000000c     startup_msp432p401r_ccs.obj (.text:Reset_Handler)
                  00006314    0000000c     sx1276-board.obj (.text:SX1276CheckRfFrequency)
                  00006320    0000000c     sx1276-board.obj (.text:SX1276GetPaSelect)
                  0000632c    0000000c     my_RFM9x.obj (.text:SX1276GetStatus)
                  00006338    0000000c     rtsv7M4_T_le_v4SPD16_eabi.lib : copy_zero_init.c.obj (.text:decompress:ZI:__TI_zero_init)
                  00006344    0000000a     my_RFM9x.obj (.text:SX1276GetWakeupTime)
                  0000634e    00000002     --HOLE-- [fill = 0]
                  00006350    00000008     rtsv7M4_T_le_v4SPD16_eabi.lib : errno.c.obj (.text:__aeabi_errno_addr)
                  00006358    00000008                                   : memory.c.obj (.text:malloc)
                  00006360    00000004     sx1276-board.obj (.text:SX1276GetBoardTcxoWakeupTime)
                  00006364    00000004     rtsv7M4_T_le_v4SPD16_eabi.lib : printf.c.obj (.text:_outc)
                  00006368    00000004                                   : printf.c.obj (.text:_outs)
                  0000636c    00000004                                   : pre_init.c.obj (.text:_system_pre_init)
                  00006370    00000004                                   : exit.c.obj (.text:abort:abort)

.const     0    00006374    000002e4     
                  00006374    00000101     rtsv7M4_T_le_v4SPD16_eabi.lib : ctype.c.obj (.const:.string:_ctypes_)
                  00006475    00000003     --HOLE-- [fill = 0]
                  00006478    000000b0     my_RFM9x.obj (.const:FskBandwidths)
                  00006528    0000006c     sx1276-board.obj (.const:Radio)
                  00006594    00000030     msp432p4xx_driverlib.lib : gpio.o (.const:GPIO_PORT_TO_BASE)
                  000065c4    00000030     my_RFM9x.obj (.const:RadioRegsInit)
                  000065f4    0000001c     my_spi.obj (.const:spiMasterConfig)
                  00006610    00000018     my_timer.obj (.const:$P$T0$1)
                  00006628    00000018     my_timer.obj (.const:upConfig)
                  00006640    00000010     my_timer.obj (.const:contConfig0)
                  00006650    00000008     msp432p4xx_driverlib.lib : interrupt.o (.const:g_pulEnRegs)

.cinit     0    00006658    000000a0     
                  00006658    00000076     (.cinit..data.load) [load image, compression = lzss]
                  000066ce    00000002     --HOLE-- [fill = 0]
                  000066d0    0000000c     (__TI_handler_table)
                  000066dc    00000004     --HOLE-- [fill = 0]
                  000066e0    00000008     (.cinit..bss.load) [load image, compression = zero_init]
                  000066e8    00000010     (__TI_cinit_table)

.init_array 
*          0    00000000    00000000     UNINITIALIZED

.binit     0    00000000    00000000     

.sysmem    0    20000000    00000800     UNINITIALIZED
                  20000000    00000010     rtsv7M4_T_le_v4SPD16_eabi.lib : memory.c.obj (.sysmem)
                  20000010    000007f0     --HOLE--

.bss       0    20000800    0000042e     UNINITIALIZED
                  20000800    00000120     rtsv7M4_T_le_v4SPD16_eabi.lib : trgmsg.c.obj (.bss:_CIOBUF_)
                  20000920    00000104     (.common:SX1276)
                  20000a24    00000100     my_RFM9x.obj (.bss:RxTxBuffer)
                  20000b24    000000a0     (.common:__TI_tmpnams)
                  20000bc4    0000001c     main.obj (.bss:RadioEvents)
                  20000be0    00000014     (.common:Led1)
                  20000bf4    00000014     (.common:Led2)
                  20000c08    00000014     (.common:Led3)
                  20000c1c    00000008     (.common:parmbuf)
                  20000c24    00000004     my_RFM9x.obj (.bss)
                  20000c28    00000004     (.common:alohaDelay)
                  20000c2c    00000001     (.common:alohaAttempts)
                  20000c2d    00000001     (.common:alohaState)

.data      0    20000c30    0000023c     UNINITIALIZED
                  20000c30    000000f0     rtsv7M4_T_le_v4SPD16_eabi.lib : defs.c.obj (.data:_ftable)
                  20000d20    00000078                                   : host_device.c.obj (.data:_device)
                  20000d98    00000050                                   : host_device.c.obj (.data:_stream)
                  20000de8    00000040     main.obj (.data:Buffer)
                  20000e28    00000010     rtsv7M4_T_le_v4SPD16_eabi.lib : defs.c.obj (.data)
                  20000e38    0000000c                                   : exit.c.obj (.data:$O1$$)
                  20000e44    0000000c     main.obj (.data)
                  20000e50    00000008     rtsv7M4_T_le_v4SPD16_eabi.lib : _lock.c.obj (.data:$O1$$)
                  20000e58    00000008                                   : memory.c.obj (.data:$O1$$)
                  20000e60    00000005     main.obj (.data:buffer)
                  20000e65    00000001     board.obj (.data)
                  20000e66    00000001     my_ALOHA.obj (.data)
                  20000e67    00000001     my_timer.obj (.data)
                  20000e68    00000004     rtsv7M4_T_le_v4SPD16_eabi.lib : errno.c.obj (.data)

.stack     0    2000fe00    00000200     UNINITIALIZED
                  2000fe00    00000004     rtsv7M4_T_le_v4SPD16_eabi.lib : boot_cortex_m.c.obj (.stack)
                  2000fe04    000001fc     --HOLE--

MODULE SUMMARY

       Module                        code    ro data   rw data
       ------                        ----    -------   -------
    .\
       my_RFM9x.obj                  6928    224       1040   
       main.obj                      1232    0         230    
       gpio-board.obj                800     0         0      
       board.obj                     676     0         122    
       sx1276-board.obj              668     108       0      
       my_timer.obj                  638     64        2      
       my_spi.obj                    260     28        0      
       my_ALOHA.obj                  274     0         2      
       my_gpio.obj                   126     0         0      
       system_msp432p401r.obj        120     0         0      
       my_rtc.obj                    32      0         0      
       my_systick.obj                2       0         0      
    +--+-----------------------------+-------+---------+---------+
       Total:                        11756   424       1396   
                                                              
    .\ccs\
       startup_msp432p401r_ccs.obj   14      228       0      
    +--+-----------------------------+-------+---------+---------+
       Total:                        14      228       0      
                                                              
    C:/ti/simplelink_msp432p4_sdk_3_40_01_02/source/ti/devices/msp432p4xx/driverlib/ccs/msp432p4xx_driverlib.lib
       timer_a.o                     712     0         0      
       spi.o                         542     0         0      
       rtc_c.o                       240     0         0      
       gpio.o                        184     48        0      
       interrupt.o                   128     8         0      
    +--+-----------------------------+-------+---------+---------+
       Total:                        1806    56        0      
                                                              
    C:\ti\ccs930\ccs\tools\compiler\ti-cgt-arm_18.12.5.LTS\lib\rtsv7M4_T_le_v4SPD16_eabi.lib
       _printfi.c.obj                4851    0         0      
       defs.c.obj                    0       0         832    
       memory.c.obj                  696     0         16     
       trgmsg.c.obj                  108     0         576    
       fd_add_t2.asm.obj             438     0         0      
       host_device.c.obj             0       0         400    
       fd_div_t2.asm.obj             310     0         0      
       fputs.c.obj                   276     0         0      
       s_scalbn.c.obj                272     0         0      
       fd_cmp_t2.asm.obj             268     0         0      
       ctype.c.obj                   0       257       0      
       fd_mul_t2.asm.obj             252     0         0      
       s_ceil.c.obj                  248     0         0      
       s_floor.c.obj                 248     0         0      
       setvbuf.c.obj                 220     0         0      
       s_round.c.obj                 192     0         0      
       memcpy_t2.asm.obj             156     0         0      
       ull_div_t2.asm.obj            150     0         0      
       fputc.c.obj                   140     0         0      
       memset_t2.asm.obj             122     0         0      
       fclose.c.obj                  116     0         0      
       getdevice.c.obj               116     0         0      
       hostopen.c.obj                96      0         16     
       printf.c.obj                  112     0         0      
       fd_tos_t2.asm.obj             110     0         0      
       hostrename.c.obj              108     0         0      
       copy_decompress_lzss.c.obj    104     0         0      
       hostlseek.c.obj               104     0         0      
       exit.c.obj                    76      0         24     
       fseek.c.obj                   100     0         0      
       s_frexp.c.obj                 100     0         0      
       _io_perm.c.obj                98      0         0      
       close.c.obj                   92      0         0      
       hostread.c.obj                88      0         0      
       hostwrite.c.obj               88      0         0      
       ltoa.c.obj                    84      0         0      
       atoi.c.obj                    76      0         0      
       fflush.c.obj                  76      0         0      
       fd_toi_t2.asm.obj             72      0         0      
       autoinit.c.obj                68      0         0      
       fd_tou_t2.asm.obj             68      0         0      
       hostclose.c.obj               68      0         0      
       hostunlink.c.obj              68      0         0      
       strncpy.c.obj                 54      0         0      
       boot_cortex_m.c.obj           52      0         0      
       fopen.c.obj                   52      0         0      
       i_tofd_t2.asm.obj             46      0         0      
       unlink.c.obj                  44      0         0      
       lseek.c.obj                   40      0         0      
       write.c.obj                   40      0         0      
       memchr.c.obj                  32      0         0      
       u_tofd_t2.asm.obj             32      0         0      
       memccpy.c.obj                 28      0         0      
       s_copysign.c.obj              26      0         0      
       strcmp.c.obj                  24      0         0      
       strchr.c.obj                  22      0         0      
       strcpy.c.obj                  20      0         0      
       strlen.c.obj                  20      0         0      
       _lock.c.obj                   2       0         16     
       wcslen.c.obj                  18      0         0      
       errno.c.obj                   8       0         8      
       copy_decompress_none.c.obj    14      0         0      
       copy_zero_init.c.obj          12      0         0      
       pre_init.c.obj                4       0         0      
       div0.asm.obj                  2       0         0      
    +--+-----------------------------+-------+---------+---------+
       Total:                        11627   257       1888   
                                                              
       Heap:                         0       0         4096   
       Stack:                        0       0         1024   
       Linker Generated:             0       154       0      
    +--+-----------------------------+-------+---------+---------+
       Grand Total:                  25203   1119      8404   


LINKER GENERATED COPY TABLES

__TI_cinit_table @ 000066e8 records: 2, size/record: 8, table size: 16
	.data: load addr=00006658, load size=00000076 bytes, run addr=20000c30, run size=0000023c bytes, compression=lzss
	.bss: load addr=000066e0, load size=00000008 bytes, run addr=20000800, run size=0000042e bytes, compression=zero_init


LINKER GENERATED HANDLER TABLE

__TI_handler_table @ 000066d0 records: 3, size/record: 4, table size: 12
	index: 0, handler: __TI_decompress_lzss
	index: 1, handler: __TI_decompress_none
	index: 2, handler: __TI_zero_init


GLOBAL SYMBOLS: SORTED ALPHABETICALLY BY Name 

address   name                                
-------   ----                                
00000b33  ADC14_IRQHandler                    
00000b33  AES256_IRQHandler                   
00004425  BoardInitMcu                        
20000de8  Buffer                              
20000e4c  BufferSize                          
00000b33  BusFault_Handler                    
00006371  C$$EXIT                             
00005afb  C$$IO$$                             
00000b33  COMP_E0_IRQHandler                  
00000b33  COMP_E1_IRQHandler                  
00000b33  CS_IRQHandler                       
20000e44  DIO0Flag                            
20000e45  DIO1Flag                            
20000e46  DIO2Flag                            
20000e47  DIO3Flag                            
20000e48  DIO4Flag                            
00000b33  DMA_ERR_IRQHandler                  
00000b33  DMA_INT0_IRQHandler                 
00000b33  DMA_INT1_IRQHandler                 
00000b33  DMA_INT2_IRQHandler                 
00000b33  DMA_INT3_IRQHandler                 
00000b33  DebugMon_Handler                    
00000b33  Default_Handler                     
000050f1  Delayms                             
00000b33  EUSCIA0_IRQHandler                  
00000b33  EUSCIA1_IRQHandler                  
00000b33  EUSCIA2_IRQHandler                  
00000b33  EUSCIA3_IRQHandler                  
00000b33  EUSCIB0_IRQHandler                  
00000b33  EUSCIB1_IRQHandler                  
00000b33  EUSCIB2_IRQHandler                  
00000b33  EUSCIB3_IRQHandler                  
0000618d  EUSCI_A_SPI_enable                  
00006113  EUSCI_A_SPI_getInterruptStatus      
000062cb  EUSCI_A_SPI_receiveData             
000061a3  EUSCI_A_SPI_transmitData            
000061b9  EUSCI_B_SPI_enable                  
0000612b  EUSCI_B_SPI_getInterruptStatus      
000062db  EUSCI_B_SPI_receiveData             
000061cf  EUSCI_B_SPI_transmitData            
00000b33  FLCTL_IRQHandler                    
00000b33  FPU_IRQHandler                      
00006478  FskBandwidths                       
00005de1  GPIO_enableInterrupt                
00005865  GPIO_setAsOutputPin                 
00005e09  GPIO_setOutputHighOnPin             
00005e31  GPIO_setOutputLowOnPin              
00006255  GetBoardPowerSource                 
00004cc9  GetFskBandwidthRegValue             
00005f6d  GpioFlashLED                        
00005c0d  GpioInit                            
000020fd  GpioMcuInit                         
0000319d  GpioMcuSetInterrupt                 
00005645  GpioMcuWrite                        
0000604f  GpioSetInterrupt                    
000062eb  GpioWrite                           
00005689  HOSTclose                           
00004ac1  HOSTlseek                           
00004e59  HOSTopen                            
00005149  HOSTread                            
000049e9  HOSTrename                          
000056cd  HOSTunlink                          
000051a1  HOSTwrite                           
00000b33  HardFault_Handler                   
000045b9  Interrupt_enableInterrupt           
20000be0  Led1                                
20000bf4  Led2                                
20000c08  Led3                                
00000b33  MemManage_Handler                   
00000b33  NMI_Handler                         
000046b9  OnRxDone                            
00005c3d  OnRxError                           
00005c6d  OnRxTimeout                         
000059a5  OnTxDone                            
00005c9d  OnTxTimeout                         
00000b33  PCM_IRQHandler                      
00000b33  PORT1_IRQHandler                    
00004639  PORT2_IRQHandler                    
00004639  PORT2_IRQHandler                    
00000b33  PORT3_IRQHandler                    
00000b33  PORT4_IRQHandler                    
00000b33  PORT5_IRQHandler                    
00000b33  PORT6_IRQHandler                    
00000b33  PSS_IRQHandler                      
00000b33  PendSV_Handler                      
00005a95  RFM_spi_read_write                  
00005f91  RTC_C_IRQHandler                    
00005f91  RTC_C_IRQHandler                    
0000415d  RTC_C_getEnabledInterruptStatus     
00005039  RTC_C_getInterruptStatus            
00006528  Radio                               
00002479  RadioInit                           
000065c4  RadioRegsInit                       
20000e49  RadioTimeoutFlag                    
00006309  Reset_Handler                       
20000e4e  RssiValue                           
00003e3d  RxChainCalibration                  
0000606b  SPI_enableModule                    
00005e59  SPI_getInterruptStatus              
00003cdb  SPI_initMaster                      
00006087  SPI_receiveData                     
00005f21  SPI_transmitData                    
00000b33  SVC_Handler                         
20000920  SX1276                              
00006315  SX1276CheckRfFrequency              
00006361  SX1276GetBoardTcxoWakeupTime        
0000632d  SX1276GetStatus                     
00000eed  SX1276GetTimeOnAir                  
00006345  SX1276GetWakeupTime                 
00004281  SX1276Init                          
00003d8d  SX1276IoInit                        
000051f9  SX1276IoIrqInit                     
00003ee5  SX1276IsChannelFree                 
00001285  SX1276OnDio0Irq                     
00002781  SX1276OnDio1Irq                     
00002e09  SX1276OnDio2Irq                     
000059e1  SX1276OnDio4Irq                     
00004fd9  SX1276Random                        
00004eb9  SX1276ReadBuffer                    
000061e5  SX1276ReadFifo                      
00004a55  SX1276ReadRssi                      
00005f49  SX1276Reset                         
00002a3d  SX1276Send                          
000053a5  SX1276SetChannel                    
00005525  SX1276SetMaxPayloadLength           
00003f89  SX1276SetModem                      
00005fb1  SX1276SetOpMode                     
00005a1d  SX1276SetPublicNetwork              
000028e9  SX1276SetRfTxPower                  
00001ad1  SX1276SetRx                         
00000b35  SX1276SetRxConfig                   
000060a5  SX1276SetSleep                      
00006269  SX1276SetStby                       
00003a9d  SX1276SetTx                         
00001575  SX1276SetTxConfig                   
0000430d  SX1276SetTxContinuousWave           
00005711  SX1276StartCad                      
00004f19  SX1276WriteBuffer                   
000061fb  SX1276WriteFifo                     
20000e4f  SnrValue                            
20000e4a  State                               
00002477  SysTick_Handler                     
00002477  SysTick_Handler                     
000047b1  SystemInit                          
00000b33  T32_INT1_IRQHandler                 
00000b33  T32_INT2_IRQHandler                 
00000b33  T32_INTC_IRQHandler                 
00000b33  TA0_0_IRQHandler                    
00000b33  TA0_N_IRQHandler                    
00005fd1  TA1_0_IRQHandler                    
00005fd1  TA1_0_IRQHandler                    
00000b33  TA1_N_IRQHandler                    
00005ccd  TA2_0_IRQHandler                    
00005ccd  TA2_0_IRQHandler                    
00000b33  TA2_N_IRQHandler                    
00000b33  TA3_0_IRQHandler                    
00000b33  TA3_N_IRQHandler                    
00005a59  TimerAInteruptInit                  
00005e81  TimerATimerInit                     
20000e67  TimerInteruptFlag                   
00005d5d  Timer_A_clearCaptureCompareInterrupt
00006211  Timer_A_clearInterruptFlag          
00006145  Timer_A_clearTimer                  
00005b3d  Timer_A_configureContinuousMode     
00004b29  Timer_A_configureUpMode             
0000615d  Timer_A_enableInterrupt             
000053f5  Timer_A_getCounterValue             
00006227  Timer_A_startCounter                
0000627d  Timer_A_stopTimer                   
00000b33  UsageFault_Handler                  
4000480c  WDTCTL_SYM                          
00000b33  WDT_A_IRQHandler                    
20000800  __CIOBUF_                           
20010000  __STACK_END                         
00000200  __STACK_SIZE                        
00000800  __SYSMEM_SIZE                       
000066e8  __TI_CINIT_Base                     
000066f8  __TI_CINIT_Limit                    
000066d0  __TI_Handler_Table_Base             
000066dc  __TI_Handler_Table_Limit            
00005755  __TI_auto_init_nobinit_nopinit      
00005b71  __TI_cleanup                        
20000e38  __TI_cleanup_ptr                    
00004829  __TI_closefile                      
00004b91  __TI_decompress_lzss                
000062fb  __TI_decompress_none                
00005441  __TI_doflush                        
20000e3c  __TI_dtors_ptr                      
20000e40  __TI_enable_exit_profile_output     
20000e28  __TI_ft_end                         
ffffffff  __TI_pprof_out_hndl                 
000000e5  __TI_printfi                        
ffffffff  __TI_prof_data_size                 
ffffffff  __TI_prof_data_start                
00005ba5  __TI_readmsg                        
00000000  __TI_static_base__                  
20000b24  __TI_tmpnams                        
00005acd  __TI_writemsg                       
00004df5  __TI_wrt_ok                         
00006339  __TI_zero_init                      
000044ad  __aeabi_cdcmpeq                     
000044ad  __aeabi_cdcmple                     
00004533  __aeabi_cdrcmple                    
0000497b  __aeabi_d2f                         
000055b5  __aeabi_d2iz                        
000057dd  __aeabi_d2uiz                       
000022cb  __aeabi_dadd                        
00002f41  __aeabi_ddiv                        
000035f1  __aeabi_dmul                        
000022c1  __aeabi_dsub                        
00006351  __aeabi_errno_addr                  
00005d2d  __aeabi_i2d                         
00003d8b  __aeabi_idiv0                       
00003d8b  __aeabi_ldiv0                       
00004735  __aeabi_memclr                      
00004735  __aeabi_memclr4                     
00004735  __aeabi_memclr8                     
00004029  __aeabi_memcpy                      
00004029  __aeabi_memcpy4                     
00004029  __aeabi_memcpy8                     
00004737  __aeabi_memset                      
00004737  __aeabi_memset4                     
00004737  __aeabi_memset8                     
20000e34  __aeabi_stderr                      
20000e2c  __aeabi_stdin                       
20000e30  __aeabi_stdout                      
00006011  __aeabi_ui2d                        
000040c5  __aeabi_uldivmod                    
ffffffff  __binit__                           
ffffffff  __c_args__                          
UNDEFED   __mpu_init                          
2000fe00  __stack                             
00005bd9  _c_int00_noargs                     
00006374  _ctypes_                            
20000d20  _device                             
20000c30  _ftable                             
20000e50  _lock                               
00003077  _nop                                
20000d98  _stream                             
20000000  _sys_memory                         
UNDEFED   _system_post_cinit                  
0000636d  _system_pre_init                    
20000e54  _unlock                             
00006371  abort                               
000032b5  aligned_alloc                       
20000c2c  alohaAttempts                       
20000c28  alohaDelay                          
20000c2d  alohaState                          
0000548d  atoi                                
ffffffff  binit                               
20000e60  buffer                              
000036ed  ceil                                
000036ed  ceill                               
00005095  close                               
00006640  contConfig0                         
000060f9  copysign                            
000060f9  copysignl                           
00004c61  crc8                                
000054d9  createAlohaPacket                   
20000e68  errno                               
0000556d  exit                                
00005cfd  finddevice                          
000037e5  floor                               
000037e5  floorl                              
00004399  fputc                               
000033cd  fputs                               
000038dd  free                                
00004d2d  frexp                               
00004d2d  frexpl                              
00004d91  fseek                               
000058a5  getTiming                           
00005799  getdevice                           
00000000  interruptVectors                    
000034e1  ldexp                               
000034e1  ldexpl                              
00005ed1  lseek                               
000052ff  ltoa                                
000025fd  main                                
00006359  malloc                              
000032b5  memalign                            
000060dd  memccpy                             
00005ff1  memchr                              
00004029  memcpy                              
0000473d  memset                              
20000c1c  parmbuf                             
00004bf9  printf                              
00004399  putc                                
00005db5  remove                              
00003b69  round                               
00003b69  roundl                              
000034e1  scalbn                              
000034e1  scalbnl                             
00004f79  sendAlohamessage                    
20000e66  seqid                               
000039c1  setvbuf                             
000065f4  spiMasterConfig                     
000055fd  spiRead_RFM                         
00005821  spiWrite_RFM                        
00005925  spi_open                            
000041f1  startLoRaTimer                      
00006031  startTiming                         
00005d89  stopLoRaTimer                       
00005251  stopTiming                          
0000623d  strchr                              
00006175  strcmp                              
00006291  strcpy                              
000062a5  strlen                              
00005b05  strncpy                             
00005db5  unlink                              
00006628  upConfig                            
000062b9  wcslen                              
00005ef9  write                               


GLOBAL SYMBOLS: SORTED BY Symbol Address 

address   name                                
-------   ----                                
00000000  __TI_static_base__                  
00000000  interruptVectors                    
000000e5  __TI_printfi                        
00000200  __STACK_SIZE                        
00000800  __SYSMEM_SIZE                       
00000b33  ADC14_IRQHandler                    
00000b33  AES256_IRQHandler                   
00000b33  BusFault_Handler                    
00000b33  COMP_E0_IRQHandler                  
00000b33  COMP_E1_IRQHandler                  
00000b33  CS_IRQHandler                       
00000b33  DMA_ERR_IRQHandler                  
00000b33  DMA_INT0_IRQHandler                 
00000b33  DMA_INT1_IRQHandler                 
00000b33  DMA_INT2_IRQHandler                 
00000b33  DMA_INT3_IRQHandler                 
00000b33  DebugMon_Handler                    
00000b33  Default_Handler                     
00000b33  EUSCIA0_IRQHandler                  
00000b33  EUSCIA1_IRQHandler                  
00000b33  EUSCIA2_IRQHandler                  
00000b33  EUSCIA3_IRQHandler                  
00000b33  EUSCIB0_IRQHandler                  
00000b33  EUSCIB1_IRQHandler                  
00000b33  EUSCIB2_IRQHandler                  
00000b33  EUSCIB3_IRQHandler                  
00000b33  FLCTL_IRQHandler                    
00000b33  FPU_IRQHandler                      
00000b33  HardFault_Handler                   
00000b33  MemManage_Handler                   
00000b33  NMI_Handler                         
00000b33  PCM_IRQHandler                      
00000b33  PORT1_IRQHandler                    
00000b33  PORT3_IRQHandler                    
00000b33  PORT4_IRQHandler                    
00000b33  PORT5_IRQHandler                    
00000b33  PORT6_IRQHandler                    
00000b33  PSS_IRQHandler                      
00000b33  PendSV_Handler                      
00000b33  SVC_Handler                         
00000b33  T32_INT1_IRQHandler                 
00000b33  T32_INT2_IRQHandler                 
00000b33  T32_INTC_IRQHandler                 
00000b33  TA0_0_IRQHandler                    
00000b33  TA0_N_IRQHandler                    
00000b33  TA1_N_IRQHandler                    
00000b33  TA2_N_IRQHandler                    
00000b33  TA3_0_IRQHandler                    
00000b33  TA3_N_IRQHandler                    
00000b33  UsageFault_Handler                  
00000b33  WDT_A_IRQHandler                    
00000b35  SX1276SetRxConfig                   
00000eed  SX1276GetTimeOnAir                  
00001285  SX1276OnDio0Irq                     
00001575  SX1276SetTxConfig                   
00001ad1  SX1276SetRx                         
000020fd  GpioMcuInit                         
000022c1  __aeabi_dsub                        
000022cb  __aeabi_dadd                        
00002477  SysTick_Handler                     
00002477  SysTick_Handler                     
00002479  RadioInit                           
000025fd  main                                
00002781  SX1276OnDio1Irq                     
000028e9  SX1276SetRfTxPower                  
00002a3d  SX1276Send                          
00002e09  SX1276OnDio2Irq                     
00002f41  __aeabi_ddiv                        
00003077  _nop                                
0000319d  GpioMcuSetInterrupt                 
000032b5  aligned_alloc                       
000032b5  memalign                            
000033cd  fputs                               
000034e1  ldexp                               
000034e1  ldexpl                              
000034e1  scalbn                              
000034e1  scalbnl                             
000035f1  __aeabi_dmul                        
000036ed  ceil                                
000036ed  ceill                               
000037e5  floor                               
000037e5  floorl                              
000038dd  free                                
000039c1  setvbuf                             
00003a9d  SX1276SetTx                         
00003b69  round                               
00003b69  roundl                              
00003cdb  SPI_initMaster                      
00003d8b  __aeabi_idiv0                       
00003d8b  __aeabi_ldiv0                       
00003d8d  SX1276IoInit                        
00003e3d  RxChainCalibration                  
00003ee5  SX1276IsChannelFree                 
00003f89  SX1276SetModem                      
00004029  __aeabi_memcpy                      
00004029  __aeabi_memcpy4                     
00004029  __aeabi_memcpy8                     
00004029  memcpy                              
000040c5  __aeabi_uldivmod                    
0000415d  RTC_C_getEnabledInterruptStatus     
000041f1  startLoRaTimer                      
00004281  SX1276Init                          
0000430d  SX1276SetTxContinuousWave           
00004399  fputc                               
00004399  putc                                
00004425  BoardInitMcu                        
000044ad  __aeabi_cdcmpeq                     
000044ad  __aeabi_cdcmple                     
00004533  __aeabi_cdrcmple                    
000045b9  Interrupt_enableInterrupt           
00004639  PORT2_IRQHandler                    
00004639  PORT2_IRQHandler                    
000046b9  OnRxDone                            
00004735  __aeabi_memclr                      
00004735  __aeabi_memclr4                     
00004735  __aeabi_memclr8                     
00004737  __aeabi_memset                      
00004737  __aeabi_memset4                     
00004737  __aeabi_memset8                     
0000473d  memset                              
000047b1  SystemInit                          
00004829  __TI_closefile                      
0000497b  __aeabi_d2f                         
000049e9  HOSTrename                          
00004a55  SX1276ReadRssi                      
00004ac1  HOSTlseek                           
00004b29  Timer_A_configureUpMode             
00004b91  __TI_decompress_lzss                
00004bf9  printf                              
00004c61  crc8                                
00004cc9  GetFskBandwidthRegValue             
00004d2d  frexp                               
00004d2d  frexpl                              
00004d91  fseek                               
00004df5  __TI_wrt_ok                         
00004e59  HOSTopen                            
00004eb9  SX1276ReadBuffer                    
00004f19  SX1276WriteBuffer                   
00004f79  sendAlohamessage                    
00004fd9  SX1276Random                        
00005039  RTC_C_getInterruptStatus            
00005095  close                               
000050f1  Delayms                             
00005149  HOSTread                            
000051a1  HOSTwrite                           
000051f9  SX1276IoIrqInit                     
00005251  stopTiming                          
000052ff  ltoa                                
000053a5  SX1276SetChannel                    
000053f5  Timer_A_getCounterValue             
00005441  __TI_doflush                        
0000548d  atoi                                
000054d9  createAlohaPacket                   
00005525  SX1276SetMaxPayloadLength           
0000556d  exit                                
000055b5  __aeabi_d2iz                        
000055fd  spiRead_RFM                         
00005645  GpioMcuWrite                        
00005689  HOSTclose                           
000056cd  HOSTunlink                          
00005711  SX1276StartCad                      
00005755  __TI_auto_init_nobinit_nopinit      
00005799  getdevice                           
000057dd  __aeabi_d2uiz                       
00005821  spiWrite_RFM                        
00005865  GPIO_setAsOutputPin                 
000058a5  getTiming                           
00005925  spi_open                            
000059a5  OnTxDone                            
000059e1  SX1276OnDio4Irq                     
00005a1d  SX1276SetPublicNetwork              
00005a59  TimerAInteruptInit                  
00005a95  RFM_spi_read_write                  
00005acd  __TI_writemsg                       
00005afb  C$$IO$$                             
00005b05  strncpy                             
00005b3d  Timer_A_configureContinuousMode     
00005b71  __TI_cleanup                        
00005ba5  __TI_readmsg                        
00005bd9  _c_int00_noargs                     
00005c0d  GpioInit                            
00005c3d  OnRxError                           
00005c6d  OnRxTimeout                         
00005c9d  OnTxTimeout                         
00005ccd  TA2_0_IRQHandler                    
00005ccd  TA2_0_IRQHandler                    
00005cfd  finddevice                          
00005d2d  __aeabi_i2d                         
00005d5d  Timer_A_clearCaptureCompareInterrupt
00005d89  stopLoRaTimer                       
00005db5  remove                              
00005db5  unlink                              
00005de1  GPIO_enableInterrupt                
00005e09  GPIO_setOutputHighOnPin             
00005e31  GPIO_setOutputLowOnPin              
00005e59  SPI_getInterruptStatus              
00005e81  TimerATimerInit                     
00005ed1  lseek                               
00005ef9  write                               
00005f21  SPI_transmitData                    
00005f49  SX1276Reset                         
00005f6d  GpioFlashLED                        
00005f91  RTC_C_IRQHandler                    
00005f91  RTC_C_IRQHandler                    
00005fb1  SX1276SetOpMode                     
00005fd1  TA1_0_IRQHandler                    
00005fd1  TA1_0_IRQHandler                    
00005ff1  memchr                              
00006011  __aeabi_ui2d                        
00006031  startTiming                         
0000604f  GpioSetInterrupt                    
0000606b  SPI_enableModule                    
00006087  SPI_receiveData                     
000060a5  SX1276SetSleep                      
000060dd  memccpy                             
000060f9  copysign                            
000060f9  copysignl                           
00006113  EUSCI_A_SPI_getInterruptStatus      
0000612b  EUSCI_B_SPI_getInterruptStatus      
00006145  Timer_A_clearTimer                  
0000615d  Timer_A_enableInterrupt             
00006175  strcmp                              
0000618d  EUSCI_A_SPI_enable                  
000061a3  EUSCI_A_SPI_transmitData            
000061b9  EUSCI_B_SPI_enable                  
000061cf  EUSCI_B_SPI_transmitData            
000061e5  SX1276ReadFifo                      
000061fb  SX1276WriteFifo                     
00006211  Timer_A_clearInterruptFlag          
00006227  Timer_A_startCounter                
0000623d  strchr                              
00006255  GetBoardPowerSource                 
00006269  SX1276SetStby                       
0000627d  Timer_A_stopTimer                   
00006291  strcpy                              
000062a5  strlen                              
000062b9  wcslen                              
000062cb  EUSCI_A_SPI_receiveData             
000062db  EUSCI_B_SPI_receiveData             
000062eb  GpioWrite                           
000062fb  __TI_decompress_none                
00006309  Reset_Handler                       
00006315  SX1276CheckRfFrequency              
0000632d  SX1276GetStatus                     
00006339  __TI_zero_init                      
00006345  SX1276GetWakeupTime                 
00006351  __aeabi_errno_addr                  
00006359  malloc                              
00006361  SX1276GetBoardTcxoWakeupTime        
0000636d  _system_pre_init                    
00006371  C$$EXIT                             
00006371  abort                               
00006374  _ctypes_                            
00006478  FskBandwidths                       
00006528  Radio                               
000065c4  RadioRegsInit                       
000065f4  spiMasterConfig                     
00006628  upConfig                            
00006640  contConfig0                         
000066d0  __TI_Handler_Table_Base             
000066dc  __TI_Handler_Table_Limit            
000066e8  __TI_CINIT_Base                     
000066f8  __TI_CINIT_Limit                    
20000000  _sys_memory                         
20000800  __CIOBUF_                           
20000920  SX1276                              
20000b24  __TI_tmpnams                        
20000be0  Led1                                
20000bf4  Led2                                
20000c08  Led3                                
20000c1c  parmbuf                             
20000c28  alohaDelay                          
20000c2c  alohaAttempts                       
20000c2d  alohaState                          
20000c30  _ftable                             
20000d20  _device                             
20000d98  _stream                             
20000de8  Buffer                              
20000e28  __TI_ft_end                         
20000e2c  __aeabi_stdin                       
20000e30  __aeabi_stdout                      
20000e34  __aeabi_stderr                      
20000e38  __TI_cleanup_ptr                    
20000e3c  __TI_dtors_ptr                      
20000e40  __TI_enable_exit_profile_output     
20000e44  DIO0Flag                            
20000e45  DIO1Flag                            
20000e46  DIO2Flag                            
20000e47  DIO3Flag                            
20000e48  DIO4Flag                            
20000e49  RadioTimeoutFlag                    
20000e4a  State                               
20000e4c  BufferSize                          
20000e4e  RssiValue                           
20000e4f  SnrValue                            
20000e50  _lock                               
20000e54  _unlock                             
20000e60  buffer                              
20000e66  seqid                               
20000e67  TimerInteruptFlag                   
20000e68  errno                               
2000fe00  __stack                             
20010000  __STACK_END                         
4000480c  WDTCTL_SYM                          
ffffffff  __TI_pprof_out_hndl                 
ffffffff  __TI_prof_data_size                 
ffffffff  __TI_prof_data_start                
ffffffff  __binit__                           
ffffffff  __c_args__                          
ffffffff  binit                               
UNDEFED   __mpu_init                          
UNDEFED   _system_post_cinit                  

[312 symbols]
