<?xml version="1.0" encoding="ISO-8859-1" ?>
<link_info>
   <banner>TI ARM Linker Unix v18.12.5.LTS</banner>
   <copyright>Copyright (c) 1996-2018 Texas Instruments Incorporated</copyright>
   <link_time>0x5e68c2ad</link_time>
   <link_errors>0x0</link_errors>
   <output_file>Meesters.out</output_file>
   <entry_point>
      <name>_c_int00_noargs</name>
      <address>0x3329</address>
   </entry_point>
   <input_file_list>
      <input_file id="fl-2">
         <path>./</path>
         <kind>object</kind>
         <file>board.obj</file>
         <name>board.obj</name>
      </input_file>
      <input_file id="fl-3">
         <path>./</path>
         <kind>object</kind>
         <file>gpio-board.obj</file>
         <name>gpio-board.obj</name>
      </input_file>
      <input_file id="fl-4">
         <path>./</path>
         <kind>object</kind>
         <file>main.obj</file>
         <name>main.obj</name>
      </input_file>
      <input_file id="fl-5">
         <path>./</path>
         <kind>object</kind>
         <file>my_RFM9x.obj</file>
         <name>my_RFM9x.obj</name>
      </input_file>
      <input_file id="fl-6">
         <path>./</path>
         <kind>object</kind>
         <file>my_gpio.obj</file>
         <name>my_gpio.obj</name>
      </input_file>
      <input_file id="fl-7">
         <path>./</path>
         <kind>object</kind>
         <file>my_rtc.obj</file>
         <name>my_rtc.obj</name>
      </input_file>
      <input_file id="fl-8">
         <path>./</path>
         <kind>object</kind>
         <file>my_spi.obj</file>
         <name>my_spi.obj</name>
      </input_file>
      <input_file id="fl-9">
         <path>./</path>
         <kind>object</kind>
         <file>my_systick.obj</file>
         <name>my_systick.obj</name>
      </input_file>
      <input_file id="fl-a">
         <path>./</path>
         <kind>object</kind>
         <file>my_timer.obj</file>
         <name>my_timer.obj</name>
      </input_file>
      <input_file id="fl-b">
         <path>./</path>
         <kind>object</kind>
         <file>rtc-board.obj</file>
         <name>rtc-board.obj</name>
      </input_file>
      <input_file id="fl-c">
         <path>./</path>
         <kind>object</kind>
         <file>sx1276-board.obj</file>
         <name>sx1276-board.obj</name>
      </input_file>
      <input_file id="fl-d">
         <path>./</path>
         <kind>object</kind>
         <file>system_msp432p401r.obj</file>
         <name>system_msp432p401r.obj</name>
      </input_file>
      <input_file id="fl-e">
         <path>./ccs/</path>
         <kind>object</kind>
         <file>startup_msp432p401r_ccs.obj</file>
         <name>startup_msp432p401r_ccs.obj</name>
      </input_file>
      <input_file id="fl-18">
         <kind>object</kind>
         <file>&lt;internal&gt;</file>
         <name>&lt;internal&gt;</name>
      </input_file>
      <input_file id="fl-19">
         <path>/home/nicholas/ti/ti/simplelink_msp432p4_sdk_3_40_01_02/source/ti/devices/msp432p4xx/driverlib/ccs/</path>
         <kind>archive</kind>
         <file>msp432p4xx_driverlib.lib</file>
         <name>cs.o</name>
      </input_file>
      <input_file id="fl-1a">
         <path>/home/nicholas/ti/ti/simplelink_msp432p4_sdk_3_40_01_02/source/ti/devices/msp432p4xx/driverlib/ccs/</path>
         <kind>archive</kind>
         <file>msp432p4xx_driverlib.lib</file>
         <name>gpio.o</name>
      </input_file>
      <input_file id="fl-1b">
         <path>/home/nicholas/ti/ti/simplelink_msp432p4_sdk_3_40_01_02/source/ti/devices/msp432p4xx/driverlib/ccs/</path>
         <kind>archive</kind>
         <file>msp432p4xx_driverlib.lib</file>
         <name>interrupt.o</name>
      </input_file>
      <input_file id="fl-1c">
         <path>/home/nicholas/ti/ti/simplelink_msp432p4_sdk_3_40_01_02/source/ti/devices/msp432p4xx/driverlib/ccs/</path>
         <kind>archive</kind>
         <file>msp432p4xx_driverlib.lib</file>
         <name>pcm.o</name>
      </input_file>
      <input_file id="fl-1d">
         <path>/home/nicholas/ti/ti/simplelink_msp432p4_sdk_3_40_01_02/source/ti/devices/msp432p4xx/driverlib/ccs/</path>
         <kind>archive</kind>
         <file>msp432p4xx_driverlib.lib</file>
         <name>rtc_c.o</name>
      </input_file>
      <input_file id="fl-1e">
         <path>/home/nicholas/ti/ti/simplelink_msp432p4_sdk_3_40_01_02/source/ti/devices/msp432p4xx/driverlib/ccs/</path>
         <kind>archive</kind>
         <file>msp432p4xx_driverlib.lib</file>
         <name>spi.o</name>
      </input_file>
      <input_file id="fl-1f">
         <path>/home/nicholas/ti/ti/simplelink_msp432p4_sdk_3_40_01_02/source/ti/devices/msp432p4xx/driverlib/ccs/</path>
         <kind>archive</kind>
         <file>msp432p4xx_driverlib.lib</file>
         <name>sysctl_a.o</name>
      </input_file>
      <input_file id="fl-20">
         <path>/home/nicholas/ti/ti/simplelink_msp432p4_sdk_3_40_01_02/source/ti/devices/msp432p4xx/driverlib/ccs/</path>
         <kind>archive</kind>
         <file>msp432p4xx_driverlib.lib</file>
         <name>wdt_a.o</name>
      </input_file>
      <input_file id="fl-21">
         <path>/home/nicholas/ti/ti/simplelink_msp432p4_sdk_3_40_01_02/source/ti/devices/msp432p4xx/driverlib/ccs/</path>
         <kind>archive</kind>
         <file>msp432p4xx_driverlib.lib</file>
         <name>cpu.o</name>
      </input_file>
      <input_file id="fl-d7">
         <path>/home/nicholas/ti/ccs930/ccs/tools/compiler/ti-cgt-arm_18.12.5.LTS/lib/</path>
         <kind>archive</kind>
         <file>rtsv7M4_T_le_v4SPD16_eabi.lib</file>
         <name>s_ceil.c.obj</name>
      </input_file>
      <input_file id="fl-d8">
         <path>/home/nicholas/ti/ccs930/ccs/tools/compiler/ti-cgt-arm_18.12.5.LTS/lib/</path>
         <kind>archive</kind>
         <file>rtsv7M4_T_le_v4SPD16_eabi.lib</file>
         <name>s_floor.c.obj</name>
      </input_file>
      <input_file id="fl-d9">
         <path>/home/nicholas/ti/ccs930/ccs/tools/compiler/ti-cgt-arm_18.12.5.LTS/lib/</path>
         <kind>archive</kind>
         <file>rtsv7M4_T_le_v4SPD16_eabi.lib</file>
         <name>s_round.c.obj</name>
      </input_file>
      <input_file id="fl-da">
         <path>/home/nicholas/ti/ccs930/ccs/tools/compiler/ti-cgt-arm_18.12.5.LTS/lib/</path>
         <kind>archive</kind>
         <file>rtsv7M4_T_le_v4SPD16_eabi.lib</file>
         <name>fd_add_t2.asm.obj</name>
      </input_file>
      <input_file id="fl-db">
         <path>/home/nicholas/ti/ccs930/ccs/tools/compiler/ti-cgt-arm_18.12.5.LTS/lib/</path>
         <kind>archive</kind>
         <file>rtsv7M4_T_le_v4SPD16_eabi.lib</file>
         <name>fd_cmp_t2.asm.obj</name>
      </input_file>
      <input_file id="fl-dc">
         <path>/home/nicholas/ti/ccs930/ccs/tools/compiler/ti-cgt-arm_18.12.5.LTS/lib/</path>
         <kind>archive</kind>
         <file>rtsv7M4_T_le_v4SPD16_eabi.lib</file>
         <name>fd_div_t2.asm.obj</name>
      </input_file>
      <input_file id="fl-dd">
         <path>/home/nicholas/ti/ccs930/ccs/tools/compiler/ti-cgt-arm_18.12.5.LTS/lib/</path>
         <kind>archive</kind>
         <file>rtsv7M4_T_le_v4SPD16_eabi.lib</file>
         <name>fd_mul_t2.asm.obj</name>
      </input_file>
      <input_file id="fl-de">
         <path>/home/nicholas/ti/ccs930/ccs/tools/compiler/ti-cgt-arm_18.12.5.LTS/lib/</path>
         <kind>archive</kind>
         <file>rtsv7M4_T_le_v4SPD16_eabi.lib</file>
         <name>fd_toi_t2.asm.obj</name>
      </input_file>
      <input_file id="fl-df">
         <path>/home/nicholas/ti/ccs930/ccs/tools/compiler/ti-cgt-arm_18.12.5.LTS/lib/</path>
         <kind>archive</kind>
         <file>rtsv7M4_T_le_v4SPD16_eabi.lib</file>
         <name>fd_tou_t2.asm.obj</name>
      </input_file>
      <input_file id="fl-e0">
         <path>/home/nicholas/ti/ccs930/ccs/tools/compiler/ti-cgt-arm_18.12.5.LTS/lib/</path>
         <kind>archive</kind>
         <file>rtsv7M4_T_le_v4SPD16_eabi.lib</file>
         <name>i_tofd_t2.asm.obj</name>
      </input_file>
      <input_file id="fl-e1">
         <path>/home/nicholas/ti/ccs930/ccs/tools/compiler/ti-cgt-arm_18.12.5.LTS/lib/</path>
         <kind>archive</kind>
         <file>rtsv7M4_T_le_v4SPD16_eabi.lib</file>
         <name>memcpy_t2.asm.obj</name>
      </input_file>
      <input_file id="fl-e2">
         <path>/home/nicholas/ti/ccs930/ccs/tools/compiler/ti-cgt-arm_18.12.5.LTS/lib/</path>
         <kind>archive</kind>
         <file>rtsv7M4_T_le_v4SPD16_eabi.lib</file>
         <name>u_tofd_t2.asm.obj</name>
      </input_file>
      <input_file id="fl-e3">
         <path>/home/nicholas/ti/ccs930/ccs/tools/compiler/ti-cgt-arm_18.12.5.LTS/lib/</path>
         <kind>archive</kind>
         <file>rtsv7M4_T_le_v4SPD16_eabi.lib</file>
         <name>copy_zero_init.c.obj</name>
      </input_file>
      <input_file id="fl-e4">
         <path>/home/nicholas/ti/ccs930/ccs/tools/compiler/ti-cgt-arm_18.12.5.LTS/lib/</path>
         <kind>archive</kind>
         <file>rtsv7M4_T_le_v4SPD16_eabi.lib</file>
         <name>copy_decompress_none.c.obj</name>
      </input_file>
      <input_file id="fl-e5">
         <path>/home/nicholas/ti/ccs930/ccs/tools/compiler/ti-cgt-arm_18.12.5.LTS/lib/</path>
         <kind>archive</kind>
         <file>rtsv7M4_T_le_v4SPD16_eabi.lib</file>
         <name>copy_decompress_lzss.c.obj</name>
      </input_file>
      <input_file id="fl-e6">
         <path>/home/nicholas/ti/ccs930/ccs/tools/compiler/ti-cgt-arm_18.12.5.LTS/lib/</path>
         <kind>archive</kind>
         <file>rtsv7M4_T_le_v4SPD16_eabi.lib</file>
         <name>boot_cortex_m.c.obj</name>
      </input_file>
      <input_file id="fl-e7">
         <path>/home/nicholas/ti/ccs930/ccs/tools/compiler/ti-cgt-arm_18.12.5.LTS/lib/</path>
         <kind>archive</kind>
         <file>rtsv7M4_T_le_v4SPD16_eabi.lib</file>
         <name>memset_t2.asm.obj</name>
      </input_file>
      <input_file id="fl-e8">
         <path>/home/nicholas/ti/ccs930/ccs/tools/compiler/ti-cgt-arm_18.12.5.LTS/lib/</path>
         <kind>archive</kind>
         <file>rtsv7M4_T_le_v4SPD16_eabi.lib</file>
         <name>autoinit.c.obj</name>
      </input_file>
      <input_file id="fl-e9">
         <path>/home/nicholas/ti/ccs930/ccs/tools/compiler/ti-cgt-arm_18.12.5.LTS/lib/</path>
         <kind>archive</kind>
         <file>rtsv7M4_T_le_v4SPD16_eabi.lib</file>
         <name>pre_init.c.obj</name>
      </input_file>
      <input_file id="fl-ea">
         <path>/home/nicholas/ti/ccs930/ccs/tools/compiler/ti-cgt-arm_18.12.5.LTS/lib/</path>
         <kind>archive</kind>
         <file>rtsv7M4_T_le_v4SPD16_eabi.lib</file>
         <name>cpy_tbl.c.obj</name>
      </input_file>
      <input_file id="fl-eb">
         <path>/home/nicholas/ti/ccs930/ccs/tools/compiler/ti-cgt-arm_18.12.5.LTS/lib/</path>
         <kind>archive</kind>
         <file>rtsv7M4_T_le_v4SPD16_eabi.lib</file>
         <name>exit.c.obj</name>
      </input_file>
      <input_file id="fl-ec">
         <path>/home/nicholas/ti/ccs930/ccs/tools/compiler/ti-cgt-arm_18.12.5.LTS/lib/</path>
         <kind>archive</kind>
         <file>rtsv7M4_T_le_v4SPD16_eabi.lib</file>
         <name>_lock.c.obj</name>
      </input_file>
      <input_file id="fl-ed">
         <path>/home/nicholas/ti/ccs930/ccs/tools/compiler/ti-cgt-arm_18.12.5.LTS/lib/</path>
         <kind>archive</kind>
         <file>rtsv7M4_T_le_v4SPD16_eabi.lib</file>
         <name>args_main.c.obj</name>
      </input_file>
   </input_file_list>
   <object_component_list>
      <object_component id="oc-23">
         <name>.intvecs:retain</name>
         <load_address>0x0</load_address>
         <run_address>0x0</run_address>
         <size>0xe4</size>
         <input_file_ref idref="fl-e"/>
      </object_component>
      <object_component id="oc-1ff">
         <name>.text:SX1276SetRxConfig</name>
         <load_address>0xe4</load_address>
         <run_address>0xe4</run_address>
         <size>0x3c0</size>
         <input_file_ref idref="fl-5"/>
      </object_component>
      <object_component id="oc-211">
         <name>.text:SX1276GetTimeOnAir</name>
         <load_address>0x4a4</load_address>
         <run_address>0x4a4</run_address>
         <size>0x398</size>
         <input_file_ref idref="fl-5"/>
      </object_component>
      <object_component id="oc-205">
         <name>.text:SX1276SetTxConfig</name>
         <load_address>0x83c</load_address>
         <run_address>0x83c</run_address>
         <size>0x2f4</size>
         <input_file_ref idref="fl-5"/>
      </object_component>
      <object_component id="oc-229">
         <name>.text:SX1276SetRx</name>
         <load_address>0xb30</load_address>
         <run_address>0xb30</run_address>
         <size>0x294</size>
         <input_file_ref idref="fl-5"/>
      </object_component>
      <object_component id="oc-2c7">
         <name>.text:__PCM_setPowerStateAdvanced</name>
         <load_address>0xdc4</load_address>
         <run_address>0xdc4</run_address>
         <size>0x28a</size>
         <input_file_ref idref="fl-1c"/>
      </object_component>
      <object_component id="oc-6a">
         <name>.text:Default_Handler</name>
         <load_address>0x104e</load_address>
         <run_address>0x104e</run_address>
         <size>0x2</size>
         <input_file_ref idref="fl-e"/>
      </object_component>
      <object_component id="oc-29b">
         <name>.text:GpioMcuInit</name>
         <load_address>0x1050</load_address>
         <run_address>0x1050</run_address>
         <size>0x1c4</size>
         <input_file_ref idref="fl-3"/>
      </object_component>
      <object_component id="oc-33f">
         <name>.text</name>
         <load_address>0x1214</load_address>
         <run_address>0x1214</run_address>
         <size>0x1b6</size>
         <input_file_ref idref="fl-da"/>
      </object_component>
      <object_component id="oc-1bc">
         <name>.text:SX1276IoDbgInit</name>
         <load_address>0x13ca</load_address>
         <run_address>0x13ca</run_address>
         <size>0x2</size>
         <input_file_ref idref="fl-c"/>
      </object_component>
      <object_component id="oc-3d5">
         <name>.text:__PCM_setPowerModeAdvanced</name>
         <load_address>0x13cc</load_address>
         <run_address>0x13cc</run_address>
         <size>0x15c</size>
         <input_file_ref idref="fl-1c"/>
      </object_component>
      <object_component id="oc-332">
         <name>.text:SX1276SetRfTxPower</name>
         <load_address>0x1528</load_address>
         <run_address>0x1528</run_address>
         <size>0x154</size>
         <input_file_ref idref="fl-c"/>
      </object_component>
      <object_component id="oc-217">
         <name>.text:SX1276Send</name>
         <load_address>0x167c</load_address>
         <run_address>0x167c</run_address>
         <size>0x138</size>
         <input_file_ref idref="fl-5"/>
      </object_component>
      <object_component id="oc-314">
         <name>.text</name>
         <load_address>0x17b4</load_address>
         <run_address>0x17b4</run_address>
         <size>0x136</size>
         <input_file_ref idref="fl-dc"/>
      </object_component>
      <object_component id="oc-1c2">
         <name>.text:SX1276IoTcxoInit</name>
         <load_address>0x18ea</load_address>
         <run_address>0x18ea</run_address>
         <size>0x2</size>
         <input_file_ref idref="fl-c"/>
      </object_component>
      <object_component id="oc-500">
         <name>.text:GpioMcuSetInterrupt</name>
         <load_address>0x18ec</load_address>
         <run_address>0x18ec</run_address>
         <size>0x134</size>
         <input_file_ref idref="fl-3"/>
      </object_component>
      <object_component id="oc-a8">
         <name>.text:main</name>
         <load_address>0x1a20</load_address>
         <run_address>0x1a20</run_address>
         <size>0x130</size>
         <input_file_ref idref="fl-4"/>
      </object_component>
      <object_component id="oc-3cf">
         <name>.text:__PCM_setCoreVoltageLevelAdvanced</name>
         <load_address>0x1b50</load_address>
         <run_address>0x1b50</run_address>
         <size>0x108</size>
         <input_file_ref idref="fl-1c"/>
      </object_component>
      <object_component id="oc-321">
         <name>.text</name>
         <load_address>0x1c58</load_address>
         <run_address>0x1c58</run_address>
         <size>0xfc</size>
         <input_file_ref idref="fl-dd"/>
      </object_component>
      <object_component id="oc-34a">
         <name>.text:ceil</name>
         <load_address>0x1d54</load_address>
         <run_address>0x1d54</run_address>
         <size>0xf8</size>
         <input_file_ref idref="fl-d7"/>
      </object_component>
      <object_component id="oc-355">
         <name>.text:floor</name>
         <load_address>0x1e4c</load_address>
         <run_address>0x1e4c</run_address>
         <size>0xf8</size>
         <input_file_ref idref="fl-d8"/>
      </object_component>
      <object_component id="oc-3b4">
         <name>.text:CS_startLFXTWithTimeout</name>
         <load_address>0x1f44</load_address>
         <run_address>0x1f44</run_address>
         <size>0xe0</size>
         <input_file_ref idref="fl-19"/>
      </object_component>
      <object_component id="oc-198">
         <name>.text:BoardUnusedIoInit</name>
         <load_address>0x2024</load_address>
         <run_address>0x2024</run_address>
         <size>0xc8</size>
         <input_file_ref idref="fl-2"/>
      </object_component>
      <object_component id="oc-344">
         <name>.text:round</name>
         <load_address>0x20ec</load_address>
         <run_address>0x20ec</run_address>
         <size>0xc0</size>
         <input_file_ref idref="fl-d9"/>
      </object_component>
      <object_component id="oc-e2">
         <name>.text:BoardInitMcu</name>
         <load_address>0x21ac</load_address>
         <run_address>0x21ac</run_address>
         <size>0xb8</size>
         <input_file_ref idref="fl-2"/>
      </object_component>
      <object_component id="oc-400">
         <name>.text:SPI_initMaster</name>
         <load_address>0x2264</load_address>
         <run_address>0x2264</run_address>
         <size>0xb0</size>
         <input_file_ref idref="fl-1e"/>
      </object_component>
      <object_component id="oc-1b0">
         <name>.text:SX1276IoInit</name>
         <load_address>0x2314</load_address>
         <run_address>0x2314</run_address>
         <size>0xb0</size>
         <input_file_ref idref="fl-c"/>
      </object_component>
      <object_component id="oc-2f1">
         <name>.text:RxChainCalibration</name>
         <load_address>0x23c4</load_address>
         <run_address>0x23c4</run_address>
         <size>0xa8</size>
         <input_file_ref idref="fl-5"/>
      </object_component>
      <object_component id="oc-362">
         <name>.text:SX1276SetTx</name>
         <load_address>0x246c</load_address>
         <run_address>0x246c</run_address>
         <size>0xa8</size>
         <input_file_ref idref="fl-5"/>
      </object_component>
      <object_component id="oc-1e7">
         <name>.text:SX1276SetModem</name>
         <load_address>0x2514</load_address>
         <run_address>0x2514</run_address>
         <size>0xa0</size>
         <input_file_ref idref="fl-5"/>
      </object_component>
      <object_component id="oc-34">
         <name>.text</name>
         <load_address>0x25b4</load_address>
         <run_address>0x25b4</run_address>
         <size>0x9c</size>
         <input_file_ref idref="fl-e1"/>
      </object_component>
      <object_component id="oc-192">
         <name>.text:RtcInit</name>
         <load_address>0x2650</load_address>
         <run_address>0x2650</run_address>
         <size>0x98</size>
         <input_file_ref idref="fl-b"/>
      </object_component>
      <object_component id="oc-1db">
         <name>.text:SX1276Init</name>
         <load_address>0x26e8</load_address>
         <run_address>0x26e8</run_address>
         <size>0x90</size>
         <input_file_ref idref="fl-5"/>
      </object_component>
      <object_component id="oc-235">
         <name>.text:SX1276SetTxContinuousWave</name>
         <load_address>0x2778</load_address>
         <run_address>0x2778</run_address>
         <size>0x8c</size>
         <input_file_ref idref="fl-5"/>
      </object_component>
      <object_component id="oc-45e">
         <name>.text:__aeabi_cdcmple</name>
         <load_address>0x2804</load_address>
         <run_address>0x2804</run_address>
         <size>0x86</size>
         <input_file_ref idref="fl-db"/>
      </object_component>
      <object_component id="oc-350">
         <name>.text:__aeabi_cdrcmple</name>
         <load_address>0x288a</load_address>
         <run_address>0x288a</run_address>
         <size>0x86</size>
         <input_file_ref idref="fl-db"/>
      </object_component>
      <object_component id="oc-3e1">
         <name>.text:PCM_gotoLPM3</name>
         <load_address>0x2910</load_address>
         <run_address>0x2910</run_address>
         <size>0x84</size>
         <input_file_ref idref="fl-1c"/>
      </object_component>
      <object_component id="oc-ba">
         <name>.text:SystemInit</name>
         <load_address>0x2994</load_address>
         <run_address>0x2994</run_address>
         <size>0x78</size>
         <input_file_ref idref="fl-d"/>
      </object_component>
      <object_component id="oc-2fd">
         <name>.text:SX1276IoIrqInit</name>
         <load_address>0x2a0c</load_address>
         <run_address>0x2a0c</run_address>
         <size>0x74</size>
         <input_file_ref idref="fl-c"/>
      </object_component>
      <object_component id="oc-23b">
         <name>.text:SX1276ReadRssi</name>
         <load_address>0x2a80</load_address>
         <run_address>0x2a80</run_address>
         <size>0x6c</size>
         <input_file_ref idref="fl-5"/>
      </object_component>
      <object_component id="oc-14">
         <name>.text:decompress:lzss:__TI_decompress_lzss</name>
         <load_address>0x2aec</load_address>
         <run_address>0x2aec</run_address>
         <size>0x68</size>
         <input_file_ref idref="fl-e5"/>
      </object_component>
      <object_component id="oc-32b">
         <name>.text:GetFskBandwidthRegValue</name>
         <load_address>0x2b54</load_address>
         <run_address>0x2b54</run_address>
         <size>0x64</size>
         <input_file_ref idref="fl-5"/>
      </object_component>
      <object_component id="oc-2af">
         <name>.text:RTC_C_enableInterrupt</name>
         <load_address>0x2bb8</load_address>
         <run_address>0x2bb8</run_address>
         <size>0x64</size>
         <input_file_ref idref="fl-1d"/>
      </object_component>
      <object_component id="oc-253">
         <name>.text:SX1276ReadBuffer</name>
         <load_address>0x2c1c</load_address>
         <run_address>0x2c1c</run_address>
         <size>0x60</size>
         <input_file_ref idref="fl-5"/>
      </object_component>
      <object_component id="oc-24d">
         <name>.text:SX1276WriteBuffer</name>
         <load_address>0x2c7c</load_address>
         <run_address>0x2c7c</run_address>
         <size>0x60</size>
         <input_file_ref idref="fl-5"/>
      </object_component>
      <object_component id="oc-4be">
         <name>.text:PCM_getCoreVoltageLevel</name>
         <load_address>0x2cdc</load_address>
         <run_address>0x2cdc</run_address>
         <size>0x5e</size>
         <input_file_ref idref="fl-1c"/>
      </object_component>
      <object_component id="oc-1f9">
         <name>.text:SX1276Random</name>
         <load_address>0x2d3a</load_address>
         <run_address>0x2d3a</run_address>
         <size>0x5e</size>
         <input_file_ref idref="fl-5"/>
      </object_component>
      <object_component id="oc-f7">
         <name>.text:OnRxDone</name>
         <load_address>0x2d98</load_address>
         <run_address>0x2d98</run_address>
         <size>0x5c</size>
         <input_file_ref idref="fl-4"/>
      </object_component>
      <object_component id="oc-4b8">
         <name>.text:PCM_getPowerMode</name>
         <load_address>0x2df4</load_address>
         <run_address>0x2df4</run_address>
         <size>0x5a</size>
         <input_file_ref idref="fl-1c"/>
      </object_component>
      <object_component id="oc-70">
         <name>.text:SysTick_Handler</name>
         <load_address>0x2e4e</load_address>
         <run_address>0x2e4e</run_address>
         <size>0x2</size>
         <input_file_ref idref="fl-9"/>
      </object_component>
      <object_component id="oc-e8">
         <name>.text:Delayms</name>
         <load_address>0x2e50</load_address>
         <run_address>0x2e50</run_address>
         <size>0x58</size>
         <input_file_ref idref="fl-a"/>
      </object_component>
      <object_component id="oc-3ed">
         <name>.text:PCM_shutdownDevice</name>
         <load_address>0x2ea8</load_address>
         <run_address>0x2ea8</run_address>
         <size>0x54</size>
         <input_file_ref idref="fl-1c"/>
      </object_component>
      <object_component id="oc-186">
         <name>.text:TimerAInteruptInit</name>
         <load_address>0x2efc</load_address>
         <run_address>0x2efc</run_address>
         <size>0x54</size>
         <input_file_ref idref="fl-a"/>
      </object_component>
      <object_component id="oc-1ed">
         <name>.text:SX1276SetChannel</name>
         <load_address>0x2f50</load_address>
         <run_address>0x2f50</run_address>
         <size>0x48</size>
         <input_file_ref idref="fl-5"/>
      </object_component>
      <object_component id="oc-259">
         <name>.text:SX1276SetMaxPayloadLength</name>
         <load_address>0x2f98</load_address>
         <run_address>0x2f98</run_address>
         <size>0x48</size>
         <input_file_ref idref="fl-5"/>
      </object_component>
      <object_component id="oc-326">
         <name>.text</name>
         <load_address>0x2fe0</load_address>
         <run_address>0x2fe0</run_address>
         <size>0x48</size>
         <input_file_ref idref="fl-de"/>
      </object_component>
      <object_component id="oc-247">
         <name>.text:spiRead_RFM</name>
         <load_address>0x3028</load_address>
         <run_address>0x3028</run_address>
         <size>0x48</size>
         <input_file_ref idref="fl-8"/>
      </object_component>
      <object_component id="oc-2d9">
         <name>.text:GpioMcuWrite</name>
         <load_address>0x3070</load_address>
         <run_address>0x3070</run_address>
         <size>0x44</size>
         <input_file_ref idref="fl-3"/>
      </object_component>
      <object_component id="oc-22f">
         <name>.text:SX1276StartCad</name>
         <load_address>0x30b4</load_address>
         <run_address>0x30b4</run_address>
         <size>0x44</size>
         <input_file_ref idref="fl-5"/>
      </object_component>
      <object_component id="oc-124">
         <name>.text:__TI_auto_init_nobinit_nopinit:__TI_auto_init_nobinit_nopinit</name>
         <load_address>0x30f8</load_address>
         <run_address>0x30f8</run_address>
         <size>0x44</size>
         <input_file_ref idref="fl-e8"/>
      </object_component>
      <object_component id="oc-319">
         <name>.text</name>
         <load_address>0x313c</load_address>
         <run_address>0x313c</run_address>
         <size>0x44</size>
         <input_file_ref idref="fl-df"/>
      </object_component>
      <object_component id="oc-241">
         <name>.text:spiWrite_RFM</name>
         <load_address>0x3180</load_address>
         <run_address>0x3180</run_address>
         <size>0x44</size>
         <input_file_ref idref="fl-8"/>
      </object_component>
      <object_component id="oc-3fa">
         <name>.text:GPIO_setAsOutputPin</name>
         <load_address>0x31c4</load_address>
         <run_address>0x31c4</run_address>
         <size>0x40</size>
         <input_file_ref idref="fl-1a"/>
      </object_component>
      <object_component id="oc-4e7">
         <name>.text:is_A_Module</name>
         <load_address>0x3204</load_address>
         <run_address>0x3204</run_address>
         <size>0x40</size>
         <input_file_ref idref="fl-1e"/>
      </object_component>
      <object_component id="oc-2cf">
         <name>.text:spi_open</name>
         <load_address>0x3244</load_address>
         <run_address>0x3244</run_address>
         <size>0x40</size>
         <input_file_ref idref="fl-8"/>
      </object_component>
      <object_component id="oc-36f">
         <name>.text:RFM_spi_read_write</name>
         <load_address>0x3284</load_address>
         <run_address>0x3284</run_address>
         <size>0x38</size>
         <input_file_ref idref="fl-8"/>
      </object_component>
      <object_component id="oc-1f3">
         <name>.text:SX1276IsChannelFree</name>
         <load_address>0x32bc</load_address>
         <run_address>0x32bc</run_address>
         <size>0x38</size>
         <input_file_ref idref="fl-5"/>
      </object_component>
      <object_component id="oc-25f">
         <name>.text:SX1276SetPublicNetwork</name>
         <load_address>0x32f4</load_address>
         <run_address>0x32f4</run_address>
         <size>0x34</size>
         <input_file_ref idref="fl-5"/>
      </object_component>
      <object_component id="oc-52">
         <name>.text:_c_int00_noargs:_c_int00_noargs</name>
         <load_address>0x3328</load_address>
         <run_address>0x3328</run_address>
         <size>0x34</size>
         <input_file_ref idref="fl-e6"/>
      </object_component>
      <object_component id="oc-18c">
         <name>.text:GpioInit</name>
         <load_address>0x335c</load_address>
         <run_address>0x335c</run_address>
         <size>0x30</size>
         <input_file_ref idref="fl-6"/>
      </object_component>
      <object_component id="oc-33a">
         <name>.text</name>
         <load_address>0x338c</load_address>
         <run_address>0x338c</run_address>
         <size>0x2e</size>
         <input_file_ref idref="fl-e0"/>
      </object_component>
      <object_component id="oc-7c">
         <name>.text:PORT2_IRQHandler</name>
         <load_address>0x33bc</load_address>
         <run_address>0x33bc</run_address>
         <size>0x2c</size>
         <input_file_ref idref="fl-4"/>
      </object_component>
      <object_component id="oc-4da">
         <name>.text:RTC_C_holdClock</name>
         <load_address>0x33e8</load_address>
         <run_address>0x33e8</run_address>
         <size>0x2c</size>
         <input_file_ref idref="fl-1d"/>
      </object_component>
      <object_component id="oc-3f4">
         <name>.text:GPIO_setOutputHighOnPin</name>
         <load_address>0x3414</load_address>
         <run_address>0x3414</run_address>
         <size>0x28</size>
         <input_file_ref idref="fl-1a"/>
      </object_component>
      <object_component id="oc-417">
         <name>.text:GPIO_setOutputLowOnPin</name>
         <load_address>0x343c</load_address>
         <run_address>0x343c</run_address>
         <size>0x28</size>
         <input_file_ref idref="fl-1a"/>
      </object_component>
      <object_component id="oc-3db">
         <name>.text:PCM_gotoLPM0</name>
         <load_address>0x3464</load_address>
         <run_address>0x3464</run_address>
         <size>0x28</size>
         <input_file_ref idref="fl-1c"/>
      </object_component>
      <object_component id="oc-471">
         <name>.text:SPI_getInterruptStatus</name>
         <load_address>0x348c</load_address>
         <run_address>0x348c</run_address>
         <size>0x28</size>
         <input_file_ref idref="fl-1e"/>
      </object_component>
      <object_component id="oc-477">
         <name>.text:SPI_transmitData</name>
         <load_address>0x34b4</load_address>
         <run_address>0x34b4</run_address>
         <size>0x26</size>
         <input_file_ref idref="fl-1e"/>
      </object_component>
      <object_component id="oc-2eb">
         <name>.text:SX1276Reset</name>
         <load_address>0x34dc</load_address>
         <run_address>0x34dc</run_address>
         <size>0x24</size>
         <input_file_ref idref="fl-c"/>
      </object_component>
      <object_component id="oc-76">
         <name>.text:TA1_0_IRQHandler</name>
         <load_address>0x3500</load_address>
         <run_address>0x3500</run_address>
         <size>0x24</size>
         <input_file_ref idref="fl-a"/>
      </object_component>
      <object_component id="oc-4d4">
         <name>.text:WDT_A_holdTimer</name>
         <load_address>0x3524</load_address>
         <run_address>0x3524</run_address>
         <size>0x24</size>
         <input_file_ref idref="fl-20"/>
      </object_component>
      <object_component id="oc-2a3">
         <name>.text:CS_setExternalClockSourceFrequency</name>
         <load_address>0x3548</load_address>
         <run_address>0x3548</run_address>
         <size>0x20</size>
         <input_file_ref idref="fl-19"/>
      </object_component>
      <object_component id="oc-421">
         <name>.text:GpioSetInterrupt</name>
         <load_address>0x3568</load_address>
         <run_address>0x3568</run_address>
         <size>0x20</size>
         <input_file_ref idref="fl-6"/>
      </object_component>
      <object_component id="oc-2f7">
         <name>.text:SX1276SetOpMode</name>
         <load_address>0x3588</load_address>
         <run_address>0x3588</run_address>
         <size>0x20</size>
         <input_file_ref idref="fl-5"/>
      </object_component>
      <object_component id="oc-30f">
         <name>.text</name>
         <load_address>0x35a8</load_address>
         <run_address>0x35a8</run_address>
         <size>0x20</size>
         <input_file_ref idref="fl-e2"/>
      </object_component>
      <object_component id="oc-406">
         <name>.text:SPI_enableModule</name>
         <load_address>0x35c8</load_address>
         <run_address>0x35c8</run_address>
         <size>0x1c</size>
         <input_file_ref idref="fl-1e"/>
      </object_component>
      <object_component id="oc-47d">
         <name>.text:SPI_receiveData</name>
         <load_address>0x35e4</load_address>
         <run_address>0x35e4</run_address>
         <size>0x1c</size>
         <input_file_ref idref="fl-1e"/>
      </object_component>
      <object_component id="oc-40">
         <name>.text:decompress:ZI:__TI_zero_init_nomemset:__TI_zero_init_nomemset</name>
         <load_address>0x3600</load_address>
         <run_address>0x3600</run_address>
         <size>0x1c</size>
         <input_file_ref idref="fl-e3"/>
      </object_component>
      <object_component id="oc-51b">
         <name>.text:EUSCI_A_SPI_getInterruptStatus</name>
         <load_address>0x361c</load_address>
         <run_address>0x361c</run_address>
         <size>0x18</size>
         <input_file_ref idref="fl-1e"/>
      </object_component>
      <object_component id="oc-521">
         <name>.text:EUSCI_B_SPI_getInterruptStatus</name>
         <load_address>0x3634</load_address>
         <run_address>0x3634</run_address>
         <size>0x18</size>
         <input_file_ref idref="fl-1e"/>
      </object_component>
      <object_component id="oc-109">
         <name>.text:OnRxError</name>
         <load_address>0x364c</load_address>
         <run_address>0x364c</run_address>
         <size>0x18</size>
         <input_file_ref idref="fl-4"/>
      </object_component>
      <object_component id="oc-103">
         <name>.text:OnRxTimeout</name>
         <load_address>0x3664</load_address>
         <run_address>0x3664</run_address>
         <size>0x18</size>
         <input_file_ref idref="fl-4"/>
      </object_component>
      <object_component id="oc-ee">
         <name>.text:OnTxDone</name>
         <load_address>0x367c</load_address>
         <run_address>0x367c</run_address>
         <size>0x18</size>
         <input_file_ref idref="fl-4"/>
      </object_component>
      <object_component id="oc-fd">
         <name>.text:OnTxTimeout</name>
         <load_address>0x3694</load_address>
         <run_address>0x3694</run_address>
         <size>0x18</size>
         <input_file_ref idref="fl-4"/>
      </object_component>
      <object_component id="oc-2b5">
         <name>.text:RtcSetTimerContext</name>
         <load_address>0x36ac</load_address>
         <run_address>0x36ac</run_address>
         <size>0x18</size>
         <input_file_ref idref="fl-b"/>
      </object_component>
      <object_component id="oc-49e">
         <name>.text:SysCtl_A_disableNMISource</name>
         <load_address>0x36c4</load_address>
         <run_address>0x36c4</run_address>
         <size>0x18</size>
         <input_file_ref idref="fl-1f"/>
      </object_component>
      <object_component id="oc-4a4">
         <name>.text:SysCtl_A_enableNMISource</name>
         <load_address>0x36dc</load_address>
         <run_address>0x36dc</run_address>
         <size>0x18</size>
         <input_file_ref idref="fl-1f"/>
      </object_component>
      <object_component id="oc-4ef">
         <name>.text:EUSCI_A_SPI_enable</name>
         <load_address>0x36f4</load_address>
         <run_address>0x36f4</run_address>
         <size>0x16</size>
         <input_file_ref idref="fl-1e"/>
      </object_component>
      <object_component id="oc-528">
         <name>.text:EUSCI_A_SPI_transmitData</name>
         <load_address>0x370a</load_address>
         <run_address>0x370a</run_address>
         <size>0x16</size>
         <input_file_ref idref="fl-1e"/>
      </object_component>
      <object_component id="oc-4f5">
         <name>.text:EUSCI_B_SPI_enable</name>
         <load_address>0x3720</load_address>
         <run_address>0x3720</run_address>
         <size>0x16</size>
         <input_file_ref idref="fl-1e"/>
      </object_component>
      <object_component id="oc-52e">
         <name>.text:EUSCI_B_SPI_transmitData</name>
         <load_address>0x3736</load_address>
         <run_address>0x3736</run_address>
         <size>0x16</size>
         <input_file_ref idref="fl-1e"/>
      </object_component>
      <object_component id="oc-35c">
         <name>.text:SX1276WriteFifo</name>
         <load_address>0x374c</load_address>
         <run_address>0x374c</run_address>
         <size>0x16</size>
         <input_file_ref idref="fl-5"/>
      </object_component>
      <object_component id="oc-19e">
         <name>.text:GetBoardPowerSource</name>
         <load_address>0x3764</load_address>
         <run_address>0x3764</run_address>
         <size>0x14</size>
         <input_file_ref idref="fl-2"/>
      </object_component>
      <object_component id="oc-3c9">
         <name>.text:PCM_getPowerState</name>
         <load_address>0x3778</load_address>
         <run_address>0x3778</run_address>
         <size>0x14</size>
         <input_file_ref idref="fl-1c"/>
      </object_component>
      <object_component id="oc-223">
         <name>.text:SX1276SetStby</name>
         <load_address>0x378c</load_address>
         <run_address>0x378c</run_address>
         <size>0x14</size>
         <input_file_ref idref="fl-5"/>
      </object_component>
      <object_component id="oc-21d">
         <name>.text:SX1276SetSleep</name>
         <load_address>0x37a0</load_address>
         <run_address>0x37a0</run_address>
         <size>0x12</size>
         <input_file_ref idref="fl-5"/>
      </object_component>
      <object_component id="oc-535">
         <name>.text:EUSCI_A_SPI_receiveData</name>
         <load_address>0x37b2</load_address>
         <run_address>0x37b2</run_address>
         <size>0x10</size>
         <input_file_ref idref="fl-1e"/>
      </object_component>
      <object_component id="oc-53b">
         <name>.text:EUSCI_B_SPI_receiveData</name>
         <load_address>0x37c2</load_address>
         <run_address>0x37c2</run_address>
         <size>0x10</size>
         <input_file_ref idref="fl-1e"/>
      </object_component>
      <object_component id="oc-1b6">
         <name>.text:GpioWrite</name>
         <load_address>0x37d2</load_address>
         <run_address>0x37d2</run_address>
         <size>0x10</size>
         <input_file_ref idref="fl-6"/>
      </object_component>
      <object_component id="oc-3e7">
         <name>.text:PCM_gotoLPM4</name>
         <load_address>0x37e2</load_address>
         <run_address>0x37e2</run_address>
         <size>0x10</size>
         <input_file_ref idref="fl-1c"/>
      </object_component>
      <object_component id="oc-4c4">
         <name>.text:PCM_setPowerMode</name>
         <load_address>0x37f2</load_address>
         <run_address>0x37f2</run_address>
         <size>0x10</size>
         <input_file_ref idref="fl-1c"/>
      </object_component>
      <object_component id="oc-1a4">
         <name>.text:PCM_setPowerState</name>
         <load_address>0x3802</load_address>
         <run_address>0x3802</run_address>
         <size>0x10</size>
         <input_file_ref idref="fl-1c"/>
      </object_component>
      <object_component id="oc-42a">
         <name>.text:SX1276OnDio0Irq</name>
         <load_address>0x3814</load_address>
         <run_address>0x3814</run_address>
         <size>0x10</size>
         <input_file_ref idref="fl-5"/>
      </object_component>
      <object_component id="oc-498">
         <name>.text:SysCtl_A_getNMISourceStatus</name>
         <load_address>0x3824</load_address>
         <run_address>0x3824</run_address>
         <size>0x10</size>
         <input_file_ref idref="fl-1f"/>
      </object_component>
      <object_component id="oc-2a9">
         <name>.text:CS_startLFXT</name>
         <load_address>0x3834</load_address>
         <run_address>0x3834</run_address>
         <size>0xe</size>
         <input_file_ref idref="fl-19"/>
      </object_component>
      <object_component id="oc-1a">
         <name>.text:decompress:none:__TI_decompress_none</name>
         <load_address>0x3842</load_address>
         <run_address>0x3842</run_address>
         <size>0xe</size>
         <input_file_ref idref="fl-e4"/>
      </object_component>
      <object_component id="oc-64">
         <name>.text:Reset_Handler</name>
         <load_address>0x3850</load_address>
         <run_address>0x3850</run_address>
         <size>0xc</size>
         <input_file_ref idref="fl-e"/>
      </object_component>
      <object_component id="oc-20b">
         <name>.text:SX1276CheckRfFrequency</name>
         <load_address>0x385c</load_address>
         <run_address>0x385c</run_address>
         <size>0xc</size>
         <input_file_ref idref="fl-c"/>
      </object_component>
      <object_component id="oc-455">
         <name>.text:SX1276GetPaSelect</name>
         <load_address>0x3868</load_address>
         <run_address>0x3868</run_address>
         <size>0xc</size>
         <input_file_ref idref="fl-c"/>
      </object_component>
      <object_component id="oc-1e1">
         <name>.text:SX1276GetStatus</name>
         <load_address>0x3874</load_address>
         <run_address>0x3874</run_address>
         <size>0xc</size>
         <input_file_ref idref="fl-5"/>
      </object_component>
      <object_component id="oc-265">
         <name>.text:SX1276GetWakeupTime</name>
         <load_address>0x3880</load_address>
         <run_address>0x3880</run_address>
         <size>0xa</size>
         <input_file_ref idref="fl-5"/>
      </object_component>
      <object_component id="oc-430">
         <name>.text:SX1276OnDio1Irq</name>
         <load_address>0x388a</load_address>
         <run_address>0x388a</run_address>
         <size>0xa</size>
         <input_file_ref idref="fl-5"/>
      </object_component>
      <object_component id="oc-436">
         <name>.text:SX1276OnDio2Irq</name>
         <load_address>0x3894</load_address>
         <run_address>0x3894</run_address>
         <size>0xa</size>
         <input_file_ref idref="fl-5"/>
      </object_component>
      <object_component id="oc-43c">
         <name>.text:SX1276OnDio3Irq</name>
         <load_address>0x389e</load_address>
         <run_address>0x389e</run_address>
         <size>0xa</size>
         <input_file_ref idref="fl-5"/>
      </object_component>
      <object_component id="oc-442">
         <name>.text:SX1276OnDio4Irq</name>
         <load_address>0x38a8</load_address>
         <run_address>0x38a8</run_address>
         <size>0xa</size>
         <input_file_ref idref="fl-5"/>
      </object_component>
      <object_component id="oc-1aa">
         <name>.text:SystemClockReConfig</name>
         <load_address>0x38b2</load_address>
         <run_address>0x38b2</run_address>
         <size>0xa</size>
         <input_file_ref idref="fl-2"/>
      </object_component>
      <object_component id="oc-4cc">
         <name>.text:CPU_wfi</name>
         <load_address>0x38bc</load_address>
         <run_address>0x38bc</run_address>
         <size>0x4</size>
         <input_file_ref idref="fl-21"/>
      </object_component>
      <object_component id="oc-37b">
         <name>.text:SX1276GetBoardTcxoWakeupTime</name>
         <load_address>0x38c0</load_address>
         <run_address>0x38c0</run_address>
         <size>0x4</size>
         <input_file_ref idref="fl-c"/>
      </object_component>
      <object_component id="oc-a2">
         <name>.text:_system_pre_init</name>
         <load_address>0x38c4</load_address>
         <run_address>0x38c4</run_address>
         <size>0x4</size>
         <input_file_ref idref="fl-e9"/>
      </object_component>
      <object_component id="oc-118">
         <name>.text:abort:abort</name>
         <load_address>0x38c8</load_address>
         <run_address>0x38c8</run_address>
         <size>0x4</size>
         <input_file_ref idref="fl-eb"/>
      </object_component>
      <object_component id="oc-451">
         <name>.const:FskBandwidths</name>
         <load_address>0x38cc</load_address>
         <run_address>0x38cc</run_address>
         <size>0xb0</size>
         <input_file_ref idref="fl-5"/>
      </object_component>
      <object_component id="oc-10f">
         <name>.const:Radio</name>
         <load_address>0x397c</load_address>
         <run_address>0x397c</run_address>
         <size>0x6c</size>
         <input_file_ref idref="fl-c"/>
      </object_component>
      <object_component id="oc-4e2">
         <name>.const:GPIO_PORT_TO_BASE</name>
         <load_address>0x39e8</load_address>
         <run_address>0x39e8</run_address>
         <size>0x30</size>
         <input_file_ref idref="fl-1a"/>
      </object_component>
      <object_component id="oc-309">
         <name>.const:RadioRegsInit</name>
         <load_address>0x3a18</load_address>
         <run_address>0x3a18</run_address>
         <size>0x30</size>
         <input_file_ref idref="fl-5"/>
      </object_component>
      <object_component id="oc-2be">
         <name>.const:currentTime</name>
         <load_address>0x3a48</load_address>
         <run_address>0x3a48</run_address>
         <size>0x1c</size>
         <input_file_ref idref="fl-b"/>
      </object_component>
      <object_component id="oc-40c">
         <name>.const:spiMasterConfig</name>
         <load_address>0x3a64</load_address>
         <run_address>0x3a64</run_address>
         <size>0x1c</size>
         <input_file_ref idref="fl-8"/>
      </object_component>
      <object_component id="oc-297">
         <name>.const:upConfig</name>
         <load_address>0x3a80</load_address>
         <run_address>0x3a80</run_address>
         <size>0x18</size>
         <input_file_ref idref="fl-a"/>
      </object_component>
      <object_component id="oc-59f">
         <name>.cinit..data.load</name>
         <load_address>0x3a98</load_address>
         <run_address>0x3a98</run_address>
         <size>0x1e</size>
      </object_component>
      <object_component id="oc-59d">
         <name>__TI_handler_table</name>
         <load_address>0x3ab8</load_address>
         <run_address>0x3ab8</run_address>
         <size>0xc</size>
      </object_component>
      <object_component id="oc-5a0">
         <name>.cinit..bss.load</name>
         <load_address>0x3ac8</load_address>
         <run_address>0x3ac8</run_address>
         <size>0x8</size>
      </object_component>
      <object_component id="oc-59e">
         <name>__TI_cinit_table</name>
         <load_address>0x3ad0</load_address>
         <run_address>0x3ad0</run_address>
         <size>0x10</size>
      </object_component>
      <object_component id="oc-572">
         <name>.binit</name>
         <load_address>0x0</load_address>
         <run_address>0x0</run_address>
         <size>0x0</size>
      </object_component>
      <object_component id="oc-1c8">
         <name>.data</name>
         <load_address>0x200001d6</load_address>
         <run_address>0x200001d6</run_address>
         <size>0x2</size>
         <input_file_ref idref="fl-2"/>
      </object_component>
      <object_component id="oc-1d0">
         <name>.data</name>
         <load_address>0x200001d0</load_address>
         <run_address>0x200001d0</run_address>
         <size>0x6</size>
         <input_file_ref idref="fl-4"/>
      </object_component>
      <object_component id="oc-306">
         <name>.data:DioIrq</name>
         <load_address>0x200001b8</load_address>
         <run_address>0x200001b8</run_address>
         <size>0x18</size>
         <input_file_ref idref="fl-5"/>
      </object_component>
      <object_component id="oc-c3">
         <name>.data</name>
         <load_address>0x200001d8</load_address>
         <run_address>0x200001d8</run_address>
         <size>0x5</size>
         <input_file_ref idref="fl-a"/>
      </object_component>
      <object_component id="oc-2bb">
         <name>.data</name>
         <load_address>0x200001dd</load_address>
         <run_address>0x200001dd</run_address>
         <size>0x3</size>
         <input_file_ref idref="fl-b"/>
      </object_component>
      <object_component id="oc-f4">
         <name>.bss:RadioEvents</name>
         <uninitialized>true</uninitialized>
         <run_address>0x20000144</run_address>
         <size>0x1c</size>
         <input_file_ref idref="fl-4"/>
      </object_component>
      <object_component id="oc-303">
         <name>.bss</name>
         <uninitialized>true</uninitialized>
         <run_address>0x200001b0</run_address>
         <size>0x4</size>
         <input_file_ref idref="fl-5"/>
      </object_component>
      <object_component id="oc-2c1">
         <name>.bss:RtcTimerContext</name>
         <uninitialized>true</uninitialized>
         <run_address>0x2000019c</run_address>
         <size>0xc</size>
         <input_file_ref idref="fl-b"/>
      </object_component>
      <object_component id="oc-3b0">
         <name>.bss</name>
         <uninitialized>true</uninitialized>
         <run_address>0x200001a8</run_address>
         <size>0x8</size>
         <input_file_ref idref="fl-19"/>
      </object_component>
      <object_component id="oc-1cb">
         <name>.common:Led1</name>
         <uninitialized>true</uninitialized>
         <run_address>0x20000160</run_address>
         <size>0x14</size>
      </object_component>
      <object_component id="oc-1cc">
         <name>.common:Led2</name>
         <uninitialized>true</uninitialized>
         <run_address>0x20000174</run_address>
         <size>0x14</size>
      </object_component>
      <object_component id="oc-1cd">
         <name>.common:Led3</name>
         <uninitialized>true</uninitialized>
         <run_address>0x20000188</run_address>
         <size>0x14</size>
      </object_component>
      <object_component id="oc-1d6">
         <name>.common:Buffer</name>
         <uninitialized>true</uninitialized>
         <run_address>0x20000104</run_address>
         <size>0x40</size>
      </object_component>
      <object_component id="oc-c7">
         <name>.common:status</name>
         <uninitialized>true</uninitialized>
         <run_address>0x200001b4</run_address>
         <size>0x4</size>
      </object_component>
      <object_component id="oc-2d5">
         <name>.common:SX1276</name>
         <uninitialized>true</uninitialized>
         <run_address>0x20000000</run_address>
         <size>0x104</size>
      </object_component>
      <object_component id="oc-26">
         <name>.stack</name>
         <uninitialized>true</uninitialized>
         <run_address>0x2000fe00</run_address>
         <size>0x4</size>
         <input_file_ref idref="fl-e6"/>
      </object_component>
      <object_component id="oc-5a1">
         <name>.stack</name>
         <uninitialized>true</uninitialized>
         <run_address>0x2000fe00</run_address>
         <size>0x0</size>
      </object_component>
      <object_component id="oc-184">
         <name>.debug_info</name>
         <load_address>0x0</load_address>
         <run_address>0x0</run_address>
         <size>0x99a</size>
         <input_file_ref idref="fl-2"/>
      </object_component>
      <object_component id="oc-1c9">
         <name>.debug_info</name>
         <load_address>0x99a</load_address>
         <run_address>0x99a</run_address>
         <size>0x117</size>
         <input_file_ref idref="fl-2"/>
      </object_component>
      <object_component id="oc-e3">
         <name>.debug_info</name>
         <load_address>0xab1</load_address>
         <run_address>0xab1</run_address>
         <size>0x256</size>
         <input_file_ref idref="fl-2"/>
      </object_component>
      <object_component id="oc-199">
         <name>.debug_info</name>
         <load_address>0xd07</load_address>
         <run_address>0xd07</run_address>
         <size>0x171</size>
         <input_file_ref idref="fl-2"/>
      </object_component>
      <object_component id="oc-19f">
         <name>.debug_info</name>
         <load_address>0xe78</load_address>
         <run_address>0xe78</run_address>
         <size>0x126</size>
         <input_file_ref idref="fl-2"/>
      </object_component>
      <object_component id="oc-1ab">
         <name>.debug_info</name>
         <load_address>0xf9e</load_address>
         <run_address>0xf9e</run_address>
         <size>0x139</size>
         <input_file_ref idref="fl-2"/>
      </object_component>
      <object_component id="oc-17a">
         <name>.debug_info</name>
         <load_address>0x10d7</load_address>
         <run_address>0x10d7</run_address>
         <size>0xb04</size>
         <input_file_ref idref="fl-2"/>
      </object_component>
      <object_component id="oc-15c">
         <name>.debug_info</name>
         <load_address>0x1bdb</load_address>
         <run_address>0x1bdb</run_address>
         <size>0x361</size>
         <input_file_ref idref="fl-2"/>
      </object_component>
      <object_component id="oc-166">
         <name>.debug_info</name>
         <load_address>0x1f3c</load_address>
         <run_address>0x1f3c</run_address>
         <size>0x1028</size>
         <input_file_ref idref="fl-2"/>
      </object_component>
      <object_component id="oc-cd">
         <name>.debug_info</name>
         <load_address>0x2f64</load_address>
         <run_address>0x2f64</run_address>
         <size>0x26b</size>
         <input_file_ref idref="fl-2"/>
      </object_component>
      <object_component id="oc-161">
         <name>.debug_info</name>
         <load_address>0x31cf</load_address>
         <run_address>0x31cf</run_address>
         <size>0x37e2</size>
         <input_file_ref idref="fl-2"/>
      </object_component>
      <object_component id="oc-384">
         <name>.debug_info</name>
         <load_address>0x69b1</load_address>
         <run_address>0x69b1</run_address>
         <size>0x51d</size>
         <input_file_ref idref="fl-2"/>
      </object_component>
      <object_component id="oc-16b">
         <name>.debug_info</name>
         <load_address>0x6ece</load_address>
         <run_address>0x6ece</run_address>
         <size>0xd3</size>
         <input_file_ref idref="fl-2"/>
      </object_component>
      <object_component id="oc-4ad">
         <name>.debug_info</name>
         <load_address>0x6fa1</load_address>
         <run_address>0x6fa1</run_address>
         <size>0xc6</size>
         <input_file_ref idref="fl-2"/>
      </object_component>
      <object_component id="oc-290">
         <name>.debug_info</name>
         <load_address>0x7067</load_address>
         <run_address>0x7067</run_address>
         <size>0x341</size>
         <input_file_ref idref="fl-2"/>
      </object_component>
      <object_component id="oc-113">
         <name>.debug_info</name>
         <load_address>0x73a8</load_address>
         <run_address>0x73a8</run_address>
         <size>0x8b</size>
         <input_file_ref idref="fl-2"/>
      </object_component>
      <object_component id="oc-17f">
         <name>.debug_info</name>
         <load_address>0x7433</load_address>
         <run_address>0x7433</run_address>
         <size>0x297</size>
         <input_file_ref idref="fl-2"/>
      </object_component>
      <object_component id="oc-175">
         <name>.debug_info</name>
         <load_address>0x76ca</load_address>
         <run_address>0x76ca</run_address>
         <size>0xef</size>
         <input_file_ref idref="fl-2"/>
      </object_component>
      <object_component id="oc-170">
         <name>.debug_info</name>
         <load_address>0x77b9</load_address>
         <run_address>0x77b9</run_address>
         <size>0xbb</size>
         <input_file_ref idref="fl-2"/>
      </object_component>
      <object_component id="oc-556">
         <name>.debug_info</name>
         <load_address>0x7874</load_address>
         <run_address>0x7874</run_address>
         <size>0x131</size>
         <input_file_ref idref="fl-2"/>
      </object_component>
      <object_component id="oc-3ad">
         <name>.debug_info</name>
         <load_address>0x79a5</load_address>
         <run_address>0x79a5</run_address>
         <size>0x753</size>
         <input_file_ref idref="fl-3"/>
      </object_component>
      <object_component id="oc-29c">
         <name>.debug_info</name>
         <load_address>0x80f8</load_address>
         <run_address>0x80f8</run_address>
         <size>0x24b</size>
         <input_file_ref idref="fl-3"/>
      </object_component>
      <object_component id="oc-501">
         <name>.debug_info</name>
         <load_address>0x8343</load_address>
         <run_address>0x8343</run_address>
         <size>0x262</size>
         <input_file_ref idref="fl-3"/>
      </object_component>
      <object_component id="oc-2da">
         <name>.debug_info</name>
         <load_address>0x85a5</load_address>
         <run_address>0x85a5</run_address>
         <size>0x1be</size>
         <input_file_ref idref="fl-3"/>
      </object_component>
      <object_component id="oc-2f">
         <name>.debug_info</name>
         <load_address>0x8763</load_address>
         <run_address>0x8763</run_address>
         <size>0x84</size>
         <input_file_ref idref="fl-3"/>
      </object_component>
      <object_component id="oc-c8">
         <name>.debug_info</name>
         <load_address>0x87e7</load_address>
         <run_address>0x87e7</run_address>
         <size>0x894</size>
         <input_file_ref idref="fl-4"/>
      </object_component>
      <object_component id="oc-1d1">
         <name>.debug_info</name>
         <load_address>0x907b</load_address>
         <run_address>0x907b</run_address>
         <size>0x142</size>
         <input_file_ref idref="fl-4"/>
      </object_component>
      <object_component id="oc-f5">
         <name>.debug_info</name>
         <load_address>0x91bd</load_address>
         <run_address>0x91bd</run_address>
         <size>0xe4</size>
         <input_file_ref idref="fl-4"/>
      </object_component>
      <object_component id="oc-a9">
         <name>.debug_info</name>
         <load_address>0x92a1</load_address>
         <run_address>0x92a1</run_address>
         <size>0x160</size>
         <input_file_ref idref="fl-4"/>
      </object_component>
      <object_component id="oc-7d">
         <name>.debug_info</name>
         <load_address>0x9401</load_address>
         <run_address>0x9401</run_address>
         <size>0x127</size>
         <input_file_ref idref="fl-4"/>
      </object_component>
      <object_component id="oc-ef">
         <name>.debug_info</name>
         <load_address>0x9528</load_address>
         <run_address>0x9528</run_address>
         <size>0x110</size>
         <input_file_ref idref="fl-4"/>
      </object_component>
      <object_component id="oc-f8">
         <name>.debug_info</name>
         <load_address>0x9638</load_address>
         <run_address>0x9638</run_address>
         <size>0x1b1</size>
         <input_file_ref idref="fl-4"/>
      </object_component>
      <object_component id="oc-fe">
         <name>.debug_info</name>
         <load_address>0x97e9</load_address>
         <run_address>0x97e9</run_address>
         <size>0x116</size>
         <input_file_ref idref="fl-4"/>
      </object_component>
      <object_component id="oc-104">
         <name>.debug_info</name>
         <load_address>0x98ff</load_address>
         <run_address>0x98ff</run_address>
         <size>0x116</size>
         <input_file_ref idref="fl-4"/>
      </object_component>
      <object_component id="oc-10a">
         <name>.debug_info</name>
         <load_address>0x9a15</load_address>
         <run_address>0x9a15</run_address>
         <size>0x112</size>
         <input_file_ref idref="fl-4"/>
      </object_component>
      <object_component id="oc-2e6">
         <name>.debug_info</name>
         <load_address>0x9b27</load_address>
         <run_address>0x9b27</run_address>
         <size>0x6c</size>
         <input_file_ref idref="fl-4"/>
      </object_component>
      <object_component id="oc-2d6">
         <name>.debug_info</name>
         <load_address>0x9b93</load_address>
         <run_address>0x9b93</run_address>
         <size>0xa12</size>
         <input_file_ref idref="fl-5"/>
      </object_component>
      <object_component id="oc-452">
         <name>.debug_info</name>
         <load_address>0xa5a5</load_address>
         <run_address>0xa5a5</run_address>
         <size>0xed</size>
         <input_file_ref idref="fl-5"/>
      </object_component>
      <object_component id="oc-304">
         <name>.debug_info</name>
         <load_address>0xa692</load_address>
         <run_address>0xa692</run_address>
         <size>0xe8</size>
         <input_file_ref idref="fl-5"/>
      </object_component>
      <object_component id="oc-307">
         <name>.debug_info</name>
         <load_address>0xa77a</load_address>
         <run_address>0xa77a</run_address>
         <size>0xdf</size>
         <input_file_ref idref="fl-5"/>
      </object_component>
      <object_component id="oc-30a">
         <name>.debug_info</name>
         <load_address>0xa859</load_address>
         <run_address>0xa859</run_address>
         <size>0xed</size>
         <input_file_ref idref="fl-5"/>
      </object_component>
      <object_component id="oc-32c">
         <name>.debug_info</name>
         <load_address>0xa946</load_address>
         <run_address>0xa946</run_address>
         <size>0x17a</size>
         <input_file_ref idref="fl-5"/>
      </object_component>
      <object_component id="oc-1dc">
         <name>.debug_info</name>
         <load_address>0xaac0</load_address>
         <run_address>0xaac0</run_address>
         <size>0x1e4</size>
         <input_file_ref idref="fl-5"/>
      </object_component>
      <object_component id="oc-1e2">
         <name>.debug_info</name>
         <load_address>0xaca4</load_address>
         <run_address>0xaca4</run_address>
         <size>0x127</size>
         <input_file_ref idref="fl-5"/>
      </object_component>
      <object_component id="oc-1e8">
         <name>.debug_info</name>
         <load_address>0xadcb</load_address>
         <run_address>0xadcb</run_address>
         <size>0x21c</size>
         <input_file_ref idref="fl-5"/>
      </object_component>
      <object_component id="oc-1ee">
         <name>.debug_info</name>
         <load_address>0xafe7</load_address>
         <run_address>0xafe7</run_address>
         <size>0x1bb</size>
         <input_file_ref idref="fl-5"/>
      </object_component>
      <object_component id="oc-1f4">
         <name>.debug_info</name>
         <load_address>0xb1a2</load_address>
         <run_address>0xb1a2</run_address>
         <size>0x28f</size>
         <input_file_ref idref="fl-5"/>
      </object_component>
      <object_component id="oc-1fa">
         <name>.debug_info</name>
         <load_address>0xb431</load_address>
         <run_address>0xb431</run_address>
         <size>0x1b3</size>
         <input_file_ref idref="fl-5"/>
      </object_component>
      <object_component id="oc-200">
         <name>.debug_info</name>
         <load_address>0xb5e4</load_address>
         <run_address>0xb5e4</run_address>
         <size>0x6c6</size>
         <input_file_ref idref="fl-5"/>
      </object_component>
      <object_component id="oc-206">
         <name>.debug_info</name>
         <load_address>0xbcaa</load_address>
         <run_address>0xbcaa</run_address>
         <size>0x557</size>
         <input_file_ref idref="fl-5"/>
      </object_component>
      <object_component id="oc-212">
         <name>.debug_info</name>
         <load_address>0xc201</load_address>
         <run_address>0xc201</run_address>
         <size>0x4c8</size>
         <input_file_ref idref="fl-5"/>
      </object_component>
      <object_component id="oc-218">
         <name>.debug_info</name>
         <load_address>0xc6c9</load_address>
         <run_address>0xc6c9</run_address>
         <size>0x2ca</size>
         <input_file_ref idref="fl-5"/>
      </object_component>
      <object_component id="oc-2f8">
         <name>.debug_info</name>
         <load_address>0xc993</load_address>
         <run_address>0xc993</run_address>
         <size>0x176</size>
         <input_file_ref idref="fl-5"/>
      </object_component>
      <object_component id="oc-23c">
         <name>.debug_info</name>
         <load_address>0xcb09</load_address>
         <run_address>0xcb09</run_address>
         <size>0x197</size>
         <input_file_ref idref="fl-5"/>
      </object_component>
      <object_component id="oc-21e">
         <name>.debug_info</name>
         <load_address>0xcca0</load_address>
         <run_address>0xcca0</run_address>
         <size>0x145</size>
         <input_file_ref idref="fl-5"/>
      </object_component>
      <object_component id="oc-224">
         <name>.debug_info</name>
         <load_address>0xcde5</load_address>
         <run_address>0xcde5</run_address>
         <size>0x138</size>
         <input_file_ref idref="fl-5"/>
      </object_component>
      <object_component id="oc-2f2">
         <name>.debug_info</name>
         <load_address>0xcf1d</load_address>
         <run_address>0xcf1d</run_address>
         <size>0x2be</size>
         <input_file_ref idref="fl-5"/>
      </object_component>
      <object_component id="oc-35d">
         <name>.debug_info</name>
         <load_address>0xd1db</load_address>
         <run_address>0xd1db</run_address>
         <size>0x18c</size>
         <input_file_ref idref="fl-5"/>
      </object_component>
      <object_component id="oc-24e">
         <name>.debug_info</name>
         <load_address>0xd367</load_address>
         <run_address>0xd367</run_address>
         <size>0x1d9</size>
         <input_file_ref idref="fl-5"/>
      </object_component>
      <object_component id="oc-22a">
         <name>.debug_info</name>
         <load_address>0xd540</load_address>
         <run_address>0xd540</run_address>
         <size>0x4b8</size>
         <input_file_ref idref="fl-5"/>
      </object_component>
      <object_component id="oc-230">
         <name>.debug_info</name>
         <load_address>0xd9f8</load_address>
         <run_address>0xd9f8</run_address>
         <size>0x172</size>
         <input_file_ref idref="fl-5"/>
      </object_component>
      <object_component id="oc-236">
         <name>.debug_info</name>
         <load_address>0xdb6a</load_address>
         <run_address>0xdb6a</run_address>
         <size>0x24f</size>
         <input_file_ref idref="fl-5"/>
      </object_component>
      <object_component id="oc-254">
         <name>.debug_info</name>
         <load_address>0xddb9</load_address>
         <run_address>0xddb9</run_address>
         <size>0x1d7</size>
         <input_file_ref idref="fl-5"/>
      </object_component>
      <object_component id="oc-25a">
         <name>.debug_info</name>
         <load_address>0xdf90</load_address>
         <run_address>0xdf90</run_address>
         <size>0x1bb</size>
         <input_file_ref idref="fl-5"/>
      </object_component>
      <object_component id="oc-260">
         <name>.debug_info</name>
         <load_address>0xe14b</load_address>
         <run_address>0xe14b</run_address>
         <size>0x19a</size>
         <input_file_ref idref="fl-5"/>
      </object_component>
      <object_component id="oc-363">
         <name>.debug_info</name>
         <load_address>0xe2e5</load_address>
         <run_address>0xe2e5</run_address>
         <size>0x22f</size>
         <input_file_ref idref="fl-5"/>
      </object_component>
      <object_component id="oc-266">
         <name>.debug_info</name>
         <load_address>0xe514</load_address>
         <run_address>0xe514</run_address>
         <size>0x155</size>
         <input_file_ref idref="fl-5"/>
      </object_component>
      <object_component id="oc-42b">
         <name>.debug_info</name>
         <load_address>0xe669</load_address>
         <run_address>0xe669</run_address>
         <size>0x12d</size>
         <input_file_ref idref="fl-5"/>
      </object_component>
      <object_component id="oc-431">
         <name>.debug_info</name>
         <load_address>0xe796</load_address>
         <run_address>0xe796</run_address>
         <size>0x155</size>
         <input_file_ref idref="fl-5"/>
      </object_component>
      <object_component id="oc-437">
         <name>.debug_info</name>
         <load_address>0xe8eb</load_address>
         <run_address>0xe8eb</run_address>
         <size>0x155</size>
         <input_file_ref idref="fl-5"/>
      </object_component>
      <object_component id="oc-43d">
         <name>.debug_info</name>
         <load_address>0xea40</load_address>
         <run_address>0xea40</run_address>
         <size>0x155</size>
         <input_file_ref idref="fl-5"/>
      </object_component>
      <object_component id="oc-443">
         <name>.debug_info</name>
         <load_address>0xeb95</load_address>
         <run_address>0xeb95</run_address>
         <size>0x155</size>
         <input_file_ref idref="fl-5"/>
      </object_component>
      <object_component id="oc-412">
         <name>.debug_info</name>
         <load_address>0xecea</load_address>
         <run_address>0xecea</run_address>
         <size>0xb1</size>
         <input_file_ref idref="fl-5"/>
      </object_component>
      <object_component id="oc-d9">
         <name>.debug_info</name>
         <load_address>0xed9b</load_address>
         <run_address>0xed9b</run_address>
         <size>0x2c</size>
         <input_file_ref idref="fl-5"/>
      </object_component>
      <object_component id="oc-2a2">
         <name>.debug_info</name>
         <load_address>0xedc7</load_address>
         <run_address>0xedc7</run_address>
         <size>0x41d</size>
         <input_file_ref idref="fl-6"/>
      </object_component>
      <object_component id="oc-18d">
         <name>.debug_info</name>
         <load_address>0xf1e4</load_address>
         <run_address>0xf1e4</run_address>
         <size>0x1d6</size>
         <input_file_ref idref="fl-6"/>
      </object_component>
      <object_component id="oc-422">
         <name>.debug_info</name>
         <load_address>0xf3ba</load_address>
         <run_address>0xf3ba</run_address>
         <size>0x204</size>
         <input_file_ref idref="fl-6"/>
      </object_component>
      <object_component id="oc-1b7">
         <name>.debug_info</name>
         <load_address>0xf5be</load_address>
         <run_address>0xf5be</run_address>
         <size>0x16d</size>
         <input_file_ref idref="fl-6"/>
      </object_component>
      <object_component id="oc-4fe">
         <name>.debug_info</name>
         <load_address>0xf72b</load_address>
         <run_address>0xf72b</run_address>
         <size>0x753</size>
         <input_file_ref idref="fl-8"/>
      </object_component>
      <object_component id="oc-40d">
         <name>.debug_info</name>
         <load_address>0xfe7e</load_address>
         <run_address>0xfe7e</run_address>
         <size>0xef</size>
         <input_file_ref idref="fl-8"/>
      </object_component>
      <object_component id="oc-2d0">
         <name>.debug_info</name>
         <load_address>0xff6d</load_address>
         <run_address>0xff6d</run_address>
         <size>0x17a</size>
         <input_file_ref idref="fl-8"/>
      </object_component>
      <object_component id="oc-242">
         <name>.debug_info</name>
         <load_address>0x100e7</load_address>
         <run_address>0x100e7</run_address>
         <size>0x1a3</size>
         <input_file_ref idref="fl-8"/>
      </object_component>
      <object_component id="oc-248">
         <name>.debug_info</name>
         <load_address>0x1028a</load_address>
         <run_address>0x1028a</run_address>
         <size>0x1a2</size>
         <input_file_ref idref="fl-8"/>
      </object_component>
      <object_component id="oc-370">
         <name>.debug_info</name>
         <load_address>0x1042c</load_address>
         <run_address>0x1042c</run_address>
         <size>0x1cb</size>
         <input_file_ref idref="fl-8"/>
      </object_component>
      <object_component id="oc-71">
         <name>.debug_info</name>
         <load_address>0x105f7</load_address>
         <run_address>0x105f7</run_address>
         <size>0x129</size>
         <input_file_ref idref="fl-9"/>
      </object_component>
      <object_component id="oc-159">
         <name>.debug_info</name>
         <load_address>0x10720</load_address>
         <run_address>0x10720</run_address>
         <size>0x7e3</size>
         <input_file_ref idref="fl-a"/>
      </object_component>
      <object_component id="oc-c4">
         <name>.debug_info</name>
         <load_address>0x10f03</load_address>
         <run_address>0x10f03</run_address>
         <size>0x11f</size>
         <input_file_ref idref="fl-a"/>
      </object_component>
      <object_component id="oc-298">
         <name>.debug_info</name>
         <load_address>0x11022</load_address>
         <run_address>0x11022</run_address>
         <size>0xe3</size>
         <input_file_ref idref="fl-a"/>
      </object_component>
      <object_component id="oc-187">
         <name>.debug_info</name>
         <load_address>0x11105</load_address>
         <run_address>0x11105</run_address>
         <size>0x14f</size>
         <input_file_ref idref="fl-a"/>
      </object_component>
      <object_component id="oc-77">
         <name>.debug_info</name>
         <load_address>0x11254</load_address>
         <run_address>0x11254</run_address>
         <size>0x12f</size>
         <input_file_ref idref="fl-a"/>
      </object_component>
      <object_component id="oc-e9">
         <name>.debug_info</name>
         <load_address>0x11383</load_address>
         <run_address>0x11383</run_address>
         <size>0x153</size>
         <input_file_ref idref="fl-a"/>
      </object_component>
      <object_component id="oc-3bf">
         <name>.debug_info</name>
         <load_address>0x114d6</load_address>
         <run_address>0x114d6</run_address>
         <size>0x6f9</size>
         <input_file_ref idref="fl-b"/>
      </object_component>
      <object_component id="oc-2bc">
         <name>.debug_info</name>
         <load_address>0x11bcf</load_address>
         <run_address>0x11bcf</run_address>
         <size>0x173</size>
         <input_file_ref idref="fl-b"/>
      </object_component>
      <object_component id="oc-2bf">
         <name>.debug_info</name>
         <load_address>0x11d42</load_address>
         <run_address>0x11d42</run_address>
         <size>0xea</size>
         <input_file_ref idref="fl-b"/>
      </object_component>
      <object_component id="oc-2c2">
         <name>.debug_info</name>
         <load_address>0x11e2c</load_address>
         <run_address>0x11e2c</run_address>
         <size>0xf1</size>
         <input_file_ref idref="fl-b"/>
      </object_component>
      <object_component id="oc-193">
         <name>.debug_info</name>
         <load_address>0x11f1d</load_address>
         <run_address>0x11f1d</run_address>
         <size>0x1b1</size>
         <input_file_ref idref="fl-b"/>
      </object_component>
      <object_component id="oc-2b6">
         <name>.debug_info</name>
         <load_address>0x120ce</load_address>
         <run_address>0x120ce</run_address>
         <size>0x130</size>
         <input_file_ref idref="fl-b"/>
      </object_component>
      <object_component id="oc-3c4">
         <name>.debug_info</name>
         <load_address>0x121fe</load_address>
         <run_address>0x121fe</run_address>
         <size>0x9f</size>
         <input_file_ref idref="fl-b"/>
      </object_component>
      <object_component id="oc-4b2">
         <name>.debug_info</name>
         <load_address>0x1229d</load_address>
         <run_address>0x1229d</run_address>
         <size>0x35</size>
         <input_file_ref idref="fl-b"/>
      </object_component>
      <object_component id="oc-26d">
         <name>.debug_info</name>
         <load_address>0x122d2</load_address>
         <run_address>0x122d2</run_address>
         <size>0xe1a</size>
         <input_file_ref idref="fl-c"/>
      </object_component>
      <object_component id="oc-110">
         <name>.debug_info</name>
         <load_address>0x130ec</load_address>
         <run_address>0x130ec</run_address>
         <size>0xe1</size>
         <input_file_ref idref="fl-c"/>
      </object_component>
      <object_component id="oc-1b1">
         <name>.debug_info</name>
         <load_address>0x131cd</load_address>
         <run_address>0x131cd</run_address>
         <size>0x1a1</size>
         <input_file_ref idref="fl-c"/>
      </object_component>
      <object_component id="oc-2fe">
         <name>.debug_info</name>
         <load_address>0x1336e</load_address>
         <run_address>0x1336e</run_address>
         <size>0x1f8</size>
         <input_file_ref idref="fl-c"/>
      </object_component>
      <object_component id="oc-1bd">
         <name>.debug_info</name>
         <load_address>0x13566</load_address>
         <run_address>0x13566</run_address>
         <size>0x12f</size>
         <input_file_ref idref="fl-c"/>
      </object_component>
      <object_component id="oc-1c3">
         <name>.debug_info</name>
         <load_address>0x13695</load_address>
         <run_address>0x13695</run_address>
         <size>0x131</size>
         <input_file_ref idref="fl-c"/>
      </object_component>
      <object_component id="oc-37c">
         <name>.debug_info</name>
         <load_address>0x137c6</load_address>
         <run_address>0x137c6</run_address>
         <size>0x14d</size>
         <input_file_ref idref="fl-c"/>
      </object_component>
      <object_component id="oc-2ec">
         <name>.debug_info</name>
         <load_address>0x13913</load_address>
         <run_address>0x13913</run_address>
         <size>0x163</size>
         <input_file_ref idref="fl-c"/>
      </object_component>
      <object_component id="oc-333">
         <name>.debug_info</name>
         <load_address>0x13a76</load_address>
         <run_address>0x13a76</run_address>
         <size>0x1ed</size>
[...]
         <value>0x2e4f</value>
         <object_component_ref idref="oc-70"/>
      </symbol>
      <symbol id="sm-499">
         <name>TimerInteruptFlag</name>
         <value>0x200001dc</value>
         <object_component_ref idref="oc-c3"/>
      </symbol>
      <symbol id="sm-49a">
         <name>upConfig</name>
         <value>0x3a80</value>
         <object_component_ref idref="oc-297"/>
      </symbol>
      <symbol id="sm-49b">
         <name>TimerAInteruptInit</name>
         <value>0x2efd</value>
         <object_component_ref idref="oc-186"/>
      </symbol>
      <symbol id="sm-49c">
         <name>TA1_0_IRQHandler</name>
         <value>0x3501</value>
         <object_component_ref idref="oc-76"/>
      </symbol>
      <symbol id="sm-49d">
         <name>Delayms</name>
         <value>0x2e51</value>
         <object_component_ref idref="oc-e8"/>
      </symbol>
      <symbol id="sm-4df">
         <name>currentTime</name>
         <value>0x3a48</value>
         <object_component_ref idref="oc-2be"/>
      </symbol>
      <symbol id="sm-4e0">
         <name>RtcSetTimerContext</name>
         <value>0x36ad</value>
         <object_component_ref idref="oc-2b5"/>
      </symbol>
      <symbol id="sm-4e1">
         <name>RtcInit</name>
         <value>0x2651</value>
         <object_component_ref idref="oc-192"/>
      </symbol>
      <symbol id="sm-552">
         <name>Radio</name>
         <value>0x397c</value>
         <object_component_ref idref="oc-10f"/>
      </symbol>
      <symbol id="sm-553">
         <name>SX1276IoInit</name>
         <value>0x2315</value>
         <object_component_ref idref="oc-1b0"/>
      </symbol>
      <symbol id="sm-554">
         <name>SX1276Reset</name>
         <value>0x34dd</value>
         <object_component_ref idref="oc-2eb"/>
      </symbol>
      <symbol id="sm-555">
         <name>SX1276CheckRfFrequency</name>
         <value>0x385d</value>
         <object_component_ref idref="oc-20b"/>
      </symbol>
      <symbol id="sm-556">
         <name>SX1276IoIrqInit</name>
         <value>0x2a0d</value>
         <object_component_ref idref="oc-2fd"/>
      </symbol>
      <symbol id="sm-557">
         <name>SX1276IoDbgInit</name>
         <value>0x13cb</value>
         <object_component_ref idref="oc-1bc"/>
      </symbol>
      <symbol id="sm-558">
         <name>SX1276SetRfTxPower</name>
         <value>0x1529</value>
         <object_component_ref idref="oc-332"/>
      </symbol>
      <symbol id="sm-559">
         <name>SX1276GetBoardTcxoWakeupTime</name>
         <value>0x38c1</value>
         <object_component_ref idref="oc-37b"/>
      </symbol>
      <symbol id="sm-55a">
         <name>SX1276IoTcxoInit</name>
         <value>0x18eb</value>
         <object_component_ref idref="oc-1c2"/>
      </symbol>
      <symbol id="sm-56d">
         <name>SystemInit</name>
         <value>0x2995</value>
         <object_component_ref idref="oc-ba"/>
      </symbol>
      <symbol id="sm-589">
         <name>Reset_Handler</name>
         <value>0x3851</value>
         <object_component_ref idref="oc-64"/>
      </symbol>
      <symbol id="sm-58a">
         <name>Default_Handler</name>
         <value>0x104f</value>
         <object_component_ref idref="oc-6a"/>
      </symbol>
      <symbol id="sm-58b">
         <name>interruptVectors</name>
         <value>0x0</value>
         <object_component_ref idref="oc-23"/>
      </symbol>
      <symbol id="sm-5d3">
         <name>CS_startLFXT</name>
         <value>0x3835</value>
         <object_component_ref idref="oc-2a9"/>
      </symbol>
      <symbol id="sm-5d4">
         <name>CS_setExternalClockSourceFrequency</name>
         <value>0x3549</value>
         <object_component_ref idref="oc-2a3"/>
      </symbol>
      <symbol id="sm-5d5">
         <name>CS_startLFXTWithTimeout</name>
         <value>0x1f45</value>
         <object_component_ref idref="oc-3b4"/>
      </symbol>
      <symbol id="sm-5ff">
         <name>GPIO_setOutputHighOnPin</name>
         <value>0x3415</value>
         <object_component_ref idref="oc-3f4"/>
      </symbol>
      <symbol id="sm-600">
         <name>GPIO_setAsOutputPin</name>
         <value>0x31c5</value>
         <object_component_ref idref="oc-3fa"/>
      </symbol>
      <symbol id="sm-601">
         <name>GPIO_setOutputLowOnPin</name>
         <value>0x343d</value>
         <object_component_ref idref="oc-417"/>
      </symbol>
      <symbol id="sm-6e2">
         <name>PCM_getCoreVoltageLevel</name>
         <value>0x2cdd</value>
         <object_component_ref idref="oc-4be"/>
      </symbol>
      <symbol id="sm-6e3">
         <name>PCM_shutdownDevice</name>
         <value>0x2ea9</value>
         <object_component_ref idref="oc-3ed"/>
      </symbol>
      <symbol id="sm-6e4">
         <name>PCM_setPowerState</name>
         <value>0x3803</value>
         <object_component_ref idref="oc-1a4"/>
      </symbol>
      <symbol id="sm-6e5">
         <name>PCM_getPowerMode</name>
         <value>0x2df5</value>
         <object_component_ref idref="oc-4b8"/>
      </symbol>
      <symbol id="sm-6e6">
         <name>PCM_getPowerState</name>
         <value>0x3779</value>
         <object_component_ref idref="oc-3c9"/>
      </symbol>
      <symbol id="sm-6e7">
         <name>PCM_gotoLPM4</name>
         <value>0x37e3</value>
         <object_component_ref idref="oc-3e7"/>
      </symbol>
      <symbol id="sm-6e8">
         <name>PCM_gotoLPM3</name>
         <value>0x2911</value>
         <object_component_ref idref="oc-3e1"/>
      </symbol>
      <symbol id="sm-6e9">
         <name>PCM_gotoLPM0</name>
         <value>0x3465</value>
         <object_component_ref idref="oc-3db"/>
      </symbol>
      <symbol id="sm-6ea">
         <name>PCM_setPowerMode</name>
         <value>0x37f3</value>
         <object_component_ref idref="oc-4c4"/>
      </symbol>
      <symbol id="sm-708">
         <name>RTC_C_holdClock</name>
         <value>0x33e9</value>
         <object_component_ref idref="oc-4da"/>
      </symbol>
      <symbol id="sm-709">
         <name>RTC_C_enableInterrupt</name>
         <value>0x2bb9</value>
         <object_component_ref idref="oc-2af"/>
      </symbol>
      <symbol id="sm-791">
         <name>EUSCI_B_SPI_receiveData</name>
         <value>0x37c3</value>
         <object_component_ref idref="oc-53b"/>
      </symbol>
      <symbol id="sm-792">
         <name>EUSCI_A_SPI_getInterruptStatus</name>
         <value>0x361d</value>
         <object_component_ref idref="oc-51b"/>
      </symbol>
      <symbol id="sm-793">
         <name>EUSCI_B_SPI_getInterruptStatus</name>
         <value>0x3635</value>
         <object_component_ref idref="oc-521"/>
      </symbol>
      <symbol id="sm-794">
         <name>EUSCI_B_SPI_enable</name>
         <value>0x3721</value>
         <object_component_ref idref="oc-4f5"/>
      </symbol>
      <symbol id="sm-795">
         <name>SPI_enableModule</name>
         <value>0x35c9</value>
         <object_component_ref idref="oc-406"/>
      </symbol>
      <symbol id="sm-796">
         <name>EUSCI_A_SPI_receiveData</name>
         <value>0x37b3</value>
         <object_component_ref idref="oc-535"/>
      </symbol>
      <symbol id="sm-797">
         <name>EUSCI_A_SPI_transmitData</name>
         <value>0x370b</value>
         <object_component_ref idref="oc-528"/>
      </symbol>
      <symbol id="sm-798">
         <name>EUSCI_B_SPI_transmitData</name>
         <value>0x3737</value>
         <object_component_ref idref="oc-52e"/>
      </symbol>
      <symbol id="sm-799">
         <name>SPI_transmitData</name>
         <value>0x34b5</value>
         <object_component_ref idref="oc-477"/>
      </symbol>
      <symbol id="sm-79a">
         <name>EUSCI_A_SPI_enable</name>
         <value>0x36f5</value>
         <object_component_ref idref="oc-4ef"/>
      </symbol>
      <symbol id="sm-79b">
         <name>SPI_receiveData</name>
         <value>0x35e5</value>
         <object_component_ref idref="oc-47d"/>
      </symbol>
      <symbol id="sm-79c">
         <name>SPI_getInterruptStatus</name>
         <value>0x348d</value>
         <object_component_ref idref="oc-471"/>
      </symbol>
      <symbol id="sm-79d">
         <name>SPI_initMaster</name>
         <value>0x2265</value>
         <object_component_ref idref="oc-400"/>
      </symbol>
      <symbol id="sm-7bd">
         <name>SysCtl_A_enableNMISource</name>
         <value>0x36dd</value>
         <object_component_ref idref="oc-4a4"/>
      </symbol>
      <symbol id="sm-7be">
         <name>SysCtl_A_getNMISourceStatus</name>
         <value>0x3825</value>
         <object_component_ref idref="oc-498"/>
      </symbol>
      <symbol id="sm-7bf">
         <name>SysCtl_A_disableNMISource</name>
         <value>0x36c5</value>
         <object_component_ref idref="oc-49e"/>
      </symbol>
      <symbol id="sm-7cb">
         <name>WDT_A_holdTimer</name>
         <value>0x3525</value>
         <object_component_ref idref="oc-4d4"/>
      </symbol>
      <symbol id="sm-7d5">
         <name>CPU_wfi</name>
         <value>0x38bd</value>
         <object_component_ref idref="oc-4cc"/>
      </symbol>
      <symbol id="sm-7fc">
         <name>ceil</name>
         <value>0x1d55</value>
         <object_component_ref idref="oc-34a"/>
      </symbol>
      <symbol id="sm-7fd">
         <name>ceill</name>
         <value>0x1d55</value>
         <object_component_ref idref="oc-34a"/>
      </symbol>
      <symbol id="sm-81a">
         <name>floorl</name>
         <value>0x1e4d</value>
         <object_component_ref idref="oc-355"/>
      </symbol>
      <symbol id="sm-81b">
         <name>floor</name>
         <value>0x1e4d</value>
         <object_component_ref idref="oc-355"/>
      </symbol>
      <symbol id="sm-833">
         <name>roundl</name>
         <value>0x20ed</value>
         <object_component_ref idref="oc-344"/>
      </symbol>
      <symbol id="sm-834">
         <name>round</name>
         <value>0x20ed</value>
         <object_component_ref idref="oc-344"/>
      </symbol>
      <symbol id="sm-84b">
         <name>__aeabi_dsub</name>
         <value>0x1215</value>
         <object_component_ref idref="oc-33f"/>
      </symbol>
      <symbol id="sm-84c">
         <name>__aeabi_dadd</name>
         <value>0x121f</value>
         <object_component_ref idref="oc-33f"/>
      </symbol>
      <symbol id="sm-86e">
         <name>__aeabi_cdcmpeq</name>
         <value>0x2805</value>
         <object_component_ref idref="oc-45e"/>
      </symbol>
      <symbol id="sm-86f">
         <name>__aeabi_cdcmple</name>
         <value>0x2805</value>
         <object_component_ref idref="oc-45e"/>
      </symbol>
      <symbol id="sm-870">
         <name>__aeabi_cdrcmple</name>
         <value>0x288b</value>
         <object_component_ref idref="oc-350"/>
      </symbol>
      <symbol id="sm-884">
         <name>__aeabi_ddiv</name>
         <value>0x17b5</value>
         <object_component_ref idref="oc-314"/>
      </symbol>
      <symbol id="sm-88f">
         <name>__aeabi_dmul</name>
         <value>0x1c59</value>
         <object_component_ref idref="oc-321"/>
      </symbol>
      <symbol id="sm-899">
         <name>__aeabi_d2iz</name>
         <value>0x2fe1</value>
         <object_component_ref idref="oc-326"/>
      </symbol>
      <symbol id="sm-8a3">
         <name>__aeabi_d2uiz</name>
         <value>0x313d</value>
         <object_component_ref idref="oc-319"/>
      </symbol>
      <symbol id="sm-8ad">
         <name>__aeabi_i2d</name>
         <value>0x338d</value>
         <object_component_ref idref="oc-33a"/>
      </symbol>
      <symbol id="sm-8c8">
         <name>memcpy</name>
         <value>0x25b5</value>
         <object_component_ref idref="oc-34"/>
      </symbol>
      <symbol id="sm-8c9">
         <name>__aeabi_memcpy</name>
         <value>0x25b5</value>
         <object_component_ref idref="oc-34"/>
      </symbol>
      <symbol id="sm-8ca">
         <name>__aeabi_memcpy8</name>
         <value>0x25b5</value>
         <object_component_ref idref="oc-34"/>
      </symbol>
      <symbol id="sm-8cb">
         <name>__aeabi_memcpy4</name>
         <value>0x25b5</value>
         <object_component_ref idref="oc-34"/>
      </symbol>
      <symbol id="sm-8d5">
         <name>__aeabi_ui2d</name>
         <value>0x35a9</value>
         <object_component_ref idref="oc-30f"/>
      </symbol>
      <symbol id="sm-8e9">
         <name>__TI_zero_init_nomemset</name>
         <value>0x3601</value>
         <object_component_ref idref="oc-40"/>
      </symbol>
      <symbol id="sm-900">
         <name>__TI_decompress_none</name>
         <value>0x3843</value>
         <object_component_ref idref="oc-1a"/>
      </symbol>
      <symbol id="sm-923">
         <name>__TI_decompress_lzss</name>
         <value>0x2aed</value>
         <object_component_ref idref="oc-14"/>
      </symbol>
      <symbol id="sm-936">
         <name>__stack</name>
         <value>0x2000fe00</value>
         <object_component_ref idref="oc-26"/>
      </symbol>
      <symbol id="sm-937">
         <name>_c_int00_noargs</name>
         <value>0x3329</value>
         <object_component_ref idref="oc-52"/>
      </symbol>
      <symbol id="sm-960">
         <name>__TI_auto_init_nobinit_nopinit</name>
         <value>0x30f9</value>
         <object_component_ref idref="oc-124"/>
      </symbol>
      <symbol id="sm-96a">
         <name>_system_pre_init</name>
         <value>0x38c5</value>
         <object_component_ref idref="oc-a2"/>
      </symbol>
      <symbol id="sm-976">
         <name>C$$EXIT</name>
         <value>0x38c9</value>
         <object_component_ref idref="oc-118"/>
      </symbol>
      <symbol id="sm-977">
         <name>abort</name>
         <value>0x38c9</value>
         <object_component_ref idref="oc-118"/>
      </symbol>
      <symbol id="sm-97a">
         <name>__TI_static_base__</name>
         <value>0x0</value>
      </symbol>
      <symbol id="sm-97d">
         <name>__mpu_init</name>
         <value>0x0</value>
      </symbol>
      <symbol id="sm-97e">
         <name>_system_post_cinit</name>
         <value>0x0</value>
      </symbol>
      <symbol id="sm-97f">
         <name>NMI_Handler</name>
         <value>0x104f</value>
      </symbol>
      <symbol id="sm-980">
         <name>HardFault_Handler</name>
         <value>0x104f</value>
      </symbol>
      <symbol id="sm-981">
         <name>MemManage_Handler</name>
         <value>0x104f</value>
      </symbol>
      <symbol id="sm-982">
         <name>BusFault_Handler</name>
         <value>0x104f</value>
      </symbol>
      <symbol id="sm-983">
         <name>UsageFault_Handler</name>
         <value>0x104f</value>
      </symbol>
      <symbol id="sm-984">
         <name>SVC_Handler</name>
         <value>0x104f</value>
      </symbol>
      <symbol id="sm-985">
         <name>DebugMon_Handler</name>
         <value>0x104f</value>
      </symbol>
      <symbol id="sm-986">
         <name>PendSV_Handler</name>
         <value>0x104f</value>
      </symbol>
      <symbol id="sm-987">
         <name>SysTick_Handler</name>
         <value>0x2e4f</value>
      </symbol>
      <symbol id="sm-988">
         <name>PSS_IRQHandler</name>
         <value>0x104f</value>
      </symbol>
      <symbol id="sm-989">
         <name>CS_IRQHandler</name>
         <value>0x104f</value>
      </symbol>
      <symbol id="sm-98a">
         <name>PCM_IRQHandler</name>
         <value>0x104f</value>
      </symbol>
      <symbol id="sm-98b">
         <name>WDT_A_IRQHandler</name>
         <value>0x104f</value>
      </symbol>
      <symbol id="sm-98c">
         <name>FPU_IRQHandler</name>
         <value>0x104f</value>
      </symbol>
      <symbol id="sm-98d">
         <name>FLCTL_IRQHandler</name>
         <value>0x104f</value>
      </symbol>
      <symbol id="sm-98e">
         <name>COMP_E0_IRQHandler</name>
         <value>0x104f</value>
      </symbol>
      <symbol id="sm-98f">
         <name>COMP_E1_IRQHandler</name>
         <value>0x104f</value>
      </symbol>
      <symbol id="sm-990">
         <name>TA0_0_IRQHandler</name>
         <value>0x104f</value>
      </symbol>
      <symbol id="sm-991">
         <name>TA0_N_IRQHandler</name>
         <value>0x104f</value>
      </symbol>
      <symbol id="sm-992">
         <name>TA1_0_IRQHandler</name>
         <value>0x3501</value>
      </symbol>
      <symbol id="sm-993">
         <name>TA1_N_IRQHandler</name>
         <value>0x104f</value>
      </symbol>
      <symbol id="sm-994">
         <name>TA2_0_IRQHandler</name>
         <value>0x104f</value>
      </symbol>
      <symbol id="sm-995">
         <name>TA2_N_IRQHandler</name>
         <value>0x104f</value>
      </symbol>
      <symbol id="sm-996">
         <name>TA3_0_IRQHandler</name>
         <value>0x104f</value>
      </symbol>
      <symbol id="sm-997">
         <name>TA3_N_IRQHandler</name>
         <value>0x104f</value>
      </symbol>
      <symbol id="sm-998">
         <name>EUSCIA0_IRQHandler</name>
         <value>0x104f</value>
      </symbol>
      <symbol id="sm-999">
         <name>EUSCIA1_IRQHandler</name>
         <value>0x104f</value>
      </symbol>
      <symbol id="sm-99a">
         <name>EUSCIA2_IRQHandler</name>
         <value>0x104f</value>
      </symbol>
      <symbol id="sm-99b">
         <name>EUSCIA3_IRQHandler</name>
         <value>0x104f</value>
      </symbol>
      <symbol id="sm-99c">
         <name>EUSCIB0_IRQHandler</name>
         <value>0x104f</value>
      </symbol>
      <symbol id="sm-99d">
         <name>EUSCIB1_IRQHandler</name>
         <value>0x104f</value>
      </symbol>
      <symbol id="sm-99e">
         <name>EUSCIB2_IRQHandler</name>
         <value>0x104f</value>
      </symbol>
      <symbol id="sm-99f">
         <name>EUSCIB3_IRQHandler</name>
         <value>0x104f</value>
      </symbol>
      <symbol id="sm-9a0">
         <name>ADC14_IRQHandler</name>
         <value>0x104f</value>
      </symbol>
      <symbol id="sm-9a1">
         <name>T32_INT1_IRQHandler</name>
         <value>0x104f</value>
      </symbol>
      <symbol id="sm-9a2">
         <name>T32_INT2_IRQHandler</name>
         <value>0x104f</value>
      </symbol>
      <symbol id="sm-9a3">
         <name>T32_INTC_IRQHandler</name>
         <value>0x104f</value>
      </symbol>
      <symbol id="sm-9a4">
         <name>AES256_IRQHandler</name>
         <value>0x104f</value>
      </symbol>
      <symbol id="sm-9a5">
         <name>RTC_C_IRQHandler</name>
         <value>0x104f</value>
      </symbol>
      <symbol id="sm-9a6">
         <name>DMA_ERR_IRQHandler</name>
         <value>0x104f</value>
      </symbol>
      <symbol id="sm-9a7">
         <name>DMA_INT3_IRQHandler</name>
         <value>0x104f</value>
      </symbol>
      <symbol id="sm-9a8">
         <name>DMA_INT2_IRQHandler</name>
         <value>0x104f</value>
      </symbol>
      <symbol id="sm-9a9">
         <name>DMA_INT1_IRQHandler</name>
         <value>0x104f</value>
      </symbol>
      <symbol id="sm-9aa">
         <name>DMA_INT0_IRQHandler</name>
         <value>0x104f</value>
      </symbol>
      <symbol id="sm-9ab">
         <name>PORT1_IRQHandler</name>
         <value>0x104f</value>
      </symbol>
      <symbol id="sm-9ac">
         <name>PORT2_IRQHandler</name>
         <value>0x33bd</value>
      </symbol>
      <symbol id="sm-9ad">
         <name>PORT3_IRQHandler</name>
         <value>0x104f</value>
      </symbol>
      <symbol id="sm-9ae">
         <name>PORT4_IRQHandler</name>
         <value>0x104f</value>
      </symbol>
      <symbol id="sm-9af">
         <name>PORT5_IRQHandler</name>
         <value>0x104f</value>
      </symbol>
      <symbol id="sm-9b0">
         <name>PORT6_IRQHandler</name>
         <value>0x104f</value>
      </symbol>
   </symbol_table>
   <title>Link successful</title>
</link_info>
