******************************************************************************
                  TI ARM Linker PC v18.12.5                    
******************************************************************************
>> Linked Wed Apr  8 16:18:48 2020

OUTPUT FILE NAME:   <Meesters.out>
ENTRY POINT SYMBOL: "_c_int00_noargs"  address: 00005af9


MEMORY CONFIGURATION

         name            origin    length      used     unused   attr    fill
----------------------  --------  ---------  --------  --------  ----  --------
  MAIN                  00000000   00040000  000065f4  00039a0c  R  X
  INFO                  00200000   00004000  00000000  00004000  R  X
  SRAM_CODE             01000000   00010000  00001064  0000ef9c  RW X
  SRAM_DATA             20000000   00010000  00001064  0000ef9c  RW  


SEGMENT ALLOCATION MAP

run origin  load origin   length   init length attrs members
----------  ----------- ---------- ----------- ----- -------
00000000    00000000    000065f8   000065f8    r-x
  00000000    00000000    000000e4   000000e4    r-- .intvecs
  000000e4    000000e4    0000618c   0000618c    r-x .text
  00006270    00006270    000002e4   000002e4    r-- .const
  00006558    00006558    000000a0   000000a0    r-- .cinit
20000000    20000000    00000e64   00000000    rw-
  20000000    20000000    00000800   00000000    rw- .sysmem
  20000800    20000800    00000428   00000000    rw- .bss
  20000c28    20000c28    0000023c   00000000    rw- .data
2000fe00    2000fe00    00000200   00000000    rw-
  2000fe00    2000fe00    00000200   00000000    rw- .stack


SECTION ALLOCATION MAP

 output                                  attributes/
section   page    origin      length       input sections
--------  ----  ----------  ----------   ----------------
.intvecs   0    00000000    000000e4     
                  00000000    000000e4     startup_msp432p401r_ccs.obj (.intvecs:retain)

.text      0    000000e4    0000618c     
                  000000e4    00000a4e     rtsv7M4_T_le_v4SPD16_eabi.lib : _printfi.c.obj (.text:__TI_printfi)
                  00000b32    00000002     startup_msp432p401r_ccs.obj (.text:Default_Handler)
                  00000b34    000003b8     my_RFM9x.obj (.text:SX1276SetRxConfig)
                  00000eec    00000398     my_RFM9x.obj (.text:SX1276GetTimeOnAir)
                  00001284    000002f0     my_RFM9x.obj (.text:SX1276OnDio0Irq)
                  00001574    000002ec     my_RFM9x.obj (.text:SX1276SetTxConfig)
                  00001860    00000270     rtsv7M4_T_le_v4SPD16_eabi.lib : _printfi.c.obj (.text:_pconv_a)
                  00001ad0    00000254     my_RFM9x.obj (.text:SX1276SetRx)
                  00001d24    00000208     board.obj (.text:BoardUnusedIoInit)
                  00001f2c    000001d0     rtsv7M4_T_le_v4SPD16_eabi.lib : _printfi.c.obj (.text:_pconv_g)
                  000020fc    000001c4     gpio-board.obj (.text:GpioMcuInit)
                  000022c0    000001b6     rtsv7M4_T_le_v4SPD16_eabi.lib : fd_add_t2.asm.obj (.text)
                  00002476    00000002     my_systick.obj (.text:SysTick_Handler)
                  00002478    00000184     main.obj (.text:RadioInit)
                  000025fc    00000168     my_RFM9x.obj (.text:SX1276OnDio1Irq)
                  00002764    00000154     sx1276-board.obj (.text:SX1276SetRfTxPower)
                  000028b8    0000014c     my_RFM9x.obj (.text:SX1276Send)
                  00002a04    00000144     msp432p4xx_driverlib.lib : timer_a.o (.text:privateTimer_AProcessClockSourceDivider)
                  00002b48    0000013c     rtsv7M4_T_le_v4SPD16_eabi.lib : _printfi.c.obj (.text:_pconv_e)
                  00002c84    00000138     my_RFM9x.obj (.text:SX1276OnDio2Irq)
                  00002dbc    00000136     rtsv7M4_T_le_v4SPD16_eabi.lib : fd_div_t2.asm.obj (.text)
                  00002ef2    00000002                                   : _lock.c.obj (.text:_nop)
                  00002ef4    00000124                                   : _printfi.c.obj (.text:fcvt)
                  00003018    00000118     gpio-board.obj (.text:GpioMcuSetInterrupt)
                  00003130    00000118     rtsv7M4_T_le_v4SPD16_eabi.lib : memory.c.obj (.text:aligned_alloc)
                  00003248    00000114                                   : fputs.c.obj (.text:fputs)
                  0000335c    00000110                                   : s_scalbn.c.obj (.text:scalbn)
                  0000346c    000000fc                                   : fd_mul_t2.asm.obj (.text)
                  00003568    000000f8                                   : s_ceil.c.obj (.text:ceil)
                  00003660    000000f8                                   : s_floor.c.obj (.text:floor)
                  00003758    000000f4     main.obj (.text:main)
                  0000384c    000000e4     rtsv7M4_T_le_v4SPD16_eabi.lib : memory.c.obj (.text:free)
                  00003930    000000dc                                   : setvbuf.c.obj (.text:setvbuf)
                  00003a0c    000000c0                                   : s_round.c.obj (.text:round)
                  00003acc    000000b4     my_RFM9x.obj (.text:SX1276SetTx)
                  00003b80    000000b1     rtsv7M4_T_le_v4SPD16_eabi.lib : _printfi.c.obj (.text:_ltostr)
                  00003c31    00000001     --HOLE-- [fill = 0]
                  00003c32    000000b0     msp432p4xx_driverlib.lib : spi.o (.text:SPI_initMaster)
                  00003ce2    00000002     rtsv7M4_T_le_v4SPD16_eabi.lib : div0.asm.obj (.text)
                  00003ce4    000000b0     sx1276-board.obj (.text:SX1276IoInit)
                  00003d94    000000a8     my_RFM9x.obj (.text:RxChainCalibration)
                  00003e3c    000000a4     my_RFM9x.obj (.text:SX1276IsChannelFree)
                  00003ee0    000000a0     my_RFM9x.obj (.text:SX1276SetModem)
                  00003f80    0000009c     rtsv7M4_T_le_v4SPD16_eabi.lib : memcpy_t2.asm.obj (.text)
                  0000401c    00000096                                   : ull_div_t2.asm.obj (.text)
                  000040b2    00000002     --HOLE-- [fill = 0]
                  000040b4    00000094     msp432p4xx_driverlib.lib : rtc_c.o (.text:RTC_C_getEnabledInterruptStatus)
                  00004148    00000090     my_timer.obj (.text:startLoRaTimer)
                  000041d8    0000008c     my_RFM9x.obj (.text:SX1276Init)
                  00004264    0000008c     my_RFM9x.obj (.text:SX1276SetTxContinuousWave)
                  000042f0    0000008c     rtsv7M4_T_le_v4SPD16_eabi.lib : fputc.c.obj (.text:fputc)
                  0000437c    00000088     board.obj (.text:BoardInitMcu)
                  00004404    00000086     rtsv7M4_T_le_v4SPD16_eabi.lib : fd_cmp_t2.asm.obj (.text:__aeabi_cdcmple)
                  0000448a    00000086                                   : fd_cmp_t2.asm.obj (.text:__aeabi_cdrcmple)
                  00004510    00000080     msp432p4xx_driverlib.lib : interrupt.o (.text:Interrupt_enableInterrupt)
                  00004590    00000080     main.obj (.text:PORT2_IRQHandler)
                  00004610    0000007a     rtsv7M4_T_le_v4SPD16_eabi.lib : memset_t2.asm.obj (.text)
                  0000468a    00000002     --HOLE-- [fill = 0]
                  0000468c    00000078     system_msp432p401r.obj (.text:SystemInit)
                  00004704    00000078     my_ALOHA.obj (.text:sendALOHAmessage)
                  0000477c    00000074     rtsv7M4_T_le_v4SPD16_eabi.lib : fclose.c.obj (.text:__TI_closefile)
                  000047f0    00000070                                   : memory.c.obj (.text:split)
                  00004860    0000006e                                   : _printfi.c.obj (.text:_mcpy)
                  000048ce    0000006e                                   : fd_tos_t2.asm.obj (.text)
                  0000493c    0000006c                                   : hostrename.c.obj (.text:HOSTrename)
                  000049a8    0000006c     my_RFM9x.obj (.text:SX1276ReadRssi)
                  00004a14    00000068     rtsv7M4_T_le_v4SPD16_eabi.lib : hostlseek.c.obj (.text:HOSTlseek)
                  00004a7c    00000068     main.obj (.text:OnRxDone)
                  00004ae4    00000068     msp432p4xx_driverlib.lib : timer_a.o (.text:Timer_A_configureUpMode)
                  00004b4c    00000068     rtsv7M4_T_le_v4SPD16_eabi.lib : copy_decompress_lzss.c.obj (.text:decompress:lzss:__TI_decompress_lzss)
                  00004bb4    00000068                                   : printf.c.obj (.text:printf)
                  00004c1c    00000066     my_ALOHA.obj (.text:crc8)
                  00004c82    00000002     --HOLE-- [fill = 0]
                  00004c84    00000064     my_RFM9x.obj (.text:GetFskBandwidthRegValue)
                  00004ce8    00000064     rtsv7M4_T_le_v4SPD16_eabi.lib : s_frexp.c.obj (.text:frexp)
                  00004d4c    00000064                                   : fseek.c.obj (.text:fseek)
                  00004db0    00000062                                   : _io_perm.c.obj (.text:__TI_wrt_ok)
                  00004e12    00000002     --HOLE-- [fill = 0]
                  00004e14    00000060                                   : hostopen.c.obj (.text:HOSTopen)
                  00004e74    00000060     my_RFM9x.obj (.text:SX1276ReadBuffer)
                  00004ed4    00000060     my_RFM9x.obj (.text:SX1276WriteBuffer)
                  00004f34    0000005e     my_RFM9x.obj (.text:SX1276Random)
                  00004f92    00000002     --HOLE-- [fill = 0]
                  00004f94    0000005c     msp432p4xx_driverlib.lib : rtc_c.o (.text:RTC_C_getInterruptStatus)
                  00004ff0    0000005c     rtsv7M4_T_le_v4SPD16_eabi.lib : close.c.obj (.text:close)
                  0000504c    00000058     my_timer.obj (.text:Delayms)
                  000050a4    00000058     rtsv7M4_T_le_v4SPD16_eabi.lib : hostread.c.obj (.text:HOSTread)
                  000050fc    00000058                                   : hostwrite.c.obj (.text:HOSTwrite)
                  00005154    00000058     sx1276-board.obj (.text:SX1276IoIrqInit)
                  000051ac    00000058     my_timer.obj (.text:stopTiming)
                  00005204    00000056     rtsv7M4_T_le_v4SPD16_eabi.lib : _printfi.c.obj (.text:_pconv_f)
                  0000525a    00000054                                   : ltoa.c.obj (.text:ltoa)
                  000052ae    00000052                                   : _printfi.c.obj (.text:_ecpy)
                  00005300    00000050     my_RFM9x.obj (.text:SX1276SetChannel)
                  00005350    0000004c     msp432p4xx_driverlib.lib : timer_a.o (.text:Timer_A_getCounterValue)
                  0000539c    0000004c     rtsv7M4_T_le_v4SPD16_eabi.lib : fflush.c.obj (.text:__TI_doflush)
                  000053e8    0000004c                                   : atoi.c.obj (.text:atoi)
                  00005434    0000004c     my_ALOHA.obj (.text:createAlohaPacket)
                  00005480    00000048     my_RFM9x.obj (.text:SX1276SetMaxPayloadLength)
                  000054c8    00000048     rtsv7M4_T_le_v4SPD16_eabi.lib : exit.c.obj (.text:exit)
                  00005510    00000048                                   : fd_toi_t2.asm.obj (.text)
                  00005558    00000048     my_spi.obj (.text:spiRead_RFM)
                  000055a0    00000044     gpio-board.obj (.text:GpioMcuWrite)
                  000055e4    00000044     rtsv7M4_T_le_v4SPD16_eabi.lib : hostclose.c.obj (.text:HOSTclose)
                  00005628    00000044                                   : hostunlink.c.obj (.text:HOSTunlink)
                  0000566c    00000044     my_RFM9x.obj (.text:SX1276StartCad)
                  000056b0    00000044     rtsv7M4_T_le_v4SPD16_eabi.lib : autoinit.c.obj (.text:__TI_auto_init_nobinit_nopinit:__TI_auto_init_nobinit_nopinit)
                  000056f4    00000044                                   : getdevice.c.obj (.text:getdevice)
                  00005738    00000044                                   : fd_tou_t2.asm.obj (.text)
                  0000577c    00000044     my_spi.obj (.text:spiWrite_RFM)
                  000057c0    00000040     msp432p4xx_driverlib.lib : gpio.o (.text:GPIO_setAsOutputPin)
                  00005800    00000040     my_timer.obj (.text:getTiming)
                  00005840    00000040     msp432p4xx_driverlib.lib : spi.o (.text:is_A_Module)
                  00005880    00000040     my_spi.obj (.text:spi_open)
                  000058c0    0000003e     rtsv7M4_T_le_v4SPD16_eabi.lib : _printfi.c.obj (.text:_fcpy)
                  000058fe    00000002     --HOLE-- [fill = 0]
                  00005900    0000003c     my_RFM9x.obj (.text:SX1276OnDio4Irq)
                  0000593c    0000003c     my_RFM9x.obj (.text:SX1276SetPublicNetwork)
                  00005978    0000003c     my_timer.obj (.text:TimerAInteruptInit)
                  000059b4    00000038     my_spi.obj (.text:RFM_spi_read_write)
                  000059ec    00000038     rtsv7M4_T_le_v4SPD16_eabi.lib : trgmsg.c.obj (.text:__TI_writemsg)
                  00005a24    00000036                                   : strncpy.c.obj (.text:strncpy)
                  00005a5a    00000002     --HOLE-- [fill = 0]
                  00005a5c    00000034     msp432p4xx_driverlib.lib : timer_a.o (.text:Timer_A_configureContinuousMode)
                  00005a90    00000034     rtsv7M4_T_le_v4SPD16_eabi.lib : fopen.c.obj (.text:__TI_cleanup)
                  00005ac4    00000034                                   : trgmsg.c.obj (.text:__TI_readmsg)
                  00005af8    00000034                                   : boot_cortex_m.c.obj (.text:_c_int00_noargs:_c_int00_noargs)
                  00005b2c    00000030     my_gpio.obj (.text:GpioInit)
                  00005b5c    00000030     my_timer.obj (.text:TA2_0_IRQHandler)
                  00005b8c    00000030     rtsv7M4_T_le_v4SPD16_eabi.lib : getdevice.c.obj (.text:finddevice)
                  00005bbc    0000002e                                   : i_tofd_t2.asm.obj (.text)
                  00005bea    00000002     --HOLE-- [fill = 0]
                  00005bec    0000002c     msp432p4xx_driverlib.lib : timer_a.o (.text:Timer_A_clearCaptureCompareInterrupt)
                  00005c18    0000002c     my_timer.obj (.text:stopLoRaTimer)
                  00005c44    0000002c     rtsv7M4_T_le_v4SPD16_eabi.lib : unlink.c.obj (.text:unlink)
                  00005c70    00000028     msp432p4xx_driverlib.lib : gpio.o (.text:GPIO_enableInterrupt)
                  00005c98    00000028                              : gpio.o (.text:GPIO_setOutputHighOnPin)
                  00005cc0    00000028                              : gpio.o (.text:GPIO_setOutputLowOnPin)
                  00005ce8    00000028                              : spi.o (.text:SPI_getInterruptStatus)
                  00005d10    00000028     my_timer.obj (.text:TimerATimerInit)
                  00005d38    00000028     rtsv7M4_T_le_v4SPD16_eabi.lib : memory.c.obj (.text:free_list_insert)
                  00005d60    00000028                                   : lseek.c.obj (.text:lseek)
                  00005d88    00000028                                   : write.c.obj (.text:write)
                  00005db0    00000026     msp432p4xx_driverlib.lib : spi.o (.text:SPI_transmitData)
                  00005dd6    00000002     --HOLE-- [fill = 0]
                  00005dd8    00000024     main.obj (.text:OnTxDone)
                  00005dfc    00000024     sx1276-board.obj (.text:SX1276Reset)
                  00005e20    00000022     my_gpio.obj (.text:GpioFlashLED)
                  00005e42    00000002     --HOLE-- [fill = 0]
                  00005e44    00000020     my_rtc.obj (.text:RTC_C_IRQHandler)
                  00005e64    00000020     my_RFM9x.obj (.text:SX1276SetOpMode)
                  00005e84    00000020     my_timer.obj (.text:TA1_0_IRQHandler)
                  00005ea4    00000020     rtsv7M4_T_le_v4SPD16_eabi.lib : memchr.c.obj (.text:memchr)
                  00005ec4    00000020                                   : u_tofd_t2.asm.obj (.text)
                  00005ee4    0000001e     my_timer.obj (.text:startTiming)
                  00005f02    0000001c     my_gpio.obj (.text:GpioSetInterrupt)
                  00005f1e    0000001c     msp432p4xx_driverlib.lib : spi.o (.text:SPI_enableModule)
                  00005f3a    0000001c                              : spi.o (.text:SPI_receiveData)
                  00005f56    00000002     --HOLE-- [fill = 0]
                  00005f58    0000001c     my_RFM9x.obj (.text:SX1276SetSleep)
                  00005f74    0000001c     rtsv7M4_T_le_v4SPD16_eabi.lib : memory.c.obj (.text:free_list_remove)
                  00005f90    0000001c                                   : memccpy.c.obj (.text:memccpy)
                  00005fac    0000001a                                   : s_copysign.c.obj (.text:copysign)
                  00005fc6    00000018     msp432p4xx_driverlib.lib : spi.o (.text:EUSCI_A_SPI_getInterruptStatus)
                  00005fde    00000018                              : spi.o (.text:EUSCI_B_SPI_getInterruptStatus)
                  00005ff6    00000002     --HOLE-- [fill = 0]
                  00005ff8    00000018     main.obj (.text:OnRxError)
                  00006010    00000018     main.obj (.text:OnRxTimeout)
                  00006028    00000018     main.obj (.text:OnTxTimeout)
                  00006040    00000018     msp432p4xx_driverlib.lib : timer_a.o (.text:Timer_A_clearTimer)
                  00006058    00000018                              : timer_a.o (.text:Timer_A_enableInterrupt)
                  00006070    00000018     rtsv7M4_T_le_v4SPD16_eabi.lib : strcmp.c.obj (.text:strcmp)
                  00006088    00000016     msp432p4xx_driverlib.lib : spi.o (.text:EUSCI_A_SPI_enable)
                  0000609e    00000016                              : spi.o (.text:EUSCI_A_SPI_transmitData)
                  000060b4    00000016                              : spi.o (.text:EUSCI_B_SPI_enable)
                  000060ca    00000016                              : spi.o (.text:EUSCI_B_SPI_transmitData)
                  000060e0    00000016     my_RFM9x.obj (.text:SX1276ReadFifo)
                  000060f6    00000016     my_RFM9x.obj (.text:SX1276WriteFifo)
                  0000610c    00000016     msp432p4xx_driverlib.lib : timer_a.o (.text:Timer_A_clearInterruptFlag)
                  00006122    00000016                              : timer_a.o (.text:Timer_A_startCounter)
                  00006138    00000016     rtsv7M4_T_le_v4SPD16_eabi.lib : strchr.c.obj (.text:strchr)
                  0000614e    00000002     --HOLE-- [fill = 0]
                  00006150    00000014     board.obj (.text:GetBoardPowerSource)
                  00006164    00000014     my_RFM9x.obj (.text:SX1276SetStby)
                  00006178    00000014     msp432p4xx_driverlib.lib : timer_a.o (.text:Timer_A_stopTimer)
                  0000618c    00000014     rtsv7M4_T_le_v4SPD16_eabi.lib : strcpy.c.obj (.text:strcpy)
                  000061a0    00000014                                   : strlen.c.obj (.text:strlen)
                  000061b4    00000012                                   : wcslen.c.obj (.text:wcslen)
                  000061c6    00000010     msp432p4xx_driverlib.lib : spi.o (.text:EUSCI_A_SPI_receiveData)
                  000061d6    00000010                              : spi.o (.text:EUSCI_B_SPI_receiveData)
                  000061e6    00000010     my_gpio.obj (.text:GpioWrite)
                  000061f6    0000000e     rtsv7M4_T_le_v4SPD16_eabi.lib : copy_decompress_none.c.obj (.text:decompress:none:__TI_decompress_none)
                  00006204    0000000c     startup_msp432p401r_ccs.obj (.text:Reset_Handler)
                  00006210    0000000c     sx1276-board.obj (.text:SX1276CheckRfFrequency)
                  0000621c    0000000c     sx1276-board.obj (.text:SX1276GetPaSelect)
                  00006228    0000000c     my_RFM9x.obj (.text:SX1276GetStatus)
                  00006234    0000000c     rtsv7M4_T_le_v4SPD16_eabi.lib : copy_zero_init.c.obj (.text:decompress:ZI:__TI_zero_init)
                  00006240    0000000a     my_RFM9x.obj (.text:SX1276GetWakeupTime)
                  0000624a    00000002     --HOLE-- [fill = 0]
                  0000624c    00000008     rtsv7M4_T_le_v4SPD16_eabi.lib : errno.c.obj (.text:__aeabi_errno_addr)
                  00006254    00000008                                   : memory.c.obj (.text:malloc)
                  0000625c    00000004     sx1276-board.obj (.text:SX1276GetBoardTcxoWakeupTime)
                  00006260    00000004     rtsv7M4_T_le_v4SPD16_eabi.lib : printf.c.obj (.text:_outc)
                  00006264    00000004                                   : printf.c.obj (.text:_outs)
                  00006268    00000004                                   : pre_init.c.obj (.text:_system_pre_init)
                  0000626c    00000004                                   : exit.c.obj (.text:abort:abort)

.const     0    00006270    000002e4     
                  00006270    00000101     rtsv7M4_T_le_v4SPD16_eabi.lib : ctype.c.obj (.const:.string:_ctypes_)
                  00006371    00000003     --HOLE-- [fill = 0]
                  00006374    000000b0     my_RFM9x.obj (.const:FskBandwidths)
                  00006424    0000006c     sx1276-board.obj (.const:Radio)
                  00006490    00000030     msp432p4xx_driverlib.lib : gpio.o (.const:GPIO_PORT_TO_BASE)
                  000064c0    00000030     my_RFM9x.obj (.const:RadioRegsInit)
                  000064f0    0000001c     my_spi.obj (.const:spiMasterConfig)
                  0000650c    00000018     my_timer.obj (.const:$P$T0$1)
                  00006524    00000018     my_timer.obj (.const:upConfig)
                  0000653c    00000010     my_timer.obj (.const:contConfig0)
                  0000654c    00000008     msp432p4xx_driverlib.lib : interrupt.o (.const:g_pulEnRegs)

.cinit     0    00006558    000000a0     
                  00006558    00000077     (.cinit..data.load) [load image, compression = lzss]
                  000065cf    00000001     --HOLE-- [fill = 0]
                  000065d0    0000000c     (__TI_handler_table)
                  000065dc    00000004     --HOLE-- [fill = 0]
                  000065e0    00000008     (.cinit..bss.load) [load image, compression = zero_init]
                  000065e8    00000010     (__TI_cinit_table)

.init_array 
*          0    00000000    00000000     UNINITIALIZED

.binit     0    00000000    00000000     

.sysmem    0    20000000    00000800     UNINITIALIZED
                  20000000    00000010     rtsv7M4_T_le_v4SPD16_eabi.lib : memory.c.obj (.sysmem)
                  20000010    000007f0     --HOLE--

.bss       0    20000800    00000428     UNINITIALIZED
                  20000800    00000120     rtsv7M4_T_le_v4SPD16_eabi.lib : trgmsg.c.obj (.bss:_CIOBUF_)
                  20000920    00000104     (.common:SX1276)
                  20000a24    00000100     my_RFM9x.obj (.bss:RxTxBuffer)
                  20000b24    000000a0     (.common:__TI_tmpnams)
                  20000bc4    0000001c     main.obj (.bss:RadioEvents)
                  20000be0    00000014     (.common:Led1)
                  20000bf4    00000014     (.common:Led2)
                  20000c08    00000014     (.common:Led3)
                  20000c1c    00000008     (.common:parmbuf)
                  20000c24    00000004     my_RFM9x.obj (.bss)

.data      0    20000c28    0000023c     UNINITIALIZED
                  20000c28    000000f0     rtsv7M4_T_le_v4SPD16_eabi.lib : defs.c.obj (.data:_ftable)
                  20000d18    00000078                                   : host_device.c.obj (.data:_device)
                  20000d90    00000050                                   : host_device.c.obj (.data:_stream)
                  20000de0    00000040     main.obj (.data:Buffer)
                  20000e20    00000010     rtsv7M4_T_le_v4SPD16_eabi.lib : defs.c.obj (.data)
                  20000e30    0000000c                                   : exit.c.obj (.data:$O1$$)
                  20000e3c    0000000c     main.obj (.data)
                  20000e48    00000008     rtsv7M4_T_le_v4SPD16_eabi.lib : _lock.c.obj (.data:$O1$$)
                  20000e50    00000008                                   : memory.c.obj (.data:$O1$$)
                  20000e58    00000005     main.obj (.data:buffer)
                  20000e5d    00000001     board.obj (.data)
                  20000e5e    00000001     my_ALOHA.obj (.data)
                  20000e5f    00000001     my_timer.obj (.data)
                  20000e60    00000004     rtsv7M4_T_le_v4SPD16_eabi.lib : errno.c.obj (.data)

.stack     0    2000fe00    00000200     UNINITIALIZED
                  2000fe00    00000004     rtsv7M4_T_le_v4SPD16_eabi.lib : boot_cortex_m.c.obj (.stack)
                  2000fe04    000001fc     --HOLE--

MODULE SUMMARY

       Module                        code    ro data   rw data
       ------                        ----    -------   -------
    .\
       my_RFM9x.obj                  6904    224       1040   
       main.obj                      972     0         218    
       gpio-board.obj                800     0         0      
       board.obj                     676     0         122    
       sx1276-board.obj              668     108       0      
       my_timer.obj                  638     64        2      
       my_ALOHA.obj                  298     0         2      
       my_spi.obj                    260     28        0      
       my_gpio.obj                   126     0         0      
       system_msp432p401r.obj        120     0         0      
       my_rtc.obj                    32      0         0      
       my_systick.obj                2       0         0      
    +--+-----------------------------+-------+---------+---------+
       Total:                        11496   424       1384   
                                                              
    .\ccs\
       startup_msp432p401r_ccs.obj   14      228       0      
    +--+-----------------------------+-------+---------+---------+
       Total:                        14      228       0      
                                                              
    C:/ti/simplelink_msp432p4_sdk_3_40_01_02/source/ti/devices/msp432p4xx/driverlib/ccs/msp432p4xx_driverlib.lib
       timer_a.o                     712     0         0      
       spi.o                         542     0         0      
       rtc_c.o                       240     0         0      
       gpio.o                        184     48        0      
       interrupt.o                   128     8         0      
    +--+-----------------------------+-------+---------+---------+
       Total:                        1806    56        0      
                                                              
    C:\ti\ccs930\ccs\tools\compiler\ti-cgt-arm_18.12.5.LTS\lib\rtsv7M4_T_le_v4SPD16_eabi.lib
       _printfi.c.obj                4851    0         0      
       defs.c.obj                    0       0         832    
       memory.c.obj                  696     0         16     
       trgmsg.c.obj                  108     0         576    
       fd_add_t2.asm.obj             438     0         0      
       host_device.c.obj             0       0         400    
       fd_div_t2.asm.obj             310     0         0      
       fputs.c.obj                   276     0         0      
       s_scalbn.c.obj                272     0         0      
       fd_cmp_t2.asm.obj             268     0         0      
       ctype.c.obj                   0       257       0      
       fd_mul_t2.asm.obj             252     0         0      
       s_ceil.c.obj                  248     0         0      
       s_floor.c.obj                 248     0         0      
       setvbuf.c.obj                 220     0         0      
       s_round.c.obj                 192     0         0      
       memcpy_t2.asm.obj             156     0         0      
       ull_div_t2.asm.obj            150     0         0      
       fputc.c.obj                   140     0         0      
       memset_t2.asm.obj             122     0         0      
       fclose.c.obj                  116     0         0      
       getdevice.c.obj               116     0         0      
       hostopen.c.obj                96      0         16     
       printf.c.obj                  112     0         0      
       fd_tos_t2.asm.obj             110     0         0      
       hostrename.c.obj              108     0         0      
       copy_decompress_lzss.c.obj    104     0         0      
       hostlseek.c.obj               104     0         0      
       exit.c.obj                    76      0         24     
       fseek.c.obj                   100     0         0      
       s_frexp.c.obj                 100     0         0      
       _io_perm.c.obj                98      0         0      
       close.c.obj                   92      0         0      
       hostread.c.obj                88      0         0      
       hostwrite.c.obj               88      0         0      
       ltoa.c.obj                    84      0         0      
       atoi.c.obj                    76      0         0      
       fflush.c.obj                  76      0         0      
       fd_toi_t2.asm.obj             72      0         0      
       autoinit.c.obj                68      0         0      
       fd_tou_t2.asm.obj             68      0         0      
       hostclose.c.obj               68      0         0      
       hostunlink.c.obj              68      0         0      
       strncpy.c.obj                 54      0         0      
       boot_cortex_m.c.obj           52      0         0      
       fopen.c.obj                   52      0         0      
       i_tofd_t2.asm.obj             46      0         0      
       unlink.c.obj                  44      0         0      
       lseek.c.obj                   40      0         0      
       write.c.obj                   40      0         0      
       memchr.c.obj                  32      0         0      
       u_tofd_t2.asm.obj             32      0         0      
       memccpy.c.obj                 28      0         0      
       s_copysign.c.obj              26      0         0      
       strcmp.c.obj                  24      0         0      
       strchr.c.obj                  22      0         0      
       strcpy.c.obj                  20      0         0      
       strlen.c.obj                  20      0         0      
       _lock.c.obj                   2       0         16     
       wcslen.c.obj                  18      0         0      
       errno.c.obj                   8       0         8      
       copy_decompress_none.c.obj    14      0         0      
       copy_zero_init.c.obj          12      0         0      
       pre_init.c.obj                4       0         0      
       div0.asm.obj                  2       0         0      
    +--+-----------------------------+-------+---------+---------+
       Total:                        11627   257       1888   
                                                              
       Heap:                         0       0         4096   
       Stack:                        0       0         1024   
       Linker Generated:             0       155       0      
    +--+-----------------------------+-------+---------+---------+
       Grand Total:                  24943   1120      8392   


LINKER GENERATED COPY TABLES

__TI_cinit_table @ 000065e8 records: 2, size/record: 8, table size: 16
	.data: load addr=00006558, load size=00000077 bytes, run addr=20000c28, run size=0000023c bytes, compression=lzss
	.bss: load addr=000065e0, load size=00000008 bytes, run addr=20000800, run size=00000428 bytes, compression=zero_init


LINKER GENERATED HANDLER TABLE

__TI_handler_table @ 000065d0 records: 3, size/record: 4, table size: 12
	index: 0, handler: __TI_decompress_lzss
	index: 1, handler: __TI_decompress_none
	index: 2, handler: __TI_zero_init


GLOBAL SYMBOLS: SORTED ALPHABETICALLY BY Name 

address   name                                
-------   ----                                
00000b33  ADC14_IRQHandler                    
00000b33  AES256_IRQHandler                   
0000437d  BoardInitMcu                        
20000de0  Buffer                              
20000e44  BufferSize                          
00000b33  BusFault_Handler                    
0000626d  C$$EXIT                             
00005a1b  C$$IO$$                             
00000b33  COMP_E0_IRQHandler                  
00000b33  COMP_E1_IRQHandler                  
00000b33  CS_IRQHandler                       
20000e3c  DIO0Flag                            
20000e3d  DIO1Flag                            
20000e3e  DIO2Flag                            
20000e3f  DIO3Flag                            
20000e40  DIO4Flag                            
00000b33  DMA_ERR_IRQHandler                  
00000b33  DMA_INT0_IRQHandler                 
00000b33  DMA_INT1_IRQHandler                 
00000b33  DMA_INT2_IRQHandler                 
00000b33  DMA_INT3_IRQHandler                 
00000b33  DebugMon_Handler                    
00000b33  Default_Handler                     
0000504d  Delayms                             
00000b33  EUSCIA0_IRQHandler                  
00000b33  EUSCIA1_IRQHandler                  
00000b33  EUSCIA2_IRQHandler                  
00000b33  EUSCIA3_IRQHandler                  
00000b33  EUSCIB0_IRQHandler                  
00000b33  EUSCIB1_IRQHandler                  
00000b33  EUSCIB2_IRQHandler                  
00000b33  EUSCIB3_IRQHandler                  
00006089  EUSCI_A_SPI_enable                  
00005fc7  EUSCI_A_SPI_getInterruptStatus      
000061c7  EUSCI_A_SPI_receiveData             
0000609f  EUSCI_A_SPI_transmitData            
000060b5  EUSCI_B_SPI_enable                  
00005fdf  EUSCI_B_SPI_getInterruptStatus      
000061d7  EUSCI_B_SPI_receiveData             
000060cb  EUSCI_B_SPI_transmitData            
00000b33  FLCTL_IRQHandler                    
00000b33  FPU_IRQHandler                      
00006374  FskBandwidths                       
00005c71  GPIO_enableInterrupt                
000057c1  GPIO_setAsOutputPin                 
00005c99  GPIO_setOutputHighOnPin             
00005cc1  GPIO_setOutputLowOnPin              
00006151  GetBoardPowerSource                 
00004c85  GetFskBandwidthRegValue             
00005e21  GpioFlashLED                        
00005b2d  GpioInit                            
000020fd  GpioMcuInit                         
00003019  GpioMcuSetInterrupt                 
000055a1  GpioMcuWrite                        
00005f03  GpioSetInterrupt                    
000061e7  GpioWrite                           
000055e5  HOSTclose                           
00004a15  HOSTlseek                           
00004e15  HOSTopen                            
000050a5  HOSTread                            
0000493d  HOSTrename                          
00005629  HOSTunlink                          
000050fd  HOSTwrite                           
00000b33  HardFault_Handler                   
00004511  Interrupt_enableInterrupt           
20000be0  Led1                                
20000bf4  Led2                                
20000c08  Led3                                
00000b33  MemManage_Handler                   
00000b33  NMI_Handler                         
00004a7d  OnRxDone                            
00005ff9  OnRxError                           
00006011  OnRxTimeout                         
00005dd9  OnTxDone                            
00006029  OnTxTimeout                         
00000b33  PCM_IRQHandler                      
00000b33  PORT1_IRQHandler                    
00004591  PORT2_IRQHandler                    
00004591  PORT2_IRQHandler                    
00000b33  PORT3_IRQHandler                    
00000b33  PORT4_IRQHandler                    
00000b33  PORT5_IRQHandler                    
00000b33  PORT6_IRQHandler                    
00000b33  PSS_IRQHandler                      
00000b33  PendSV_Handler                      
000059b5  RFM_spi_read_write                  
00005e45  RTC_C_IRQHandler                    
00005e45  RTC_C_IRQHandler                    
000040b5  RTC_C_getEnabledInterruptStatus     
00004f95  RTC_C_getInterruptStatus            
00006424  Radio                               
00002479  RadioInit                           
000064c0  RadioRegsInit                       
20000e41  RadioTimeoutFlag                    
00006205  Reset_Handler                       
20000e46  RssiValue                           
00003d95  RxChainCalibration                  
00005f1f  SPI_enableModule                    
00005ce9  SPI_getInterruptStatus              
00003c33  SPI_initMaster                      
00005f3b  SPI_receiveData                     
00005db1  SPI_transmitData                    
00000b33  SVC_Handler                         
20000920  SX1276                              
00006211  SX1276CheckRfFrequency              
0000625d  SX1276GetBoardTcxoWakeupTime        
00006229  SX1276GetStatus                     
00000eed  SX1276GetTimeOnAir                  
00006241  SX1276GetWakeupTime                 
000041d9  SX1276Init                          
00003ce5  SX1276IoInit                        
00005155  SX1276IoIrqInit                     
00003e3d  SX1276IsChannelFree                 
00001285  SX1276OnDio0Irq                     
000025fd  SX1276OnDio1Irq                     
00002c85  SX1276OnDio2Irq                     
00005901  SX1276OnDio4Irq                     
00004f35  SX1276Random                        
00004e75  SX1276ReadBuffer                    
000060e1  SX1276ReadFifo                      
000049a9  SX1276ReadRssi                      
00005dfd  SX1276Reset                         
000028b9  SX1276Send                          
00005301  SX1276SetChannel                    
00005481  SX1276SetMaxPayloadLength           
00003ee1  SX1276SetModem                      
00005e65  SX1276SetOpMode                     
0000593d  SX1276SetPublicNetwork              
00002765  SX1276SetRfTxPower                  
00001ad1  SX1276SetRx                         
00000b35  SX1276SetRxConfig                   
00005f59  SX1276SetSleep                      
00006165  SX1276SetStby                       
00003acd  SX1276SetTx                         
00001575  SX1276SetTxConfig                   
00004265  SX1276SetTxContinuousWave           
0000566d  SX1276StartCad                      
00004ed5  SX1276WriteBuffer                   
000060f7  SX1276WriteFifo                     
20000e47  SnrValue                            
20000e42  State                               
00002477  SysTick_Handler                     
00002477  SysTick_Handler                     
0000468d  SystemInit                          
00000b33  T32_INT1_IRQHandler                 
00000b33  T32_INT2_IRQHandler                 
00000b33  T32_INTC_IRQHandler                 
00000b33  TA0_0_IRQHandler                    
00000b33  TA0_N_IRQHandler                    
00005e85  TA1_0_IRQHandler                    
00005e85  TA1_0_IRQHandler                    
00000b33  TA1_N_IRQHandler                    
00005b5d  TA2_0_IRQHandler                    
00005b5d  TA2_0_IRQHandler                    
00000b33  TA2_N_IRQHandler                    
00000b33  TA3_0_IRQHandler                    
00000b33  TA3_N_IRQHandler                    
00005979  TimerAInteruptInit                  
00005d11  TimerATimerInit                     
20000e5f  TimerInteruptFlag                   
00005bed  Timer_A_clearCaptureCompareInterrupt
0000610d  Timer_A_clearInterruptFlag          
00006041  Timer_A_clearTimer                  
00005a5d  Timer_A_configureContinuousMode     
00004ae5  Timer_A_configureUpMode             
00006059  Timer_A_enableInterrupt             
00005351  Timer_A_getCounterValue             
00006123  Timer_A_startCounter                
00006179  Timer_A_stopTimer                   
00000b33  UsageFault_Handler                  
4000480c  WDTCTL_SYM                          
00000b33  WDT_A_IRQHandler                    
20000800  __CIOBUF_                           
20010000  __STACK_END                         
00000200  __STACK_SIZE                        
00000800  __SYSMEM_SIZE                       
000065e8  __TI_CINIT_Base                     
000065f8  __TI_CINIT_Limit                    
000065d0  __TI_Handler_Table_Base             
000065dc  __TI_Handler_Table_Limit            
000056b1  __TI_auto_init_nobinit_nopinit      
00005a91  __TI_cleanup                        
20000e30  __TI_cleanup_ptr                    
0000477d  __TI_closefile                      
00004b4d  __TI_decompress_lzss                
000061f7  __TI_decompress_none                
0000539d  __TI_doflush                        
20000e34  __TI_dtors_ptr                      
20000e38  __TI_enable_exit_profile_output     
20000e20  __TI_ft_end                         
ffffffff  __TI_pprof_out_hndl                 
000000e5  __TI_printfi                        
ffffffff  __TI_prof_data_size                 
ffffffff  __TI_prof_data_start                
00005ac5  __TI_readmsg                        
00000000  __TI_static_base__                  
20000b24  __TI_tmpnams                        
000059ed  __TI_writemsg                       
00004db1  __TI_wrt_ok                         
00006235  __TI_zero_init                      
00004405  __aeabi_cdcmpeq                     
00004405  __aeabi_cdcmple                     
0000448b  __aeabi_cdrcmple                    
000048cf  __aeabi_d2f                         
00005511  __aeabi_d2iz                        
00005739  __aeabi_d2uiz                       
000022cb  __aeabi_dadd                        
00002dbd  __aeabi_ddiv                        
0000346d  __aeabi_dmul                        
000022c1  __aeabi_dsub                        
0000624d  __aeabi_errno_addr                  
00005bbd  __aeabi_i2d                         
00003ce3  __aeabi_idiv0                       
00003ce3  __aeabi_ldiv0                       
00004611  __aeabi_memclr                      
00004611  __aeabi_memclr4                     
00004611  __aeabi_memclr8                     
00003f81  __aeabi_memcpy                      
00003f81  __aeabi_memcpy4                     
00003f81  __aeabi_memcpy8                     
00004613  __aeabi_memset                      
00004613  __aeabi_memset4                     
00004613  __aeabi_memset8                     
20000e2c  __aeabi_stderr                      
20000e24  __aeabi_stdin                       
20000e28  __aeabi_stdout                      
00005ec5  __aeabi_ui2d                        
0000401d  __aeabi_uldivmod                    
ffffffff  __binit__                           
ffffffff  __c_args__                          
UNDEFED   __mpu_init                          
2000fe00  __stack                             
00005af9  _c_int00_noargs                     
00006270  _ctypes_                            
20000d18  _device                             
20000c28  _ftable                             
20000e48  _lock                               
00002ef3  _nop                                
20000d90  _stream                             
20000000  _sys_memory                         
UNDEFED   _system_post_cinit                  
00006269  _system_pre_init                    
20000e4c  _unlock                             
0000626d  abort                               
00003131  aligned_alloc                       
000053e9  atoi                                
ffffffff  binit                               
20000e58  buffer                              
00003569  ceil                                
00003569  ceill                               
00004ff1  close                               
0000653c  contConfig0                         
00005fad  copysign                            
00005fad  copysignl                           
00004c1d  crc8                                
00005435  createAlohaPacket                   
20000e60  errno                               
000054c9  exit                                
00005b8d  finddevice                          
00003661  floor                               
00003661  floorl                              
000042f1  fputc                               
00003249  fputs                               
0000384d  free                                
00004ce9  frexp                               
00004ce9  frexpl                              
00004d4d  fseek                               
00005801  getTiming                           
000056f5  getdevice                           
00000000  interruptVectors                    
0000335d  ldexp                               
0000335d  ldexpl                              
00005d61  lseek                               
0000525b  ltoa                                
00003759  main                                
00006255  malloc                              
00003131  memalign                            
00005f91  memccpy                             
00005ea5  memchr                              
00003f81  memcpy                              
00004619  memset                              
20000c1c  parmbuf                             
00004bb5  printf                              
000042f1  putc                                
00005c45  remove                              
00003a0d  round                               
00003a0d  roundl                              
0000335d  scalbn                              
0000335d  scalbnl                             
00004705  sendALOHAmessage                    
20000e5e  seqid                               
00003931  setvbuf                             
000064f0  spiMasterConfig                     
00005559  spiRead_RFM                         
0000577d  spiWrite_RFM                        
00005881  spi_open                            
00004149  startLoRaTimer                      
00005ee5  startTiming                         
00005c19  stopLoRaTimer                       
000051ad  stopTiming                          
00006139  strchr                              
00006071  strcmp                              
0000618d  strcpy                              
000061a1  strlen                              
00005a25  strncpy                             
00005c45  unlink                              
00006524  upConfig                            
000061b5  wcslen                              
00005d89  write                               


GLOBAL SYMBOLS: SORTED BY Symbol Address 

address   name                                
-------   ----                                
00000000  __TI_static_base__                  
00000000  interruptVectors                    
000000e5  __TI_printfi                        
00000200  __STACK_SIZE                        
00000800  __SYSMEM_SIZE                       
00000b33  ADC14_IRQHandler                    
00000b33  AES256_IRQHandler                   
00000b33  BusFault_Handler                    
00000b33  COMP_E0_IRQHandler                  
00000b33  COMP_E1_IRQHandler                  
00000b33  CS_IRQHandler                       
00000b33  DMA_ERR_IRQHandler                  
00000b33  DMA_INT0_IRQHandler                 
00000b33  DMA_INT1_IRQHandler                 
00000b33  DMA_INT2_IRQHandler                 
00000b33  DMA_INT3_IRQHandler                 
00000b33  DebugMon_Handler                    
00000b33  Default_Handler                     
00000b33  EUSCIA0_IRQHandler                  
00000b33  EUSCIA1_IRQHandler                  
00000b33  EUSCIA2_IRQHandler                  
00000b33  EUSCIA3_IRQHandler                  
00000b33  EUSCIB0_IRQHandler                  
00000b33  EUSCIB1_IRQHandler                  
00000b33  EUSCIB2_IRQHandler                  
00000b33  EUSCIB3_IRQHandler                  
00000b33  FLCTL_IRQHandler                    
00000b33  FPU_IRQHandler                      
00000b33  HardFault_Handler                   
00000b33  MemManage_Handler                   
00000b33  NMI_Handler                         
00000b33  PCM_IRQHandler                      
00000b33  PORT1_IRQHandler                    
00000b33  PORT3_IRQHandler                    
00000b33  PORT4_IRQHandler                    
00000b33  PORT5_IRQHandler                    
00000b33  PORT6_IRQHandler                    
00000b33  PSS_IRQHandler                      
00000b33  PendSV_Handler                      
00000b33  SVC_Handler                         
00000b33  T32_INT1_IRQHandler                 
00000b33  T32_INT2_IRQHandler                 
00000b33  T32_INTC_IRQHandler                 
00000b33  TA0_0_IRQHandler                    
00000b33  TA0_N_IRQHandler                    
00000b33  TA1_N_IRQHandler                    
00000b33  TA2_N_IRQHandler                    
00000b33  TA3_0_IRQHandler                    
00000b33  TA3_N_IRQHandler                    
00000b33  UsageFault_Handler                  
00000b33  WDT_A_IRQHandler                    
00000b35  SX1276SetRxConfig                   
00000eed  SX1276GetTimeOnAir                  
00001285  SX1276OnDio0Irq                     
00001575  SX1276SetTxConfig                   
00001ad1  SX1276SetRx                         
000020fd  GpioMcuInit                         
000022c1  __aeabi_dsub                        
000022cb  __aeabi_dadd                        
00002477  SysTick_Handler                     
00002477  SysTick_Handler                     
00002479  RadioInit                           
000025fd  SX1276OnDio1Irq                     
00002765  SX1276SetRfTxPower                  
000028b9  SX1276Send                          
00002c85  SX1276OnDio2Irq                     
00002dbd  __aeabi_ddiv                        
00002ef3  _nop                                
00003019  GpioMcuSetInterrupt                 
00003131  aligned_alloc                       
00003131  memalign                            
00003249  fputs                               
0000335d  ldexp                               
0000335d  ldexpl                              
0000335d  scalbn                              
0000335d  scalbnl                             
0000346d  __aeabi_dmul                        
00003569  ceil                                
00003569  ceill                               
00003661  floor                               
00003661  floorl                              
00003759  main                                
0000384d  free                                
00003931  setvbuf                             
00003a0d  round                               
00003a0d  roundl                              
00003acd  SX1276SetTx                         
00003c33  SPI_initMaster                      
00003ce3  __aeabi_idiv0                       
00003ce3  __aeabi_ldiv0                       
00003ce5  SX1276IoInit                        
00003d95  RxChainCalibration                  
00003e3d  SX1276IsChannelFree                 
00003ee1  SX1276SetModem                      
00003f81  __aeabi_memcpy                      
00003f81  __aeabi_memcpy4                     
00003f81  __aeabi_memcpy8                     
00003f81  memcpy                              
0000401d  __aeabi_uldivmod                    
000040b5  RTC_C_getEnabledInterruptStatus     
00004149  startLoRaTimer                      
000041d9  SX1276Init                          
00004265  SX1276SetTxContinuousWave           
000042f1  fputc                               
000042f1  putc                                
0000437d  BoardInitMcu                        
00004405  __aeabi_cdcmpeq                     
00004405  __aeabi_cdcmple                     
0000448b  __aeabi_cdrcmple                    
00004511  Interrupt_enableInterrupt           
00004591  PORT2_IRQHandler                    
00004591  PORT2_IRQHandler                    
00004611  __aeabi_memclr                      
00004611  __aeabi_memclr4                     
00004611  __aeabi_memclr8                     
00004613  __aeabi_memset                      
00004613  __aeabi_memset4                     
00004613  __aeabi_memset8                     
00004619  memset                              
0000468d  SystemInit                          
00004705  sendALOHAmessage                    
0000477d  __TI_closefile                      
000048cf  __aeabi_d2f                         
0000493d  HOSTrename                          
000049a9  SX1276ReadRssi                      
00004a15  HOSTlseek                           
00004a7d  OnRxDone                            
00004ae5  Timer_A_configureUpMode             
00004b4d  __TI_decompress_lzss                
00004bb5  printf                              
00004c1d  crc8                                
00004c85  GetFskBandwidthRegValue             
00004ce9  frexp                               
00004ce9  frexpl                              
00004d4d  fseek                               
00004db1  __TI_wrt_ok                         
00004e15  HOSTopen                            
00004e75  SX1276ReadBuffer                    
00004ed5  SX1276WriteBuffer                   
00004f35  SX1276Random                        
00004f95  RTC_C_getInterruptStatus            
00004ff1  close                               
0000504d  Delayms                             
000050a5  HOSTread                            
000050fd  HOSTwrite                           
00005155  SX1276IoIrqInit                     
000051ad  stopTiming                          
0000525b  ltoa                                
00005301  SX1276SetChannel                    
00005351  Timer_A_getCounterValue             
0000539d  __TI_doflush                        
000053e9  atoi                                
00005435  createAlohaPacket                   
00005481  SX1276SetMaxPayloadLength           
000054c9  exit                                
00005511  __aeabi_d2iz                        
00005559  spiRead_RFM                         
000055a1  GpioMcuWrite                        
000055e5  HOSTclose                           
00005629  HOSTunlink                          
0000566d  SX1276StartCad                      
000056b1  __TI_auto_init_nobinit_nopinit      
000056f5  getdevice                           
00005739  __aeabi_d2uiz                       
0000577d  spiWrite_RFM                        
000057c1  GPIO_setAsOutputPin                 
00005801  getTiming                           
00005881  spi_open                            
00005901  SX1276OnDio4Irq                     
0000593d  SX1276SetPublicNetwork              
00005979  TimerAInteruptInit                  
000059b5  RFM_spi_read_write                  
000059ed  __TI_writemsg                       
00005a1b  C$$IO$$                             
00005a25  strncpy                             
00005a5d  Timer_A_configureContinuousMode     
00005a91  __TI_cleanup                        
00005ac5  __TI_readmsg                        
00005af9  _c_int00_noargs                     
00005b2d  GpioInit                            
00005b5d  TA2_0_IRQHandler                    
00005b5d  TA2_0_IRQHandler                    
00005b8d  finddevice                          
00005bbd  __aeabi_i2d                         
00005bed  Timer_A_clearCaptureCompareInterrupt
00005c19  stopLoRaTimer                       
00005c45  remove                              
00005c45  unlink                              
00005c71  GPIO_enableInterrupt                
00005c99  GPIO_setOutputHighOnPin             
00005cc1  GPIO_setOutputLowOnPin              
00005ce9  SPI_getInterruptStatus              
00005d11  TimerATimerInit                     
00005d61  lseek                               
00005d89  write                               
00005db1  SPI_transmitData                    
00005dd9  OnTxDone                            
00005dfd  SX1276Reset                         
00005e21  GpioFlashLED                        
00005e45  RTC_C_IRQHandler                    
00005e45  RTC_C_IRQHandler                    
00005e65  SX1276SetOpMode                     
00005e85  TA1_0_IRQHandler                    
00005e85  TA1_0_IRQHandler                    
00005ea5  memchr                              
00005ec5  __aeabi_ui2d                        
00005ee5  startTiming                         
00005f03  GpioSetInterrupt                    
00005f1f  SPI_enableModule                    
00005f3b  SPI_receiveData                     
00005f59  SX1276SetSleep                      
00005f91  memccpy                             
00005fad  copysign                            
00005fad  copysignl                           
00005fc7  EUSCI_A_SPI_getInterruptStatus      
00005fdf  EUSCI_B_SPI_getInterruptStatus      
00005ff9  OnRxError                           
00006011  OnRxTimeout                         
00006029  OnTxTimeout                         
00006041  Timer_A_clearTimer                  
00006059  Timer_A_enableInterrupt             
00006071  strcmp                              
00006089  EUSCI_A_SPI_enable                  
0000609f  EUSCI_A_SPI_transmitData            
000060b5  EUSCI_B_SPI_enable                  
000060cb  EUSCI_B_SPI_transmitData            
000060e1  SX1276ReadFifo                      
000060f7  SX1276WriteFifo                     
0000610d  Timer_A_clearInterruptFlag          
00006123  Timer_A_startCounter                
00006139  strchr                              
00006151  GetBoardPowerSource                 
00006165  SX1276SetStby                       
00006179  Timer_A_stopTimer                   
0000618d  strcpy                              
000061a1  strlen                              
000061b5  wcslen                              
000061c7  EUSCI_A_SPI_receiveData             
000061d7  EUSCI_B_SPI_receiveData             
000061e7  GpioWrite                           
000061f7  __TI_decompress_none                
00006205  Reset_Handler                       
00006211  SX1276CheckRfFrequency              
00006229  SX1276GetStatus                     
00006235  __TI_zero_init                      
00006241  SX1276GetWakeupTime                 
0000624d  __aeabi_errno_addr                  
00006255  malloc                              
0000625d  SX1276GetBoardTcxoWakeupTime        
00006269  _system_pre_init                    
0000626d  C$$EXIT                             
0000626d  abort                               
00006270  _ctypes_                            
00006374  FskBandwidths                       
00006424  Radio                               
000064c0  RadioRegsInit                       
000064f0  spiMasterConfig                     
00006524  upConfig                            
0000653c  contConfig0                         
000065d0  __TI_Handler_Table_Base             
000065dc  __TI_Handler_Table_Limit            
000065e8  __TI_CINIT_Base                     
000065f8  __TI_CINIT_Limit                    
20000000  _sys_memory                         
20000800  __CIOBUF_                           
20000920  SX1276                              
20000b24  __TI_tmpnams                        
20000be0  Led1                                
20000bf4  Led2                                
20000c08  Led3                                
20000c1c  parmbuf                             
20000c28  _ftable                             
20000d18  _device                             
20000d90  _stream                             
20000de0  Buffer                              
20000e20  __TI_ft_end                         
20000e24  __aeabi_stdin                       
20000e28  __aeabi_stdout                      
20000e2c  __aeabi_stderr                      
20000e30  __TI_cleanup_ptr                    
20000e34  __TI_dtors_ptr                      
20000e38  __TI_enable_exit_profile_output     
20000e3c  DIO0Flag                            
20000e3d  DIO1Flag                            
20000e3e  DIO2Flag                            
20000e3f  DIO3Flag                            
20000e40  DIO4Flag                            
20000e41  RadioTimeoutFlag                    
20000e42  State                               
20000e44  BufferSize                          
20000e46  RssiValue                           
20000e47  SnrValue                            
20000e48  _lock                               
20000e4c  _unlock                             
20000e58  buffer                              
20000e5e  seqid                               
20000e5f  TimerInteruptFlag                   
20000e60  errno                               
2000fe00  __stack                             
20010000  __STACK_END                         
4000480c  WDTCTL_SYM                          
ffffffff  __TI_pprof_out_hndl                 
ffffffff  __TI_prof_data_size                 
ffffffff  __TI_prof_data_start                
ffffffff  __binit__                           
ffffffff  __c_args__                          
ffffffff  binit                               
UNDEFED   __mpu_init                          
UNDEFED   _system_post_cinit                  

[309 symbols]
