******************************************************************************
                  TI ARM Linker Unix v20.2.1                   
******************************************************************************
>> Linked Fri Aug  7 11:30:36 2020

OUTPUT FILE NAME:   <Meesters.out>
ENTRY POINT SYMBOL: "_c_int00_noargs"  address: 0000700d


MEMORY CONFIGURATION

         name            origin    length      used     unused   attr    fill
----------------------  --------  ---------  --------  --------  ----  --------
  MAIN                  00000000   00040000  00007df6  0003820a  R  X
  INFO                  00200000   00004000  00000000  00004000  R  X
  SRAM_CODE             01000000   00010000  00001099  0000ef67  RW X
  SRAM_DATA             20000000   00010000  00001099  0000ef67  RW  


SEGMENT ALLOCATION MAP

run origin  load origin   length   init length attrs members
----------  ----------- ---------- ----------- ----- -------
00000000    00000000    00007e00   00007e00    r-x
  00000000    00000000    000000e4   000000e4    r-- .intvecs
  000000e8    000000e8    0000796a   0000796a    r-x .text
  00007a54    00007a54    00000308   00000308    r-- .const
  00007d60    00007d60    000000a0   000000a0    r-- .cinit
20000000    20000000    00000e99   00000000    rw-
  20000000    20000000    00000800   00000000    rw- .sysmem
  20000800    20000800    00000498   00000000    rw- .bss
  20000c98    20000c98    00000201   00000000    rw- .data
2000fe00    2000fe00    00000200   00000000    rw-
  2000fe00    2000fe00    00000200   00000000    rw- .stack


SECTION ALLOCATION MAP

 output                                  attributes/
section   page    origin      length       input sections
--------  ----  ----------  ----------   ----------------
.intvecs   0    00000000    000000e4     
                  00000000    000000e4     startup_msp432p401r_ccs.obj (.intvecs:retain)

.text      0    000000e8    0000796a     
                  000000e8    00000a4e     rtsv7M4_T_le_v4SPD16_eabi.lib : _printfi.c.obj (.text:__TI_printfi)
                  00000b36    00000002                                   : _lock.c.obj (.text:_nop)
                  00000b38    000004e8     my_RFM9x.obj (.text:SX1276OnDio0Irq)
                  00001020    0000041e     my_RFM9x.obj (.text:SX1276SetRxConfig)
                  0000143e    00000002     rtsv7M4_T_le_v4SPD16_eabi.lib : div0.asm.obj (.text)
                  00001440    00000400     my_RFM9x.obj (.text:SX1276GetTimeOnAir)
                  00001840    00000336     my_RFM9x.obj (.text:SX1276SetTxConfig)
                  00001b76    00000002     --HOLE-- [fill = 0]
                  00001b78    000002f2     my_RFM9x.obj (.text:SX1276SetRx)
                  00001e6a    00000004     rtsv7M4_T_le_v4SPD16_eabi.lib : printf.c.obj (.text:_outc)
                  00001e6e    00000002     --HOLE-- [fill = 0]
                  00001e70    00000284     board.obj (.text:BoardUnusedIoInit)
                  000020f4    00000270     rtsv7M4_T_le_v4SPD16_eabi.lib : _printfi.c.obj (.text:_pconv_a)
                  00002364    00000004                                   : printf.c.obj (.text:_outs)
                  00002368    00000260     my_RFM9x.obj (.text:SX1276OnDio1Irq)
                  000025c8    000001fa     gpio-board.obj (.text:GpioMcuInit)
                  000027c2    00000002     --HOLE-- [fill = 0]
                  000027c4    000001d0     rtsv7M4_T_le_v4SPD16_eabi.lib : _printfi.c.obj (.text:_pconv_g)
                  00002994    00000004                                   : pre_init.c.obj (.text:_system_pre_init)
                  00002998    000001c0     main.obj (.text:RadioInit)
                  00002b58    000001b6     rtsv7M4_T_le_v4SPD16_eabi.lib : fd_add_t2.asm.obj (.text)
                  00002d0e    00000002     --HOLE-- [fill = 0]
                  00002d10    00000198     my_RFM9x.obj (.text:SX1276OnDio2Irq)
                  00002ea8    00000198     my_RFM9x.obj (.text:SX1276Send)
                  00003040    0000018e     my_RFM9x.obj (.text:SX1276OnTimeoutIrq)
                  000031ce    00000002     --HOLE-- [fill = 0]
                  000031d0    0000016e     timer.obj (.text:TimerIrqHandler)
                  0000333e    00000002     --HOLE-- [fill = 0]
                  00003340    0000015c     sx1276-board.obj (.text:SX1276SetRfTxPower)
                  0000349c    00000004     rtsv7M4_T_le_v4SPD16_eabi.lib : exit.c.obj (.text:abort:abort)
                  000034a0    00000158     gpio-board.obj (.text:GpioMcuSetInterrupt)
                  000035f8    00000144     msp432p4xx_driverlib.lib : timer_a.o (.text:privateTimer_AProcessClockSourceDivider)
                  0000373c    00000004     --HOLE-- [fill = 0]
                  00003740    0000013c     timer.obj (.text:TimerStop)
                  0000387c    0000013c     rtsv7M4_T_le_v4SPD16_eabi.lib : _printfi.c.obj (.text:_pconv_e)
                  000039b8    00000136                                   : fd_div_t2.asm.obj (.text)
                  00003aee    00000002     --HOLE-- [fill = 0]
                  00003af0    00000124                                   : _printfi.c.obj (.text:fcvt)
                  00003c14    00000114                                   : fputs.c.obj (.text:fputs)
                  00003d28    00000110                                   : s_scalbn.c.obj (.text:scalbn)
                  00003e38    00000108                                   : memory.c.obj (.text:aligned_alloc)
                  00003f40    00000104     msp432p4xx_driverlib.lib : cs.o (.text:_CSComputeCLKFrequency)
                  00004044    000000fc     rtsv7M4_T_le_v4SPD16_eabi.lib : fd_mul_t2.asm.obj (.text)
                  00004140    000000f8     msp432p4xx_driverlib.lib : cs.o (.text:CS_getDCOFrequency)
                  00004238    000000f8     rtsv7M4_T_le_v4SPD16_eabi.lib : s_ceil.c.obj (.text:ceil)
                  00004330    000000f8                                   : s_floor.c.obj (.text:floor)
                  00004428    000000e4                                   : memory.c.obj (.text:free)
                  0000450c    000000e0     msp432p4xx_driverlib.lib : cs.o (.text:CS_startLFXTWithTimeout)
                  000045ec    000000dc     rtsv7M4_T_le_v4SPD16_eabi.lib : setvbuf.c.obj (.text:setvbuf)
                  000046c8    000000da     board.obj (.text:BoardInitMcu)
                  000047a2    00000006     --HOLE-- [fill = 0]
                  000047a8    000000d7     main.obj (.text:main)
                  0000487f    00000001     --HOLE-- [fill = 0]
                  00004880    000000d6     my_RFM9x.obj (.text:SX1276Init)
                  00004956    00000002     --HOLE-- [fill = 0]
                  00004958    000000ce     my_RFM9x.obj (.text:SX1276SetTx)
                  00004a26    00000002     --HOLE-- [fill = 0]
                  00004a28    000000c8     my_RFM9x.obj (.text:RxChainCalibration)
                  00004af0    000000c4     sx1276-board.obj (.text:SX1276IoInit)
                  00004bb4    00000004     --HOLE-- [fill = 0]
                  00004bb8    000000c4     my_RFM9x.obj (.text:SX1276SetModem)
                  00004c7c    000000c0     rtsv7M4_T_le_v4SPD16_eabi.lib : s_round.c.obj (.text:round)
                  00004d3c    000000b1                                   : _printfi.c.obj (.text:_ltostr)
                  00004ded    00000001     --HOLE-- [fill = 0]
                  00004dee    000000b0     msp432p4xx_driverlib.lib : spi.o (.text:SPI_initMaster)
                  00004e9e    00000002     --HOLE-- [fill = 0]
                  00004ea0    0000009e     system_msp432p401r.obj (.text:SystemInit)
                  00004f3e    00000002     --HOLE-- [fill = 0]
                  00004f40    0000009d     main.obj (.text:PORT2_IRQHandler)
                  00004fdd    00000001     --HOLE-- [fill = 0]
                  00004fde    0000009c     rtsv7M4_T_le_v4SPD16_eabi.lib : memcpy_t2.asm.obj (.text)
                  0000507a    00000006     --HOLE-- [fill = 0]
                  00005080    0000009a     my_rtc.obj (.text:RtcInit)
                  0000511a    00000006     --HOLE-- [fill = 0]
                  00005120    0000009a     board.obj (.text:SystemClockConfig)
                  000051ba    00000006     --HOLE-- [fill = 0]
                  000051c0    00000098     timer.obj (.text:TimerStart)
                  00005258    00000096     rtsv7M4_T_le_v4SPD16_eabi.lib : ull_div_t2.asm.obj (.text)
                  000052ee    00000002     --HOLE-- [fill = 0]
                  000052f0    00000094     msp432p4xx_driverlib.lib : rtc_c.o (.text:RTC_C_getEnabledInterruptStatus)
                  00005384    00000094                              : sysctl_a.o (.text:SysCtl_A_getTLVInfo)
                  00005418    00000090     my_RFM9x.obj (.text:SX1276IsChannelFree)
                  000054a8    0000008f     main.obj (.text:OnRxDone)
                  00005537    00000001     --HOLE-- [fill = 0]
                  00005538    0000008c     rtsv7M4_T_le_v4SPD16_eabi.lib : fputc.c.obj (.text:fputc)
                  000055c4    00000086                                   : fd_cmp_t2.asm.obj (.text:__aeabi_cdcmple)
                  0000564a    00000086                                   : fd_cmp_t2.asm.obj (.text:__aeabi_cdrcmple)
                  000056d0    00000080     msp432p4xx_driverlib.lib : interrupt.o (.text:Interrupt_enableInterrupt)
                  00005750    0000007e     my_spi.obj (.text:spi_read_write)
                  000057ce    00000002     --HOLE-- [fill = 0]
                  000057d0    0000007c     msp432p4xx_driverlib.lib : cs.o (.text:_CSGetDOCFrequency)
                  0000584c    0000007a     rtsv7M4_T_le_v4SPD16_eabi.lib : memset_t2.asm.obj (.text)
                  000058c6    00000002     --HOLE-- [fill = 0]
                  000058c8    00000078     my_RFM9x.obj (.text:GetFskBandwidthRegValue)
                  00005940    00000078     my_RFM9x.obj (.text:SX1276ReadBuffer)
                  000059b8    00000076     my_RFM9x.obj (.text:SX1276ReadRssi)
                  00005a2e    00000002     --HOLE-- [fill = 0]
                  00005a30    00000076     my_RFM9x.obj (.text:SX1276WriteBuffer)
                  00005aa6    00000002     --HOLE-- [fill = 0]
                  00005aa8    00000074     rtsv7M4_T_le_v4SPD16_eabi.lib : fclose.c.obj (.text:__TI_closefile)
                  00005b1c    00000004     --HOLE-- [fill = 0]
                  00005b20    00000072     my_spi.obj (.text:spi_open)
                  00005b92    00000006     --HOLE-- [fill = 0]
                  00005b98    00000070     my_RFM9x.obj (.text:SX1276SetChannel)
                  00005c08    00000070     rtsv7M4_T_le_v4SPD16_eabi.lib : memory.c.obj (.text:split)
                  00005c78    0000006e                                   : _printfi.c.obj (.text:_mcpy)
                  00005ce6    00000002     --HOLE-- [fill = 0]
                  00005ce8    0000006c                                   : hostrename.c.obj (.text:HOSTrename)
                  00005d54    00000068                                   : hostlseek.c.obj (.text:HOSTlseek)
                  00005dbc    00000004     --HOLE-- [fill = 0]
                  00005dc0    00000068     my_RFM9x.obj (.text:SX1276Random)
                  00005e28    00000068     timer.obj (.text:TimerInsertTimer)
                  00005e90    00000068     msp432p4xx_driverlib.lib : timer_a.o (.text:Timer_A_configureUpMode)
                  00005ef8    00000068     rtsv7M4_T_le_v4SPD16_eabi.lib : copy_decompress_lzss.c.obj (.text:decompress:lzss:__TI_decompress_lzss)
                  00005f60    00000068                                   : printf.c.obj (.text:printf)
                  00005fc8    00000068     my_timer.obj (.text:startLoRaTimer)
                  00006030    00000064     msp432p4xx_driverlib.lib : rtc_c.o (.text:RTC_C_enableInterrupt)
                  00006094    00000004     --HOLE-- [fill = 0]
                  00006098    00000064     sx1276-board.obj (.text:SX1276IoIrqInit)
                  000060fc    00000064     rtsv7M4_T_le_v4SPD16_eabi.lib : s_frexp.c.obj (.text:frexp)
                  00006160    00000064                                   : fseek.c.obj (.text:fseek)
                  000061c4    00000062     msp432p4xx_driverlib.lib : cs.o (.text:_CSGetDividerValue)
                  00006226    00000062     rtsv7M4_T_le_v4SPD16_eabi.lib : _io_perm.c.obj (.text:__TI_wrt_ok)
                  00006288    00000060                                   : hostopen.c.obj (.text:HOSTopen)
                  000062e8    0000005c     msp432p4xx_driverlib.lib : rtc_c.o (.text:RTC_C_getInterruptStatus)
                  00006344    0000005c     rtsv7M4_T_le_v4SPD16_eabi.lib : close.c.obj (.text:close)
                  000063a0    00000058     gpio-board.obj (.text:GpioMcuWrite)
                  000063f8    00000058     rtsv7M4_T_le_v4SPD16_eabi.lib : hostread.c.obj (.text:HOSTread)
                  00006450    00000058                                   : hostwrite.c.obj (.text:HOSTwrite)
                  000064a8    00000056                                   : _printfi.c.obj (.text:_pconv_f)
                  000064fe    00000002     --HOLE-- [fill = 0]
                  00006500    00000054     my_rtc.obj (.text:RTC_C_IRQHandler)
                  00006554    00000054     rtsv7M4_T_le_v4SPD16_eabi.lib : _ltoa.c.obj (.text:__TI_ltoa)
                  000065a8    00000052                                   : _printfi.c.obj (.text:_ecpy)
                  000065fa    00000006     --HOLE-- [fill = 0]
                  00006600    00000052     my_spi.obj (.text:spiWrite_RFM)
                  00006652    00000006     --HOLE-- [fill = 0]
                  00006658    0000004e     my_timer.obj (.text:SetAlarm)
                  000066a6    0000004e     msp432p4xx_driverlib.lib : timer_a.o (.text:Timer_A_initCompare)
                  000066f4    00000004     --HOLE-- [fill = 0]
                  000066f8    0000004e     my_spi.obj (.text:spiRead_RFM)
                  00006746    00000002     --HOLE-- [fill = 0]
                  00006748    0000004c     my_RFM9x.obj (.text:SX1276SetMaxPayloadLength)
                  00006794    0000004c     msp432p4xx_driverlib.lib : timer_a.o (.text:Timer_A_getCounterValue)
                  000067e0    0000004c     rtsv7M4_T_le_v4SPD16_eabi.lib : fflush.c.obj (.text:__TI_doflush)
                  0000682c    0000004c                                   : atoi.c.obj (.text:atoi)
                  00006878    0000004a     my_timer.obj (.text:Delayms)
                  000068c2    00000002     --HOLE-- [fill = 0]
                  000068c4    00000048     rtsv7M4_T_le_v4SPD16_eabi.lib : exit.c.obj (.text:exit)
                  0000690c    00000048                                   : fd_toi_t2.asm.obj (.text)
                  00006954    00000004     --HOLE-- [fill = 0]
                  00006958    00000046     my_RFM9x.obj (.text:SX1276StartCad)
                  0000699e    00000002     --HOLE-- [fill = 0]
                  000069a0    00000044     rtsv7M4_T_le_v4SPD16_eabi.lib : hostclose.c.obj (.text:HOSTclose)
                  000069e4    00000044                                   : hostunlink.c.obj (.text:HOSTunlink)
                  00006a28    00000044                                   : autoinit.c.obj (.text:__TI_auto_init_nobinit_nopinit:__TI_auto_init_nobinit_nopinit)
                  00006a6c    00000044                                   : getdevice.c.obj (.text:getdevice)
                  00006ab0    00000044                                   : fd_tou_t2.asm.obj (.text)
                  00006af4    00000004     --HOLE-- [fill = 0]
                  00006af8    00000044     my_timer.obj (.text:stopDelayTimer)
                  00006b3c    00000004     --HOLE-- [fill = 0]
                  00006b40    00000042     main.obj (.text:OnRxTimeout)
                  00006b82    00000006     --HOLE-- [fill = 0]
                  00006b88    00000042     timer.obj (.text:TimerInsertNewHeadTimer)
                  00006bca    00000002     --HOLE-- [fill = 0]
                  00006bcc    00000040     msp432p4xx_driverlib.lib : gpio.o (.text:GPIO_setAsOutputPin)
                  00006c0c    00000004     --HOLE-- [fill = 0]
                  00006c10    00000040     my_RFM9x.obj (.text:SX1276SetSleep)
                  00006c50    00000040     msp432p4xx_driverlib.lib : spi.o (.text:is_A_Module)
                  00006c90    00000040     my_timer.obj (.text:stopLoRaTimer)
                  00006cd0    0000003e     rtsv7M4_T_le_v4SPD16_eabi.lib : _printfi.c.obj (.text:_fcpy)
                  00006d0e    00000002     --HOLE-- [fill = 0]
                  00006d10    0000003c     my_RFM9x.obj (.text:SX1276SetPublicNetwork)
                  00006d4c    00000004     --HOLE-- [fill = 0]
                  00006d50    0000003c     timer.obj (.text:TimerSetTimeout)
                  00006d8c    00000004     --HOLE-- [fill = 0]
                  00006d90    0000003c     timer.obj (.text:TimerSetValue)
                  00006dcc    00000004     --HOLE-- [fill = 0]
                  00006dd0    0000003c     my_timer.obj (.text:resetTimerAcounterValue)
                  00006e0c    00000004     --HOLE-- [fill = 0]
                  00006e10    0000003a     my_RFM9x.obj (.text:SX1276SetStby)
                  00006e4a    00000006     --HOLE-- [fill = 0]
                  00006e50    0000003a     timer.obj (.text:TimerExists)
                  00006e8a    00000002     --HOLE-- [fill = 0]
                  00006e8c    00000038     rtsv7M4_T_le_v4SPD16_eabi.lib : trgmsg.c.obj (.text:__TI_writemsg)
                  00006ec4    00000004     --HOLE-- [fill = 0]
                  00006ec8    00000038     my_timer.obj (.text:getDelayTimerValue)
                  00006f00    00000036     timer.obj (.text:TimerInit)
                  00006f36    00000036     rtsv7M4_T_le_v4SPD16_eabi.lib : strncpy.c.obj (.text:strncpy)
                  00006f6c    00000004     --HOLE-- [fill = 0]
                  00006f70    00000034     my_gpio.obj (.text:GpioInit)
                  00006fa4    00000034     rtsv7M4_T_le_v4SPD16_eabi.lib : fopen.c.obj (.text:__TI_cleanup)
                  00006fd8    00000034                                   : trgmsg.c.obj (.text:__TI_readmsg)
                  0000700c    00000034                                   : boot_cortex_m.c.obj (.text:_c_int00_noargs:_c_int00_noargs)
                  00007040    00000030     msp432p4xx_driverlib.lib : cs.o (.text:CS_clearInterruptFlag)
                  00007070    00000030     rtsv7M4_T_le_v4SPD16_eabi.lib : getdevice.c.obj (.text:finddevice)
                  000070a0    0000002e     my_timer.obj (.text:DelayTimerInit)
                  000070ce    00000002     --HOLE-- [fill = 0]
                  000070d0    0000002e     main.obj (.text:OnTxTimeout)
                  000070fe    0000002e     rtsv7M4_T_le_v4SPD16_eabi.lib : i_tofd_t2.asm.obj (.text)
                  0000712c    00000004     --HOLE-- [fill = 0]
                  00007130    0000002e     my_timer.obj (.text:startDelayTimer)
                  0000715e    00000002     --HOLE-- [fill = 0]
                  00007160    0000002c     main.obj (.text:OnRxError)
                  0000718c    00000004     --HOLE-- [fill = 0]
                  00007190    0000002c     sx1276-board.obj (.text:SX1276Reset)
                  000071bc    00000004     --HOLE-- [fill = 0]
                  000071c0    0000002c     my_timer.obj (.text:TA2_0_IRQHandler)
                  000071ec    00000004     --HOLE-- [fill = 0]
                  000071f0    0000002c     timer.obj (.text:TimerGetElapsedTime)
                  0000721c    0000002c     msp432p4xx_driverlib.lib : timer_a.o (.text:Timer_A_clearCaptureCompareInterrupt)
                  00007248    0000002c     rtsv7M4_T_le_v4SPD16_eabi.lib : unlink.c.obj (.text:unlink)
                  00007274    00000004     --HOLE-- [fill = 0]
                  00007278    0000002b     main.obj (.text:OnTxDone)
                  000072a3    00000005     --HOLE-- [fill = 0]
                  000072a8    0000002a     my_timer.obj (.text:StopAlarm)
                  000072d2    00000006     --HOLE-- [fill = 0]
                  000072d8    0000002a     my_timer.obj (.text:startTimerAcounter)
                  00007302    00000002     --HOLE-- [fill = 0]
                  00007304    00000028     msp432p4xx_driverlib.lib : cs.o (.text:CS_getACLK)
                  0000732c    00000028                              : gpio.o (.text:GPIO_enableInterrupt)
                  00007354    00000028                              : gpio.o (.text:GPIO_setOutputHighOnPin)
                  0000737c    00000028                              : gpio.o (.text:GPIO_setOutputLowOnPin)
                  000073a4    00000004     --HOLE-- [fill = 0]
                  000073a8    00000028     my_gpio.obj (.text:GpioFlashLED)
                  000073d0    00000028     msp432p4xx_driverlib.lib : spi.o (.text:SPI_getInterruptStatus)
                  000073f8    00000028     my_timer.obj (.text:TA1_0_IRQHandler)
                  00007420    00000028     msp432p4xx_driverlib.lib : timer_a.o (.text:Timer_A_setCompareValue)
                  00007448    00000028     rtsv7M4_T_le_v4SPD16_eabi.lib : memory.c.obj (.text:free_list_insert)
                  00007470    00000028                                   : lseek.c.obj (.text:lseek)
                  00007498    00000028                                   : write.c.obj (.text:write)
                  000074c0    00000026     msp432p4xx_driverlib.lib : spi.o (.text:SPI_transmitData)
                  000074e6    00000002     --HOLE-- [fill = 0]
                  000074e8    00000024     my_timer.obj (.text:SetTimerContext)
                  0000750c    00000004     --HOLE-- [fill = 0]
                  00007510    00000022     my_gpio.obj (.text:GpioSetInterrupt)
                  00007532    00000006     --HOLE-- [fill = 0]
                  00007538    00000022     my_timer.obj (.text:TimerACounterInit)
                  0000755a    00000002     --HOLE-- [fill = 0]
                  0000755c    00000020     msp432p4xx_driverlib.lib : cs.o (.text:CS_setExternalClockSourceFrequency)
                  0000757c    00000004     --HOLE-- [fill = 0]
                  00007580    00000020     my_timer.obj (.text:GetTimerElapsedTime)
                  000075a0    00000020     my_timer.obj (.text:LoRaTick2Ms)
                  000075c0    00000020     my_timer.obj (.text:LoRaTimerMs2Tick)
                  000075e0    00000020     my_RFM9x.obj (.text:SX1276SetOpMode)
                  00007600    00000020     my_timer.obj (.text:TA0_0_IRQHandler)
                  00007620    00000020     rtsv7M4_T_le_v4SPD16_eabi.lib : memchr.c.obj (.text:memchr)
                  00007640    00000020                                   : fputs.c.obj (.text:puts)
                  00007660    00000020                                   : u_tofd_t2.asm.obj (.text)
                  00007680    0000001c     msp432p4xx_driverlib.lib : spi.o (.text:SPI_enableModule)
                  0000769c    0000001c                              : spi.o (.text:SPI_receiveData)
                  000076b8    0000001c     my_RFM9x.obj (.text:SX1276ReadFifo)
                  000076d4    00000004     --HOLE-- [fill = 0]
                  000076d8    0000001c     my_RFM9x.obj (.text:SX1276WriteFifo)
                  000076f4    0000001c     rtsv7M4_T_le_v4SPD16_eabi.lib : memory.c.obj (.text:free_list_remove)
                  00007710    0000001c                                   : memccpy.c.obj (.text:memccpy)
                  0000772c    0000001a                                   : s_copysign.c.obj (.text:copysign)
                  00007746    00000018     msp432p4xx_driverlib.lib : spi.o (.text:EUSCI_A_SPI_getInterruptStatus)
                  0000775e    00000018                              : spi.o (.text:EUSCI_B_SPI_getInterruptStatus)
                  00007776    00000002     --HOLE-- [fill = 0]
                  00007778    00000018                              : sysctl_a.o (.text:SysCtl_A_disableNMISource)
                  00007790    00000018                              : sysctl_a.o (.text:SysCtl_A_enableNMISource)
                  000077a8    00000018                              : timer_a.o (.text:Timer_A_clearTimer)
                  000077c0    00000018                              : timer_a.o (.text:Timer_A_disableInterrupt)
                  000077d8    00000018     rtsv7M4_T_le_v4SPD16_eabi.lib : strcmp.c.obj (.text:strcmp)
                  000077f0    00000016     msp432p4xx_driverlib.lib : spi.o (.text:EUSCI_A_SPI_enable)
                  00007806    00000016                              : spi.o (.text:EUSCI_A_SPI_transmitData)
                  0000781c    00000016                              : spi.o (.text:EUSCI_B_SPI_enable)
                  00007832    00000016                              : spi.o (.text:EUSCI_B_SPI_transmitData)
                  00007848    00000016     my_gpio.obj (.text:GpioWrite)
                  0000785e    00000016     msp432p4xx_driverlib.lib : timer_a.o (.text:Timer_A_clearInterruptFlag)
                  00007874    00000016                              : timer_a.o (.text:Timer_A_startCounter)
                  0000788a    00000016     rtsv7M4_T_le_v4SPD16_eabi.lib : strchr.c.obj (.text:strchr)
                  000078a0    00000014     board.obj (.text:BoardCriticalSectionBegin)
                  000078b4    00000004     --HOLE-- [fill = 0]
                  000078b8    00000014     board.obj (.text:GetBoardPowerSource)
                  000078cc    00000004     --HOLE-- [fill = 0]
                  000078d0    00000014     my_timer.obj (.text:GetTimerValue)
                  000078e4    00000014     msp432p4xx_driverlib.lib : timer_a.o (.text:Timer_A_stopTimer)
                  000078f8    00000014     rtsv7M4_T_le_v4SPD16_eabi.lib : strcpy.c.obj (.text:strcpy)
                  0000790c    00000014                                   : strlen.c.obj (.text:strlen)
                  00007920    00000012     board.obj (.text:BoardCriticalSectionEnd)
                  00007932    00000006     --HOLE-- [fill = 0]
                  00007938    00000012     my_timer.obj (.text:getTimerAcounterValue)
                  0000794a    00000012     rtsv7M4_T_le_v4SPD16_eabi.lib : wcslen.c.obj (.text:wcslen)
                  0000795c    00000010     msp432p4xx_driverlib.lib : spi.o (.text:EUSCI_A_SPI_receiveData)
                  0000796c    00000010                              : spi.o (.text:EUSCI_B_SPI_receiveData)
                  0000797c    00000010                              : sysctl_a.o (.text:SysCtl_A_getNMISourceStatus)
                  0000798c    00000004     --HOLE-- [fill = 0]
                  00007990    00000010     timer.obj (.text:TimerGetCurrentTime)
                  000079a0    0000000e     msp432p4xx_driverlib.lib : cs.o (.text:CS_startLFXT)
                  000079ae    0000000e     rtsv7M4_T_le_v4SPD16_eabi.lib : copy_decompress_none.c.obj (.text:decompress:none:__TI_decompress_none)
                  000079bc    00000004     --HOLE-- [fill = 0]
                  000079c0    0000000c     my_timer.obj (.text:GetTimerContext)
                  000079cc    00000004     --HOLE-- [fill = 0]
                  000079d0    0000000c     startup_msp432p401r_ccs.obj (.text:Reset_Handler)
                  000079dc    00000004     --HOLE-- [fill = 0]
                  000079e0    0000000c     sx1276-board.obj (.text:SX1276CheckRfFrequency)
                  000079ec    00000004     --HOLE-- [fill = 0]
                  000079f0    0000000c     sx1276-board.obj (.text:SX1276GetPaSelect)
                  000079fc    00000004     --HOLE-- [fill = 0]
                  00007a00    0000000c     my_RFM9x.obj (.text:SX1276GetStatus)
                  00007a0c    0000000c     rtsv7M4_T_le_v4SPD16_eabi.lib : copy_zero_init.c.obj (.text:decompress:ZI:__TI_zero_init)
                  00007a18    0000000a     my_RFM9x.obj (.text:SX1276GetWakeupTime)
                  00007a22    00000002     --HOLE-- [fill = 0]
                  00007a24    00000008     rtsv7M4_T_le_v4SPD16_eabi.lib : errno.c.obj (.text:__aeabi_errno_addr)
                  00007a2c    00000008                                   : memory.c.obj (.text:malloc)
                  00007a34    00000004     --HOLE-- [fill = 0]
                  00007a38    00000004     my_timer.obj (.text:GetMinimumTimeout)
                  00007a3c    00000004     --HOLE-- [fill = 0]
                  00007a40    00000004     sx1276-board.obj (.text:SX1276GetBoardTcxoWakeupTime)
                  00007a44    00000004     --HOLE-- [fill = 0]
                  00007a48    00000002     startup_msp432p401r_ccs.obj (.text:Default_Handler)
                  00007a4a    00000006     --HOLE-- [fill = 0]
                  00007a50    00000002     my_systick.obj (.text:SysTick_Handler)

.const     0    00007a54    00000308     
                  00007a54    00000101     rtsv7M4_T_le_v4SPD16_eabi.lib : ctype.c.obj (.const:.string:_ctypes_)
                  00007b55    00000003     --HOLE-- [fill = 0]
                  00007b58    000000b0     my_RFM9x.obj (.const:FskBandwidths)
                  00007c08    0000006c     sx1276-board.obj (.const:Radio)
                  00007c74    00000030     msp432p4xx_driverlib.lib : gpio.o (.const:GPIO_PORT_TO_BASE)
                  00007ca4    00000030     my_RFM9x.obj (.const:RadioRegsInit)
                  00007cd4    0000001c     my_spi.obj (.const:$P$T0$1)
                  00007cf0    0000001c     my_rtc.obj (.const:currentTime)
                  00007d0c    00000018     my_timer.obj (.const:$P$T0$1)
                  00007d24    00000010     my_timer.obj (.const:$P$T1$2)
                  00007d34    00000010     my_timer.obj (.const:contConfigCounter)
                  00007d44    00000010     my_timer.obj (.const:contConfigDelay)
                  00007d54    00000008     msp432p4xx_driverlib.lib : interrupt.o (.const:g_pulEnRegs)

.cinit     0    00007d60    000000a0     
                  00007d60    00000077     (.cinit..data.load) [load image, compression = lzss]
                  00007dd7    00000001     --HOLE-- [fill = 0]
                  00007dd8    0000000c     (__TI_handler_table)
                  00007de4    00000004     --HOLE-- [fill = 0]
                  00007de8    00000008     (.cinit..bss.load) [load image, compression = zero_init]
                  00007df0    00000010     (__TI_cinit_table)

.init_array 
*          0    00000000    00000000     UNINITIALIZED

.binit     0    00000000    00000000     

.sysmem    0    20000000    00000800     UNINITIALIZED
                  20000000    00000010     rtsv7M4_T_le_v4SPD16_eabi.lib : memory.c.obj (.sysmem)
                  20000010    000007f0     --HOLE--

.bss       0    20000800    00000498     UNINITIALIZED
                  20000800    00000120     rtsv7M4_T_le_v4SPD16_eabi.lib : trgmsg.c.obj (.bss:_CIOBUF_)
                  20000920    00000104     (.common:SX1276)
                  20000a24    00000100     my_RFM9x.obj (.bss:RxTxBuffer)
                  20000b24    000000a0     (.common:__TI_tmpnams)
                  20000bc4    0000001c     main.obj (.bss:RadioEvents)
                  20000be0    00000018     (.common:RxTimeoutSyncWord)
                  20000bf8    00000018     (.common:RxTimeoutTimer)
                  20000c10    00000018     (.common:TxTimeoutTimer)
                  20000c28    00000014     (.common:Led_rgb_blue)
                  20000c3c    00000014     (.common:Led_rgb_green)
                  20000c50    00000014     (.common:Led_rgb_red)
                  20000c64    00000014     (.common:Led_user_red)
                  20000c78    00000008     msp432p4xx_driverlib.lib : cs.o (.bss)
                  20000c80    00000008     (.common:parmbuf)
                  20000c88    00000004     my_timer.obj (.bss:TimerContext)
                  20000c8c    00000004     my_RFM9x.obj (.bss)
                  20000c90    00000004     (.common:newvalue)
                  20000c94    00000004     (.common:value)

.data      0    20000c98    00000201     UNINITIALIZED
                  20000c98    000000f0     rtsv7M4_T_le_v4SPD16_eabi.lib : defs.c.obj (.data:_ftable)
                  20000d88    00000078                                   : host_device.c.obj (.data:_device)
                  20000e00    00000050                                   : host_device.c.obj (.data:_stream)
                  20000e50    00000010                                   : defs.c.obj (.data)
                  20000e60    0000000c                                   : exit.c.obj (.data:$O1$$)
                  20000e6c    0000000a     main.obj (.data)
                  20000e76    00000002     my_rtc.obj (.data)
                  20000e78    00000008     rtsv7M4_T_le_v4SPD16_eabi.lib : _lock.c.obj (.data:$O1$$)
                  20000e80    00000008                                   : memory.c.obj (.data:$O1$$)
                  20000e88    00000004     main.obj (.data:Buffer)
                  20000e8c    00000004     my_timer.obj (.data)
                  20000e90    00000004     rtsv7M4_T_le_v4SPD16_eabi.lib : errno.c.obj (.data)
                  20000e94    00000004     timer.obj (.data)
                  20000e98    00000001     board.obj (.data)

.stack     0    2000fe00    00000200     UNINITIALIZED
                  2000fe00    00000004     rtsv7M4_T_le_v4SPD16_eabi.lib : boot_cortex_m.c.obj (.stack)
                  2000fe04    000001fc     --HOLE--

__llvm_prf_cnts 
*          0    20000000    00000000     UNINITIALIZED

MODULE SUMMARY

       Module                        code    ro data   rw data
       ------                        ----    -------   -------
    ./
       my_RFM9x.obj                  8822    224       1184   
       timer.obj                     1296    0         8      
       main.obj                      1162    0         100    
       board.obj                     1074    0         162    
       my_timer.obj                  1016    72        16     
       gpio-board.obj                938     0         0      
       sx1276-board.obj              716     108       0      
       my_spi.obj                    400     28        0      
       my_rtc.obj                    238     28        4      
       system_msp432p401r.obj        158     0         0      
       my_gpio.obj                   148     0         0      
       my_systick.obj                2       0         0      
    +--+-----------------------------+-------+---------+---------+
       Total:                        15970   460       1474   
                                                              
    ./ccs/
       startup_msp432p401r_ccs.obj   14      228       0      
    +--+-----------------------------+-------+---------+---------+
       Total:                        14      228       0      
                                                              
    /home/nicholas/ti/ccs1010/ccs/tools/compiler/ti-cgt-arm_20.2.1.LTS/lib/rtsv7M4_T_le_v4SPD16_eabi.lib
       _printfi.c.obj                4851    0         0      
       defs.c.obj                    0       0         832    
       memory.c.obj                  680     0         16     
       trgmsg.c.obj                  108     0         576    
       fd_add_t2.asm.obj             438     0         0      
       host_device.c.obj             0       0         400    
       fd_div_t2.asm.obj             310     0         0      
       fputs.c.obj                   308     0         0      
       s_scalbn.c.obj                272     0         0      
       fd_cmp_t2.asm.obj             268     0         0      
       ctype.c.obj                   0       257       0      
       fd_mul_t2.asm.obj             252     0         0      
       s_ceil.c.obj                  248     0         0      
       s_floor.c.obj                 248     0         0      
       setvbuf.c.obj                 220     0         0      
       s_round.c.obj                 192     0         0      
       memcpy_t2.asm.obj             156     0         0      
       ull_div_t2.asm.obj            150     0         0      
       fputc.c.obj                   140     0         0      
       memset_t2.asm.obj             122     0         0      
       fclose.c.obj                  116     0         0      
       getdevice.c.obj               116     0         0      
       hostopen.c.obj                96      0         16     
       printf.c.obj                  112     0         0      
       hostrename.c.obj              108     0         0      
       copy_decompress_lzss.c.obj    104     0         0      
       hostlseek.c.obj               104     0         0      
       exit.c.obj                    76      0         24     
       fseek.c.obj                   100     0         0      
       s_frexp.c.obj                 100     0         0      
       _io_perm.c.obj                98      0         0      
       close.c.obj                   92      0         0      
       hostread.c.obj                88      0         0      
       hostwrite.c.obj               88      0         0      
       _ltoa.c.obj                   84      0         0      
       atoi.c.obj                    76      0         0      
       fflush.c.obj                  76      0         0      
       fd_toi_t2.asm.obj             72      0         0      
       autoinit.c.obj                68      0         0      
       fd_tou_t2.asm.obj             68      0         0      
       hostclose.c.obj               68      0         0      
       hostunlink.c.obj              68      0         0      
       strncpy.c.obj                 54      0         0      
       boot_cortex_m.c.obj           52      0         0      
       fopen.c.obj                   52      0         0      
       i_tofd_t2.asm.obj             46      0         0      
       unlink.c.obj                  44      0         0      
       lseek.c.obj                   40      0         0      
       write.c.obj                   40      0         0      
       memchr.c.obj                  32      0         0      
       u_tofd_t2.asm.obj             32      0         0      
       memccpy.c.obj                 28      0         0      
       s_copysign.c.obj              26      0         0      
       strcmp.c.obj                  24      0         0      
       strchr.c.obj                  22      0         0      
       strcpy.c.obj                  20      0         0      
       strlen.c.obj                  20      0         0      
       _lock.c.obj                   2       0         16     
       wcslen.c.obj                  18      0         0      
       errno.c.obj                   8       0         8      
       copy_decompress_none.c.obj    14      0         0      
       copy_zero_init.c.obj          12      0         0      
       pre_init.c.obj                4       0         0      
       div0.asm.obj                  2       0         0      
    +--+-----------------------------+-------+---------+---------+
       Total:                        11533   257       1888   
                                                              
    /home/nicholas/ti/ti/simplelink_msp432p4_sdk_3_40_01_02/source/ti/devices/msp432p4xx/driverlib/ccs/msp432p4xx_driverlib.lib
       cs.o                          1088    0         16     
       timer_a.o                     778     0         0      
       spi.o                         542     0         0      
       rtc_c.o                       340     0         0      
       gpio.o                        184     48        0      
       sysctl_a.o                    212     0         0      
       interrupt.o                   128     8         0      
    +--+-----------------------------+-------+---------+---------+
       Total:                        3272    56        16     
                                                              
       Heap:                         0       0         4096   
       Stack:                        0       0         1024   
       Linker Generated:             0       155       0      
    +--+-----------------------------+-------+---------+---------+
       Grand Total:                  30789   1156      8498   


LINKER GENERATED COPY TABLES

__TI_cinit_table @ 00007df0 records: 2, size/record: 8, table size: 16
	.data: load addr=00007d60, load size=00000077 bytes, run addr=20000c98, run size=00000201 bytes, compression=lzss
	.bss: load addr=00007de8, load size=00000008 bytes, run addr=20000800, run size=00000498 bytes, compression=zero_init


LINKER GENERATED HANDLER TABLE

__TI_handler_table @ 00007dd8 records: 3, size/record: 4, table size: 12
	index: 0, handler: __TI_decompress_lzss
	index: 1, handler: __TI_decompress_none
	index: 2, handler: __TI_zero_init


GLOBAL SYMBOLS: SORTED ALPHABETICALLY BY Name 

address   name                                
-------   ----                                
00007a49  ADC14_IRQHandler                    
00007a49  AES256_IRQHandler                   
000078a1  BoardCriticalSectionBegin           
00007921  BoardCriticalSectionEnd             
000046c9  BoardInitMcu                        
20000e88  Buffer                              
20000e6c  BufferSize                          
00007a49  BusFault_Handler                    
0000349d  C$$EXIT                             
00006ebb  C$$IO$$                             
00007a49  COMP_E0_IRQHandler                  
00007a49  COMP_E1_IRQHandler                  
00007a49  CS_IRQHandler                       
00007041  CS_clearInterruptFlag               
00007305  CS_getACLK                          
00004141  CS_getDCOFrequency                  
0000755d  CS_setExternalClockSourceFrequency  
000079a1  CS_startLFXT                        
0000450d  CS_startLFXTWithTimeout             
20000e6d  DIO0Flag                            
20000e6e  DIO1Flag                            
20000e6f  DIO2Flag                            
20000e70  DIO3Flag                            
20000e71  DIO4Flag                            
00007a49  DMA_ERR_IRQHandler                  
00007a49  DMA_INT0_IRQHandler                 
00007a49  DMA_INT1_IRQHandler                 
00007a49  DMA_INT2_IRQHandler                 
00007a49  DMA_INT3_IRQHandler                 
00007a49  DebugMon_Handler                    
00007a49  Default_Handler                     
000070a1  DelayTimerInit                      
00006879  Delayms                             
00007a49  EUSCIA0_IRQHandler                  
00007a49  EUSCIA1_IRQHandler                  
00007a49  EUSCIA2_IRQHandler                  
00007a49  EUSCIA3_IRQHandler                  
00007a49  EUSCIB0_IRQHandler                  
00007a49  EUSCIB1_IRQHandler                  
00007a49  EUSCIB2_IRQHandler                  
00007a49  EUSCIB3_IRQHandler                  
000077f1  EUSCI_A_SPI_enable                  
00007747  EUSCI_A_SPI_getInterruptStatus      
0000795d  EUSCI_A_SPI_receiveData             
00007807  EUSCI_A_SPI_transmitData            
0000781d  EUSCI_B_SPI_enable                  
0000775f  EUSCI_B_SPI_getInterruptStatus      
0000796d  EUSCI_B_SPI_receiveData             
00007833  EUSCI_B_SPI_transmitData            
00007a49  FLCTL_IRQHandler                    
00007a49  FPU_IRQHandler                      
00007b58  FskBandwidths                       
0000732d  GPIO_enableInterrupt                
00006bcd  GPIO_setAsOutputPin                 
00007355  GPIO_setOutputHighOnPin             
0000737d  GPIO_setOutputLowOnPin              
000078b9  GetBoardPowerSource                 
000058c9  GetFskBandwidthRegValue             
00007a39  GetMinimumTimeout                   
000079c1  GetTimerContext                     
00007581  GetTimerElapsedTime                 
000078d1  GetTimerValue                       
000073a9  GpioFlashLED                        
00006f71  GpioInit                            
000025c9  GpioMcuInit                         
000034a1  GpioMcuSetInterrupt                 
000063a1  GpioMcuWrite                        
00007511  GpioSetInterrupt                    
00007849  GpioWrite                           
000069a1  HOSTclose                           
00005d55  HOSTlseek                           
00006289  HOSTopen                            
000063f9  HOSTread                            
00005ce9  HOSTrename                          
000069e5  HOSTunlink                          
00006451  HOSTwrite                           
00007a49  HardFault_Handler                   
000056d1  Interrupt_enableInterrupt           
20000c28  Led_rgb_blue                        
20000c3c  Led_rgb_green                       
20000c50  Led_rgb_red                         
20000c64  Led_user_red                        
000075a1  LoRaTick2Ms                         
000075c1  LoRaTimerMs2Tick                    
20000e8e  LoRaTimerRunning                    
00007a49  MemManage_Handler                   
00007a49  NMI_Handler                         
000054a9  OnRxDone                            
00007161  OnRxError                           
00006b41  OnRxTimeout                         
00007279  OnTxDone                            
000070d1  OnTxTimeout                         
00007a49  PCM_IRQHandler                      
00007a49  PORT1_IRQHandler                    
00004f41  PORT2_IRQHandler                    
00004f41  PORT2_IRQHandler                    
00007a49  PORT3_IRQHandler                    
00007a49  PORT4_IRQHandler                    
00007a49  PORT5_IRQHandler                    
00007a49  PORT6_IRQHandler                    
00007a49  PSS_IRQHandler                      
00007a49  PendSV_Handler                      
00006501  RTC_C_IRQHandler                    
00006501  RTC_C_IRQHandler                    
00006031  RTC_C_enableInterrupt               
000052f1  RTC_C_getEnabledInterruptStatus     
000062e9  RTC_C_getInterruptStatus            
00007c08  Radio                               
00002999  RadioInit                           
00007ca4  RadioRegsInit                       
000079d1  Reset_Handler                       
20000e74  RssiValue                           
00005081  RtcInit                             
00004a29  RxChainCalibration                  
20000be0  RxTimeoutSyncWord                   
20000bf8  RxTimeoutTimer                      
00007681  SPI_enableModule                    
000073d1  SPI_getInterruptStatus              
00004def  SPI_initMaster                      
0000769d  SPI_receiveData                     
000074c1  SPI_transmitData                    
00007a49  SVC_Handler                         
20000920  SX1276                              
000079e1  SX1276CheckRfFrequency              
00007a41  SX1276GetBoardTcxoWakeupTime        
00007a01  SX1276GetStatus                     
00001441  SX1276GetTimeOnAir                  
00007a19  SX1276GetWakeupTime                 
00004881  SX1276Init                          
00004af1  SX1276IoInit                        
00006099  SX1276IoIrqInit                     
00005419  SX1276IsChannelFree                 
00000b39  SX1276OnDio0Irq                     
00002369  SX1276OnDio1Irq                     
00002d11  SX1276OnDio2Irq                     
00003041  SX1276OnTimeoutIrq                  
00005dc1  SX1276Random                        
00005941  SX1276ReadBuffer                    
000076b9  SX1276ReadFifo                      
000059b9  SX1276ReadRssi                      
00007191  SX1276Reset                         
00002ea9  SX1276Send                          
00005b99  SX1276SetChannel                    
00006749  SX1276SetMaxPayloadLength           
00004bb9  SX1276SetModem                      
000075e1  SX1276SetOpMode                     
00006d11  SX1276SetPublicNetwork              
00003341  SX1276SetRfTxPower                  
00001b79  SX1276SetRx                         
00001021  SX1276SetRxConfig                   
00006c11  SX1276SetSleep                      
00006e11  SX1276SetStby                       
00004959  SX1276SetTx                         
00001841  SX1276SetTxConfig                   
00006959  SX1276StartCad                      
00005a31  SX1276WriteBuffer                   
000076d9  SX1276WriteFifo                     
00006659  SetAlarm                            
000074e9  SetTimerContext                     
20000e75  SnrValue                            
20000e73  State                               
000072a9  StopAlarm                           
00007779  SysCtl_A_disableNMISource           
00007791  SysCtl_A_enableNMISource            
0000797d  SysCtl_A_getNMISourceStatus         
00005385  SysCtl_A_getTLVInfo                 
00007a51  SysTick_Handler                     
00007a51  SysTick_Handler                     
00005121  SystemClockConfig                   
00004ea1  SystemInit                          
00007a49  T32_INT1_IRQHandler                 
00007a49  T32_INT2_IRQHandler                 
00007a49  T32_INTC_IRQHandler                 
00007601  TA0_0_IRQHandler                    
00007601  TA0_0_IRQHandler                    
00007a49  TA0_N_IRQHandler                    
000073f9  TA1_0_IRQHandler                    
000073f9  TA1_0_IRQHandler                    
00007a49  TA1_N_IRQHandler                    
000071c1  TA2_0_IRQHandler                    
000071c1  TA2_0_IRQHandler                    
00007a49  TA2_N_IRQHandler                    
00007a49  TA3_0_IRQHandler                    
00007a49  TA3_N_IRQHandler                    
00007539  TimerACounterInit                   
00007991  TimerGetCurrentTime                 
000071f1  TimerGetElapsedTime                 
00006f01  TimerInit                           
000031d1  TimerIrqHandler                     
00006d91  TimerSetValue                       
000051c1  TimerStart                          
00003741  TimerStop                           
0000721d  Timer_A_clearCaptureCompareInterrupt
0000785f  Timer_A_clearInterruptFlag          
000077a9  Timer_A_clearTimer                  
00005e91  Timer_A_configureUpMode             
000077c1  Timer_A_disableInterrupt            
00006795  Timer_A_getCounterValue             
000066a7  Timer_A_initCompare                 
00007421  Timer_A_setCompareValue             
00007875  Timer_A_startCounter                
000078e5  Timer_A_stopTimer                   
20000e77  TxFlag                              
20000c10  TxTimeoutTimer                      
00007a49  UsageFault_Handler                  
4000480c  WDTCTL_SYM                          
00007a49  WDT_A_IRQHandler                    
20000800  __CIOBUF_                           
20010000  __STACK_END                         
00000200  __STACK_SIZE                        
00000800  __SYSMEM_SIZE                       
00007df0  __TI_CINIT_Base                     
00007e00  __TI_CINIT_Limit                    
00007dd8  __TI_Handler_Table_Base             
00007de4  __TI_Handler_Table_Limit            
00006a29  __TI_auto_init_nobinit_nopinit      
00006fa5  __TI_cleanup                        
20000e60  __TI_cleanup_ptr                    
00005aa9  __TI_closefile                      
00005ef9  __TI_decompress_lzss                
000079af  __TI_decompress_none                
000067e1  __TI_doflush                        
20000e64  __TI_dtors_ptr                      
20000e68  __TI_enable_exit_profile_output     
20000e50  __TI_ft_end                         
00006555  __TI_ltoa                           
ffffffff  __TI_pprof_out_hndl                 
000000e9  __TI_printfi                        
ffffffff  __TI_prof_data_size                 
ffffffff  __TI_prof_data_start                
00006fd9  __TI_readmsg                        
00000000  __TI_static_base__                  
20000b24  __TI_tmpnams                        
00006e8d  __TI_writemsg                       
00006227  __TI_wrt_ok                         
00007a0d  __TI_zero_init                      
000055c5  __aeabi_cdcmpeq                     
000055c5  __aeabi_cdcmple                     
0000564b  __aeabi_cdrcmple                    
0000690d  __aeabi_d2iz                        
00006ab1  __aeabi_d2uiz                       
00002b63  __aeabi_dadd                        
000039b9  __aeabi_ddiv                        
00004045  __aeabi_dmul                        
00002b59  __aeabi_dsub                        
00007a25  __aeabi_errno_addr                  
000070ff  __aeabi_i2d                         
0000143f  __aeabi_idiv0                       
0000143f  __aeabi_ldiv0                       
0000584d  __aeabi_memclr                      
0000584d  __aeabi_memclr4                     
0000584d  __aeabi_memclr8                     
00004fdf  __aeabi_memcpy                      
00004fdf  __aeabi_memcpy4                     
00004fdf  __aeabi_memcpy8                     
0000584f  __aeabi_memset                      
0000584f  __aeabi_memset4                     
0000584f  __aeabi_memset8                     
20000e5c  __aeabi_stderr                      
20000e54  __aeabi_stdin                       
20000e58  __aeabi_stdout                      
00007661  __aeabi_ui2d                        
00005259  __aeabi_uldivmod                    
ffffffff  __binit__                           
ffffffff  __c_args__                          
UNDEFED   __mpu_init                          
2000fe00  __stack                             
20000000  __start___llvm_prf_cnts             
20000000  __stop___llvm_prf_cnts              
0000700d  _c_int00_noargs                     
00007a54  _ctypes_                            
20000d88  _device                             
20000c98  _ftable                             
20000e78  _lock                               
00000b37  _nop                                
20000e00  _stream                             
20000000  _sys_memory                         
UNDEFED   _system_post_cinit                  
00002995  _system_pre_init                    
20000e7c  _unlock                             
0000349d  abort                               
00003e39  aligned_alloc                       
0000682d  atoi                                
ffffffff  binit                               
00004239  ceil                                
00004239  ceill                               
00006345  close                               
00007d34  contConfigCounter                   
00007d44  contConfigDelay                     
0000772d  copysign                            
0000772d  copysignl                           
00007cf0  currentTime                         
20000e90  errno                               
000068c5  exit                                
00007071  finddevice                          
00004331  floor                               
00004331  floorl                              
00005539  fputc                               
00003c15  fputs                               
00004429  free                                
000060fd  frexp                               
000060fd  frexpl                              
00006161  fseek                               
00006ec9  getDelayTimerValue                  
00007939  getTimerAcounterValue               
00006a6d  getdevice                           
00000000  interruptVectors                    
20000e8d  isDelayTimerRunning                 
20000e8f  isTimerAcounterRunning              
00003d29  ldexp                               
00003d29  ldexpl                              
00007471  lseek                               
000047a9  main                                
00007a2d  malloc                              
00003e39  memalign                            
00007711  memccpy                             
00007621  memchr                              
00004fdf  memcpy                              
00005855  memset                              
20000e76  minutes                             
20000c90  newvalue                            
20000c80  parmbuf                             
00005f61  printf                              
00005539  putc                                
00007641  puts                                
00007249  remove                              
00006dd1  resetTimerAcounterValue             
00004c7d  round                               
00004c7d  roundl                              
00003d29  scalbn                              
00003d29  scalbnl                             
20000e72  sendFlag                            
000045ed  setvbuf                             
000066f9  spiRead_RFM                         
00006601  spiWrite_RFM                        
00005b21  spi_open                            
00005751  spi_read_write                      
00007131  startDelayTimer                     
00005fc9  startLoRaTimer                      
000072d9  startTimerAcounter                  
00006af9  stopDelayTimer                      
00006c91  stopLoRaTimer                       
0000788b  strchr                              
000077d9  strcmp                              
000078f9  strcpy                              
0000790d  strlen                              
00006f37  strncpy                             
20000e8c  timerTick_ms                        
00007249  unlink                              
20000c94  value                               
0000794b  wcslen                              
00007499  write                               


GLOBAL SYMBOLS: SORTED BY Symbol Address 

address   name                                
-------   ----                                
00000000  __TI_static_base__                  
00000000  interruptVectors                    
000000e9  __TI_printfi                        
00000200  __STACK_SIZE                        
00000800  __SYSMEM_SIZE                       
00000b37  _nop                                
00000b39  SX1276OnDio0Irq                     
00001021  SX1276SetRxConfig                   
0000143f  __aeabi_idiv0                       
0000143f  __aeabi_ldiv0                       
00001441  SX1276GetTimeOnAir                  
00001841  SX1276SetTxConfig                   
00001b79  SX1276SetRx                         
00002369  SX1276OnDio1Irq                     
000025c9  GpioMcuInit                         
00002995  _system_pre_init                    
00002999  RadioInit                           
00002b59  __aeabi_dsub                        
00002b63  __aeabi_dadd                        
00002d11  SX1276OnDio2Irq                     
00002ea9  SX1276Send                          
00003041  SX1276OnTimeoutIrq                  
000031d1  TimerIrqHandler                     
00003341  SX1276SetRfTxPower                  
0000349d  C$$EXIT                             
0000349d  abort                               
000034a1  GpioMcuSetInterrupt                 
00003741  TimerStop                           
000039b9  __aeabi_ddiv                        
00003c15  fputs                               
00003d29  ldexp                               
00003d29  ldexpl                              
00003d29  scalbn                              
00003d29  scalbnl                             
00003e39  aligned_alloc                       
00003e39  memalign                            
00004045  __aeabi_dmul                        
00004141  CS_getDCOFrequency                  
00004239  ceil                                
00004239  ceill                               
00004331  floor                               
00004331  floorl                              
00004429  free                                
0000450d  CS_startLFXTWithTimeout             
000045ed  setvbuf                             
000046c9  BoardInitMcu                        
000047a9  main                                
00004881  SX1276Init                          
00004959  SX1276SetTx                         
00004a29  RxChainCalibration                  
00004af1  SX1276IoInit                        
00004bb9  SX1276SetModem                      
00004c7d  round                               
00004c7d  roundl                              
00004def  SPI_initMaster                      
00004ea1  SystemInit                          
00004f41  PORT2_IRQHandler                    
00004f41  PORT2_IRQHandler                    
00004fdf  __aeabi_memcpy                      
00004fdf  __aeabi_memcpy4                     
00004fdf  __aeabi_memcpy8                     
00004fdf  memcpy                              
00005081  RtcInit                             
00005121  SystemClockConfig                   
000051c1  TimerStart                          
00005259  __aeabi_uldivmod                    
000052f1  RTC_C_getEnabledInterruptStatus     
00005385  SysCtl_A_getTLVInfo                 
00005419  SX1276IsChannelFree                 
000054a9  OnRxDone                            
00005539  fputc                               
00005539  putc                                
000055c5  __aeabi_cdcmpeq                     
000055c5  __aeabi_cdcmple                     
0000564b  __aeabi_cdrcmple                    
000056d1  Interrupt_enableInterrupt           
00005751  spi_read_write                      
0000584d  __aeabi_memclr                      
0000584d  __aeabi_memclr4                     
0000584d  __aeabi_memclr8                     
0000584f  __aeabi_memset                      
0000584f  __aeabi_memset4                     
0000584f  __aeabi_memset8                     
00005855  memset                              
000058c9  GetFskBandwidthRegValue             
00005941  SX1276ReadBuffer                    
000059b9  SX1276ReadRssi                      
00005a31  SX1276WriteBuffer                   
00005aa9  __TI_closefile                      
00005b21  spi_open                            
00005b99  SX1276SetChannel                    
00005ce9  HOSTrename                          
00005d55  HOSTlseek                           
00005dc1  SX1276Random                        
00005e91  Timer_A_configureUpMode             
00005ef9  __TI_decompress_lzss                
00005f61  printf                              
00005fc9  startLoRaTimer                      
00006031  RTC_C_enableInterrupt               
00006099  SX1276IoIrqInit                     
000060fd  frexp                               
000060fd  frexpl                              
00006161  fseek                               
00006227  __TI_wrt_ok                         
00006289  HOSTopen                            
000062e9  RTC_C_getInterruptStatus            
00006345  close                               
000063a1  GpioMcuWrite                        
000063f9  HOSTread                            
00006451  HOSTwrite                           
00006501  RTC_C_IRQHandler                    
00006501  RTC_C_IRQHandler                    
00006555  __TI_ltoa                           
00006601  spiWrite_RFM                        
00006659  SetAlarm                            
000066a7  Timer_A_initCompare                 
000066f9  spiRead_RFM                         
00006749  SX1276SetMaxPayloadLength           
00006795  Timer_A_getCounterValue             
000067e1  __TI_doflush                        
0000682d  atoi                                
00006879  Delayms                             
000068c5  exit                                
0000690d  __aeabi_d2iz                        
00006959  SX1276StartCad                      
000069a1  HOSTclose                           
000069e5  HOSTunlink                          
00006a29  __TI_auto_init_nobinit_nopinit      
00006a6d  getdevice                           
00006ab1  __aeabi_d2uiz                       
00006af9  stopDelayTimer                      
00006b41  OnRxTimeout                         
00006bcd  GPIO_setAsOutputPin                 
00006c11  SX1276SetSleep                      
00006c91  stopLoRaTimer                       
00006d11  SX1276SetPublicNetwork              
00006d91  TimerSetValue                       
00006dd1  resetTimerAcounterValue             
00006e11  SX1276SetStby                       
00006e8d  __TI_writemsg                       
00006ebb  C$$IO$$                             
00006ec9  getDelayTimerValue                  
00006f01  TimerInit                           
00006f37  strncpy                             
00006f71  GpioInit                            
00006fa5  __TI_cleanup                        
00006fd9  __TI_readmsg                        
0000700d  _c_int00_noargs                     
00007041  CS_clearInterruptFlag               
00007071  finddevice                          
000070a1  DelayTimerInit                      
000070d1  OnTxTimeout                         
000070ff  __aeabi_i2d                         
00007131  startDelayTimer                     
00007161  OnRxError                           
00007191  SX1276Reset                         
000071c1  TA2_0_IRQHandler                    
000071c1  TA2_0_IRQHandler                    
000071f1  TimerGetElapsedTime                 
0000721d  Timer_A_clearCaptureCompareInterrupt
00007249  remove                              
00007249  unlink                              
00007279  OnTxDone                            
000072a9  StopAlarm                           
000072d9  startTimerAcounter                  
00007305  CS_getACLK                          
0000732d  GPIO_enableInterrupt                
00007355  GPIO_setOutputHighOnPin             
0000737d  GPIO_setOutputLowOnPin              
000073a9  GpioFlashLED                        
000073d1  SPI_getInterruptStatus              
000073f9  TA1_0_IRQHandler                    
000073f9  TA1_0_IRQHandler                    
00007421  Timer_A_setCompareValue             
00007471  lseek                               
00007499  write                               
000074c1  SPI_transmitData                    
000074e9  SetTimerContext                     
00007511  GpioSetInterrupt                    
00007539  TimerACounterInit                   
0000755d  CS_setExternalClockSourceFrequency  
00007581  GetTimerElapsedTime                 
000075a1  LoRaTick2Ms                         
000075c1  LoRaTimerMs2Tick                    
000075e1  SX1276SetOpMode                     
00007601  TA0_0_IRQHandler                    
00007601  TA0_0_IRQHandler                    
00007621  memchr                              
00007641  puts                                
00007661  __aeabi_ui2d                        
00007681  SPI_enableModule                    
0000769d  SPI_receiveData                     
000076b9  SX1276ReadFifo                      
000076d9  SX1276WriteFifo                     
00007711  memccpy                             
0000772d  copysign                            
0000772d  copysignl                           
00007747  EUSCI_A_SPI_getInterruptStatus      
0000775f  EUSCI_B_SPI_getInterruptStatus      
00007779  SysCtl_A_disableNMISource           
00007791  SysCtl_A_enableNMISource            
000077a9  Timer_A_clearTimer                  
000077c1  Timer_A_disableInterrupt            
000077d9  strcmp                              
000077f1  EUSCI_A_SPI_enable                  
00007807  EUSCI_A_SPI_transmitData            
0000781d  EUSCI_B_SPI_enable                  
00007833  EUSCI_B_SPI_transmitData            
00007849  GpioWrite                           
0000785f  Timer_A_clearInterruptFlag          
00007875  Timer_A_startCounter                
0000788b  strchr                              
000078a1  BoardCriticalSectionBegin           
000078b9  GetBoardPowerSource                 
000078d1  GetTimerValue                       
000078e5  Timer_A_stopTimer                   
000078f9  strcpy                              
0000790d  strlen                              
00007921  BoardCriticalSectionEnd             
00007939  getTimerAcounterValue               
0000794b  wcslen                              
0000795d  EUSCI_A_SPI_receiveData             
0000796d  EUSCI_B_SPI_receiveData             
0000797d  SysCtl_A_getNMISourceStatus         
00007991  TimerGetCurrentTime                 
000079a1  CS_startLFXT                        
000079af  __TI_decompress_none                
000079c1  GetTimerContext                     
000079d1  Reset_Handler                       
000079e1  SX1276CheckRfFrequency              
00007a01  SX1276GetStatus                     
00007a0d  __TI_zero_init                      
00007a19  SX1276GetWakeupTime                 
00007a25  __aeabi_errno_addr                  
00007a2d  malloc                              
00007a39  GetMinimumTimeout                   
00007a41  SX1276GetBoardTcxoWakeupTime        
00007a49  ADC14_IRQHandler                    
00007a49  AES256_IRQHandler                   
00007a49  BusFault_Handler                    
00007a49  COMP_E0_IRQHandler                  
00007a49  COMP_E1_IRQHandler                  
00007a49  CS_IRQHandler                       
00007a49  DMA_ERR_IRQHandler                  
00007a49  DMA_INT0_IRQHandler                 
00007a49  DMA_INT1_IRQHandler                 
00007a49  DMA_INT2_IRQHandler                 
00007a49  DMA_INT3_IRQHandler                 
00007a49  DebugMon_Handler                    
00007a49  Default_Handler                     
00007a49  EUSCIA0_IRQHandler                  
00007a49  EUSCIA1_IRQHandler                  
00007a49  EUSCIA2_IRQHandler                  
00007a49  EUSCIA3_IRQHandler                  
00007a49  EUSCIB0_IRQHandler                  
00007a49  EUSCIB1_IRQHandler                  
00007a49  EUSCIB2_IRQHandler                  
00007a49  EUSCIB3_IRQHandler                  
00007a49  FLCTL_IRQHandler                    
00007a49  FPU_IRQHandler                      
00007a49  HardFault_Handler                   
00007a49  MemManage_Handler                   
00007a49  NMI_Handler                         
00007a49  PCM_IRQHandler                      
00007a49  PORT1_IRQHandler                    
00007a49  PORT3_IRQHandler                    
00007a49  PORT4_IRQHandler                    
00007a49  PORT5_IRQHandler                    
00007a49  PORT6_IRQHandler                    
00007a49  PSS_IRQHandler                      
00007a49  PendSV_Handler                      
00007a49  SVC_Handler                         
00007a49  T32_INT1_IRQHandler                 
00007a49  T32_INT2_IRQHandler                 
00007a49  T32_INTC_IRQHandler                 
00007a49  TA0_N_IRQHandler                    
00007a49  TA1_N_IRQHandler                    
00007a49  TA2_N_IRQHandler                    
00007a49  TA3_0_IRQHandler                    
00007a49  TA3_N_IRQHandler                    
00007a49  UsageFault_Handler                  
00007a49  WDT_A_IRQHandler                    
00007a51  SysTick_Handler                     
00007a51  SysTick_Handler                     
00007a54  _ctypes_                            
00007b58  FskBandwidths                       
00007c08  Radio                               
00007ca4  RadioRegsInit                       
00007cf0  currentTime                         
00007d34  contConfigCounter                   
00007d44  contConfigDelay                     
00007dd8  __TI_Handler_Table_Base             
00007de4  __TI_Handler_Table_Limit            
00007df0  __TI_CINIT_Base                     
00007e00  __TI_CINIT_Limit                    
20000000  __start___llvm_prf_cnts             
20000000  __stop___llvm_prf_cnts              
20000000  _sys_memory                         
20000800  __CIOBUF_                           
20000920  SX1276                              
20000b24  __TI_tmpnams                        
20000be0  RxTimeoutSyncWord                   
20000bf8  RxTimeoutTimer                      
20000c10  TxTimeoutTimer                      
20000c28  Led_rgb_blue                        
20000c3c  Led_rgb_green                       
20000c50  Led_rgb_red                         
20000c64  Led_user_red                        
20000c80  parmbuf                             
20000c90  newvalue                            
20000c94  value                               
20000c98  _ftable                             
20000d88  _device                             
20000e00  _stream                             
20000e50  __TI_ft_end                         
20000e54  __aeabi_stdin                       
20000e58  __aeabi_stdout                      
20000e5c  __aeabi_stderr                      
20000e60  __TI_cleanup_ptr                    
20000e64  __TI_dtors_ptr                      
20000e68  __TI_enable_exit_profile_output     
20000e6c  BufferSize                          
20000e6d  DIO0Flag                            
20000e6e  DIO1Flag                            
20000e6f  DIO2Flag                            
20000e70  DIO3Flag                            
20000e71  DIO4Flag                            
20000e72  sendFlag                            
20000e73  State                               
20000e74  RssiValue                           
20000e75  SnrValue                            
20000e76  minutes                             
20000e77  TxFlag                              
20000e78  _lock                               
20000e7c  _unlock                             
20000e88  Buffer                              
20000e8c  timerTick_ms                        
20000e8d  isDelayTimerRunning                 
20000e8e  LoRaTimerRunning                    
20000e8f  isTimerAcounterRunning              
20000e90  errno                               
2000fe00  __stack                             
20010000  __STACK_END                         
4000480c  WDTCTL_SYM                          
ffffffff  __TI_pprof_out_hndl                 
ffffffff  __TI_prof_data_size                 
ffffffff  __TI_prof_data_start                
ffffffff  __binit__                           
ffffffff  __c_args__                          
ffffffff  binit                               
UNDEFED   __mpu_init                          
UNDEFED   _system_post_cinit                  

[352 symbols]
