******************************************************************************
                  TI ARM Linker Unix v18.12.5                  
******************************************************************************
>> Linked Mon Mar  9 11:11:54 2020

OUTPUT FILE NAME:   <Meesters.out>
ENTRY POINT SYMBOL: "_c_int00_noargs"  address: 00002165


MEMORY CONFIGURATION

         name            origin    length      used     unused   attr    fill
----------------------  --------  ---------  --------  --------  ----  --------
  MAIN                  00000000   00040000  000026be  0003d942  R  X
  INFO                  00200000   00004000  00000000  00004000  R  X
  SRAM_CODE             01000000   00010000  00000351  0000fcaf  RW X
  SRAM_DATA             20000000   00010000  00000351  0000fcaf  RW  


SEGMENT ALLOCATION MAP

run origin  load origin   length   init length attrs members
----------  ----------- ---------- ----------- ----- -------
00000000    00000000    000026c0   000026c0    r-x
  00000000    00000000    000000e4   000000e4    r-- .intvecs
  000000e4    000000e4    00002496   00002496    r-x .text
  0000257c    0000257c    00000114   00000114    r-- .const
  00002690    00002690    00000030   00000030    r-- .cinit
20000000    20000000    00000151   00000000    rw-
  20000000    20000000    00000148   00000000    rw- .bss
  20000148    20000148    00000009   00000000    rw- .data
2000fe00    2000fe00    00000200   00000000    rw-
  2000fe00    2000fe00    00000200   00000000    rw- .stack


SECTION ALLOCATION MAP

 output                                  attributes/
section   page    origin      length       input sections
--------  ----  ----------  ----------   ----------------
.intvecs   0    00000000    000000e4     
                  00000000    000000e4     startup_msp432p401r_ccs.obj (.intvecs:retain)

.text      0    000000e4    00002496     
                  000000e4    000003c0     my_RFM9x.obj (.text:SX1276SetRxConfig)
                  000004a4    000002f4     my_RFM9x.obj (.text:SX1276SetTxConfig)
                  00000798    0000028a     msp432p4xx_driverlib.lib : pcm.o (.text:__PCM_setPowerStateAdvanced)
                  00000a22    000001b6     rtsv7M4_T_le_v4SPD16_eabi.lib : fd_add_t2.asm.obj (.text)
                  00000bd8    000001b0     gpio-board.obj (.text:GpioMcuInit)
                  00000d88    0000015c     msp432p4xx_driverlib.lib : pcm.o (.text:__PCM_setPowerModeAdvanced)
                  00000ee4    00000154     sx1276-board.obj (.text:SX1276SetRfTxPower)
                  00001038    00000136     rtsv7M4_T_le_v4SPD16_eabi.lib : fd_div_t2.asm.obj (.text)
                  0000116e    00000002     startup_msp432p401r_ccs.obj (.text:Default_Handler)
                  00001170    00000108     msp432p4xx_driverlib.lib : pcm.o (.text:__PCM_setCoreVoltageLevelAdvanced)
                  00001278    000000fc     rtsv7M4_T_le_v4SPD16_eabi.lib : fd_mul_t2.asm.obj (.text)
                  00001374    000000f8                                   : s_floor.c.obj (.text:floor)
                  0000146c    000000f0     main.obj (.text:main)
                  0000155c    000000cc     board.obj (.text:BoardInitMcu)
                  00001628    000000c8     board.obj (.text:BoardUnusedIoInit)
                  000016f0    000000b0     msp432p4xx_driverlib.lib : spi.o (.text:SPI_initMaster)
                  000017a0    000000a0     my_RFM9x.obj (.text:SX1276SetModem)
                  00001840    0000009c     rtsv7M4_T_le_v4SPD16_eabi.lib : memcpy_t2.asm.obj (.text)
                  000018dc    00000086                                   : fd_cmp_t2.asm.obj (.text:__aeabi_cdrcmple)
                  00001962    00000002     main.obj (.text:OnRxError)
                  00001964    00000084     msp432p4xx_driverlib.lib : pcm.o (.text:PCM_gotoLPM3)
                  000019e8    00000080     sx1276-board.obj (.text:SX1276IoInit)
                  00001a68    00000078     system_msp432p401r.obj (.text:SystemInit)
                  00001ae0    00000068     rtsv7M4_T_le_v4SPD16_eabi.lib : copy_decompress_lzss.c.obj (.text:decompress:lzss:__TI_decompress_lzss)
                  00001b48    00000064     my_RFM9x.obj (.text:GetFskBandwidthRegValue)
                  00001bac    0000005e     msp432p4xx_driverlib.lib : pcm.o (.text:PCM_getCoreVoltageLevel)
                  00001c0a    0000005a                              : pcm.o (.text:PCM_getPowerMode)
                  00001c64    00000058     my_timer.obj (.text:Delayms)
                  00001cbc    00000058     msp432p4xx_driverlib.lib : gpio.o (.text:GPIO_setAsInputPinWithPullDownResistor)
                  00001d14    00000058                              : gpio.o (.text:GPIO_setAsInputPinWithPullUpResistor)
                  00001d6c    00000054                              : pcm.o (.text:PCM_shutdownDevice)
                  00001dc0    0000004c                              : gpio.o (.text:GPIO_setAsInputPin)
                  00001e0c    00000048     my_RFM9x.obj (.text:SX1276SetChannel)
                  00001e54    00000048     rtsv7M4_T_le_v4SPD16_eabi.lib : fd_toi_t2.asm.obj (.text)
                  00001e9c    00000048     my_spi.obj (.text:spiRead_RFM)
                  00001ee4    00000044     gpio-board.obj (.text:GpioMcuWrite)
                  00001f28    00000044     my_timer.obj (.text:TimerAInteruptInit)
                  00001f6c    00000044     rtsv7M4_T_le_v4SPD16_eabi.lib : autoinit.c.obj (.text:__TI_auto_init_nobinit_nopinit:__TI_auto_init_nobinit_nopinit)
                  00001fb0    00000044                                   : fd_tou_t2.asm.obj (.text)
                  00001ff4    00000044     my_spi.obj (.text:spiWrite_RFM)
                  00002038    00000040     msp432p4xx_driverlib.lib : gpio.o (.text:GPIO_setAsOutputPin)
                  00002078    00000040                              : spi.o (.text:is_A_Module)
                  000020b8    00000040     my_spi.obj (.text:spi_open)
                  000020f8    00000038     my_spi.obj (.text:RFM_spi_read_write)
                  00002130    00000034     my_RFM9x.obj (.text:SX1276SetPublicNetwork)
                  00002164    00000034     rtsv7M4_T_le_v4SPD16_eabi.lib : boot_cortex_m.c.obj (.text:_c_int00_noargs:_c_int00_noargs)
                  00002198    00000030     my_gpio.obj (.text:GpioInit)
                  000021c8    0000002e     rtsv7M4_T_le_v4SPD16_eabi.lib : i_tofd_t2.asm.obj (.text)
                  000021f6    00000002     main.obj (.text:OnRxTimeout)
                  000021f8    0000002c     msp432p4xx_driverlib.lib : rtc_c.o (.text:RTC_C_holdClock)
                  00002224    00000028                              : gpio.o (.text:GPIO_setOutputHighOnPin)
                  0000224c    00000028                              : gpio.o (.text:GPIO_setOutputLowOnPin)
                  00002274    00000028                              : pcm.o (.text:PCM_gotoLPM0)
                  0000229c    00000028                              : spi.o (.text:SPI_getInterruptStatus)
                  000022c4    00000026                              : spi.o (.text:SPI_transmitData)
                  000022ea    00000002     main.obj (.text:OnTxTimeout)
                  000022ec    00000024     main.obj (.text:PORT2_IRQHandler)
                  00002310    00000024     my_timer.obj (.text:TA1_0_IRQHandler)
                  00002334    00000024     msp432p4xx_driverlib.lib : wdt_a.o (.text:WDT_A_holdTimer)
                  00002358    00000020     my_RFM9x.obj (.text:SX1276SetOpMode)
                  00002378    00000020     rtsv7M4_T_le_v4SPD16_eabi.lib : u_tofd_t2.asm.obj (.text)
                  00002398    0000001c     msp432p4xx_driverlib.lib : spi.o (.text:SPI_enableModule)
                  000023b4    0000001c                              : spi.o (.text:SPI_receiveData)
                  000023d0    0000001c     rtsv7M4_T_le_v4SPD16_eabi.lib : copy_zero_init.c.obj (.text:decompress:ZI:__TI_zero_init_nomemset:__TI_zero_init_nomemset)
                  000023ec    00000018     msp432p4xx_driverlib.lib : spi.o (.text:EUSCI_A_SPI_getInterruptStatus)
                  00002404    00000018                              : spi.o (.text:EUSCI_B_SPI_getInterruptStatus)
                  0000241c    00000016                              : spi.o (.text:EUSCI_A_SPI_enable)
                  00002432    00000016                              : spi.o (.text:EUSCI_A_SPI_transmitData)
                  00002448    00000016                              : spi.o (.text:EUSCI_B_SPI_enable)
                  0000245e    00000016                              : spi.o (.text:EUSCI_B_SPI_transmitData)
                  00002474    00000016     main.obj (.text:OnRxDone)
                  0000248a    00000002     sx1276-board.obj (.text:SX1276IoDbgInit)
                  0000248c    00000014     board.obj (.text:GetBoardPowerSource)
                  000024a0    00000014     main.obj (.text:OnTxDone)
                  000024b4    00000014     msp432p4xx_driverlib.lib : pcm.o (.text:PCM_getPowerState)
                  000024c8    00000012     my_RFM9x.obj (.text:SX1276SetSleep)
                  000024da    00000010     msp432p4xx_driverlib.lib : spi.o (.text:EUSCI_A_SPI_receiveData)
                  000024ea    00000010                              : spi.o (.text:EUSCI_B_SPI_receiveData)
                  000024fa    00000010     my_gpio.obj (.text:GpioWrite)
                  0000250a    00000010     msp432p4xx_driverlib.lib : pcm.o (.text:PCM_gotoLPM4)
                  0000251a    00000010                              : pcm.o (.text:PCM_setPowerMode)
                  0000252a    00000010                              : pcm.o (.text:PCM_setPowerState)
                  0000253a    0000000e     rtsv7M4_T_le_v4SPD16_eabi.lib : copy_decompress_none.c.obj (.text:decompress:none:__TI_decompress_none)
                  00002548    0000000c     startup_msp432p401r_ccs.obj (.text:Reset_Handler)
                  00002554    0000000c     sx1276-board.obj (.text:SX1276GetPaSelect)
                  00002560    0000000a     board.obj (.text:SystemClockReConfig)
                  0000256a    00000004     msp432p4xx_driverlib.lib : cpu.o (.text:CPU_wfi)
                  0000256e    00000004     rtsv7M4_T_le_v4SPD16_eabi.lib : pre_init.c.obj (.text:_system_pre_init)
                  00002572    00000004                                   : exit.c.obj (.text:abort:abort)
                  00002576    00000002     sx1276-board.obj (.text:SX1276IoTcxoInit)
                  00002578    00000002     my_systick.obj (.text:SysTick_Handler)

.const     0    0000257c    00000114     
                  0000257c    000000b0     my_RFM9x.obj (.const:FskBandwidths)
                  0000262c    00000030     msp432p4xx_driverlib.lib : gpio.o (.const:GPIO_PORT_TO_BASE)
                  0000265c    0000001c     my_spi.obj (.const:spiMasterConfig)
                  00002678    00000018     my_timer.obj (.const:upConfig)

.cinit     0    00002690    00000030     
                  00002690    0000000c     (__TI_handler_table)
                  0000269c    0000000a     (.cinit..data.load) [load image, compression = lzss]
                  000026a6    00000002     --HOLE-- [fill = 0]
                  000026a8    00000008     (.cinit..bss.load) [load image, compression = zero_init]
                  000026b0    00000010     (__TI_cinit_table)

.init_array 
*          0    00000000    00000000     UNINITIALIZED

.binit     0    00000000    00000000     

.bss       0    20000000    00000148     UNINITIALIZED
                  20000000    000000f0     (.common:SX1276)
                  200000f0    0000001c     main.obj (.bss:RadioEvents)
                  2000010c    00000014     (.common:Led1)
                  20000120    00000014     (.common:Led2)
                  20000134    00000014     (.common:Led3)

.data      0    20000148    00000009     UNINITIALIZED
                  20000148    00000006     main.obj (.data)
                  2000014e    00000002     board.obj (.data)
                  20000150    00000001     my_timer.obj (.data)

.stack     0    2000fe00    00000200     UNINITIALIZED
                  2000fe00    00000004     rtsv7M4_T_le_v4SPD16_eabi.lib : boot_cortex_m.c.obj (.stack)
                  2000fe04    000001fc     --HOLE--

MODULE SUMMARY

       Module                        code   ro data   rw data
       ------                        ----   -------   -------
    ./
       my_RFM9x.obj                  2150   176       480    
       board.obj                     434    0         124    
       gpio-board.obj                500    0         0      
       sx1276-board.obj              484    0         0      
       main.obj                      324    0         68     
       my_spi.obj                    260    28        0      
       my_timer.obj                  192    24        2      
       system_msp432p401r.obj        120    0         0      
       my_gpio.obj                   64     0         0      
       my_systick.obj                2      0         0      
    +--+-----------------------------+------+---------+---------+
       Total:                        4530   228       674    
                                                             
    ./ccs/
       startup_msp432p401r_ccs.obj   14     228       0      
    +--+-----------------------------+------+---------+---------+
       Total:                        14     228       0      
                                                             
    /home/nicholas/ti/ccs930/ccs/tools/compiler/ti-cgt-arm_18.12.5.LTS/lib/rtsv7M4_T_le_v4SPD16_eabi.lib
       fd_add_t2.asm.obj             438    0         0      
       fd_div_t2.asm.obj             310    0         0      
       fd_mul_t2.asm.obj             252    0         0      
       s_floor.c.obj                 248    0         0      
       memcpy_t2.asm.obj             156    0         0      
       fd_cmp_t2.asm.obj             134    0         0      
       copy_decompress_lzss.c.obj    104    0         0      
       fd_toi_t2.asm.obj             72     0         0      
       autoinit.c.obj                68     0         0      
       fd_tou_t2.asm.obj             68     0         0      
       boot_cortex_m.c.obj           52     0         0      
       i_tofd_t2.asm.obj             46     0         0      
       u_tofd_t2.asm.obj             32     0         0      
       copy_zero_init.c.obj          28     0         0      
       copy_decompress_none.c.obj    14     0         0      
       exit.c.obj                    4      0         0      
       pre_init.c.obj                4      0         0      
    +--+-----------------------------+------+---------+---------+
       Total:                        2030   0         0      
                                                             
    /home/nicholas/ti/ti/simplelink_msp432p4_sdk_3_40_01_02/source/ti/devices/msp432p4xx/driverlib/ccs/msp432p4xx_driverlib.lib
       pcm.o                         1770   0         0      
       spi.o                         542    0         0      
       gpio.o                        396    48        0      
       rtc_c.o                       44     0         0      
       wdt_a.o                       36     0         0      
       cpu.o                         4      0         0      
    +--+-----------------------------+------+---------+---------+
       Total:                        2792   48        0      
                                                             
       Stack:                        0      0         1024   
       Linker Generated:             0      46        0      
    +--+-----------------------------+------+---------+---------+
       Grand Total:                  9366   550       1698   


LINKER GENERATED COPY TABLES

__TI_cinit_table @ 000026b0 records: 2, size/record: 8, table size: 16
	.data: load addr=0000269c, load size=0000000a bytes, run addr=20000148, run size=00000009 bytes, compression=lzss
	.bss: load addr=000026a8, load size=00000008 bytes, run addr=20000000, run size=00000148 bytes, compression=zero_init


LINKER GENERATED HANDLER TABLE

__TI_handler_table @ 00002690 records: 3, size/record: 4, table size: 12
	index: 0, handler: __TI_decompress_lzss
	index: 1, handler: __TI_decompress_none
	index: 2, handler: __TI_zero_init


GLOBAL SYMBOLS: SORTED ALPHABETICALLY BY Name 

address   name                                  
-------   ----                                  
0000116f  ADC14_IRQHandler                      
0000116f  AES256_IRQHandler                     
0000155d  BoardInitMcu                          
2000014a  BufferSize                            
0000116f  BusFault_Handler                      
00002573  C$$EXIT                               
0000116f  COMP_E0_IRQHandler                    
0000116f  COMP_E1_IRQHandler                    
0000256b  CPU_wfi                               
0000116f  CS_IRQHandler                         
0000116f  DMA_ERR_IRQHandler                    
0000116f  DMA_INT0_IRQHandler                   
0000116f  DMA_INT1_IRQHandler                   
0000116f  DMA_INT2_IRQHandler                   
0000116f  DMA_INT3_IRQHandler                   
0000116f  DebugMon_Handler                      
0000116f  Default_Handler                       
00001c65  Delayms                               
0000116f  EUSCIA0_IRQHandler                    
0000116f  EUSCIA1_IRQHandler                    
0000116f  EUSCIA2_IRQHandler                    
0000116f  EUSCIA3_IRQHandler                    
0000116f  EUSCIB0_IRQHandler                    
0000116f  EUSCIB1_IRQHandler                    
0000116f  EUSCIB2_IRQHandler                    
0000116f  EUSCIB3_IRQHandler                    
0000241d  EUSCI_A_SPI_enable                    
000023ed  EUSCI_A_SPI_getInterruptStatus        
000024db  EUSCI_A_SPI_receiveData               
00002433  EUSCI_A_SPI_transmitData              
00002449  EUSCI_B_SPI_enable                    
00002405  EUSCI_B_SPI_getInterruptStatus        
000024eb  EUSCI_B_SPI_receiveData               
0000245f  EUSCI_B_SPI_transmitData              
0000116f  FLCTL_IRQHandler                      
0000116f  FPU_IRQHandler                        
0000257c  FskBandwidths                         
00001dc1  GPIO_setAsInputPin                    
00001cbd  GPIO_setAsInputPinWithPullDownResistor
00001d15  GPIO_setAsInputPinWithPullUpResistor  
00002039  GPIO_setAsOutputPin                   
00002225  GPIO_setOutputHighOnPin               
0000224d  GPIO_setOutputLowOnPin                
0000248d  GetBoardPowerSource                   
00001b49  GetFskBandwidthRegValue               
00002199  GpioInit                              
00000bd9  GpioMcuInit                           
00001ee5  GpioMcuWrite                          
000024fb  GpioWrite                             
0000116f  HardFault_Handler                     
2000010c  Led1                                  
20000120  Led2                                  
20000134  Led3                                  
0000116f  MemManage_Handler                     
0000116f  NMI_Handler                           
00002475  OnRxDone                              
00001963  OnRxError                             
000021f7  OnRxTimeout                           
000024a1  OnTxDone                              
000022eb  OnTxTimeout                           
0000116f  PCM_IRQHandler                        
00001bad  PCM_getCoreVoltageLevel               
00001c0b  PCM_getPowerMode                      
000024b5  PCM_getPowerState                     
00002275  PCM_gotoLPM0                          
00001965  PCM_gotoLPM3                          
0000250b  PCM_gotoLPM4                          
0000251b  PCM_setPowerMode                      
0000252b  PCM_setPowerState                     
00001d6d  PCM_shutdownDevice                    
0000116f  PORT1_IRQHandler                      
000022ed  PORT2_IRQHandler                      
000022ed  PORT2_IRQHandler                      
0000116f  PORT3_IRQHandler                      
0000116f  PORT4_IRQHandler                      
0000116f  PORT5_IRQHandler                      
0000116f  PORT6_IRQHandler                      
0000116f  PSS_IRQHandler                        
0000116f  PendSV_Handler                        
000020f9  RFM_spi_read_write                    
0000116f  RTC_C_IRQHandler                      
000021f9  RTC_C_holdClock                       
00002549  Reset_Handler                         
2000014c  RssiValue                             
00002399  SPI_enableModule                      
0000229d  SPI_getInterruptStatus                
000016f1  SPI_initMaster                        
000023b5  SPI_receiveData                       
000022c5  SPI_transmitData                      
0000116f  SVC_Handler                           
20000000  SX1276                                
0000248b  SX1276IoDbgInit                       
000019e9  SX1276IoInit                          
00002577  SX1276IoTcxoInit                      
00001e0d  SX1276SetChannel                      
000017a1  SX1276SetModem                        
00002359  SX1276SetOpMode                       
00002131  SX1276SetPublicNetwork                
00000ee5  SX1276SetRfTxPower                    
000000e5  SX1276SetRxConfig                     
000024c9  SX1276SetSleep                        
000004a5  SX1276SetTxConfig                     
2000014d  SnrValue                              
20000148  State                                 
00002579  SysTick_Handler                       
00002579  SysTick_Handler                       
00001a69  SystemInit                            
0000116f  T32_INT1_IRQHandler                   
0000116f  T32_INT2_IRQHandler                   
0000116f  T32_INTC_IRQHandler                   
0000116f  TA0_0_IRQHandler                      
0000116f  TA0_N_IRQHandler                      
00002311  TA1_0_IRQHandler                      
00002311  TA1_0_IRQHandler                      
0000116f  TA1_N_IRQHandler                      
0000116f  TA2_0_IRQHandler                      
0000116f  TA2_N_IRQHandler                      
0000116f  TA3_0_IRQHandler                      
0000116f  TA3_N_IRQHandler                      
00001f29  TimerAInteruptInit                    
20000150  TimerInteruptFlag                     
0000116f  UsageFault_Handler                    
4000480c  WDTCTL_SYM                            
0000116f  WDT_A_IRQHandler                      
00002335  WDT_A_holdTimer                       
20010000  __STACK_END                           
00000200  __STACK_SIZE                          
000026b0  __TI_CINIT_Base                       
000026c0  __TI_CINIT_Limit                      
00002690  __TI_Handler_Table_Base               
0000269c  __TI_Handler_Table_Limit              
00001f6d  __TI_auto_init_nobinit_nopinit        
00001ae1  __TI_decompress_lzss                  
0000253b  __TI_decompress_none                  
ffffffff  __TI_pprof_out_hndl                   
ffffffff  __TI_prof_data_size                   
ffffffff  __TI_prof_data_start                  
00000000  __TI_static_base__                    
000023d1  __TI_zero_init_nomemset               
000018dd  __aeabi_cdrcmple                      
00001e55  __aeabi_d2iz                          
00001fb1  __aeabi_d2uiz                         
00000a2d  __aeabi_dadd                          
00001039  __aeabi_ddiv                          
00001279  __aeabi_dmul                          
00000a23  __aeabi_dsub                          
000021c9  __aeabi_i2d                           
00001841  __aeabi_memcpy                        
00001841  __aeabi_memcpy4                       
00001841  __aeabi_memcpy8                       
00002379  __aeabi_ui2d                          
ffffffff  __binit__                             
ffffffff  __c_args__                            
UNDEFED   __mpu_init                            
2000fe00  __stack                               
00002165  _c_int00_noargs                       
UNDEFED   _system_post_cinit                    
0000256f  _system_pre_init                      
00002573  abort                                 
ffffffff  binit                                 
00001375  floor                                 
00001375  floorl                                
00000000  interruptVectors                      
0000146d  main                                  
00001841  memcpy                                
0000265c  spiMasterConfig                       
00001e9d  spiRead_RFM                           
00001ff5  spiWrite_RFM                          
000020b9  spi_open                              
00002678  upConfig                              


GLOBAL SYMBOLS: SORTED BY Symbol Address 

address   name                                  
-------   ----                                  
00000000  __TI_static_base__                    
00000000  interruptVectors                      
000000e5  SX1276SetRxConfig                     
00000200  __STACK_SIZE                          
000004a5  SX1276SetTxConfig                     
00000a23  __aeabi_dsub                          
00000a2d  __aeabi_dadd                          
00000bd9  GpioMcuInit                           
00000ee5  SX1276SetRfTxPower                    
00001039  __aeabi_ddiv                          
0000116f  ADC14_IRQHandler                      
0000116f  AES256_IRQHandler                     
0000116f  BusFault_Handler                      
0000116f  COMP_E0_IRQHandler                    
0000116f  COMP_E1_IRQHandler                    
0000116f  CS_IRQHandler                         
0000116f  DMA_ERR_IRQHandler                    
0000116f  DMA_INT0_IRQHandler                   
0000116f  DMA_INT1_IRQHandler                   
0000116f  DMA_INT2_IRQHandler                   
0000116f  DMA_INT3_IRQHandler                   
0000116f  DebugMon_Handler                      
0000116f  Default_Handler                       
0000116f  EUSCIA0_IRQHandler                    
0000116f  EUSCIA1_IRQHandler                    
0000116f  EUSCIA2_IRQHandler                    
0000116f  EUSCIA3_IRQHandler                    
0000116f  EUSCIB0_IRQHandler                    
0000116f  EUSCIB1_IRQHandler                    
0000116f  EUSCIB2_IRQHandler                    
0000116f  EUSCIB3_IRQHandler                    
0000116f  FLCTL_IRQHandler                      
0000116f  FPU_IRQHandler                        
0000116f  HardFault_Handler                     
0000116f  MemManage_Handler                     
0000116f  NMI_Handler                           
0000116f  PCM_IRQHandler                        
0000116f  PORT1_IRQHandler                      
0000116f  PORT3_IRQHandler                      
0000116f  PORT4_IRQHandler                      
0000116f  PORT5_IRQHandler                      
0000116f  PORT6_IRQHandler                      
0000116f  PSS_IRQHandler                        
0000116f  PendSV_Handler                        
0000116f  RTC_C_IRQHandler                      
0000116f  SVC_Handler                           
0000116f  T32_INT1_IRQHandler                   
0000116f  T32_INT2_IRQHandler                   
0000116f  T32_INTC_IRQHandler                   
0000116f  TA0_0_IRQHandler                      
0000116f  TA0_N_IRQHandler                      
0000116f  TA1_N_IRQHandler                      
0000116f  TA2_0_IRQHandler                      
0000116f  TA2_N_IRQHandler                      
0000116f  TA3_0_IRQHandler                      
0000116f  TA3_N_IRQHandler                      
0000116f  UsageFault_Handler                    
0000116f  WDT_A_IRQHandler                      
00001279  __aeabi_dmul                          
00001375  floor                                 
00001375  floorl                                
0000146d  main                                  
0000155d  BoardInitMcu                          
000016f1  SPI_initMaster                        
000017a1  SX1276SetModem                        
00001841  __aeabi_memcpy                        
00001841  __aeabi_memcpy4                       
00001841  __aeabi_memcpy8                       
00001841  memcpy                                
000018dd  __aeabi_cdrcmple                      
00001963  OnRxError                             
00001965  PCM_gotoLPM3                          
000019e9  SX1276IoInit                          
00001a69  SystemInit                            
00001ae1  __TI_decompress_lzss                  
00001b49  GetFskBandwidthRegValue               
00001bad  PCM_getCoreVoltageLevel               
00001c0b  PCM_getPowerMode                      
00001c65  Delayms                               
00001cbd  GPIO_setAsInputPinWithPullDownResistor
00001d15  GPIO_setAsInputPinWithPullUpResistor  
00001d6d  PCM_shutdownDevice                    
00001dc1  GPIO_setAsInputPin                    
00001e0d  SX1276SetChannel                      
00001e55  __aeabi_d2iz                          
00001e9d  spiRead_RFM                           
00001ee5  GpioMcuWrite                          
00001f29  TimerAInteruptInit                    
00001f6d  __TI_auto_init_nobinit_nopinit        
00001fb1  __aeabi_d2uiz                         
00001ff5  spiWrite_RFM                          
00002039  GPIO_setAsOutputPin                   
000020b9  spi_open                              
000020f9  RFM_spi_read_write                    
00002131  SX1276SetPublicNetwork                
00002165  _c_int00_noargs                       
00002199  GpioInit                              
000021c9  __aeabi_i2d                           
000021f7  OnRxTimeout                           
000021f9  RTC_C_holdClock                       
00002225  GPIO_setOutputHighOnPin               
0000224d  GPIO_setOutputLowOnPin                
00002275  PCM_gotoLPM0                          
0000229d  SPI_getInterruptStatus                
000022c5  SPI_transmitData                      
000022eb  OnTxTimeout                           
000022ed  PORT2_IRQHandler                      
000022ed  PORT2_IRQHandler                      
00002311  TA1_0_IRQHandler                      
00002311  TA1_0_IRQHandler                      
00002335  WDT_A_holdTimer                       
00002359  SX1276SetOpMode                       
00002379  __aeabi_ui2d                          
00002399  SPI_enableModule                      
000023b5  SPI_receiveData                       
000023d1  __TI_zero_init_nomemset               
000023ed  EUSCI_A_SPI_getInterruptStatus        
00002405  EUSCI_B_SPI_getInterruptStatus        
0000241d  EUSCI_A_SPI_enable                    
00002433  EUSCI_A_SPI_transmitData              
00002449  EUSCI_B_SPI_enable                    
0000245f  EUSCI_B_SPI_transmitData              
00002475  OnRxDone                              
0000248b  SX1276IoDbgInit                       
0000248d  GetBoardPowerSource                   
000024a1  OnTxDone                              
000024b5  PCM_getPowerState                     
000024c9  SX1276SetSleep                        
000024db  EUSCI_A_SPI_receiveData               
000024eb  EUSCI_B_SPI_receiveData               
000024fb  GpioWrite                             
0000250b  PCM_gotoLPM4                          
0000251b  PCM_setPowerMode                      
0000252b  PCM_setPowerState                     
0000253b  __TI_decompress_none                  
00002549  Reset_Handler                         
0000256b  CPU_wfi                               
0000256f  _system_pre_init                      
00002573  C$$EXIT                               
00002573  abort                                 
00002577  SX1276IoTcxoInit                      
00002579  SysTick_Handler                       
00002579  SysTick_Handler                       
0000257c  FskBandwidths                         
0000265c  spiMasterConfig                       
00002678  upConfig                              
00002690  __TI_Handler_Table_Base               
0000269c  __TI_Handler_Table_Limit              
000026b0  __TI_CINIT_Base                       
000026c0  __TI_CINIT_Limit                      
20000000  SX1276                                
2000010c  Led1                                  
20000120  Led2                                  
20000134  Led3                                  
20000148  State                                 
2000014a  BufferSize                            
2000014c  RssiValue                             
2000014d  SnrValue                              
20000150  TimerInteruptFlag                     
2000fe00  __stack                               
20010000  __STACK_END                           
4000480c  WDTCTL_SYM                            
ffffffff  __TI_pprof_out_hndl                   
ffffffff  __TI_prof_data_size                   
ffffffff  __TI_prof_data_start                  
ffffffff  __binit__                             
ffffffff  __c_args__                            
ffffffff  binit                                 
UNDEFED   __mpu_init                            
UNDEFED   _system_post_cinit                    

[170 symbols]
